5735
5736
5737
5737	1496460061	1200		264.24		  10372021		  8.50
5737	1496463661	3600		264.10		   5560094		  8.50
5737	1496467261	3600		263.94		    188558		  8.50
5737	1496470861	3600		263.94		    188006		  8.50
5737	1496474461	3600		263.94		    184846		  8.50
5737	1496478061	3600		263.94		    185966		  8.50
5737	1496481661	3600		260.76		    195593		  1.00
5737	1496485261	3600		260.25		    223736		  1.00
2017-06-03 12:46:50 2017-06-03 12:21:01 0:05:00 2017-06-03 12:51:50
5737	1496487110	1849		260.25		    243506		  1.00
5738
5739
5740
5741
5742
5743
5744
5745
5746
5738	1496488310	1200		260.25		    243506		-999.00
5739	1496491910	3600		260.25		    243506		-999.00
5740	1496495510	3600		260.25		    243506		-999.00
5741	1496499110	3600		260.25		    243506		-999.00
5742	1496502710	3600		260.25		    243506		-999.00
5743	1496506310	3600		260.25		    243506		-999.00
5744	1496509910	3600		260.25		    243506		-999.00
5745	1496513510	3600		260.25		    243506		-999.00
5746	1496517110	3600		260.25		    243506		-999.00
5747	1496520710	3600		260.25		    243506		-999.00
5748	1496524310	3600		260.25		    243506		-999.00
5749	1496527910	3600		260.25		    243506		-999.00
5750	1496531510	3600		260.07		    243506		-999.00
5751	1496535110	3600		261.11		    243506		-999.00
5752	1496538710	3600		261.11		    243506		-999.00
5753	1496542310	3600		260.86		    243506		-999.00
5754	1496545910	3600		261.11		    243506		-999.00
5755	1496549510	3600		260.86		    243506		-999.00
5756	1496553110	3600		260.86		    243506		-999.00
5757	1496556710	3600		260.86		    243506		-999.00
5758	1496560310	3600		260.86		    243506		-999.00
5759	1496563910	3600		260.86		    243506		-999.00
5760	1496567510	3600		260.86		    243506		-999.00
5761	1496571110	3600		260.86		    243506		-999.00
5762	1496574710	3600		260.86		    243506		-999.00
5763	1496578310	3600		260.86		    243506		-999.00
5764	1496581910	3600		261.11		    243506		-999.00
5765	1496585510	3600		260.86		    243506		-999.00
5766	1496589110	3600		260.86		    243506		-999.00
5767	1496592710	3600		260.86		    243506		-999.00
5768	1496596310	3600		261.11		    243506		-999.00
5769	1496599910	3600		261.11		    243506		-999.00
5770	1496603510	3600		260.86		    243506		-999.00
5771	1496607110	3600		260.86		    243506		-999.00
5772	1496610710	3600		261.11		    243506		-999.00
2017-06-03 12:51:50 2017-06-04 23:11:50 0:00:00 2017-06-04 23:48:58
5773	1496487110	-123600		257.25		    243506		-999.00
5746	1496614138	1200		264.65		  17871843		 10.00
5746	1496617738	3600		264.61		  16347306		 10.00
5746	1496621338	3600		264.54		  14039274		 10.00
5746	1496624938	3600		264.62		  16732827		 10.00
5746	1496628538	3600		264.58		  15605046		 10.00
5746	1496632138	3600		264.56		  14871648		 10.00
5746	1496635738	3600		264.54		  14300179		 10.00
5746	1496639338	3600		264.52		  13375745		 10.00
5746	1496642938	3600		264.50		  12736685		 10.00
5746	1496646538	3600		264.48		  12257505		 10.00
5746	1496650138	3600		264.45		  11117598		 10.00
2017-06-05 10:24:13 2017-06-05 10:08:58 0:05:00 2017-06-05 10:29:13
5746	1496651353	1215		264.46		  11361962		 10.00
5747
5748
5749
5747	1496652553	1200		261.11		  11361962		-999.00
5748	1496656153	3600		261.11		  11361962		-999.00
5749	1496659753	3600		261.11		  11361962		-999.00
5750	1496663353	3600		261.11		  11361962		-999.00
5751	1496666953	3600		261.11		  11361962		-999.00
5752	1496670553	3600		261.11		  11361962		-999.00
5753	1496674153	3600		261.11		  11361962		-999.00
5754	1496677753	3600		261.11		  11361962		-999.00
5755	1496681353	3600		261.11		  11361962		-999.00
5756	1496684953	3600		261.11		  11361962		-999.00
5757	1496688553	3600		261.11		  11361962		-999.00
2017-06-05 10:29:13 2017-06-05 20:49:13 0:00:00 2017-06-05 21:11:59
5758	1496651353	-37200		261.11		  11361962		-999.00
Warning: Fill duration (16.566666666666666 min.) smaller than fill time delay, no data collected during fill 5749
5750
5759	1496692113	1200		264.11		  11361962		-999.00
5760	1496695713	3600		261.11		  11361962		-999.00
5761	1496699313	3600		261.11		  11361962		-999.00
5762	1496702913	3600		261.11		  11361962		-999.00
2017-06-05 21:28:33 2017-06-06 00:48:33 0:00:00 2017-06-06 00:56:23
5763	1496690913	-12000		261.11		  11361962		-999.00
5750	1496704583	1200		264.59		  15963619		 11.00
5750	1496708183	3600		264.63		  17150997		 11.00
5750	1496711783	3600		264.60		  16085641		 11.00
5750	1496715383	3600		264.57		  15305731		 11.00
5750	1496718983	3600		264.56		  14669845		 11.00
5750	1496722583	3600		264.53		  13889728		 11.00
2017-06-06 06:35:41 2017-06-06 06:16:23 0:05:00 2017-06-06 06:40:41
5750	1496724041	1458		264.52		  13627246		 11.00
5751
5752
5753
5754
5755
5756
5757
5758
5759
5760
5761
5762
5763
5764
5765
5766
5767
5768
5769
5770
5771
5772
5773
5774
5775
5776
5777
5778
5779
5780
5781
5782
5783
5784
5785
5786
5787
5788
5789
5790
5791
5792
5793
5794
5795
5796
5797
5798
5799
5800
5801
5802
5803
5804
5805
5806
5807
5808
5809
5810
5811
5812
5813
5814
5815
5816
5817
5818
5819
5820
5821
5822
5751	1496725241	1200		264.11		  13627246		-999.00
5752	1496728841	3600		264.11		  13627246		-999.00
5753	1496732441	3600		264.11		  13627246		-999.00
5754	1496736041	3600		264.11		  13627246		-999.00
5755	1496739641	3600		261.11		  13627246		-999.00
5756	1496743241	3600		260.52		  13627246		-999.00
5757	1496746841	3600		260.52		  13627246		-999.00
5758	1496750441	3600		260.52		  13627246		-999.00
5759	1496754041	3600		260.52		  13627246		-999.00
5760	1496757641	3600		260.52		  13627246		-999.00
5761	1496761241	3600		260.52		  13627246		-999.00
5762	1496764841	3600		260.52		  13627246		-999.00
5763	1496768441	3600		260.52		  13627246		-999.00
5764	1496772041	3600		260.52		  13627246		-999.00
5765	1496775641	3600		260.52		  13627246		-999.00
5766	1496779241	3600		260.52		  13627246		-999.00
5767	1496782841	3600		260.52		  13627246		-999.00
5768	1496786441	3600		260.52		  13627246		-999.00
5769	1496790041	3600		260.27		  13627246		-999.00
5770	1496793641	3600		260.27		  13627246		-999.00
5771	1496797241	3600		260.27		  13627246		-999.00
5772	1496800841	3600		260.27		  13627246		-999.00
5773	1496804441	3600		260.52		  13627246		-999.00
5774	1496808041	3600		260.52		  13627246		-999.00
5775	1496811641	3600		260.52		  13627246		-999.00
5776	1496815241	3600		260.52		  13627246		-999.00
5777	1496818841	3600		260.52		  13627246		-999.00
5778	1496822441	3600		260.52		  13627246		-999.00
5779	1496826041	3600		260.52		  13627246		-999.00
5780	1496829641	3600		260.52		  13627246		-999.00
5781	1496833241	3600		260.52		  13627246		-999.00
5782	1496836841	3600		260.52		  13627246		-999.00
5783	1496840441	3600		260.52		  13627246		-999.00
5784	1496844041	3600		260.52		  13627246		-999.00
5785	1496847641	3600		260.52		  13627246		-999.00
5786	1496851241	3600		260.52		  13627246		-999.00
5787	1496854841	3600		260.52		  13627246		-999.00
5788	1496858441	3600		260.52		  13627246		-999.00
5789	1496862041	3600		260.52		  13627246		-999.00
5790	1496865641	3600		260.52		  13627246		-999.00
5791	1496869241	3600		260.52		  13627246		-999.00
5792	1496872841	3600		260.52		  13627246		-999.00
5793	1496876441	3600		260.52		  13627246		-999.00
5794	1496880041	3600		260.52		  13627246		-999.00
5795	1496883641	3600		260.52		  13627246		-999.00
5796	1496887241	3600		260.52		  13627246		-999.00
5797	1496890841	3600		260.52		  13627246		-999.00
5798	1496894441	3600		260.52		  13627246		-999.00
5799	1496898041	3600		260.52		  13627246		-999.00
5800	1496901641	3600		260.52		  13627246		-999.00
5801	1496905241	3600		260.52		  13627246		-999.00
5802	1496908841	3600		260.52		  13627246		-999.00
5803	1496912441	3600		260.52		  13627246		-999.00
5804	1496916041	3600		260.27		  13627246		-999.00
5805	1496919641	3600		260.27		  13627246		-999.00
5806	1496923241	3600		260.27		  13627246		-999.00
5807	1496926841	3600		260.27		  13627246		-999.00
5808	1496930441	3600		260.27		  13627246		-999.00
5809	1496934041	3600		260.52		  13627246		-999.00
5810	1496937641	3600		260.52		  13627246		-999.00
5811	1496941241	3600		260.52		  13627246		-999.00
5812	1496944841	3600		260.52		  13627246		-999.00
5813	1496948441	3600		260.52		  13627246		-999.00
5814	1496952041	3600		260.52		  13627246		-999.00
5815	1496955641	3600		260.52		  13627246		-999.00
5816	1496959241	3600		260.52		  13627246		-999.00
5817	1496962841	3600		260.52		  13627246		-999.00
5818	1496966441	3600		260.52		  13627246		-999.00
5819	1496970041	3600		260.52		  13627246		-999.00
5820	1496973641	3600		260.52		  13627246		-999.00
5821	1496977241	3600		260.52		  13627246		-999.00
5822	1496980841	3600		260.52		  13627246		-999.00
5823	1496984441	3600		260.52		  13627246		-999.00
5824	1496988041	3600		260.52		  13627246		-999.00
5825	1496991641	3600		260.11		  13627246		-999.00
5826	1496995241	3600		263.88		  13627246		-999.00
5827	1496998841	3600		263.88		  13627246		-999.00
5828	1497002441	3600		263.88		  13627246		-999.00
5829	1497006041	3600		263.88		  13627246		-999.00
5830	1497009641	3600		263.88		  13627246		-999.00
5831	1497013241	3600		263.88		  13627246		-999.00
5832	1497016841	3600		257.46		  13627246		-999.00
5833	1497020441	3600		260.46		  13627246		-999.00
5834	1497024041	3600		260.46		  13627246		-999.00
5835	1497027641	3600		260.46		  13627246		-999.00
5836	1497031241	3600		260.46		  13627246		-999.00
5837	1497034841	3600		260.46		  13627246		-999.00
5838	1497038441	3600		260.46		  13627246		-999.00
5839	1497042041	3600		260.46		  13627246		-999.00
5840	1497045641	3600		260.46		  13627246		-999.00
5841	1497049241	3600		260.46		  13627246		-999.00
5842	1497052841	3600		260.46		  13627246		-999.00
5843	1497056441	3600		260.46		  13627246		-999.00
5844	1497060041	3600		260.46		  13627246		-999.00
5845	1497063641	3600		260.46		  13627246		-999.00
5846	1497067241	3600		260.46		  13627246		-999.00
5847	1497070841	3600		260.46		  13627246		-999.00
5848	1497074441	3600		260.46		  13627246		-999.00
5849	1497078041	3600		260.46		  13627246		-999.00
5850	1497081641	3600		260.46		  13627246		-999.00
5851	1497085241	3600		260.46		  13627246		-999.00
5852	1497088841	3600		260.46		  13627246		-999.00
5853	1497092441	3600		260.46		  13627246		-999.00
5854	1497096041	3600		260.46		  13627246		-999.00
5855	1497099641	3600		260.46		  13627246		-999.00
5856	1497103241	3600		260.46		  13627246		-999.00
5857	1497106841	3600		260.46		  13627246		-999.00
5858	1497110441	3600		260.46		  13627246		-999.00
5859	1497114041	3600		260.46		  13627246		-999.00
5860	1497117641	3600		260.46		  13627246		-999.00
5861	1497121241	3600		260.46		  13627246		-999.00
5862	1497124841	3600		260.46		  13627246		-999.00
5863	1497128441	3600		260.46		  13627246		-999.00
5864	1497132041	3600		260.46		  13627246		-999.00
5865	1497135641	3600		260.46		  13627246		-999.00
5866	1497139241	3600		260.46		  13627246		-999.00
5867	1497142841	3600		260.46		  13627246		-999.00
5868	1497146441	3600		260.46		  13627246		-999.00
5869	1497150041	3600		260.46		  13627246		-999.00
5870	1497153641	3600		260.46		  13627246		-999.00
5871	1497157241	3600		260.46		  13627246		-999.00
5872	1497160841	3600		260.46		  13627246		-999.00
5873	1497164441	3600		260.46		  13627246		-999.00
5874	1497168041	3600		260.21		  13627246		-999.00
5875	1497171641	3600		260.21		  13627246		-999.00
5876	1497175241	3600		260.21		  13627246		-999.00
5877	1497178841	3600		260.21		  13627246		-999.00
5878	1497182441	3600		260.21		  13627246		-999.00
5879	1497186041	3600		260.21		  13627246		-999.00
5880	1497189641	3600		260.21		  13627246		-999.00
5881	1497193241	3600		260.21		  13627246		-999.00
5882	1497196841	3600		260.21		  13627246		-999.00
5883	1497200441	3600		260.21		  13627246		-999.00
5884	1497204041	3600		260.21		  13627246		-999.00
5885	1497207641	3600		260.21		  13627246		-999.00
5886	1497211241	3600		260.46		  13627246		-999.00
5887	1497214841	3600		260.46		  13627246		-999.00
5888	1497218441	3600		260.46		  13627246		-999.00
5889	1497222041	3600		260.46		  13627246		-999.00
5890	1497225641	3600		260.46		  13627246		-999.00
5891	1497229241	3600		260.46		  13627246		-999.00
5892	1497232841	3600		260.46		  13627246		-999.00
5893	1497236441	3600		260.46		  13627246		-999.00
5894	1497240041	3600		260.46		  13627246		-999.00
5895	1497243641	3600		260.46		  13627246		-999.00
5896	1497247241	3600		260.59		  13627246		-999.00
5897	1497250841	3600		260.85		  13627246		-999.00
2017-06-06 06:40:41 2017-06-12 09:00:41 0:00:00 2017-06-12 09:39:05
5898	1496724041	-526800		261.11		  13627246		-999.00
5822	1497254345	1200		263.85		    140680		  9.00
5822	1497257945	3600		261.11		    147256		  5.00
5822	1497261545	3600		261.11		    146084		  5.00
2017-06-12 11:59:41 2017-06-12 11:59:05 0:02:00 2017-06-12 12:01:41
5822	1497261701	156		261.11		    188420		  5.00
5823
5824
5823	1497262901	1200		260.60		    188420		-999.00
5824	1497266501	3600		260.86		    188420		-999.00
5825	1497270101	3600		260.86		    188420		-999.00
5826	1497273701	3600		260.86		    188420		-999.00
5827	1497277301	3600		260.86		    188420		-999.00
2017-06-12 12:01:41 2017-06-12 16:21:41 0:00:00 2017-06-12 17:19:14
5828	1497261701	-15600		261.11		    188420		-999.00
5824	1497281954	1200		264.89		  25872813		 13.00
5824	1497285554	3600		264.84		  24103278		 13.00
5824	1497289154	3600		261.11		  23360057		  5.50
5824	1497292754	3600		261.11		  21955010		  5.50
2017-06-12 20:45:22 2017-06-12 20:39:14 0:05:00 2017-06-12 20:50:22
5824	1497293422	668		261.11		  14894560		  5.50
5825
5825	1497294622	1200		260.86		  14894560		-999.00
5826	1497298222	3600		261.11		  14894560		-999.00
5827	1497301822	3600		261.11		  14894560		-999.00
2017-06-12 20:50:22 2017-06-12 23:10:22 0:00:00 2017-06-12 23:43:09
5828	1497293422	-8400		261.11		  14894560		-999.00
5825	1497304989	1200		265.30		  39423560		 12.00
2017-06-13 00:14:44 2017-06-13 00:03:09 0:05:00 2017-06-13 00:19:44
5825	1497305984	995		265.38		  42323921		 15.00
5826
5827
5828
5829
5830
5826	1497307184	1200		264.11		  42323921		-999.00
5827	1497310784	3600		260.86		  42323921		-999.00
5828	1497314384	3600		261.11		  42323921		-999.00
5829	1497317984	3600		261.11		  42323921		-999.00
5830	1497321584	3600		261.11		  42323921		-999.00
5831	1497325184	3600		261.11		  42323921		-999.00
5832	1497328784	3600		264.11		  42323921		-999.00
5833	1497332384	3600		263.86		  42323921		-999.00
5834	1497335984	3600		263.86		  42323921		-999.00
5835	1497339584	3600		263.86		  42323921		-999.00
5836	1497343184	3600		263.86		  42323921		-999.00
5837	1497346784	3600		263.86		  42323921		-999.00
5838	1497350384	3600		263.86		  42323921		-999.00
5839	1497353984	3600		264.11		  42323921		-999.00
5840	1497357584	3600		264.11		  42323921		-999.00
5841	1497361184	3600		264.11		  42323921		-999.00
5842	1497364784	3600		264.11		  42323921		-999.00
5843	1497368384	3600		264.11		  42323921		-999.00
5844	1497371984	3600		263.86		  42323921		-999.00
5845	1497375584	3600		263.86		  42323921		-999.00
5846	1497379184	3600		263.86		  42323921		-999.00
5847	1497382784	3600		263.86		  42323921		-999.00
5848	1497386384	3600		263.86		  42323921		-999.00
5849	1497389984	3600		263.86		  42323921		-999.00
5850	1497393584	3600		260.86		  42323921		-999.00
5851	1497397184	3600		261.11		  42323921		-999.00
5852	1497400784	3600		261.11		  42323921		-999.00
5853	1497404384	3600		261.11		  42323921		-999.00
5854	1497407984	3600		260.86		  42323921		-999.00
5855	1497411584	3600		260.86		  42323921		-999.00
2017-06-13 00:19:44 2017-06-14 05:39:44 0:00:00 2017-06-14 06:30:18
5856	1497305984	-105600		261.11		  42323921		-999.00
5830	1497415818	1200		265.21		  36639484		 16.00
5830	1497419418	3600		265.24		  37598612		 16.00
5830	1497423018	3600		265.14		  34002590		 16.00
5830	1497426618	3600		265.03		  30348076		 16.00
5830	1497430218	3600		265.05		  31231728		 16.00
5830	1497433818	3600		264.93		  27021756		 16.00
5830	1497437418	3600		264.96		  28045244		 16.00
5830	1497441018	3600		264.85		  24510146		 14.50
2017-06-14 14:22:01 2017-06-14 13:50:18 0:05:00 2017-06-14 14:27:01
5830	1497443221	2203		264.90		  26200415		 14.50
