6235
6236
6236	1506163260	1200		262.51		   1806503		279.50
6236	1506166860	3600		262.51		   1878231		279.00
6236	1506170460	3600		262.51		   1757916		278.50
6236	1506174060	3600		262.50		   1641251		277.50
2017-09-23 15:42:32 2017-09-23 15:41:00 0:05:00 2017-09-23 15:47:32
6236	1506174452	392		262.50		   1612404		277.50
6237
6238
6237	1506175652	1200		259.19		   1612404		-999.00
6238	1506179252	3600		259.45		   1612404		-999.00
6239	1506182852	3600		259.45		   1612404		-999.00
2017-09-23 15:47:32 2017-09-23 18:07:32 0:00:00 2017-09-23 18:51:58
6240	1506174452	-8400		259.45		   1612404		-999.00
6238	1506186718	1200		263.18		  24147855		288.50
6238	1506190318	3600		263.00		  18174018		270.50
6238	1506193918	3600		262.47		    375749		278.00
6238	1506197518	3600		262.47		    378246		277.00
6238	1506201118	3600		262.47		    382760		277.00
6238	1506204718	3600		262.47		    374266		277.00
2017-09-24 00:33:08 2017-09-24 00:11:58 0:05:00 2017-09-24 00:38:08
6238	1506206288	1570		262.47		    382835		277.00
6239
6239	1506207488	1200		259.19		    382835		-999.00
6240	1506211088	3600		259.19		    382835		-999.00
2017-09-24 00:38:08 2017-09-24 01:58:08 0:00:00 2017-09-24 02:55:48
6241	1506206288	-4800		259.45		    382835		-999.00
6239	1506215748	1200		264.22		  50433078		295.50
6239	1506219348	3600		264.29		  52798287		291.00
6239	1506222948	3600		264.18		  49027022		297.50
6239	1506226548	3600		264.04		  44253730		295.50
6239	1506230148	3600		263.94		  41067182		294.50
6239	1506233748	3600		263.86		  38427617		294.50
2017-09-24 08:45:06 2017-09-24 08:15:48 0:05:00 2017-09-24 08:50:06
6239	1506235806	2058		263.73		  33905924		293.50
6240
6240	1506237006	1200		262.44		  33905924		-999.00
6241	1506240606	3600		259.44		  33905924		-999.00
6242	1506244206	3600		259.44		  33905924		-999.00
2017-09-24 08:50:06 2017-09-24 11:10:06 0:00:00 2017-09-24 11:11:06
6243	1506235806	-8400		259.71		  33905924		-999.00
6240	1506245466	1200		264.45		  66527222		308.50
6240	1506249066	3600		264.75		  67919440		307.50
6240	1506252666	3600		264.63		  63861244		307.50
6240	1506256266	3600		264.53		  60738353		305.50
6240	1506259866	3600		264.40		  56377751		306.00
6240	1506263466	3600		264.33		  53959998		305.00
6240	1506267066	3600		264.21		  49962844		304.00
6240	1506270666	3600		264.10		  46210507		303.00
6240	1506274266	3600		263.98		  42483795		303.00
6240	1506277866	3600		263.93		  40731968		303.00
6240	1506281466	3600		263.86		  38273854		301.00
6240	1506285066	3600		263.78		  35738512		301.00
2017-09-24 23:12:27 2017-09-24 22:31:06 0:05:00 2017-09-24 23:17:27
6240	1506287847	2781		263.69		  32806795		299.00
6241
6241	1506289047	1200		262.44		  32806795		-999.00
6242	1506292647	3600		259.44		  32806795		-999.00
6243	1506296247	3600		259.44		  32806795		-999.00
2017-09-24 23:17:27 2017-09-25 01:37:27 0:00:00 2017-09-25 01:47:19
6244	1506287847	-8400		259.71		  32806795		-999.00
6241	1506298039	1200		265.09		  79246667		321.00
6241	1506301639	3600		265.13		  80741314		319.50
6241	1506305239	3600		264.97		  75308002		318.00
6241	1506308839	3600		264.83		  70711055		317.00
6241	1506312439	3600		264.66		  64952611		317.50
6241	1506316039	3600		264.57		  62157499		315.00
6241	1506319639	3600		264.43		  57265500		314.50
6241	1506323239	3600		264.32		  53788988		312.50
6241	1506326839	3600		264.21		  50058468		312.50
6241	1506330439	3600		264.10		  46385479		311.50
6241	1506334039	3600		264.01		  43187741		310.50
6241	1506337639	3600		263.92		  40426440		309.50
6241	1506341239	3600		263.84		  37537388		308.50
2017-09-25 14:39:09 2017-09-25 14:07:19 0:05:00 2017-09-25 14:44:09
6241	1506343449	2210		263.72		  33653363		307.00
6242
6243
6242	1506344649	1200		262.45		  33653363		-999.00
6243	1506348249	3600		259.19		  33653363		-999.00
6244	1506351849	3600		259.19		  33653363		-999.00
6245	1506355449	3600		259.19		  33653363		-999.00
6246	1506359049	3600		259.19		  33653363		-999.00
2017-09-25 14:44:09 2017-09-25 19:04:09 0:00:00 2017-09-25 19:08:12
6247	1506343449	-15600		259.71		  33653363		-999.00
6243	1506360492	1200		265.06		  78065190		327.50
6243	1506364092	3600		265.19		  82481814		325.00
6243	1506367692	3600		265.04		  77225521		325.50
6243	1506371292	3600		264.90		  72686368		323.00
6243	1506374892	3600		264.75		  67753297		323.50
6243	1506378492	3600		264.64		  63853578		321.50
6243	1506382092	3600		264.51		  59749379		321.50
6243	1506385692	3600		264.38		  55415434		319.50
6243	1506389292	3600		264.29		  52283865		320.50
6243	1506392892	3600		264.21		  49769554		318.50
6243	1506396492	3600		264.08		  45454119		317.50
6243	1506400092	3600		263.98		  42092130		316.50
6243	1506403692	3600		263.91		  39707916		316.50
2017-09-26 08:00:39 2017-09-26 07:28:12 0:05:00 2017-09-26 08:05:39
6243	1506405939	2247		263.80		  36076305		315.00
6244
6245
6244	1506407139	1200		262.45		  36076305		-999.00
6245	1506410739	3600		262.45		  36076305		-999.00
6246	1506414339	3600		262.45		  36076305		-999.00
6247	1506417939	3600		259.45		  36076305		-999.00
6248	1506421539	3600		259.45		  36076305		-999.00
2017-09-26 08:05:39 2017-09-26 12:25:39 0:00:00 2017-09-26 12:46:26
6249	1506405939	-15600		259.72		  36076305		-999.00
6245	1506423986	1200		265.19		  82617944		335.50
6245	1506427586	3600		265.22		  83662896		333.50
6245	1506431186	3600		265.05		  78097108		332.00
6245	1506434786	3600		264.92		  73698355		330.00
6245	1506438386	3600		264.76		  68183798		331.00
6245	1506441986	3600		264.66		  65071061		329.00
6245	1506445586	3600		264.51		  59882216		328.00
6245	1506449186	3600		264.40		  56287892		327.50
6245	1506452786	3600		264.28		  52301707		326.00
6245	1506456386	3600		264.17		  48715477		324.50
6245	1506459986	3600		264.06		  45099370		323.00
6245	1506463586	3600		263.98		  42370282		319.50
2017-09-27 00:57:24 2017-09-27 00:06:26 0:05:00 2017-09-27 01:02:24
6245	1506466944	3358		263.91		  40055099		321.50
6246
6247
6246	1506468144	1200		259.19		  40055099		-999.00
6247	1506471744	3600		259.45		  40055099		-999.00
6248	1506475344	3600		259.19		  40055099		-999.00
6249	1506478944	3600		259.19		  40055099		-999.00
6250	1506482544	3600		259.19		  40055099		-999.00
6251	1506486144	3600		259.19		  40055099		-999.00
2017-09-27 01:02:24 2017-09-27 06:22:24 0:00:00 2017-09-27 07:03:42
6252	1506466944	-19200		259.71		  40055099		-999.00
6247	1506489822	1200		265.31		  86661244		338.00
6247	1506493422	3600		265.30		  86487370		339.00
6247	1506497022	3600		265.10		  79721664		335.00
6247	1506500622	3600		264.95		  74502714		336.50
6247	1506504222	3600		264.78		  69090719		337.00
6247	1506507822	3600		264.67		  65243236		335.00
6247	1506511422	3600		264.48		  58884604		333.00
2017-09-27 14:00:11 2017-09-27 13:23:42 0:05:00 2017-09-27 14:05:11
6247	1506513911	2489		264.35		  54779665		333.00
6248
6249
6250
6251
6252
6248	1506515111	1200		262.45		  54779665		-999.00
6249	1506518711	3600		262.45		  54779665		-999.00
6250	1506522311	3600		262.45		  54779665		-999.00
6251	1506525911	3600		262.45		  54779665		-999.00
6252	1506529511	3600		262.19		  54779665		-999.00
6253	1506533111	3600		262.19		  54779665		-999.00
6254	1506536711	3600		262.45		  54779665		-999.00
2017-09-27 14:05:11 2017-09-27 20:25:11 0:00:00 2017-09-27 20:36:10
6255	1506513911	-22800		262.71		  54779665		-999.00
6252	1506538570	1200		264.64		  64176461		341.50
6252	1506542170	3600		264.99		  76051721		340.50
6252	1506545770	3600		264.85		  71381805		339.50
6252	1506549370	3600		264.73		  67367957		337.50
6252	1506552970	3600		264.59		  62713401		338.50
6252	1506556570	3600		264.52		  60341970		336.50
6252	1506560170	3600		264.39		  55869089		335.50
6252	1506563770	3600		264.28		  52200614		334.00
6252	1506567370	3600		264.18		  48899589		334.00
6252	1506570970	3600		264.11		  46607156		333.00
6252	1506574570	3600		264.00		  43111484		332.00
6252	1506578170	3600		263.93		  40684942		331.00
6252	1506581770	3600		263.86		  38481260		330.00
2017-09-28 09:16:36 2017-09-28 08:56:10 0:05:00 2017-09-28 09:21:36
6252	1506583296	1526		263.72		  33633830		327.00
6253
6253	1506584496	1200		259.45		  33633830		-999.00
6254	1506588096	3600		259.19		  33633830		-999.00
6255	1506591696	3600		259.19		  33633830		-999.00
2017-09-28 09:21:36 2017-09-28 11:41:36 0:00:00 2017-09-28 12:27:43
6256	1506583296	-8400		259.71		  33633830		-999.00
6253	1506595663	1200		265.43		  90777418		350.00
6253	1506599263	3600		265.25		  84779986		350.50
6253	1506602863	3600		265.13		  80720252		348.50
6253	1506606463	3600		264.97		  75374546		348.00
6253	1506610063	3600		264.80		  69693274		345.50
6253	1506613663	3600		264.64		  64289234		345.50
6253	1506617263	3600		264.52		  60421260		344.50
6253	1506620863	3600		264.43		  57196984		343.50
6253	1506624463	3600		264.26		  51532908		340.50
6253	1506628063	3600		264.16		  48216101		340.00
6253	1506631663	3600		264.06		  45156736		340.00
6253	1506635263	3600		264.01		  43399238		339.00
6253	1506638863	3600		263.90		  39665589		338.50
6253	1506642463	3600		263.84		  37708401		336.50
2017-09-29 02:05:48 2017-09-29 01:47:43 0:05:00 2017-09-29 02:10:48
6253	1506643848	1385		263.66		  31669353		336.00
6254
6255
6254	1506645048	1200		262.44		  31669353		-999.00
6255	1506648648	3600		262.44		  31669353		-999.00
6256	1506652248	3600		262.19		  31669353		-999.00
2017-09-29 02:10:48 2017-09-29 04:30:48 0:00:00 2017-09-29 05:26:46
6257	1506643848	-8400		262.71		  31669353		-999.00
6255	1506656806	1200		265.26		  85069083		357.00
6255	1506660406	3600		265.42		  90492021		360.50
6255	1506664006	3600		265.38		  89008984		359.00
6255	1506667606	3600		265.18		  82215683		356.00
6255	1506671206	3600		265.06		  78367398		357.00
6255	1506674806	3600		264.87		  71880238		355.00
6255	1506678406	3600		264.72		  66958795		354.50
6255	1506682006	3600		264.62		  63538217		352.50
6255	1506685606	3600		264.47		  58680274		349.50
6255	1506689206	3600		264.31		  53380192		349.00
6255	1506692806	3600		264.20		  49620751		348.00
6255	1506696406	3600		264.10		  46467403		347.00
6255	1506700006	3600		264.02		  43729527		347.00
6255	1506703606	3600		263.97		  42047978		345.50
6255	1506707206	3600		263.86		  38351530		344.50
6255	1506710806	3600		263.77		  35385910		343.00
6255	1506714406	3600		263.71		  33474652		342.00
6255	1506718006	3600		259.45		  30106177		  8.00
2017-09-29 22:53:45 2017-09-29 22:46:46 0:05:00 2017-09-29 22:58:45
6255	1506718725	719		259.45		  30256412		  8.00
6256
6257
6258
6256	1506719925	1200		259.45		  30256412		-999.00
6257	1506723525	3600		259.45		  30256412		-999.00
6258	1506727125	3600		259.19		  30256412		-999.00
6259	1506730725	3600		259.19		  30256412		-999.00
6260	1506734325	3600		259.19		  30256412		-999.00
6261	1506737925	3600		259.19		  30256412		-999.00
6262	1506741525	3600		259.19		  30256412		-999.00
2017-09-29 22:58:45 2017-09-30 05:18:45 0:00:00 2017-09-30 05:42:53
6263	1506718725	-22800		259.45		  30256412		-999.00
6258	1506744173	1200		259.45		   1771968		  7.50
6258	1506747773	3600		264.55		  61246736		359.00
6258	1506751373	3600		264.94		  74246003		358.00
6258	1506754973	3600		264.81		  69965915		357.50
6258	1506758573	3600		264.66		  65057033		355.50
6258	1506762173	3600		264.55		  61347055		355.50
6258	1506765773	3600		264.44		  57824982		354.00
6258	1506769373	3600		264.31		  53399097		353.50
6258	1506772973	3600		264.21		  50043121		352.00
6258	1506776573	3600		264.13		  47494026		351.50
6258	1506780173	3600		264.06		  44972472		351.50
6258	1506783773	3600		263.97		  41928583		350.00
6258	1506787373	3600		263.90		  39751283		349.00
6258	1506790973	3600		259.71		  36094941		  8.00
2017-09-30 19:34:26 2017-09-30 19:02:53 0:05:00 2017-09-30 19:39:26
6258	1506793166	2193		259.45		  34615487		  8.00
6259
6259	1506794366	1200		259.45		  34615487		-999.00
6260	1506797966	3600		262.19		  34615487		-999.00
6261	1506801566	3600		262.19		  34615487		-999.00
2017-09-30 19:39:26 2017-09-30 21:59:26 0:00:00 2017-09-30 22:10:44
6262	1506793166	-8400		262.45		  34615487		-999.00
6259	1506803444	1200		264.90		  72520104		368.50
6259	1506807044	3600		265.08		  78425604		364.50
6259	1506810644	3600		264.90		  72607626		364.50
6259	1506814244	3600		264.76		  67969392		363.00
6259	1506817844	3600		264.59		  62116249		361.50
6259	1506821444	3600		264.45		  57395832		359.50
6259	1506825044	3600		264.34		  53708484		359.00
6259	1506828644	3600		264.26		  51123773		357.50
6259	1506832244	3600		264.14		  47263402		357.50
6259	1506835844	3600		264.05		  44282082		355.50
6259	1506839444	3600		263.95		  40988621		354.50
6259	1506843044	3600		263.91		  39624455		354.50
6259	1506846644	3600		263.83		  36894686		354.50
6259	1506850244	3600		263.77		  34882842		352.50
6259	1506853844	3600		263.69		  32030416		351.50
2017-10-01 13:07:45 2017-10-01 12:30:44 0:05:00 2017-10-01 13:12:45
6259	1506856365	2521		263.58		  28428226		351.50
6260
6261
6260	1506857565	1200		262.47		  28428226		-999.00
6261	1506861165	3600		259.47		  28428226		-999.00
6262	1506864765	3600		262.47		  28428226		-999.00
6263	1506868365	3600		259.21		  28428226		-999.00
6264	1506871965	3600		259.21		  28428226		-999.00
2017-10-01 13:12:45 2017-10-01 17:32:45 0:00:00 2017-10-01 17:45:37
6265	1506856365	-15600		259.72		  28428226		-999.00
6261	1506873937	1200		264.84		  78811604		369.50
6261	1506877537	3600		265.37		  87997441		377.50
6261	1506881137	3600		265.16		  80798817		374.00
2017-10-01 20:55:55 2017-10-01 20:05:37 0:05:00 2017-10-01 21:00:55
6261	1506884455	3318		264.99		  75314589		372.50
6262
6262	1506885655	1200		262.48		  75314589		-999.00
6263	1506889255	3600		259.22		  75314589		-999.00
6264	1506892855	3600		259.48		  75314589		-999.00
2017-10-01 21:00:55 2017-10-01 23:20:55 0:00:00 2017-10-01 23:40:15
6265	1506884455	-8400		259.73		  75314589		-999.00
6262	1506895215	1200		265.16		  80674602		380.00
6262	1506898815	3600		265.36		  87600342		375.00
6262	1506902415	3600		265.14		  80066357		374.00
6262	1506906015	3600		264.97		  74426892		374.00
2017-10-02 03:11:24 2017-10-02 03:00:15 0:05:00 2017-10-02 03:16:24
6262	1506906984	969		264.89		  71743648		373.00
6263
6263	1506908184	1200		262.48		  71743648		-999.00
6264	1506911784	3600		259.48		  71743648		-999.00
2017-10-02 03:16:24 2017-10-02 04:36:24 0:00:00 2017-10-02 05:32:35
6265	1506906984	-4800		259.73		  71743648		-999.00
6263	1506916355	1200		265.28		  84925185		384.00
6263	1506919955	3600		265.41		  89282878		381.00
6263	1506923555	3600		265.20		  82172862		380.00
2017-10-02 08:14:27 2017-10-02 07:52:35 0:05:00 2017-10-02 08:19:27
6263	1506925167	1612		265.09		  78524640		379.00
6264
6265
6266
6264	1506926367	1200		262.48		  78524640		-999.00
6265	1506929967	3600		262.48		  78524640		-999.00
6266	1506933567	3600		259.48		  78524640		-999.00
6267	1506937167	3600		259.22		  78524640		-999.00
6268	1506940767	3600		259.22		  78524640		-999.00
6269	1506944367	3600		259.22		  78524640		-999.00
6270	1506947967	3600		262.48		  78524640		-999.00
6271	1506951567	3600		262.48		  78524640		-999.00
6272	1506955167	3600		259.22		  78524640		-999.00
2017-10-02 08:19:27 2017-10-02 16:39:27 0:00:00 2017-10-02 17:39:09
6273	1506925167	-30000		259.73		  78524640		-999.00
6266	1506959949	1200		265.26		  84156056		380.00
6266	1506963549	3600		265.29		  85224131		378.50
6266	1506967149	3600		265.03		  76458498		374.50
6266	1506970749	3600		264.84		  70124024		374.50
6266	1506974349	3600		264.66		  64020448		373.00
6266	1506977949	3600		264.52		  59456448		371.50
6266	1506981549	3600		264.35		  53904835		369.00
6266	1506985149	3600		264.28		  51425645		369.00
6266	1506988749	3600		264.16		  47606386		367.50
6266	1506992349	3600		264.07		  44455127		366.50
6266	1506995949	3600		263.97		  41166240		366.50
6266	1506999549	3600		263.91		  39267521		365.00
2017-10-03 05:30:29 2017-10-03 04:59:09 0:05:00 2017-10-03 05:35:29
6266	1507001729	2180		263.86		  37400329		365.00
6267
6268
6267	1507002929	1200		262.48		  37400329		-999.00
6268	1507006529	3600		262.48		  37400329		-999.00
6269	1507010129	3600		262.48		  37400329		-999.00
6270	1507013729	3600		262.48		  37400329		-999.00
6271	1507017329	3600		259.22		  37400329		-999.00
6272	1507020929	3600		259.48		  37400329		-999.00
2017-10-03 05:35:29 2017-10-03 10:55:29 0:00:00 2017-10-03 11:48:19
6273	1507001729	-19200		259.73		  37400329		-999.00
6268	1507025299	1200		265.37		  87875261		385.50
6268	1507028899	3600		265.43		  89933550		389.00
6268	1507032499	3600		265.19		  81964114		387.00
6268	1507036099	3600		265.07		  77944340		383.00
6268	1507039699	3600		264.91		  72478923		382.00
6268	1507043299	3600		264.71		  65842384		380.00
6268	1507046899	3600		264.55		  60589774		378.50
6268	1507050499	3600		264.46		  57389096		377.00
6268	1507054099	3600		264.31		  52493278		376.00
6268	1507057699	3600		264.20		  48692886		373.50
2017-10-03 22:01:51 2017-10-03 21:08:19 0:05:00 2017-10-03 22:06:51
6268	1507061211	3512		264.00		  42288746		371.50
6269
6269	1507062411	1200		259.47		  42288746		-999.00
6270	1507066011	3600		262.47		  42288746		-999.00
6271	1507069611	3600		262.47		  42288746		-999.00
6272	1507073211	3600		259.47		  42288746		-999.00
6273	1507076811	3600		259.21		  42288746		-999.00
2017-10-03 22:06:51 2017-10-04 02:26:51 0:00:00 2017-10-04 03:16:41
6274	1507061211	-15600		259.73		  42288746		-999.00
6269	1507081001	1200		265.51		  92821348		389.00
6269	1507084601	3600		265.46		  91079521		394.50
2017-10-04 04:39:16 2017-10-04 04:36:41 0:02:00 2017-10-04 04:41:16
6269	1507084876	275		265.57		  94904607		394.50
6270
6271
6270	1507086076	1200		262.47		  94904607		-999.00
6271	1507089676	3600		262.47		  94904607		-999.00
6272	1507093276	3600		262.47		  94904607		-999.00
6273	1507096876	3600		259.21		  94904607		-999.00
6274	1507100476	3600		259.21		  94904607		-999.00
2017-10-04 04:41:16 2017-10-04 09:01:16 0:00:00 2017-10-04 09:19:12
6275	1507084876	-15600		259.72		  94904607		-999.00
6271	1507102752	1200		265.55		  94259444		393.00
6271	1507106352	3600		265.52		  93268853		396.00
6271	1507109952	3600		265.30		  85829773		394.00
6271	1507113552	3600		265.22		  83032461		391.00
6271	1507117152	3600		265.00		  75728103		389.00
6271	1507120752	3600		264.77		  68126617		386.50
6271	1507124352	3600		264.62		  63193229		387.00
6271	1507127952	3600		264.49		  58708456		383.50
6271	1507131552	3600		264.34		  53863389		381.50
6271	1507135152	3600		264.23		  50247315		381.00
6271	1507138752	3600		264.11		  46255946		379.50
6271	1507142352	3600		264.02		  43187466		376.50
2017-10-04 21:08:17 2017-10-04 20:39:12 0:05:00 2017-10-04 21:13:17
6271	1507144397	2045		263.77		  34948242		373.00
6272
6272	1507145597	1200		259.21		  34948242		-999.00
6273	1507149197	3600		259.47		  34948242		-999.00
6274	1507152797	3600		259.21		  34948242		-999.00
6275	1507156397	3600		259.72		  34948242		-999.00
2017-10-04 21:13:17 2017-10-05 00:33:17 0:00:00 2017-10-05 00:45:51
6276	1507144397	-12000		259.72		  34948242		-999.00
6272	1507158351	1200		265.62		  96657704		394.00
6272	1507161951	3600		265.57		  94827944		400.00
6272	1507165551	3600		265.25		  84175185		401.50
6272	1507169151	3600		265.19		  82078155		397.50
6272	1507172751	3600		264.93		  73585490		396.00
6272	1507176351	3600		264.73		  66716975		393.00
6272	1507179951	3600		264.56		  61193750		394.00
6272	1507183551	3600		264.47		  58014396		390.00
6272	1507187151	3600		264.33		  53548056		390.00
6272	1507190751	3600		264.20		  49121404		387.50
6272	1507194351	3600		264.08		  45149976		384.50
6272	1507197951	3600		263.92		  39931516		376.00
2017-10-05 12:41:57 2017-10-05 12:05:51 0:05:00 2017-10-05 12:46:57
6272	1507200417	2466		263.95		  40830159		380.50
6273
6274
6275
6273	1507201617	1200		259.72		  40830159		-999.00
6274	1507205217	3600		259.21		  40830159		-999.00
6275	1507208817	3600		259.47		  40830159		-999.00
6276	1507212417	3600		259.21		  40830159		-999.00
6277	1507216017	3600		259.21		  40830159		-999.00
6278	1507219617	3600		259.47		  40830159		-999.00
2017-10-05 12:46:57 2017-10-05 18:06:57 0:00:00 2017-10-05 18:52:10
6279	1507200417	-19200		259.72		  40830159		-999.00
6275	1507223530	1200		265.55		  94276255		407.50
6275	1507227130	3600		265.58		  95054329		410.50
6275	1507230730	3600		265.34		  87292152		410.00
6275	1507234330	3600		265.29		  85373277		406.00
6275	1507237930	3600		265.03		  76993223		396.50
6275	1507241530	3600		264.80		  69203665		400.00
6275	1507245130	3600		264.64		  63741675		398.50
6275	1507248730	3600		264.52		  59954612		394.50
6275	1507252330	3600		264.36		  54561129		393.00
6275	1507255930	3600		264.24		  50512133		392.50
6275	1507259530	3600		264.12		  46427677		391.00
6275	1507263130	3600		264.02		  43125618		388.50
6275	1507266730	3600		263.90		  39221771		387.50
2017-10-06 07:39:05 2017-10-06 07:12:10 0:05:00 2017-10-06 07:44:05
6275	1507268645	1915		263.74		  33949954		386.50
6276
6276	1507269845	1200		259.47		  33949954		-999.00
6277	1507273445	3600		262.47		  33949954		-999.00
6278	1507277045	3600		259.72		  33949954		-999.00
6279	1507280645	3600		259.21		  33949954		-999.00
6280	1507284245	3600		259.47		  33949954		-999.00
2017-10-06 07:44:05 2017-10-06 12:04:05 0:00:00 2017-10-06 12:29:26
6281	1507268645	-15600		259.72		  33949954		-999.00
6276	1507286966	1200		265.59		  95201159		405.50
6276	1507290566	3600		265.41		  89127278		416.50
6276	1507294166	3600		265.36		  87556200		414.00
6276	1507297766	3600		265.13		  79827797		408.00
6276	1507301366	3600		264.92		  72776775		407.50
2017-10-06 17:35:19 2017-10-06 16:49:26 0:05:00 2017-10-06 17:40:19
6276	1507304419	3053		264.74		  66733972		405.50
6277
6278
6277	1507305619	1200		262.48		  66733972		-999.00
6278	1507309219	3600		262.48		  66733972		-999.00
6279	1507312819	3600		262.48		  66733972		-999.00
6280	1507316419	3600		259.22		  66733972		-999.00
6281	1507320019	3600		259.22		  66733972		-999.00
2017-10-06 17:40:19 2017-10-06 22:00:19 0:00:00 2017-10-06 22:14:10
6282	1507304419	-15600		259.73		  66733972		-999.00
6278	1507322050	1200		265.63		  96015137		419.00
6278	1507325650	3600		265.42		  89129034		420.50
6278	1507329250	3600		265.35		  86942197		417.50
6278	1507332850	3600		265.14		  79843228		413.50
6278	1507336450	3600		264.90		  71682040		410.00
6278	1507340050	3600		264.72		  65785193		407.50
2017-10-07 04:20:12 2017-10-07 03:34:10 0:05:00 2017-10-07 04:25:12
6278	1507343112	3062		264.56		  60490447		407.50
6279
6279	1507344312	1200		262.75		  60490447		-999.00
6280	1507347912	3600		259.22		  60490447		-999.00
6281	1507351512	3600		259.22		  60490447		-999.00
2017-10-07 04:25:12 2017-10-07 06:45:12 0:00:00 2017-10-07 07:34:47
6282	1507343112	-8400		259.75		  60490447		-999.00
6279	1507355687	1200		265.57		  94640873		421.00
6279	1507359287	3600		265.57		  94346562		423.50
6279	1507362887	3600		265.36		  87401146		423.50
2017-10-07 10:37:07 2017-10-07 09:54:47 0:05:00 2017-10-07 10:42:07
6279	1507365727	2840		265.37		  87908649		400.50
6280
6281
6282
6283
6280	1507366927	1200		259.48		  87908649		-999.00
6281	1507370527	3600		262.73		  87908649		-999.00
6282	1507374127	3600		262.48		  87908649		-999.00
6283	1507377727	3600		262.48		  87908649		-999.00
6284	1507381327	3600		262.73		  87908649		-999.00
6285	1507384927	3600		262.73		  87908649		-999.00
6286	1507388527	3600		262.73		  87908649		-999.00
6287	1507392127	3600		262.73		  87908649		-999.00
6288	1507395727	3600		262.73		  87908649		-999.00
6289	1507399327	3600		262.73		  87908649		-999.00
6290	1507402927	3600		262.73		  87908649		-999.00
6291	1507406527	3600		262.73		  87908649		-999.00
6292	1507410127	3600		262.73		  87908649		-999.00
6293	1507413727	3600		259.22		  87908649		-999.00
6294	1507417327	3600		259.22		  87908649		-999.00
2017-10-07 10:42:07 2017-10-08 01:02:07 0:00:00 2017-10-08 01:24:17
6295	1507365727	-51600		259.73		  87908649		-999.00
6283	1507419857	1200		265.52		  92824166		419.00
6283	1507423457	3600		265.54		  93546857		422.50
6283	1507427057	3600		265.33		  86421325		422.50
6283	1507430657	3600		265.28		  84819369		417.00
6283	1507434257	3600		265.04		  76672722		408.00
6283	1507437857	3600		264.82		  69374248		409.50
6283	1507441457	3600		264.66		  64112123		410.00
6283	1507445057	3600		264.55		  60334141		409.50
6283	1507448657	3600		264.41		  55781152		406.00
6283	1507452257	3600		264.26		  50750308		406.00
6283	1507455857	3600		264.15		  47180744		403.00
6283	1507459457	3600		264.03		  43064855		402.50
2017-10-08 13:21:40 2017-10-08 12:44:17 0:05:00 2017-10-08 13:26:40
6283	1507462000	2543		263.87		  37991103		397.50
6284
6284	1507463200	1200		259.22		  37991103		-999.00
6285	1507466800	3600		259.48		  37991103		-999.00
6286	1507470400	3600		259.48		  37991103		-999.00
2017-10-08 13:26:40 2017-10-08 15:46:40 0:00:00 2017-10-08 15:48:40
6287	1507462000	-8400		259.73		  37991103		-999.00
6284	1507471720	1200		265.58		  94374591		428.50
6284	1507475320	3600		265.52		  92455264		392.50
6284	1507478920	3600		265.36		  87563022		427.50
6284	1507482520	3600		265.26		  84194514		423.00
6284	1507486120	3600		265.02		  76311999		420.00
6284	1507489720	3600		264.81		  69317057		419.00
6284	1507493320	3600		264.66		  64036480		418.00
2017-10-08 22:24:16 2017-10-08 22:08:40 0:05:00 2017-10-08 22:29:16
6284	1507494556	1236		264.60		  62154372		419.00
6285
6285	1507495756	1200		262.48		  62154372		-999.00
6286	1507499356	3600		259.22		  62154372		-999.00
2017-10-08 22:29:16 2017-10-08 23:49:16 0:00:00 2017-10-09 00:42:01
6287	1507494556	-4800		259.73		  62154372		-999.00
6285	1507503721	1200		265.56		  94188490		431.00
6285	1507507321	3600		265.54		  93565589		433.00
6285	1507510921	3600		265.38		  88313261		433.50
6285	1507514521	3600		265.29		  85170349		428.00
6285	1507518121	3600		265.03		  76407894		426.50
6285	1507521721	3600		264.83		  69906068		423.50
6285	1507525321	3600		264.65		  63933523		423.00
6285	1507528921	3600		264.55		  60617608		419.50
2017-10-09 08:29:56 2017-10-09 08:02:01 0:05:00 2017-10-09 08:34:56
6285	1507530896	1975		264.44		  56986242		419.50
6286
6287
6286	1507532096	1200		259.47		  56986242		-999.00
6287	1507535696	3600		262.47		  56986242		-999.00
6288	1507539296	3600		262.47		  56986242		-999.00
6289	1507542896	3600		262.47		  56986242		-999.00
6290	1507546496	3600		262.47		  56986242		-999.00
6291	1507550096	3600		262.47		  56986242		-999.00
6292	1507553696	3600		262.47		  56986242		-999.00
6293	1507557296	3600		262.47		  56986242		-999.00
6294	1507560896	3600		262.72		  56986242		-999.00
6295	1507564496	3600		259.47		  56986242		-999.00
6296	1507568096	3600		259.47		  56986242		-999.00
2017-10-09 08:34:56 2017-10-09 18:54:56 0:00:00 2017-10-09 19:52:06
6297	1507530896	-37200		259.73		  56986242		-999.00
6287	1507572726	1200		265.47		  91583030		436.50
6287	1507576326	3600		265.54		  93865046		437.50
6287	1507579926	3600		265.38		  88401210		434.00
6287	1507583526	3600		265.69		  90356496		437.00
6287	1507587126	3600		265.43		  81606660		434.00
6287	1507590726	3600		265.18		  73371577		432.00
6287	1507594326	3600		265.02		  68101423		428.00
6287	1507597926	3600		264.88		  63484257		427.00
6287	1507601526	3600		264.74		  58675634		426.00
6287	1507605126	3600		264.60		  53865520		423.00
6287	1507608726	3600		264.46		  49264378		420.00
6287	1507612326	3600		264.35		  45688076		419.00
6287	1507615926	3600		264.26		  42599587		421.00
6287	1507619526	3600		263.88		  38620889		412.50
2017-10-10 09:13:36 2017-10-10 09:12:06 0:02:00 2017-10-10 09:15:36
6287	1507619736	210		263.93		  40186487		413.50
6288
6288	1507620936	1200		262.47		  40186487		-999.00
6289	1507624536	3600		259.47		  40186487		-999.00
6290	1507628136	3600		259.72		  40186487		-999.00
2017-10-10 09:15:36 2017-10-10 11:35:36 0:00:00 2017-10-10 12:07:17
6291	1507619736	-8400		259.72		  40186487		-999.00
6288	1507631237	1200		265.49		  92161959		411.50
6288	1507634837	3600		265.79		  93730237		448.00
6288	1507638437	3600		265.36		  87983796		443.50
6288	1507642037	3600		265.38		  88489598		440.50
6288	1507645637	3600		265.12		  79694389		439.00
6288	1507649237	3600		264.88		  71911155		436.00
6288	1507652837	3600		264.71		  66296628		432.50
6288	1507656437	3600		264.59		  62008876		431.00
6288	1507660037	3600		264.45		  57657928		429.50
6288	1507663637	3600		264.29		  52117791		426.50
6288	1507667237	3600		264.14		  47203969		424.50
6288	1507670837	3600		264.05		  44209965		423.50
2017-10-11 00:08:42 2017-10-10 23:27:17 0:05:00 2017-10-11 00:13:42
6288	1507673622	2785		263.90		  39035345		418.00
6289
6290
6291
6289	1507674822	1200		259.21		  39035345		-999.00
6290	1507678422	3600		259.21		  39035345		-999.00
6291	1507682022	3600		259.21		  39035345		-999.00
6292	1507685622	3600		259.21		  39035345		-999.00
6293	1507689222	3600		259.72		  39035345		-999.00
6294	1507692822	3600		259.20		  39035345		-999.00
6295	1507696422	3600		259.47		  39035345		-999.00
2017-10-11 00:13:42 2017-10-11 06:33:42 0:00:00 2017-10-11 07:03:12
6296	1507673622	-22800		259.72		  39035345		-999.00
6291	1507699392	1200		265.57		  94981227		445.00
6291	1507702992	3600		265.54		  93836475		452.50
6291	1507706592	3600		265.38		  88502706		453.00
6291	1507710192	3600		265.34		  87020940		445.00
6291	1507713792	3600		265.05		  77577886		442.00
6291	1507717392	3600		264.86		  71307602		440.00
6291	1507720992	3600		264.67		  64906788		439.00
6291	1507724592	3600		264.57		  61454061		435.00
6291	1507728192	3600		264.40		  55929966		434.00
6291	1507731792	3600		264.28		  51701789		433.00
6291	1507735392	3600		264.18		  48476582		430.50
6291	1507738992	3600		264.05		  44194357		429.50
6291	1507742592	3600		263.97		  41467657		428.00
6291	1507746192	3600		263.90		  39115287		427.00
6291	1507749792	3600		263.82		  36549516		426.00
6291	1507753392	3600		263.73		  33627747		423.00
6291	1507756992	3600		263.65		  30890973		422.50
6291	1507760592	3600		263.60		  29275668		422.00
6291	1507764192	3600		263.54		  27239006		420.50
2017-10-12 01:56:48 2017-10-12 01:23:12 0:05:00 2017-10-12 02:01:48
6291	1507766508	2316		263.44		  23992972		419.00
6292
6293
6294
6295
6292	1507767708	1200		262.47		  23992972		-999.00
6293	1507771308	3600		262.21		  23992972		-999.00
6294	1507774908	3600		262.21		  23992972		-999.00
6295	1507778508	3600		262.21		  23992972		-999.00
6296	1507782108	3600		262.47		  23992972		-999.00
6297	1507785708	3600		261.94		  23992972		-999.00
6298	1507789308	3600		262.48		  23992972		-999.00
6299	1507792908	3600		259.01		  23992972		-999.00
6300	1507796508	3600		258.76		  23992972		-999.00
6301	1507800108	3600		258.76		  23992972		-999.00
6302	1507803708	3600		258.76		  23992972		-999.00
6303	1507807308	3600		258.76		  23992972		-999.00
6304	1507810908	3600		258.76		  23992972		-999.00
6305	1507814508	3600		258.76		  23992972		-999.00
6306	1507818108	3600		258.76		  23992972		-999.00
6307	1507821708	3600		262.17		  23992972		-999.00
6308	1507825308	3600		262.42		  23992972		-999.00
6309	1507828908	3600		262.17		  23992972		-999.00
2017-10-12 02:01:48 2017-10-12 19:21:48 0:00:00 2017-10-12 20:21:26
6310	1507766508	-62400		262.72		  23992972		-999.00
6295	1507833686	1200		262.42		         0		404.00
6295	1507837286	3600		262.43		         1		407.00
6295	1507840886	3600		262.43		         1		408.00
6295	1507844486	3600		262.43		         1		408.50
6295	1507848086	3600		262.42		         0		409.50
6295	1507851686	3600		262.42		         0		410.50
6295	1507855286	3600		255.79		         0		 11.00
2017-10-13 02:46:01 2017-10-13 02:41:26 0:05:00 2017-10-13 02:51:01
6295	1507855861	575		255.79		         0		 11.00
6296
6297
6296	1507857061	1200		255.54		         0		-999.00
6297	1507860661	3600		255.54		         0		-999.00
6298	1507864261	3600		255.54		         0		-999.00
6299	1507867861	3600		255.54		         0		-999.00
6300	1507871461	3600		255.54		         0		-999.00
6301	1507875061	3600		255.54		         0		-999.00
6302	1507878661	3600		255.54		         0		-999.00
6303	1507882261	3600		255.54		         0		-999.00
6304	1507885861	3600		255.54		         0		-999.00
6305	1507889461	3600		255.54		         0		-999.00
6306	1507893061	3600		255.54		         0		-999.00
6307	1507896661	3600		255.54		         0		-999.00
6308	1507900261	3600		255.54		         0		-999.00
6309	1507903861	3600		255.54		         0		-999.00
6310	1507907461	3600		255.54		         0		-999.00
6311	1507911061	3600		259.17		         0		-999.00
6312	1507914661	3600		259.69		         0		-999.00
2017-10-13 02:51:01 2017-10-13 19:11:01 0:00:00 2017-10-13 19:49:19
6313	1507855861	-58800		255.79		         0		-999.00
6297	1507918159	1200		265.43		  91255870		447.50
6297	1507921759	3600		265.53		  94606327		449.00
6297	1507925359	3600		265.35		  88750319		454.00
6297	1507928959	3600		265.28		  86455870		420.00
6297	1507932559	3600		265.05		  78521128		443.00
6297	1507936159	3600		264.83		  71305670		441.00
6297	1507939759	3600		264.65		  65468203		442.50
6297	1507943359	3600		264.61		  63894348		439.50
6297	1507946959	3600		264.44		  58373757		438.00
6297	1507950559	3600		264.31		  54085325		435.50
6297	1507954159	3600		264.18		  49720570		433.50
6297	1507957759	3600		264.07		  46138410		431.50
6297	1507961359	3600		263.95		  42069780		432.50
6297	1507964959	3600		263.85		  38652337		414.50
2017-10-14 09:21:13 2017-10-14 09:09:19 0:05:00 2017-10-14 09:26:13
6297	1507965973	1014		259.69		  35918177		  8.00
6298
6298	1507967173	1200		259.44		  35918177		-999.00
6299	1507970773	3600		259.18		  35918177		-999.00
2017-10-14 09:26:13 2017-10-14 10:46:13 0:00:00 2017-10-14 11:43:47
6300	1507965973	-4800		259.69		  35918177		-999.00
6298	1507975427	1200		265.51		  94127780		458.50
6298	1507979027	3600		265.48		  93101318		460.00
6298	1507982627	3600		265.47		  92829521		461.00
6298	1507986227	3600		265.33		  87871741		447.00
6298	1507989827	3600		265.37		  89260888		455.50
6298	1507993427	3600		265.05		  78691589		455.00
6298	1507997027	3600		264.86		  72452110		452.50
6298	1508000627	3600		264.69		  66824535		448.50
6298	1508004227	3600		264.53		  61253039		447.00
6298	1508007827	3600		264.36		  55826868		445.00
6298	1508011427	3600		264.25		  51928436		443.50
6298	1508015027	3600		264.12		  47658110		441.00
6298	1508018627	3600		264.02		  44388359		441.00
6298	1508022227	3600		263.93		  41338760		438.00
6298	1508025827	3600		263.82		  37761658		437.00
6298	1508029427	3600		263.75		  35335551		435.50
6298	1508033027	3600		263.67		  32813949		434.50
2017-10-15 04:46:23 2017-10-15 04:03:47 0:05:00 2017-10-15 04:51:23
6298	1508035883	2856		263.58		  29550156		430.00
6299
6300
6299	1508037083	1200		259.44		  29550156		-999.00
6300	1508040683	3600		259.14		  29550156		-999.00
6301	1508044283	3600		259.15		  29550156		-999.00
6302	1508047883	3600		259.15		  29550156		-999.00
2017-10-15 04:51:23 2017-10-15 08:11:23 0:00:00 2017-10-15 09:04:02
6303	1508035883	-12000		259.69		  29550156		-999.00
6300	1508052242	1200		265.50		  94349791		469.50
6300	1508055842	3600		265.47		  93638345		468.00
6300	1508059442	3600		265.48		  93688351		468.50
6300	1508063042	3600		265.32		  88599031		474.00
6300	1508066642	3600		265.35		  89652184		467.50
6300	1508070242	3600		265.06		  79948351		463.00
6300	1508073842	3600		264.87		  73542863		462.50
2017-10-15 15:51:00 2017-10-15 15:24:02 0:05:00 2017-10-15 15:56:00
6300	1508075760	1918		264.77		  70006097		458.50
