5925
5926
5927
5928
5929
5930
5930	1499757287	1200		262.44		   1876975		 74.50
5930	1499760887	3600		262.31		   1770903		 74.50
5930	1499764487	3600		262.45		   1717811		 74.50
2017-07-11 11:31:26 2017-07-11 11:14:47 0:05:00 2017-07-11 11:36:26
5930	1499765786	1299		262.44		   1487607		 74.50
5931
5932
5933
5934
5931	1499766986	1200		259.39		   1487607		-999.00
5932	1499770586	3600		259.20		   1487607		-999.00
5933	1499774186	3600		259.46		   1487607		-999.00
5934	1499777786	3600		259.52		   1487607		-999.00
5935	1499781386	3600		259.48		   1487607		-999.00
5936	1499784986	3600		259.47		   1487607		-999.00
5937	1499788586	3600		259.47		   1487607		-999.00
5938	1499792186	3600		259.60		   1487607		-999.00
5939	1499795786	3600		259.53		   1487607		-999.00
5940	1499799386	3600		259.53		   1487607		-999.00
5941	1499802986	3600		259.47		   1487607		-999.00
5942	1499806586	3600		259.25		   1487607		-999.00
5943	1499810186	3600		259.47		   1487607		-999.00
5944	1499813786	3600		259.52		   1487607		-999.00
5945	1499817386	3600		259.18		   1487607		-999.00
5946	1499820986	3600		259.44		   1487607		-999.00
2017-07-11 11:36:26 2017-07-12 02:56:26 0:00:00 2017-07-12 03:19:14
5947	1499765786	-55200		259.39		   1487607		-999.00
5934	1499823554	1200		263.17		  20018396		 80.50
5934	1499827154	3600		263.12		  21023722		 80.50
5934	1499830754	3600		263.03		  17840237		 78.00
5934	1499834354	3600		262.24		    718880		 75.50
5934	1499837954	3600		262.42		    353728		 78.00
2017-07-12 07:53:59 2017-07-12 07:39:14 0:05:00 2017-07-12 07:58:59
5934	1499839139	1185		262.45		    374631		 78.00
5935
5936
5937
5938
5939
5940
5941
5942
5935	1499840339	1200		259.44		    374631		-999.00
5936	1499843939	3600		262.24		    374631		-999.00
5937	1499847539	3600		262.49		    374631		-999.00
5938	1499851139	3600		262.54		    374631		-999.00
5939	1499854739	3600		262.51		    374631		-999.00
5940	1499858339	3600		262.54		    374631		-999.00
5941	1499861939	3600		262.54		    374631		-999.00
5942	1499865539	3600		262.44		    374631		-999.00
5943	1499869139	3600		262.46		    374631		-999.00
5944	1499872739	3600		258.77		    374631		-999.00
5945	1499876339	3600		258.77		    374631		-999.00
5946	1499879939	3600		267.23		    374631		-999.00
5947	1499883539	3600		267.23		    374631		-999.00
5948	1499887139	3600		267.23		    374631		-999.00
5949	1499890739	3600		267.23		    374631		-999.00
5950	1499894339	3600		270.23		    374631		-999.00
5951	1499897939	3600		270.23		    374631		-999.00
5952	1499901539	3600		270.23		    374631		-999.00
5953	1499905139	3600		270.23		    374631		-999.00
5954	1499908739	3600		270.23		    374631		-999.00
5955	1499912339	3600		270.23		    374631		-999.00
5956	1499915939	3600		270.23		    374631		-999.00
5957	1499919539	3600		270.23		    374631		-999.00
5958	1499923139	3600		270.23		    374631		-999.00
5959	1499926739	3600		270.23		    374631		-999.00
5960	1499930339	3600		270.23		    374631		-999.00
5961	1499933939	3600		270.23		    374631		-999.00
5962	1499937539	3600		270.23		    374631		-999.00
5963	1499941139	3600		270.23		    374631		-999.00
5964	1499944739	3600		270.23		    374631		-999.00
5965	1499948339	3600		270.23		    374631		-999.00
5966	1499951939	3600		270.23		    374631		-999.00
5967	1499955539	3600		267.23		    374631		-999.00
5968	1499959139	3600		267.23		    374631		-999.00
5969	1499962739	3600		270.23		    374631		-999.00
5970	1499966339	3600		270.23		    374631		-999.00
5971	1499969939	3600		267.23		    374631		-999.00
5972	1499973539	3600		267.23		    374631		-999.00
5973	1499977139	3600		267.23		    374631		-999.00
5974	1499980739	3600		267.23		    374631		-999.00
5975	1499984339	3600		270.23		    374631		-999.00
5976	1499987939	3600		270.23		    374631		-999.00
5977	1499991539	3600		267.23		    374631		-999.00
5978	1499995139	3600		267.23		    374631		-999.00
5979	1499998739	3600		270.23		    374631		-999.00
5980	1500002339	3600		267.23		    374631		-999.00
5981	1500005939	3600		267.23		    374631		-999.00
5982	1500009539	3600		267.23		    374631		-999.00
2017-07-12 07:58:59 2017-07-14 07:18:59 0:00:00 2017-07-14 07:35:12
5983	1499839139	-170400		259.44		    374631		-999.00
5942	1500011712	1200		263.76		  41160978		 82.00
5942	1500015312	3600		263.70		  44193411		 84.50
2017-07-14 09:47:21 2017-07-14 08:55:12 0:05:00 2017-07-14 09:52:21
5942	1500018741	3429		263.79		  40127558		 83.00
5943
5944
5945
5946
5943	1500019941	1200		259.34		  40127558		-999.00
5944	1500023541	3600		258.77		  40127558		-999.00
5945	1500027141	3600		258.77		  40127558		-999.00
5946	1500030741	3600		259.28		  40127558		-999.00
5947	1500034341	3600		259.28		  40127558		-999.00
5948	1500037941	3600		259.46		  40127558		-999.00
5949	1500041541	3600		262.46		  40127558		-999.00
5950	1500045141	3600		262.48		  40127558		-999.00
5951	1500048741	3600		262.48		  40127558		-999.00
5952	1500052341	3600		259.48		  40127558		-999.00
2017-07-14 09:52:21 2017-07-14 19:12:21 0:00:00 2017-07-14 20:10:21
5953	1500018741	-33600		259.59		  40127558		-999.00
Warning: Fill duration (10.633333333333333 min.) smaller than fill time delay, no data collected during fill 5946
5947
5948
5949
5950
5954	1500057659	1200		262.32		  40127558		-999.00
5955	1500061259	3600		259.32		  40127558		-999.00
5956	1500064859	3600		259.32		  40127558		-999.00
5957	1500068459	3600		259.32		  40127558		-999.00
5958	1500072059	3600		259.50		  40127558		-999.00
2017-07-14 20:20:59 2017-07-15 00:40:59 0:00:00 2017-07-15 00:59:28
5959	1500056459	-15600		259.55		  40127558		-999.00
5950	1500074368	1200		264.83		  67254700		 90.00
5950	1500077968	3600		264.96		  71672032		 90.00
5950	1500081568	3600		264.85		  67977243		 90.00
5950	1500085168	3600		264.75		  64537660		 90.00
5950	1500088768	3600		264.48		  60991979		 90.00
5950	1500092368	3600		264.57		  58515268		 90.00
5950	1500095968	3600		264.45		  54637137		 90.00
5950	1500099568	3600		263.44		  51904802		 91.00
5950	1500103168	3600		263.36		  49383620		 91.00
5950	1500106768	3600		263.27		  46177305		 91.00
2017-07-15 11:08:22 2017-07-15 10:19:28 0:05:00 2017-07-15 11:13:22
5950	1500110002	3234		263.12		  41459599		 88.50
5951
5952
5951	1500111202	1200		258.88		  41459599		-999.00
5952	1500114802	3600		259.07		  41459599		-999.00
5953	1500118402	3600		259.07		  41459599		-999.00
5954	1500122002	3600		259.07		  41459599		-999.00
2017-07-15 11:13:22 2017-07-15 14:33:22 0:00:00 2017-07-15 14:46:50
5955	1500110002	-12000		258.88		  41459599		-999.00
5952	1500124010	1200		264.33		  75308117		 94.00
2017-07-15 15:59:43 2017-07-15 15:06:50 0:05:00 2017-07-15 16:04:43
5952	1500127483	3473		265.15		  78119327		 96.50
5953
5954
5953	1500128683	1200		262.30		  78119327		-999.00
5954	1500132283	3600		262.30		  78119327		-999.00
5955	1500135883	3600		262.30		  78119327		-999.00
5956	1500139483	3600		262.30		  78119327		-999.00
5957	1500143083	3600		262.62		  78119327		-999.00
5958	1500146683	3600		262.62		  78119327		-999.00
5959	1500150283	3600		262.62		  78119327		-999.00
5960	1500153883	3600		259.61		  78119327		-999.00
5961	1500157483	3600		259.61		  78119327		-999.00
5962	1500161083	3600		259.61		  78119327		-999.00
2017-07-15 16:04:43 2017-07-16 01:24:43 0:00:00 2017-07-16 01:39:34
5963	1500127483	-33600		259.81		  78119327		-999.00
5954	1500163174	1200		265.06		  74915913		 99.50
5954	1500166774	3600		265.20		  79743492		 99.50
5954	1500170374	3600		265.04		  74249007		 99.00
2017-07-16 04:27:31 2017-07-16 03:59:34 0:05:00 2017-07-16 04:32:31
5954	1500172351	1977		265.01		  73418668		 99.00
5955
5956
5957
5958
5955	1500173551	1200		262.30		  73418668		-999.00
5956	1500177151	3600		262.30		  73418668		-999.00
5957	1500180751	3600		259.30		  73418668		-999.00
5958	1500184351	3600		259.13		  73418668		-999.00
5959	1500187951	3600		259.13		  73418668		-999.00
5960	1500191551	3600		259.13		  73418668		-999.00
5961	1500195151	3600		259.23		  73418668		-999.00
5962	1500198751	3600		259.23		  73418668		-999.00
2017-07-16 04:32:31 2017-07-16 11:52:31 0:00:00 2017-07-16 12:23:44
5963	1500172351	-26400		259.81		  73418668		-999.00
5958	1500201824	1200		265.01		  73265668		100.00
5958	1500205424	3600		265.13		  77293129		100.50
5958	1500209024	3600		264.97		  71958388		100.50
5958	1500212624	3600		264.88		  69049506		100.50
5958	1500216224	3600		264.75		  64615357		100.50
5958	1500219824	3600		264.68		  62336145		 98.00
2017-07-16 18:07:55 2017-07-16 17:43:44 0:05:00 2017-07-16 18:12:55
5958	1500221575	1751		264.60		  59716191		 98.00
5959
5960
5959	1500222775	1200		262.81		  59716191		-999.00
5960	1500226375	3600		262.81		  59716191		-999.00
5961	1500229975	3600		262.81		  59716191		-999.00
5962	1500233575	3600		262.81		  59716191		-999.00
5963	1500237175	3600		262.81		  59716191		-999.00
5964	1500240775	3600		262.81		  59716191		-999.00
5965	1500244375	3600		262.81		  59716191		-999.00
5966	1500247975	3600		262.81		  59716191		-999.00
5967	1500251575	3600		259.81		  59716191		-999.00
5968	1500255175	3600		259.81		  59716191		-999.00
5969	1500258775	3600		259.81		  59716191		-999.00
5970	1500262375	3600		259.81		  59716191		-999.00
5971	1500265975	3600		259.81		  59716191		-999.00
5972	1500269575	3600		259.81		  59716191		-999.00
5973	1500273175	3600		259.40		  59716191		-999.00
5974	1500276775	3600		259.40		  59716191		-999.00
5975	1500280375	3600		259.40		  59716191		-999.00
5976	1500283975	3600		259.40		  59716191		-999.00
5977	1500287575	3600		259.38		  59716191		-999.00
5978	1500291175	3600		259.38		  59716191		-999.00
5979	1500294775	3600		259.38		  59716191		-999.00
5980	1500298375	3600		255.80		  59716191		-999.00
5981	1500301975	3600		255.80		  59716191		-999.00
5982	1500305575	3600		255.48		  59716191		-999.00
5983	1500309175	3600		262.29		  59716191		-999.00
5984	1500312775	3600		262.29		  59716191		-999.00
5985	1500316375	3600		262.61		  59716191		-999.00
5986	1500319975	3600		262.73		  59716191		-999.00
5987	1500323575	3600		262.61		  59716191		-999.00
5988	1500327175	3600		262.61		  59716191		-999.00
5989	1500330775	3600		262.61		  59716191		-999.00
5990	1500334375	3600		262.61		  59716191		-999.00
5991	1500337975	3600		262.61		  59716191		-999.00
5992	1500341575	3600		259.47		  59716191		-999.00
5993	1500345175	3600		259.47		  59716191		-999.00
2017-07-16 18:12:55 2017-07-18 04:32:55 0:00:00 2017-07-18 04:51:46
5994	1500221575	-123600		259.81		  59716191		-999.00
5960	1500347506	1200		264.75		  71355769		101.00
5960	1500351106	3600		264.63		  77821363		100.00
5960	1500354706	3600		264.98		  72286447		102.50
5960	1500358306	3600		264.62		  69229666		102.50
5960	1500361906	3600		264.51		  65485480		102.50
2017-07-18 09:27:10 2017-07-18 09:11:46 0:05:00 2017-07-18 09:32:10
5960	1500363130	1224		264.43		  62771290		102.50
5961
5962
5961	1500364330	1200		262.41		  62771290		-999.00
5962	1500367930	3600		262.41		  62771290		-999.00
5963	1500371530	3600		262.70		  62771290		-999.00
5964	1500375130	3600		262.70		  62771290		-999.00
5965	1500378730	3600		262.55		  62771290		-999.00
5966	1500382330	3600		259.30		  62771290		-999.00
5967	1500385930	3600		259.30		  62771290		-999.00
2017-07-18 09:32:10 2017-07-18 15:52:10 0:00:00 2017-07-18 16:07:52
5968	1500363130	-22800		259.54		  62771290		-999.00
5962	1500388072	1200		264.71		  80320581		105.00
5962	1500391672	3600		265.42		  87039959		107.50
5962	1500395272	3600		265.18		  81517011		107.50
5962	1500398872	3600		264.61		  77122138		 93.00
5962	1500402472	3600		264.73		  72555985		107.00
5962	1500406072	3600		264.60		  68235634		107.00
5962	1500409672	3600		264.57		  63052683		107.00
5962	1500413272	3600		264.46		  59879683		107.00
2017-07-19 00:08:28 2017-07-18 23:27:52 0:05:00 2017-07-19 00:13:28
5962	1500416008	2736		264.36		  56564696		107.00
5963
5963	1500417208	1200		262.47		  56564696		-999.00
5964	1500420808	3600		259.30		  56564696		-999.00
2017-07-19 00:13:28 2017-07-19 01:33:28 0:00:00 2017-07-19 02:33:17
5965	1500416008	-4800		259.66		  56564696		-999.00
5963	1500425597	1200		265.27		  82120278		114.00
5963	1500429197	3600		264.94		  88093862		106.00
2017-07-19 04:13:23 2017-07-19 03:53:17 0:05:00 2017-07-19 04:18:23
5963	1500430703	1506		265.45		  83938441		113.50
5964
5965
5964	1500431903	1200		262.30		  83938441		-999.00
5965	1500435503	3600		262.30		  83938441		-999.00
5966	1500439103	3600		259.30		  83938441		-999.00
2017-07-19 04:18:23 2017-07-19 06:38:23 0:00:00 2017-07-19 07:23:25
5967	1500430703	-8400		259.93		  83938441		-999.00
5965	1500443005	1200		265.42		  87100878		112.00
5965	1500446605	3600		265.41		  86703634		114.50
2017-07-19 09:21:45 2017-07-19 08:43:25 0:05:00 2017-07-19 09:26:45
5965	1500449205	2600		265.26		  83596838		114.00
5966
5966	1500450405	1200		262.30		  83596838		-999.00
5967	1500454005	3600		259.30		  83596838		-999.00
5968	1500457605	3600		259.39		  83596838		-999.00
2017-07-19 09:26:45 2017-07-19 11:46:45 0:00:00 2017-07-19 12:02:26
5969	1500449205	-8400		259.75		  83596838		-999.00
5966	1500459746	1200		265.49		  89457460		115.00
2017-07-19 12:23:17 2017-07-19 12:22:26 0:00:00 2017-07-19 12:23:17
5966	1500459797	51		264.81		  66830796		115.00
5967
5968
5969
5970
5971
5967	1500460997	1200		262.30		  66830796		-999.00
5968	1500464597	3600		259.30		  66830796		-999.00
5969	1500468197	3600		259.55		  66830796		-999.00
5970	1500471797	3600		259.54		  66830796		-999.00
5971	1500475397	3600		259.54		  66830796		-999.00
5972	1500478997	3600		259.59		  66830796		-999.00
5973	1500482597	3600		259.59		  66830796		-999.00
5974	1500486197	3600		259.54		  66830796		-999.00
5975	1500489797	3600		259.44		  66830796		-999.00
5976	1500493397	3600		259.44		  66830796		-999.00
5977	1500496997	3600		259.44		  66830796		-999.00
5978	1500500597	3600		259.44		  66830796		-999.00
2017-07-19 12:23:17 2017-07-19 23:43:17 0:00:00 2017-07-19 23:52:05
5979	1500459797	-40800		259.81		  66830796		-999.00
5971	1500502325	1200		265.53		  93403799		117.00
2017-07-20 00:35:42 2017-07-20 00:12:05 0:05:00 2017-07-20 00:40:42
5971	1500504042	1717		265.75		 100775471		117.00
5972
5973
5974
5972	1500505242	1200		262.30		 100775471		-999.00
5973	1500508842	3600		259.30		 100775471		-999.00
5974	1500512442	3600		259.30		 100775471		-999.00
5975	1500516042	3600		259.30		 100775471		-999.00
2017-07-20 00:40:42 2017-07-20 04:00:42 0:00:00 2017-07-20 04:36:06
5976	1500504042	-12000		259.72		 100775471		-999.00
5974	1500519366	1200		265.21		  79548219		115.00
2017-07-20 04:56:29 2017-07-20 04:56:06 0:00:00 2017-07-20 04:56:29
5974	1500519389	23		263.02		   6672243		115.00
5975
5976
5975	1500520589	1200		262.59		   6672243		-999.00
5976	1500524189	3600		262.59		   6672243		-999.00
5977	1500527789	3600		262.58		   6672243		-999.00
5978	1500531389	3600		262.62		   6672243		-999.00
5979	1500534989	3600		262.62		   6672243		-999.00
5980	1500538589	3600		259.43		   6672243		-999.00
5981	1500542189	3600		259.43		   6672243		-999.00
5982	1500545789	3600		259.58		   6672243		-999.00
2017-07-20 04:56:29 2017-07-20 12:16:29 0:00:00 2017-07-20 12:41:19
5983	1500519389	-26400		259.82		   6672243		-999.00
5976	1500548479	1200		265.53		  90641666		111.00
5976	1500552079	3600		265.07		  84666764		114.50
5976	1500555679	3600		265.20		  78698485		116.00
5976	1500559279	3600		265.13		  77281876		116.00
5976	1500562879	3600		265.00		  73125615		116.00
5976	1500566479	3600		264.91		  69991477		116.00
5976	1500570079	3600		264.76		  65084320		116.00
5976	1500573679	3600		264.64		  60909912		114.50
5976	1500577279	3600		264.49		  55835136		114.50
5976	1500580879	3600		264.43		  53979571		114.50
5976	1500584479	3600		264.30		  49769486		114.50
5976	1500588079	3600		264.22		  47004682		112.00
5976	1500591679	3600		264.13		  43982387		112.00
5976	1500595279	3600		264.07		  42002293		112.00
5976	1500598879	3600		263.98		  38888984		112.00
5976	1500602479	3600		263.92		  36844943		112.00
2017-07-21 04:01:44 2017-07-21 04:01:19 0:02:00 2017-07-21 04:03:44
5976	1500602624	145		264.83		  67310481		112.00
5977
5978
5979
5977	1500603824	1200		259.81		  67310481		-999.00
5978	1500607424	3600		262.81		  67310481		-999.00
5979	1500611024	3600		262.81		  67310481		-999.00
5980	1500614624	3600		262.81		  67310481		-999.00
5981	1500618224	3600		262.81		  67310481		-999.00
5982	1500621824	3600		262.81		  67310481		-999.00
5983	1500625424	3600		262.81		  67310481		-999.00
5984	1500629024	3600		259.81		  67310481		-999.00
5985	1500632624	3600		259.81		  67310481		-999.00
5986	1500636224	3600		259.81		  67310481		-999.00
5987	1500639824	3600		259.81		  67310481		-999.00
5988	1500643424	3600		259.81		  67310481		-999.00
5989	1500647024	3600		259.81		  67310481		-999.00
2017-07-21 04:03:44 2017-07-21 16:23:44 0:00:00 2017-07-21 17:03:39
5990	1500602624	-44400		259.81		  67310481		-999.00
5979	1500650619	1200		265.62		  93814519		121.00
5979	1500654219	3600		265.10		  76408235		115.00
5979	1500657819	3600		264.42		  53592104		122.50
5979	1500661419	3600		265.18		  79049422		122.50
5979	1500665019	3600		265.05		  74735484		122.50
5979	1500668619	3600		264.93		  70560611		122.50
5979	1500672219	3600		264.78		  65731440		122.50
5979	1500675819	3600		264.67		  62149514		122.50
5979	1500679419	3600		264.49		  56014265		120.00
5979	1500683019	3600		264.44		  54342907		119.00
5979	1500686619	3600		264.34		  51096997		121.50
5979	1500690219	3600		264.26		  48182238		121.50
5979	1500693819	3600		264.13		  43959726		121.50
5979	1500697419	3600		259.81		  41629906		  7.00
5979	1500701019	3600		259.81		  39391838		  7.00
5979	1500704619	3600		259.58		  37129650		  7.00
2017-07-22 08:24:55 2017-07-22 08:23:39 0:05:00 2017-07-22 08:29:55
5979	1500704995	376		259.58		  44365916		  7.00
5980
5980	1500706195	1200		259.58		  44365916		-999.00
5981	1500709795	3600		259.69		  44365916		-999.00
5982	1500713395	3600		259.69		  44365916		-999.00
2017-07-22 08:29:55 2017-07-22 10:49:55 0:00:00 2017-07-22 11:39:42
5983	1500704995	-8400		259.58		  44365916		-999.00
5980	1500717582	1200		263.92		  44672810		121.50
5980	1500721182	3600		263.99		  46937604		121.50
5980	1500724782	3600		263.92		  44598007		121.50
5980	1500728382	3600		263.88		  42528389		119.00
5980	1500731982	3600		263.78		  39492697		119.00
5980	1500735582	3600		263.70		  36779559		119.00
5980	1500739182	3600		263.58		  34265354		119.50
2017-07-22 18:13:21 2017-07-22 17:59:42 0:05:00 2017-07-22 18:18:21
5980	1500740301	1119		263.28		  32574235		117.00
