6335
6336
6336	1509043424	1200		262.90		   7126571		512.00
6336	1509047024	3600		262.90		   6918858		503.00
6336	1509050624	3600		262.89		   6721849		500.00
6336	1509054224	3600		262.88		   6239928		500.00
2017-10-27 00:21:41 2017-10-26 23:43:44 0:05:00 2017-10-27 00:26:41
6336	1509056801	2577		262.84		   5127697		495.50
6337
6337	1509058001	1200		262.69		   5127697		-999.00
6338	1509061601	3600		259.18		   5127697		-999.00
6339	1509065201	3600		259.18		   5127697		-999.00
6340	1509068801	3600		259.18		   5127697		-999.00
2017-10-27 00:26:41 2017-10-27 03:46:41 0:00:00 2017-10-27 04:36:35
6341	1509056801	-12000		259.69		   5127697		-999.00
6337	1509072995	1200		265.50		  93519864		558.50
6337	1509076595	3600		265.53		  94532351		556.00
6337	1509080195	3600		265.49		  93281285		557.50
6337	1509083795	3600		265.36		  88896285		562.50
6337	1509087395	3600		265.34		  88439941		553.50
6337	1509090995	3600		265.07		  79212727		548.50
2017-10-27 10:05:39 2017-10-27 09:56:35 0:05:00 2017-10-27 10:10:39
6337	1509091839	844		264.35		  55423484		539.50
6338
6339
6340
6341
6338	1509093039	1200		259.69		  55423484		-999.00
6339	1509096639	3600		259.69		  55423484		-999.00
6340	1509100239	3600		259.69		  55423484		-999.00
6341	1509103839	3600		259.69		  55423484		-999.00
6342	1509107439	3600		259.69		  55423484		-999.00
6343	1509111039	3600		262.18		  55423484		-999.00
6344	1509114639	3600		262.69		  55423484		-999.00
6345	1509118239	3600		257.56		  55423484		-999.00
6346	1509121839	3600		262.33		  55423484		-999.00
6347	1509125439	3600		259.33		  55423484		-999.00
6348	1509129039	3600		259.33		  55423484		-999.00
6349	1509132639	3600		259.33		  55423484		-999.00
6350	1509136239	3600		259.33		  55423484		-999.00
2017-10-27 10:10:39 2017-10-27 22:30:39 0:00:00 2017-10-27 23:19:37
6351	1509091839	-44400		259.69		  55423484		-999.00
6341	1509140377	1200		265.61		  91835041		559.50
2017-10-28 00:11:01 2017-10-27 23:39:37 0:05:00 2017-10-28 00:16:01
6341	1509142561	2184		265.64		  92990488		559.00
6342
6343
6342	1509143761	1200		262.59		  92990488		-999.00
6343	1509147361	3600		262.59		  92990488		-999.00
6344	1509150961	3600		262.59		  92990488		-999.00
6345	1509154561	3600		259.33		  92990488		-999.00
6346	1509158161	3600		259.33		  92990488		-999.00
6347	1509161761	3600		259.33		  92990488		-999.00
2017-10-28 00:16:01 2017-10-28 05:36:01 0:00:00 2017-10-28 06:16:02
6348	1509142561	-19200		259.85		  92990488		-999.00
6343	1509165362	1200		265.64		  93284831		557.00
6343	1509168962	3600		265.68		  94474611		561.50
6343	1509172562	3600		265.64		  93123283		563.00
6343	1509176162	3600		265.46		  87177492		562.00
6343	1509179762	3600		265.35		  83423432		554.00
6343	1509183362	3600		265.08		  74664107		552.00
6343	1509186962	3600		264.89		  68029441		548.50
6343	1509190562	3600		264.74		  63038095		545.50
6343	1509194162	3600		264.60		  58362425		542.50
6343	1509197762	3600		264.45		  53594840		544.00
6343	1509201362	3600		264.33		  49616844		538.50
6343	1509204962	3600		264.23		  46292500		538.50
2017-10-28 18:02:40 2017-10-28 17:36:02 0:05:00 2017-10-28 18:07:40
6343	1509206860	1898		264.14		  43224409		537.50
6344
6344	1509208060	1200		262.84		  43224409		-999.00
6345	1509211660	3600		259.33		  43224409		-999.00
6346	1509215260	3600		259.59		  43224409		-999.00
2017-10-28 18:07:40 2017-10-28 20:27:40 0:00:00 2017-10-28 20:28:16
6347	1509206860	-8400		259.84		  43224409		-999.00
6344	1509216496	1200		265.61		  92166588		568.00
6344	1509220096	3600		265.65		  93505348		569.50
6344	1509223696	3600		265.62		  92540919		570.00
6344	1509227296	3600		265.47		  87451878		563.00
6344	1509230896	3600		265.47		  87574348		566.50
2017-10-29 01:24:21 2017-10-29 00:48:16 0:05:00 2017-10-29 01:29:21
6344	1509233361	2465		265.28		  81303639		564.00
6345
6346
6345	1509234561	1200		262.59		  81303639		-999.00
6346	1509238161	3600		259.33		  81303639		-999.00
6347	1509245361	3600		259.33		  81303639		-999.00
6348	1509248961	3600		259.33		  81303639		-999.00
6349	1509252561	3600		259.33		  81303639		-999.00
6350	1509256161	3600		259.33		  81303639		-999.00
6351	1509259761	3600		259.33		  81303639		-999.00
6352	1509263361	3600		259.33		  81303639		-999.00
6353	1509266961	3600		259.33		  81303639		-999.00
6354	1509270561	3600		259.59		  81303639		-999.00
2017-10-29 01:29:21 2017-10-29 10:49:21 0:00:00 2017-10-29 11:21:55
6355	1509233361	-33600		259.84		  81303639		-999.00
6346	1509273715	1200		265.69		  94777764		569.50
6346	1509277315	3600		265.66		  93807327		570.50
6346	1509280915	3600		265.65		  93582588		534.00
6346	1509284515	3600		265.52		  89321193		566.50
6346	1509288115	3600		265.48		  87703441		554.50
6346	1509291715	3600		265.23		  79475890		564.50
6346	1509295315	3600		265.03		  72700243		561.00
6346	1509298915	3600		264.87		  67494638		559.00
6346	1509302515	3600		264.71		  62278062		555.50
6346	1509306115	3600		264.55		  56978477		554.50
6346	1509309715	3600		264.43		  52893873		552.00
6346	1509313315	3600		264.31		  48774070		550.50
6346	1509316915	3600		264.21		  45547063		549.50
6346	1509320515	3600		264.12		  42435682		548.00
6346	1509324115	3600		264.03		  39348715		546.50
6346	1509327715	3600		263.95		  36721220		541.00
6346	1509331315	3600		263.86		  33782882		542.50
6346	1509334915	3600		263.75		  30137267		537.50
2017-10-30 04:42:18 2017-10-30 04:41:55 0:02:00 2017-10-30 04:44:18
6346	1509335058	143		259.84		  30864125		  8.50
6347
6347	1509336258	1200		259.33		  30864125		-999.00
6348	1509339858	3600		259.33		  30864125		-999.00
6349	1509343458	3600		262.59		  30864125		-999.00
6350	1509347058	3600		262.59		  30864125		-999.00
6351	1509350658	3600		259.59		  30864125		-999.00
6352	1509354258	3600		259.33		  30864125		-999.00
6353	1509357858	3600		259.84		  30864125		-999.00
2017-10-30 04:44:18 2017-10-30 11:04:18 0:00:00 2017-10-30 11:27:27
6354	1509335058	-22800		259.84		  30864125		-999.00
6347	1509360447	1200		265.69		  94955304		578.00
6347	1509364047	3600		265.65		  93632790		580.00
6347	1509367647	3600		265.67		  94023103		579.50
6347	1509371247	3600		265.57		  90977284		561.50
2017-10-30 15:26:29 2017-10-30 14:47:27 0:05:00 2017-10-30 15:31:29
6347	1509373889	2642		265.41		  85511420		578.00
6348
6348	1509375089	1200		262.59		  85511420		-999.00
6349	1509378689	3600		262.06		  85511420		-999.00
6350	1509382289	3600		259.59		  85511420		-999.00
6351	1509385889	3600		259.33		  85511420		-999.00
6352	1509389489	3600		259.33		  85511420		-999.00
2017-10-30 15:31:29 2017-10-30 19:51:29 0:00:00 2017-10-30 20:21:01
6353	1509373889	-15600		259.84		  85511420		-999.00
6348	1509392461	1200		265.69		  94828716		584.00
6348	1509396061	3600		265.66		  93734746		583.50
6348	1509399661	3600		265.67		  94017760		585.50
6348	1509403261	3600		265.53		  89579332		535.00
6348	1509406861	3600		265.54		  89974667		580.00
2017-10-31 00:53:19 2017-10-31 00:41:01 0:05:00 2017-10-31 00:58:19
6348	1509407899	1038		265.32		  82511814		581.00
6349
6349	1509409099	1200		262.59		  82511814		-999.00
6350	1509412699	3600		262.59		  82511814		-999.00
6351	1509416299	3600		262.33		  82511814		-999.00
6352	1509419899	3600		262.33		  82511814		-999.00
2017-10-31 00:58:19 2017-10-31 04:18:19 0:00:00 2017-10-31 04:25:47
6353	1509407899	-12000		262.84		  82511814		-999.00
6349	1509421547	1200		265.68		  94389533		586.00
6349	1509425147	3600		265.64		  93204744		588.50
6349	1509428747	3600		265.62		  92364766		586.50
2017-10-31 07:24:29 2017-10-31 06:45:47 0:05:00 2017-10-31 07:29:29
6349	1509431369	2622		265.62		  92472798		587.00
6350
6351
6350	1509432569	1200		262.59		  92472798		-999.00
6351	1509436169	3600		262.59		  92472798		-999.00
6352	1509439769	3600		259.59		  92472798		-999.00
6353	1509443369	3600		259.59		  92472798		-999.00
6354	1509446969	3600		259.59		  92472798		-999.00
6355	1509450569	3600		259.59		  92472798		-999.00
6356	1509454169	3600		259.84		  92472798		-999.00
6357	1509457769	3600		259.33		  92472798		-999.00
2017-10-31 07:29:29 2017-10-31 14:49:29 0:00:00 2017-10-31 15:21:39
6358	1509431369	-26400		259.84		  92472798		-999.00
6351	1509460899	1200		257.79		  93212764		  6.00
2017-10-31 16:15:47 2017-10-31 15:41:39 0:05:00 2017-10-31 16:20:47
6351	1509463247	2348		265.64		  96403487		579.00
6352
6353
6354
6355
6352	1509464447	1200		262.48		  96403487		-999.00
6353	1509468047	3600		262.48		  96403487		-999.00
6354	1509471647	3600		262.48		  96403487		-999.00
6355	1509475247	3600		262.48		  96403487		-999.00
6356	1509478847	3600		262.48		  96403487		-999.00
6357	1509482447	3600		262.48		  96403487		-999.00
6358	1509486047	3600		262.48		  96403487		-999.00
6359	1509489647	3600		262.48		  96403487		-999.00
6360	1509493247	3600		262.48		  96403487		-999.00
6361	1509496847	3600		262.73		  96403487		-999.00
6362	1509500447	3600		262.73		  96403487		-999.00
6363	1509504047	3600		262.73		  96403487		-999.00
6364	1509507647	3600		262.73		  96403487		-999.00
6365	1509511247	3600		262.73		  96403487		-999.00
6366	1509514847	3600		262.73		  96403487		-999.00
6367	1509518447	3600		262.73		  96403487		-999.00
6368	1509522047	3600		262.22		  96403487		-999.00
6369	1509525647	3600		262.48		  96403487		-999.00
6370	1509529247	3600		259.48		  96403487		-999.00
6371	1509532847	3600		259.48		  96403487		-999.00
6372	1509536447	3600		262.73		  96403487		-999.00
6373	1509540047	3600		262.73		  96403487		-999.00
6374	1509543647	3600		262.48		  96403487		-999.00
6375	1509547247	3600		262.48		  96403487		-999.00
6376	1509550847	3600		262.48		  96403487		-999.00
6377	1509554447	3600		262.48		  96403487		-999.00
2017-10-31 16:20:47 2017-11-01 17:40:47 0:00:00 2017-11-01 18:27:38
6378	1509463247	-91200		262.75		  96403487		-999.00
6355	1509558458	1200		265.58		  94889782		570.50
2017-11-01 19:19:26 2017-11-01 18:47:38 0:05:00 2017-11-01 19:24:26
6355	1509560666	2208		265.56		  94240620		581.00
6356
6356	1509561866	1200		262.48		  94240620		-999.00
6357	1509565466	3600		259.48		  94240620		-999.00
6358	1509569066	3600		259.22		  94240620		-999.00
2017-11-01 19:24:26 2017-11-01 21:44:26 0:00:00 2017-11-01 22:42:36
6359	1509560666	-8400		259.73		  94240620		-999.00
6356	1509573756	1200		265.58		  94845616		581.00
6356	1509577356	3600		265.58		  94909356		551.00
6356	1509580956	3600		265.54		  93593099		582.50
6356	1509584556	3600		265.37		  87874337		584.00
6356	1509588156	3600		265.33		  86399955		578.00
6356	1509591756	3600		265.05		  77077610		572.00
6356	1509595356	3600		264.87		  71016369		574.50
6356	1509598956	3600		264.73		  66369808		570.00
6356	1509602556	3600		264.55		  60635652		565.50
6356	1509606156	3600		264.41		  55898828		550.00
6356	1509609756	3600		264.28		  51372446		561.00
6356	1509613356	3600		264.17		  47918613		559.50
2017-11-02 10:42:14 2017-11-02 10:02:36 0:05:00 2017-11-02 10:47:14
6356	1509616034	2678		259.73		  41400685		  8.00
6357
6358
6357	1509617234	1200		259.72		  41400685		-999.00
6358	1509620834	3600		259.47		  41400685		-999.00
6359	1509624434	3600		259.47		  41400685		-999.00
6360	1509628034	3600		259.21		  41400685		-999.00
6361	1509631634	3600		259.21		  41400685		-999.00
6362	1509635234	3600		259.21		  41400685		-999.00
2017-11-02 10:47:14 2017-11-02 16:07:14 0:00:00 2017-11-02 16:16:32
6363	1509616034	-19200		259.73		  41400685		-999.00
6358	1509636992	1200		266.71		 124378904		592.50
6358	1509640592	3600		266.21		 107793041		601.50
6358	1509644192	3600		266.10		 103976092		593.50
6358	1509647792	3600		265.69		  90436044		596.50
6358	1509651392	3600		265.57		  86400565		584.50
6358	1509654992	3600		265.31		  77710706		584.50
6358	1509658592	3600		265.10		  70598419		580.00
6358	1509662192	3600		264.90		  64111907		577.00
6358	1509665792	3600		264.79		  60352706		575.50
6358	1509669392	3600		264.65		  55550236		573.00
6358	1509672992	3600		264.27		  51658076		553.50
6358	1509676592	3600		264.15		  47568686		566.50
6358	1509680192	3600		264.06		  44453874		563.00
6358	1509683792	3600		263.96		  41189388		563.50
2017-11-03 06:19:02 2017-11-03 05:36:32 0:05:00 2017-11-03 06:24:02
6358	1509686642	2850		263.90		  39227164		563.00
6359
6360
6359	1509687842	1200		262.72		  39227164		-999.00
6360	1509691442	3600		259.72		  39227164		-999.00
6361	1509695042	3600		259.47		  39227164		-999.00
6362	1509698642	3600		262.72		  39227164		-999.00
6363	1509702242	3600		259.47		  39227164		-999.00
6364	1509705842	3600		259.47		  39227164		-999.00
6365	1509709442	3600		259.47		  39227164		-999.00
2017-11-03 06:24:02 2017-11-03 12:44:02 0:00:00 2017-11-03 13:14:46
6366	1509686642	-22800		259.72		  39227164		-999.00
6360	1509712486	1200		265.57		  94864663		594.00
6360	1509716086	3600		265.54		  93801951		598.50
6360	1509719686	3600		265.79		  93784790		597.50
6360	1509723286	3600		265.42		  89849253		604.50
6360	1509726886	3600		265.40		  89282790		593.50
6360	1509730486	3600		265.15		  80713576		589.50
6360	1509734086	3600		264.91		  72831224		585.50
6360	1509737686	3600		264.76		  67882155		582.00
6360	1509741286	3600		264.59		  62268387		582.00
6360	1509744886	3600		264.45		  57429247		577.00
6360	1509748486	3600		264.31		  52898386		576.50
6360	1509752086	3600		264.18		  48645277		572.00
6360	1509755686	3600		264.09		  45438118		571.00
6360	1509759286	3600		263.99		  42064164		570.00
6360	1509762886	3600		263.91		  39412967		567.50
6360	1509766486	3600		263.82		  36570821		566.00
6360	1509770086	3600		263.74		  33859315		548.50
6360	1509773686	3600		263.68		  31945611		566.00
6360	1509777286	3600		263.65		  30753050		564.00
6360	1509780886	3600		263.60		  29163900		560.00
6360	1509784486	3600		263.55		  27442536		557.00
6360	1509788086	3600		263.51		  26111838		558.50
6360	1509791686	3600		262.80		  10866078		533.50
6360	1509795286	3600		262.99		  17332694		553.00
2017-11-04 13:24:18 2017-11-04 12:34:46 0:05:00 2017-11-04 13:29:18
6360	1509798558	3272		263.12		  21769145		552.50
6361
6362
6361	1509799758	1200		259.47		  21769145		-999.00
6362	1509803358	3600		262.47		  21769145		-999.00
6363	1509806958	3600		262.47		  21769145		-999.00
6364	1509810558	3600		259.21		  21769145		-999.00
2017-11-04 13:29:18 2017-11-04 16:49:18 0:00:00 2017-11-04 17:38:37
6365	1509798558	-12000		259.47		  21769145		-999.00
6362	1509814717	1200		265.59		  95087419		600.50
6362	1509818317	3600		265.57		  94564516		602.00
6362	1509821917	3600		265.54		  93393671		603.50
6362	1509825517	3600		265.54		  93544346		603.50
6362	1509829117	3600		265.38		  88107582		601.50
6362	1509832717	3600		265.26		  84323974		597.50
6362	1509836317	3600		265.01		  75832076		595.50
6362	1509839917	3600		264.88		  71377115		590.50
6362	1509843517	3600		264.69		  65247428		589.00
6362	1509847117	3600		264.47		  57821906		582.50
6362	1509850717	3600		264.32		  52909489		579.00
6362	1509854317	3600		264.19		  48472014		577.50
6362	1509857917	3600		264.10		  45506144		575.00
6362	1509861517	3600		264.00		  42068001		574.50
6362	1509865117	3600		263.92		  39553600		573.50
6362	1509868717	3600		263.84		  36849719		573.00
6362	1509872317	3600		263.77		  34569054		565.00
6362	1509875917	3600		263.68		  31337954		571.50
6362	1509879517	3600		263.61		  29331339		569.00
6362	1509883117	3600		263.55		  27307429		568.00
6362	1509886717	3600		263.50		  25390258		565.50
6362	1509890317	3600		263.46		  24288107		567.00
6362	1509893917	3600		263.42		  22998924		566.50
6362	1509897517	3600		263.40		  22266258		565.00
2017-11-05 17:26:56 2017-11-05 16:58:37 0:05:00 2017-11-05 17:31:56
6362	1509899516	1999		263.33		  19745818		561.50
6363
6364
6363	1509900716	1200		259.48		  19745818		-999.00
6364	1509904316	3600		262.48		  19745818		-999.00
6365	1509907916	3600		259.48		  19745818		-999.00
6366	1509911516	3600		262.73		  19745818		-999.00
6367	1509915116	3600		262.73		  19745818		-999.00
6368	1509918716	3600		262.73		  19745818		-999.00
6369	1509922316	3600		262.73		  19745818		-999.00
6370	1509925916	3600		259.48		  19745818		-999.00
6371	1509929516	3600		259.22		  19745818		-999.00
2017-11-05 17:31:56 2017-11-06 01:51:56 0:00:00 2017-11-06 02:34:59
6372	1509899516	-30000		259.73		  19745818		-999.00
6364	1509933299	1200		265.59		  94876204		612.50
6364	1509936899	3600		265.58		  94607193		611.50
6364	1509940499	3600		265.56		  93993895		612.50
6364	1509944099	3600		265.39		  88098282		607.00
6364	1509947699	3600		265.44		  89849891		609.00
6364	1509951299	3600		265.17		  80950423		605.50
6364	1509954899	3600		264.97		  74041755		603.00
6364	1509958499	3600		264.80		  68465489		599.00
6364	1509962099	3600		264.64		  63103168		597.50
6364	1509965699	3600		264.49		  58280181		594.50
6364	1509969299	3600		264.35		  53398831		591.50
6364	1509972899	3600		264.24		  49777157		591.50
6364	1509976499	3600		264.07		  44101475		577.00
6364	1509980099	3600		264.04		  43203845		586.00
6364	1509983699	3600		263.95		  40092713		583.50
6364	1509987299	3600		263.87		  37564680		582.00
6364	1509990899	3600		263.81		  35369243		581.50
6364	1509994499	3600		263.74		  33137197		581.50
6364	1509998099	3600		263.40		  21705308		562.50
6364	1510001699	3600		263.25		  16945744		583.50
6364	1510005299	3600		263.58		  27856332		576.50
6364	1510008899	3600		263.53		  26323955		576.00
6364	1510012499	3600		263.48		  24656012		575.00
6364	1510016099	3600		263.45		  23578495		573.50
6364	1510019699	3600		263.41		  22326790		574.50
6364	1510023299	3600		263.37		  20982878		573.00
6364	1510026899	3600		263.34		  19820730		572.00
6364	1510030499	3600		263.29		  18052607		568.00
2017-11-07 05:57:10 2017-11-07 05:54:59 0:02:00 2017-11-07 05:59:10
6364	1510030750	251		263.33		  19557118		280.50
6365
6366
6367
6368
6369
6370
6365	1510031950	1200		259.75		  19557118		-999.00
6366	1510035550	3600		259.22		  19557118		-999.00
6367	1510039150	3600		259.48		  19557118		-999.00
6368	1510042750	3600		259.48		  19557118		-999.00
6369	1510046350	3600		258.88		  19557118		-999.00
6370	1510049950	3600		259.40		  19557118		-999.00
6371	1510053550	3600		259.40		  19557118		-999.00
6372	1510057150	3600		262.66		  19557118		-999.00
6373	1510060750	3600		262.66		  19557118		-999.00
6374	1510064350	3600		262.66		  19557118		-999.00
6375	1510067950	3600		262.66		  19557118		-999.00
6376	1510071550	3600		262.66		  19557118		-999.00
6377	1510075150	3600		262.66		  19557118		-999.00
6378	1510078750	3600		262.66		  19557118		-999.00
6379	1510082350	3600		262.66		  19557118		-999.00
6380	1510085950	3600		262.66		  19557118		-999.00
6381	1510089550	3600		262.66		  19557118		-999.00
6382	1510093150	3600		262.66		  19557118		-999.00
6383	1510096750	3600		262.66		  19557118		-999.00
6384	1510100350	3600		262.66		  19557118		-999.00
6385	1510103950	3600		262.66		  19557118		-999.00
6386	1510107550	3600		262.66		  19557118		-999.00
6387	1510111150	3600		262.66		  19557118		-999.00
6388	1510114750	3600		262.66		  19557118		-999.00
6389	1510118350	3600		262.66		  19557118		-999.00
6390	1510121950	3600		262.66		  19557118		-999.00
6391	1510125550	3600		262.66		  19557118		-999.00
6392	1510129150	3600		262.40		  19557118		-999.00
6393	1510132750	3600		259.40		  19557118		-999.00
6394	1510136350	3600		259.40		  19557118		-999.00
6395	1510139950	3600		259.40		  19557118		-999.00
6396	1510143550	3600		259.66		  19557118		-999.00
6397	1510147150	3600		259.39		  19557118		-999.00
6398	1510150750	3600		259.39		  19557118		-999.00
6399	1510154350	3600		259.39		  19557118		-999.00
6400	1510157950	3600		259.39		  19557118		-999.00
6401	1510161550	3600		259.39		  19557118		-999.00
6402	1510165150	3600		259.39		  19557118		-999.00
6403	1510168750	3600		259.39		  19557118		-999.00
6404	1510172350	3600		259.39		  19557118		-999.00
6405	1510175950	3600		259.39		  19557118		-999.00
6406	1510179550	3600		262.66		  19557118		-999.00
6407	1510183150	3600		259.40		  19557118		-999.00
6408	1510186750	3600		259.40		  19557118		-999.00
2017-11-07 05:59:10 2017-11-09 01:19:10 0:00:00 2017-11-09 01:27:21
6409	1510030750	-156000		259.75		  19557118		-999.00
6370	1510188441	1200		265.77		  95160930		615.50
6370	1510192041	3600		265.76		  94848559		610.00
6370	1510195641	3600		265.70		  92799566		619.00
6370	1510199241	3600		265.52		  86844990		612.50
6370	1510202841	3600		265.42		  83465887		610.00
6370	1510206441	3600		265.19		  75783097		606.50
6370	1510210041	3600		265.01		  69922891		605.00
6370	1510213641	3600		264.87		  65248386		598.00
6370	1510217241	3600		263.94		  51207941		561.00
6370	1510220841	3600		262.58		   5913230		558.50
2017-11-09 10:50:40 2017-11-09 10:47:21 0:05:00 2017-11-09 10:55:40
6370	1510221340	499		262.43		    703814		557.50
6371
6371	1510222540	1200		262.66		    703814		-999.00
6372	1510226140	3600		259.39		    703814		-999.00
6373	1510229740	3600		259.39		    703814		-999.00
6374	1510233340	3600		259.65		    703814		-999.00
2017-11-09 10:55:40 2017-11-09 14:15:40 0:00:00 2017-11-09 14:17:37
6375	1510221340	-12000		259.40		    703814		-999.00
6371	1510234657	1200		265.72		  93922328		614.00
6371	1510238257	3600		265.73		  94086351		623.50
6371	1510241857	3600		265.72		  93720146		624.50
6371	1510245457	3600		265.53		  87374573		626.00
6371	1510249057	3600		265.43		  84128869		616.00
6371	1510252657	3600		265.21		  76972161		612.50
6371	1510256257	3600		265.01		  70167049		612.50
6371	1510259857	3600		264.87		  65584559		623.50
6371	1510263457	3600		264.72		  60472844		604.50
6371	1510267057	3600		264.56		  55289325		602.50
6371	1510270657	3600		264.45		  51477096		600.00
6371	1510274257	3600		264.33		  47409543		600.50
6371	1510277857	3600		264.23		  44271857		598.00
6371	1510281457	3600		264.14		  41026002		595.50
6371	1510285057	3600		264.06		  38398392		592.50
6371	1510288657	3600		264.00		  36343045		592.00
6371	1510292257	3600		263.92		  33944451		591.50
6371	1510295857	3600		263.83		  30955330		590.00
6371	1510299457	3600		263.82		  30381102		587.00
6371	1510303057	3600		263.77		  28889381		588.50
6371	1510306657	3600		263.72		  27181011		586.50
6371	1510310257	3600		263.68		  25928000		585.50
6371	1510313857	3600		263.64		  24571385		586.00
6371	1510317457	3600		262.78		  12850093		558.00
2017-11-10 14:04:46 2017-11-10 13:37:37 0:05:00 2017-11-10 14:09:46
6371	1510319386	1929		262.48		   2787560		564.50
6372
6373
6374
6375
6376
6377
6378
6379
6380
6372	1510320586	1200		259.65		   2787560		-999.00
6373	1510324186	3600		259.65		   2787560		-999.00
6374	1510327786	3600		259.39		   2787560		-999.00
6375	1510331386	3600		259.39		   2787560		-999.00
6376	1510334986	3600		259.65		   2787560		-999.00
6377	1510338586	3600		259.39		   2787560		-999.00
6378	1510342186	3600		259.39		   2787560		-999.00
6379	1510345786	3600		258.29		   2787560		-999.00
6380	1510349386	3600		259.31		   2787560		-999.00
6381	1510352986	3600		259.31		   2787560		-999.00
6382	1510356586	3600		259.31		   2787560		-999.00
6383	1510360186	3600		259.32		   2787560		-999.00
6384	1510363786	3600		259.32		   2787560		-999.00
6385	1510367386	3600		259.32		   2787560		-999.00
6386	1510370986	3600		259.32		   2787560		-999.00
6387	1510374586	3600		259.32		   2787560		-999.00
6388	1510378186	3600		259.32		   2787560		-999.00
6389	1510381786	3600		259.32		   2787560		-999.00
6390	1510385386	3600		259.32		   2787560		-999.00
6391	1510388986	3600		259.32		   2787560		-999.00
6392	1510392586	3600		259.32		   2787560		-999.00
6393	1510396186	3600		259.32		   2787560		-999.00
6394	1510399786	3600		259.32		   2787560		-999.00
6395	1510403386	3600		259.32		   2787560		-999.00
6396	1510406986	3600		259.32		   2787560		-999.00
6397	1510410586	3600		259.32		   2787560		-999.00
6398	1510414186	3600		259.31		   2787560		-999.00
6399	1510417786	3600		259.31		   2787560		-999.00
6400	1510421386	3600		259.32		   2787560		-999.00
6401	1510424986	3600		259.32		   2787560		-999.00
2017-11-10 14:09:46 2017-11-11 19:29:46 0:00:00 2017-11-11 19:30:07
6402	1510319386	-105600		259.39		   2787560		-999.00
6380	1510426207	1200		262.33		     29186		580.50
6380	1510429807	3600		262.84		     13171		584.50
6380	1510433407	3600		262.84		     11340		566.00
6380	1510437007	3600		262.84		     20586		565.50
6380	1510440607	3600		262.84		     21333		563.00
6380	1510444207	3600		262.84		     19408		561.50
6380	1510447807	3600		262.84		     19984		561.00
6380	1510451407	3600		262.84		     18702		567.50
6380	1510455007	3600		262.84		     19013		559.00
6380	1510458607	3600		262.84		     18677		560.00
2017-11-12 05:28:54 2017-11-12 04:50:07 0:05:00 2017-11-12 05:33:54
6380	1510461234	2627		262.84		     17021		559.00
6381
6381	1510462434	1200		262.32		     17021		-999.00
6382	1510466034	3600		262.32		     17021		-999.00
2017-11-12 05:33:54 2017-11-12 06:53:54 0:00:00 2017-11-12 07:16:40
6383	1510461234	-4800		262.32		     17021		-999.00
6381	1510468600	1200		262.39		   2026640		558.00
6381	1510472200	3600		262.38		   1833739		554.50
6381	1510475800	3600		262.37		   1604284		553.50
6381	1510479400	3600		262.36		   1294557		553.00
6381	1510483000	3600		262.36		   1063926		554.00
6381	1510486600	3600		259.32		   1277170		  7.00
2017-11-12 13:14:00 2017-11-12 12:36:40 0:05:00 2017-11-12 13:19:00
6381	1510489140	2540		259.32		   1214554		  7.00
6382
6382	1510490340	1200		262.83		   1214554		-999.00
6383	1510493940	3600		259.32		   1214554		-999.00
2017-11-12 13:19:00 2017-11-12 14:39:00 0:00:00 2017-11-12 15:15:51
6384	1510489140	-4800		259.32		   1214554		-999.00
6382	1510497351	1200		262.46		   4531293		560.00
2017-11-12 16:07:03 2017-11-12 15:35:51 0:05:00 2017-11-12 16:12:03
6382	1510499523	2172		262.48		   5134142		556.00
6383
6384
6383	1510500723	1200		262.83		   5134142		-999.00
6384	1510504323	3600		262.83		   5134142		-999.00
6385	1510507923	3600		259.32		   5134142		-999.00
2017-11-12 16:12:03 2017-11-12 18:32:03 0:00:00 2017-11-12 18:47:14
6386	1510499523	-8400		259.32		   5134142		-999.00
6384	1510510034	1200		262.97		   4633134		559.00
6384	1510513634	3600		262.99		   5161974		556.50
6384	1510517234	3600		262.97		   4656084		555.50
6384	1510520834	3600		262.96		   4306496		558.50
6384	1510524434	3600		262.95		   3971270		555.50
6384	1510528034	3600		262.95		   3732940		554.50
6384	1510531634	3600		262.94		   3485230		555.50
6384	1510535234	3600		262.93		   3300442		555.50
6384	1510538834	3600		262.93		   3092656		553.50
6384	1510542434	3600		262.92		   2933257		553.50
6384	1510546034	3600		262.92		   2797936		556.50
2017-11-13 05:20:56 2017-11-13 05:07:14 0:05:00 2017-11-13 05:25:56
6384	1510547156	1122		262.92		   2679794		554.50
6385
6385	1510548356	1200		262.83		   2679794		-999.00
6386	1510551956	3600		259.58		   2679794		-999.00
6387	1510555556	3600		259.32		   2679794		-999.00
2017-11-13 05:25:56 2017-11-13 07:45:56 0:00:00 2017-11-13 07:56:40
6388	1510547156	-8400		259.83		   2679794		-999.00
6385	1510557400	1200		263.03		   6424958		548.00
6385	1510561000	3600		262.80		   7322026		558.00
6385	1510564600	3600		262.77		   6461577		557.00
6385	1510568200	3600		262.76		   6059925		556.50
6385	1510571800	3600		262.75		   5605046		557.50
6385	1510575400	3600		262.74		   5247356		554.50
6385	1510579000	3600		262.73		   4975388		555.00
6385	1510582600	3600		262.72		   4671649		556.00
6385	1510586200	3600		262.71		   4469756		554.00
6385	1510589800	3600		262.71		   4219828		553.50
6385	1510593400	3600		262.70		   4053818		568.50
6385	1510597000	3600		262.70		   3893942		554.50
6385	1510600600	3600		262.69		   3694374		551.00
6385	1510604200	3600		262.69		   3512575		554.00
6385	1510607800	3600		262.68		   3386309		556.00
6385	1510611400	3600		262.68		   3232309		553.50
6385	1510615000	3600		262.67		   3103574		554.50
6385	1510618600	3600		262.67		   3012352		552.50
6385	1510622200	3600		262.67		   2881213		553.50
6385	1510625800	3600		262.66		   2790549		554.50
6385	1510629400	3600		262.66		   2673651		553.50
6385	1510633000	3600		262.66		   2596278		553.00
6385	1510636600	3600		262.65		   2488525		552.50
6385	1510640200	3600		262.65		   2404395		553.50
6385	1510643800	3600		262.65		   2341133		553.50
6385	1510647400	3600		262.65		   2248342		552.00
2017-11-14 09:35:16 2017-11-14 09:16:40 0:05:00 2017-11-14 09:40:16
6385	1510648816	1416		262.64		   1855177		553.00
6386
6386	1510650016	1200		259.32		   1855177		-999.00
6387	1510653616	3600		259.83		   1855177		-999.00
2017-11-14 09:40:16 2017-11-14 11:00:16 0:00:00 2017-11-14 11:45:18
6388	1510648816	-4800		259.58		   1855177		-999.00
6386	1510657518	1200		262.77		   6784290		560.00
6386	1510661118	3600		262.81		   7869195		556.00
6386	1510664718	3600		262.78		   7051361		555.00
6386	1510668318	3600		262.77		   6517839		556.50
6386	1510671918	3600		262.75		   6014565		554.50
6386	1510675518	3600		262.74		   5664524		554.50
6386	1510679118	3600		262.73		   5324257		554.50
6386	1510682718	3600		262.72		   4992993		553.50
6386	1510686318	3600		262.71		   4757235		554.50
6386	1510689918	3600		262.70		   4490080		553.50
6386	1510693518	3600		262.70		   4277317		553.00
6386	1510697118	3600		262.69		   4100397		553.50
2017-11-14 23:12:15 2017-11-14 23:05:18 0:05:00 2017-11-14 23:17:15
6386	1510697835	717		262.69		   4005102		553.50
6387
6387	1510699035	1200		262.83		   4005102		-999.00
6388	1510702635	3600		259.32		   4005102		-999.00
2017-11-14 23:17:15 2017-11-15 00:37:15 0:00:00 2017-11-15 00:48:40
6389	1510697835	-4800		259.57		   4005102		-999.00
Warning: Fill duration (3.2333333333333334 min.) smaller than fill time delay, no data collected during fill 6387
6388
6390	1510704714	1200		262.83		   4005102		-999.00
6391	1510708314	3600		259.32		   4005102		-999.00
2017-11-15 00:51:54 2017-11-15 02:11:54 0:00:00 2017-11-15 02:45:08
6392	1510703514	-4800		259.32		   4005102		-999.00
Warning: Fill duration (15.733333333333333 min.) smaller than fill time delay, no data collected during fill 6388
6389
6393	1510712452	1200		262.83		   4005102		-999.00
6394	1510716052	3600		259.32		   4005102		-999.00
2017-11-15 03:00:52 2017-11-15 04:20:52 0:00:00 2017-11-15 04:35:19
6395	1510711252	-4800		259.83		   4005102		-999.00
6389	1510718119	1200		263.08		   8175932		558.50
6389	1510721719	3600		263.06		   7338893		555.50
6389	1510725319	3600		263.04		   6688250		554.50
6389	1510728919	3600		263.02		   6149330		555.50
6389	1510732519	3600		263.01		   5742793		554.50
6389	1510736119	3600		263.00		   5339679		554.00
6389	1510739719	3600		262.99		   5069690		554.00
2017-11-15 11:33:06 2017-11-15 10:55:19 0:05:00 2017-11-15 11:38:06
6389	1510742286	2567		262.98		   4817962		554.50
6390
6390	1510743486	1200		262.83		   4817962		-999.00
6391	1510747086	3600		262.32		   4817962		-999.00
6392	1510750686	3600		259.32		   4817962		-999.00
6393	1510754286	3600		259.83		   4817962		-999.00
2017-11-15 11:38:06 2017-11-15 14:58:06 0:00:00 2017-11-15 15:12:44
6394	1510742286	-12000		259.83		   4817962		-999.00
6390	1510756364	1200		262.57		   8038642		552.50
6390	1510759964	3600		262.55		   7335441		555.50
6390	1510763564	3600		262.53		   6704307		556.00
6390	1510767164	3600		262.51		   6150698		554.00
6390	1510770764	3600		262.50		   5742213		552.50
6390	1510774364	3600		262.49		   5428088		555.50
6390	1510777964	3600		262.48		   5084898		553.50
6390	1510781564	3600		262.47		   4863646		554.50
2017-11-15 23:04:10 2017-11-15 22:32:44 0:05:00 2017-11-15 23:09:10
6390	1510783750	2186		262.47		   4674062		555.50
6391
6392
6391	1510784950	1200		262.83		   4674062		-999.00
6392	1510788550	3600		262.83		   4674062		-999.00
6393	1510792150	3600		262.83		   4674062		-999.00
6394	1510795750	3600		262.83		   4674062		-999.00
6395	1510799350	3600		259.83		   4674062		-999.00
6396	1510802950	3600		259.32		   4674062		-999.00
2017-11-15 23:09:10 2017-11-16 04:29:10 0:00:00 2017-11-16 04:51:09
6397	1510783750	-19200		259.32		   4674062		-999.00
6392	1510805469	1200		263.07		   7689623		556.50
6392	1510809069	3600		263.04		   6981378		555.50
6392	1510812669	3600		263.03		   6659968		555.00
6392	1510816269	3600		263.02		   6100055		555.00
6392	1510819869	3600		263.01		   5703798		554.00
6392	1510823469	3600		263.00		   5392514		554.00
6392	1510827069	3600		262.99		   5051831		553.50
6392	1510830669	3600		262.98		   4809837		552.50
6392	1510834269	3600		262.97		   4532075		550.50
2017-11-16 13:49:44 2017-11-16 13:11:09 0:05:00 2017-11-16 13:54:44
6392	1510836884	2615		262.97		   4395625		553.50
6393
6394
6395
6396
6393	1510838084	1200		259.83		   4395625		-999.00
6394	1510841684	3600		259.58		   4395625		-999.00
6395	1510845284	3600		259.83		   4395625		-999.00
6396	1510848884	3600		262.32		   4395625		-999.00
6397	1510852484	3600		259.32		   4395625		-999.00
6398	1510856084	3600		259.32		   4395625		-999.00
6399	1510859684	3600		262.83		   4395625		-999.00
6400	1510863284	3600		259.32		   4395625		-999.00
2017-11-16 13:54:44 2017-11-16 21:14:44 0:00:00 2017-11-16 21:47:12
6401	1510836884	-26400		259.83		   4395625		-999.00
6396	1510866432	1200		262.47		   4864782		548.50
6396	1510870032	3600		262.46		   4416750		554.00
6396	1510873632	3600		262.44		   3912163		552.50
6396	1510877232	3600		262.43		   3592943		552.00
6396	1510880832	3600		262.42		   3310653		551.50
6396	1510884432	3600		262.42		   3107588		551.00
6396	1510888032	3600		262.41		   2895013		553.00
6396	1510891632	3600		262.41		   2750381		551.00
6396	1510895232	3600		262.40		   2586514		552.50
6396	1510898832	3600		262.40		   2449063		551.50
6396	1510902432	3600		262.40		   2344807		551.50
6396	1510906032	3600		262.39		   2226870		550.00
6396	1510909632	3600		262.39		   2144091		551.00
6396	1510913232	3600		262.39		   2051370		546.50
6396	1510916832	3600		262.38		   1951953		550.00
6396	1510920432	3600		262.38		   1884776		549.50
6396	1510924032	3600		262.38		   1810097		548.50
6396	1510927632	3600		262.38		   1728610		549.50
6396	1510931232	3600		262.38		   1691509		549.50
6396	1510934832	3600		262.37		   1619286		548.00
6396	1510938432	3600		262.37		   1572560		548.50
6396	1510942032	3600		262.37		   1508455		549.50
6396	1510945632	3600		262.37		   1466791		547.50
6396	1510949232	3600		262.37		   1409247		549.00
6396	1510952832	3600		262.37		   1371711		546.50
6396	1510956432	3600		262.36		   1327829		550.00
6396	1510960032	3600		262.36		   1285970		549.50
6396	1510963632	3600		262.36		   1237731		549.50
6396	1510967232	3600		262.36		   1208513		548.00
6396	1510970832	3600		262.36		   1165432		547.00
6396	1510974432	3600		262.36		   1139270		547.50
6396	1510978032	3600		262.36		   1099164		549.00
6396	1510981632	3600		262.36		   1074374		548.50
6396	1510985232	3600		262.36		   1036602		545.00
6396	1510988832	3600		262.36		   1008042		548.50
6396	1510992432	3600		262.35		    984375		547.50
6396	1510996032	3600		262.35		    905000		547.50
2017-11-18 10:52:37 2017-11-18 10:07:12 0:05:00 2017-11-18 10:57:37
6396	1510999057	3025		262.35		    936284		547.50
6397
6397	1511000257	1200		259.83		    936284		-999.00
6398	1511003857	3600		259.32		    936284		-999.00
2017-11-18 10:57:37 2017-11-18 12:17:37 0:00:00 2017-11-18 12:40:05
6399	1510999057	-4800		259.32		    936284		-999.00
6397	1511006405	1200		262.51		   6003756		554.00
6397	1511010005	3600		262.48		   5097454		550.00
6397	1511013605	3600		262.73		   4955852		551.00
6397	1511017205	3600		262.72		   4528392		551.00
6397	1511020805	3600		262.71		   4237404		550.00
6397	1511024405	3600		262.70		   3943002		549.50
6397	1511028005	3600		262.69		   3737516		548.00
6397	1511031605	3600		262.69		   3511450		548.50
6397	1511035205	3600		262.68		   3330808		549.00
6397	1511038805	3600		262.68		   3197905		549.50
6397	1511042405	3600		262.67		   3029305		548.50
6397	1511046005	3600		262.67		   2911376		548.00
6397	1511049605	3600		262.66		   2765404		548.50
6397	1511053205	3600		262.66		   2667857		549.50
6397	1511056805	3600		262.66		   2545111		548.50
6397	1511060405	3600		262.65		   2462732		549.00
6397	1511064005	3600		262.65		   2369848		549.00
6397	1511067605	3600		262.65		   2266370		549.00
6397	1511071205	3600		262.65		   2196198		548.00
6397	1511074805	3600		262.64		   2103006		548.00
6397	1511078405	3600		262.64		   2043395		548.50
6397	1511082005	3600		262.64		   1962051		547.50
6397	1511085605	3600		262.64		   1907596		549.50
6397	1511089205	3600		262.64		   1843475		549.00
6397	1511092805	3600		262.63		   1783182		548.00
6397	1511096405	3600		262.63		   1717057		546.50
6397	1511100005	3600		262.63		   1674483		548.00
6397	1511103605	3600		262.63		   1612787		548.00
6397	1511107205	3600		262.63		   1574320		547.50
6397	1511110805	3600		262.63		   1517714		547.00
2017-11-19 18:54:56 2017-11-19 18:00:05 0:05:00 2017-11-19 18:59:56
6397	1511114396	3591		262.62		   1401159		547.50
6398
6398	1511115596	1200		259.83		   1401159		-999.00
6399	1511119196	3600		259.32		   1401159		-999.00
2017-11-19 18:59:56 2017-11-19 20:19:56 0:00:00 2017-11-19 20:45:46
6400	1511114396	-4800		259.58		   1401159		-999.00
6398	1511121946	1200		263.01		   5837893		548.50
6398	1511125546	3600		262.98		   4951434		550.50
6398	1511129146	3600		262.98		   4795769		550.00
6398	1511132746	3600		262.97		   4383681		549.50
6398	1511136346	3600		262.96		   4073138		547.50
6398	1511139946	3600		262.95		   3845663		547.50
6398	1511143546	3600		262.94		   3591437		548.50
6398	1511147146	3600		262.94		   3419605		548.00
6398	1511150746	3600		262.93		   3207514		549.00
6398	1511154346	3600		262.93		   3067918		549.00
6398	1511157946	3600		262.92		   2927850		547.00
6398	1511161546	3600		262.92		   2795535		548.00
6398	1511165146	3600		270.43		   2708960		1194.00
2017-11-20 09:40:33 2017-11-20 09:05:46 0:05:00 2017-11-20 09:45:33
6398	1511167533	2387		267.62		   2569626		  8.00
6399
6399	1511168733	1200		266.82		   2569626		-999.00
6400	1511172333	3600		267.39		   2569626		-999.00
6401	1511175933	3600		276.29		   2569626		-999.00
2017-11-20 09:45:33 2017-11-20 12:05:33 0:00:00 2017-11-20 12:05:51
6402	1511167533	-8400		267.62		   2569626		-999.00
6399	1511177151	1200		276.29		   5603454		  7.00
6399	1511180751	3600		275.75		   5100638		  0.00
6399	1511184351	3600		280.99		   4275721		 14.00
6399	1511187951	3600		282.55		   4206912		 14.50
6399	1511191551	3600		284.85		   3900872		  0.00
6399	1511195151	3600		275.21		   3624700		  4.50
6399	1511198751	3600		267.44		   3447382		  7.50
6399	1511202351	3600		261.98		   3246137		506.00
6399	1511205951	3600		261.98		   3027912		495.00
6399	1511209551	3600		261.95		   2127870		502.50
6399	1511213151	3600		261.93		   1602606		503.00
6399	1511216751	3600		261.93		   1596982		499.00
6399	1511220351	3600		261.93		   1612103		500.00
6399	1511223951	3600		261.93		   1595815		501.50
6399	1511227551	3600		261.93		   1601677		502.00
6399	1511231151	3600		261.93		   1596408		500.50
6399	1511234751	3600		261.93		   1603792		501.50
6399	1511238351	3600		261.93		   1594742		501.50
2017-11-21 05:56:47 2017-11-21 05:25:51 0:05:00 2017-11-21 06:01:47
6399	1511240507	2156		261.93		   1602365		500.50
6400
