6085
6086
6086	1502777812	1200		263.87		  46142187		200.00
6086	1502781412	3600		263.91		  47623996		200.00
6086	1502785012	3600		263.80		  43753659		200.00
2017-08-15 10:39:33 2017-08-15 10:16:52 0:05:00 2017-08-15 10:44:33
6086	1502786673	1661		263.77		  42895286		200.00
6087
6088
6089
6087	1502787873	1200		262.48		  42895286		-999.00
6088	1502791473	3600		262.48		  42895286		-999.00
6089	1502795073	3600		262.48		  42895286		-999.00
6090	1502798673	3600		262.48		  42895286		-999.00
6091	1502802273	3600		259.48		  42895286		-999.00
6092	1502805873	3600		259.23		  42895286		-999.00
6093	1502809473	3600		259.48		  42895286		-999.00
6094	1502813073	3600		259.48		  42895286		-999.00
6095	1502816673	3600		259.23		  42895286		-999.00
6096	1502820273	3600		259.23		  42895286		-999.00
6097	1502823873	3600		259.23		  42895286		-999.00
6098	1502827473	3600		259.23		  42895286		-999.00
6099	1502831073	3600		259.48		  42895286		-999.00
2017-08-15 10:44:33 2017-08-15 23:04:33 0:00:00 2017-08-15 23:06:22
6100	1502786673	-44400		259.48		  42895286		-999.00
6089	1502832382	1200		263.81		  44270844		203.50
6089	1502835982	3600		263.88		  46518677		201.00
6089	1502839582	3600		263.79		  43408631		201.00
6089	1502843182	3600		263.71		  40669236		198.50
6089	1502846782	3600		263.64		  38433728		198.50
6089	1502850382	3600		263.57		  36000277		198.50
6089	1502853982	3600		263.50		  33801477		198.50
2017-08-16 05:40:00 2017-08-16 05:26:22 0:05:00 2017-08-16 05:45:00
6089	1502855100	1118		263.31		  27371217		196.50
6090
6090	1502856300	1200		259.48		  27371217		-999.00
6091	1502859900	3600		259.23		  27371217		-999.00
6092	1502863500	3600		259.23		  27371217		-999.00
6093	1502867100	3600		259.23		  27371217		-999.00
2017-08-16 05:45:00 2017-08-16 09:05:00 0:00:00 2017-08-16 09:09:55
6094	1502855100	-12000		259.48		  27371217		-999.00
6090	1502868595	1200		264.09		  53454959		205.00
6090	1502872195	3600		264.18		  56358944		205.00
6090	1502875795	3600		264.04		  51754686		205.00
6090	1502879395	3600		263.97		  49351019		205.00
6090	1502882995	3600		263.85		  45504214		205.00
6090	1502886595	3600		263.79		  43501629		205.00
2017-08-16 15:03:57 2017-08-16 14:29:55 0:05:00 2017-08-16 15:08:57
6090	1502888937	2342		263.71		  40966528		205.00
6091
6091	1502890137	1200		262.48		  40966528		-999.00
6092	1502893737	3600		259.48		  40966528		-999.00
6093	1502897337	3600		259.48		  40966528		-999.00
2017-08-16 15:08:57 2017-08-16 17:28:57 0:00:00 2017-08-16 18:20:05
6094	1502888937	-8400		259.48		  40966528		-999.00
6091	1502901605	1200		264.28		  59868764		209.50
6091	1502905205	3600		264.18		  56608494		209.50
6091	1502908805	3600		264.10		  53870315		209.50
6091	1502912405	3600		264.02		  51307786		207.00
6091	1502916005	3600		263.91		  47422948		207.00
6091	1502919605	3600		263.84		  45313703		207.00
2017-08-17 00:30:25 2017-08-16 23:40:05 0:05:00 2017-08-17 00:35:25
6091	1502922925	3320		263.70		  40483294		204.50
6092
6093
6092	1502924125	1200		259.48		  40483294		-999.00
6093	1502927725	3600		259.23		  40483294		-999.00
6094	1502931325	3600		259.48		  40483294		-999.00
6095	1502934925	3600		259.48		  40483294		-999.00
6096	1502938525	3600		259.48		  40483294		-999.00
2017-08-17 00:35:25 2017-08-17 04:55:25 0:00:00 2017-08-17 05:30:08
6097	1502922925	-15600		259.48		  40483294		-999.00
6093	1502941808	1200		264.18		  56617068		212.50
6093	1502945408	3600		264.23		  58154097		212.50
2017-08-17 07:35:42 2017-08-17 06:50:08 0:05:00 2017-08-17 07:40:42
6093	1502948442	3034		264.13		  54872838		210.00
6094
6094	1502949642	1200		262.48		  54872838		-999.00
6095	1502953242	3600		262.48		  54872838		-999.00
6096	1502956842	3600		259.48		  54872838		-999.00
6097	1502960442	3600		259.23		  54872838		-999.00
2017-08-17 07:40:42 2017-08-17 11:00:42 0:00:00 2017-08-17 11:06:01
6098	1502948442	-12000		259.48		  54872838		-999.00
6094	1502961961	1200		264.17		  56309265		215.00
6094	1502965561	3600		264.29		  60094327		212.50
2017-08-17 12:53:42 2017-08-17 12:26:01 0:05:00 2017-08-17 12:58:42
6094	1502967522	1961		264.19		  56766581		212.50
6095
6096
6095	1502968722	1200		262.23		  56766581		-999.00
6096	1502972322	3600		259.23		  56766581		-999.00
6097	1502975922	3600		259.48		  56766581		-999.00
2017-08-17 12:58:42 2017-08-17 15:18:42 0:00:00 2017-08-17 15:36:19
6098	1502967522	-8400		259.48		  56766581		-999.00
6096	1502978179	1200		264.18		  56435072		214.00
6096	1502981779	3600		264.26		  59316161		214.00
6096	1502985379	3600		264.15		  55618888		213.50
2017-08-17 18:43:49 2017-08-17 17:56:19 0:05:00 2017-08-17 18:48:49
6096	1502988529	3150		264.07		  52990699		211.00
6097
6097	1502989729	1200		262.48		  52990699		-999.00
6098	1502993329	3600		259.23		  52990699		-999.00
6099	1502996929	3600		259.23		  52990699		-999.00
2017-08-17 18:48:49 2017-08-17 21:08:49 0:00:00 2017-08-17 21:42:26
6100	1502988529	-8400		259.48		  52990699		-999.00
6097	1503000146	1200		264.12		  54505764		214.50
6097	1503003746	3600		264.23		  58092112		209.50
6097	1503007346	3600		264.10		  53975124		214.50
6097	1503010946	3600		264.03		  51410888		212.00
6097	1503014546	3600		263.92		  47929794		212.00
6097	1503018146	3600		263.87		  46037590		209.50
6097	1503021746	3600		263.79		  43348511		212.00
6097	1503025346	3600		263.69		  40205231		212.00
6097	1503028946	3600		263.63		  38207312		209.50
6097	1503032546	3600		263.58		  36402227		212.00
6097	1503036146	3600		263.52		  34609524		209.50
6097	1503039746	3600		263.47		  32671626		209.50
6097	1503043346	3600		259.48		  29751297		  8.50
2017-08-18 10:14:05 2017-08-18 10:02:26 0:05:00 2017-08-18 10:19:05
6097	1503044345	999		259.48		  29903924		  8.50
6098
6098	1503045545	1200		259.23		  29903924		-999.00
6099	1503049145	3600		259.48		  29903924		-999.00
6100	1503052745	3600		259.48		  29903924		-999.00
2017-08-18 10:19:05 2017-08-18 12:39:05 0:00:00 2017-08-18 12:40:17
6101	1503044345	-8400		259.48		  29903924		-999.00
6098	1503054017	1200		264.28		  59824362		220.00
6098	1503057617	3600		264.34		  61881397		220.00
2017-08-18 14:45:48 2017-08-18 14:00:17 0:05:00 2017-08-18 14:50:48
6098	1503060648	3031		264.23		  58244924		220.00
6099
6100
6101
6102
6103
6104
6099	1503061848	1200		262.48		  58244924		-999.00
6100	1503065448	3600		259.23		  58244924		-999.00
6101	1503069048	3600		259.23		  58244924		-999.00
6102	1503072648	3600		259.23		  58244924		-999.00
6103	1503076248	3600		259.23		  58244924		-999.00
6104	1503079848	3600		262.50		  58244924		-999.00
6105	1503083448	3600		262.50		  58244924		-999.00
6106	1503087048	3600		259.24		  58244924		-999.00
6107	1503090648	3600		259.24		  58244924		-999.00
6108	1503094248	3600		259.24		  58244924		-999.00
6109	1503097848	3600		259.24		  58244924		-999.00
6110	1503101448	3600		259.24		  58244924		-999.00
6111	1503105048	3600		259.50		  58244924		-999.00
6112	1503108648	3600		259.24		  58244924		-999.00
6113	1503112248	3600		259.24		  58244924		-999.00
6114	1503115848	3600		259.24		  58244924		-999.00
6115	1503119448	3600		259.24		  58244924		-999.00
6116	1503123048	3600		259.24		  58244924		-999.00
6117	1503126648	3600		259.24		  58244924		-999.00
6118	1503130248	3600		259.24		  58244924		-999.00
6119	1503133848	3600		259.50		  58244924		-999.00
2017-08-18 14:50:48 2017-08-19 11:10:48 0:00:00 2017-08-19 11:11:10
6120	1503060648	-73200		259.48		  58244924		-999.00
6104	1503135070	1200		263.98		  49661829		216.50
6104	1503138670	3600		264.04		  51390326		216.50
6104	1503142270	3600		263.93		  47928424		214.00
6104	1503145870	3600		263.87		  45698426		214.00
6104	1503149470	3600		263.77		  42551521		214.00
6104	1503153070	3600		263.71		  40661897		211.50
6104	1503156670	3600		263.64		  38001444		213.00
6104	1503160270	3600		263.56		  35385646		213.00
6104	1503163870	3600		263.51		  33808687		213.00
6104	1503167470	3600		259.50		  30913211		  8.50
2017-08-19 20:39:19 2017-08-19 20:31:10 0:05:00 2017-08-19 20:44:19
6104	1503168259	789		259.50		  31037668		  8.50
6105
6105	1503169459	1200		259.24		  31037668		-999.00
6106	1503173059	3600		259.24		  31037668		-999.00
2017-08-19 20:44:19 2017-08-19 22:04:19 0:00:00 2017-08-19 22:59:27
6107	1503168259	-4800		259.50		  31037668		-999.00
6105	1503177567	1200		264.11		  53791313		222.50
6105	1503181167	3600		264.15		  55296244		219.50
6105	1503184767	3600		264.07		  52534920		219.50
6105	1503188367	3600		263.97		  49192044		219.50
2017-08-20 02:31:10 2017-08-20 02:19:27 0:05:00 2017-08-20 02:36:10
6105	1503189370	1003		263.90		  46776612		219.50
6106
6106	1503190570	1200		262.50		  46776612		-999.00
6107	1503194170	3600		262.50		  46776612		-999.00
6108	1503197770	3600		262.50		  46776612		-999.00
6109	1503201370	3600		262.50		  46776612		-999.00
6110	1503204970	3600		262.50		  46776612		-999.00
6111	1503208570	3600		262.50		  46776612		-999.00
6112	1503212170	3600		262.50		  46776612		-999.00
6113	1503215770	3600		262.50		  46776612		-999.00
6114	1503219370	3600		262.50		  46776612		-999.00
6115	1503222970	3600		259.50		  46776612		-999.00
6116	1503226570	3600		259.24		  46776612		-999.00
6117	1503230170	3600		259.24		  46776612		-999.00
2017-08-20 02:36:10 2017-08-20 13:56:10 0:00:00 2017-08-20 14:10:46
6118	1503189370	-40800		259.50		  46776612		-999.00
6106	1503232246	1200		264.03		  51107646		220.50
6106	1503235846	3600		264.14		  54837407		220.00
6106	1503239446	3600		264.03		  51156817		220.00
6106	1503243046	3600		263.97		  49019449		220.00
6106	1503246646	3600		263.87		  45783680		220.00
6106	1503250246	3600		263.81		  43932995		212.50
6106	1503253846	3600		263.73		  41197005		217.50
6106	1503257446	3600		263.66		  38788409		217.50
6106	1503261046	3600		263.59		  36551391		217.50
6106	1503264646	3600		263.55		  35291915		217.50
6106	1503268246	3600		263.49		  33068625		217.50
6106	1503271846	3600		263.44		  31509123		215.00
6106	1503275446	3600		263.39		  29890882		217.50
2017-08-21 02:56:10 2017-08-21 02:30:46 0:05:00 2017-08-21 03:01:10
6106	1503277270	1824		259.50		  26247637		  8.50
6107
6108
6109
6110
6107	1503278470	1200		259.24		  26247637		-999.00
6108	1503282070	3600		259.24		  26247637		-999.00
6109	1503285670	3600		259.24		  26247637		-999.00
6110	1503289270	3600		259.24		  26247637		-999.00
6111	1503292870	3600		259.24		  26247637		-999.00
6112	1503296470	3600		259.50		  26247637		-999.00
6113	1503300070	3600		259.50		  26247637		-999.00
6114	1503303670	3600		259.50		  26247637		-999.00
6115	1503307270	3600		259.50		  26247637		-999.00
6116	1503310870	3600		259.24		  26247637		-999.00
2017-08-21 03:01:10 2017-08-21 12:21:10 0:00:00 2017-08-21 13:12:25
6117	1503277270	-33600		259.50		  26247637		-999.00
6110	1503315145	1200		263.93		  47690077		222.50
6110	1503318745	3600		264.02		  50899251		222.50
6110	1503322345	3600		263.91		  47000640		220.00
6110	1503325945	3600		263.82		  44220357		215.00
6110	1503329545	3600		263.75		  41827508		220.00
6110	1503333145	3600		263.68		  39443053		215.00
6110	1503336745	3600		263.59		  36535535		220.00
6110	1503340345	3600		263.53		  34465154		220.00
6110	1503343945	3600		263.60		  32382137		217.50
6110	1503347545	3600		263.55		  30836004		217.50
6110	1503351145	3600		263.49		  28941443		217.50
6110	1503354745	3600		263.45		  27373898		217.50
2017-08-22 01:21:19 2017-08-22 00:32:25 0:05:00 2017-08-22 01:26:19
6110	1503357979	3234		259.62		  24781206		  8.50
6111
6112
6113
6114
6111	1503359179	1200		259.37		  24781206		-999.00
6112	1503362779	3600		259.37		  24781206		-999.00
6113	1503366379	3600		259.62		  24781206		-999.00
6114	1503369979	3600		259.37		  24781206		-999.00
6115	1503373579	3600		259.62		  24781206		-999.00
6116	1503377179	3600		259.37		  24781206		-999.00
6117	1503380779	3600		259.62		  24781206		-999.00
2017-08-22 01:26:19 2017-08-22 07:46:19 0:00:00 2017-08-22 08:45:33
6118	1503357979	-22800		259.62		  24781206		-999.00
6114	1503385533	1200		264.31		  56126209		224.50
6114	1503389133	3600		264.15		  50867716		227.00
6114	1503392733	3600		264.10		  49158338		224.50
2017-08-22 11:06:17 2017-08-22 11:05:33 0:00:00 2017-08-22 11:06:17
6114	1503392777	44		263.44		  27130439		224.50
6115
6116
6115	1503393977	1200		256.34		  27130439		-999.00
6116	1503397577	3600		262.17		  27130439		-999.00
6117	1503401177	3600		262.69		  27130439		-999.00
6118	1503404777	3600		259.69		  27130439		-999.00
6119	1503408377	3600		259.69		  27130439		-999.00
6120	1503411977	3600		259.44		  27130439		-999.00
6121	1503415577	3600		262.69		  27130439		-999.00
6122	1503419177	3600		262.69		  27130439		-999.00
6123	1503422777	3600		259.18		  27130439		-999.00
6124	1503426377	3600		259.18		  27130439		-999.00
6125	1503429977	3600		259.18		  27130439		-999.00
6126	1503433577	3600		259.18		  27130439		-999.00
2017-08-22 11:06:17 2017-08-22 22:26:17 0:00:00 2017-08-22 23:20:45
6127	1503392777	-40800		259.62		  27130439		-999.00
6116	1503438045	1200		263.96		  42336461		220.00
6116	1503441645	3600		264.24		  51642818		222.50
6116	1503445245	3600		264.04		  44919949		222.50
6116	1503448845	3600		263.89		  40019753		222.50
6116	1503452445	3600		263.81		  37375985		222.50
6116	1503456045	3600		263.77		  36009838		220.00
2017-08-23 05:01:23 2017-08-23 04:40:45 0:05:00 2017-08-23 05:06:23
6116	1503457583	1538		263.73		  34774199		220.00
6117
6118
6119
6117	1503458783	1200		262.69		  34774199		-999.00
6118	1503462383	3600		262.69		  34774199		-999.00
6119	1503465983	3600		262.18		  34774199		-999.00
6120	1503469583	3600		259.69		  34774199		-999.00
6121	1503473183	3600		262.69		  34774199		-999.00
6122	1503476783	3600		259.69		  34774199		-999.00
6123	1503480383	3600		259.18		  34774199		-999.00
2017-08-23 05:06:23 2017-08-23 11:26:23 0:00:00 2017-08-23 12:22:58
6124	1503457583	-22800		259.69		  34774199		-999.00
6119	1503484978	1200		264.11		  47053309		228.00
6119	1503488578	3600		264.24		  51464758		225.50
6119	1503492178	3600		264.12		  47243331		225.50
6119	1503495778	3600		264.06		  45286444		225.50
6119	1503499378	3600		263.96		  41904811		223.00
6119	1503502978	3600		263.91		  40297722		225.50
2017-08-23 18:12:25 2017-08-23 17:42:58 0:05:00 2017-08-23 18:17:25
6119	1503505045	2067		263.85		  38270000		225.50
6120
6121
6122
6123
6120	1503506245	1200		262.70		  38270000		-999.00
6121	1503509845	3600		259.18		  38270000		-999.00
6122	1503513445	3600		259.18		  38270000		-999.00
6123	1503517045	3600		262.18		  38270000		-999.00
6124	1503520645	3600		259.18		  38270000		-999.00
6125	1503524245	3600		259.18		  38270000		-999.00
6126	1503527845	3600		262.69		  38270000		-999.00
6127	1503531445	3600		259.18		  38270000		-999.00
6128	1503535045	3600		259.18		  38270000		-999.00
6129	1503538645	3600		259.18		  38270000		-999.00
2017-08-23 18:17:25 2017-08-24 03:37:25 0:00:00 2017-08-24 04:22:13
6130	1503505045	-33600		259.70		  38270000		-999.00
6123	1503542533	1200		265.06		  79094912		239.50
2017-08-24 04:44:26 2017-08-24 04:42:13 0:05:00 2017-08-24 04:49:26
6123	1503542966	433		265.39		  89998431		239.50
6124
6125
6126
6127
6128
6129
6130
6131
6132
6133
6134
6135
6136
6124	1503544166	1200		262.69		  89998431		-999.00
6125	1503547766	3600		262.69		  89998431		-999.00
6126	1503551366	3600		262.69		  89998431		-999.00
6127	1503554966	3600		262.69		  89998431		-999.00
6128	1503558566	3600		262.69		  89998431		-999.00
6129	1503562166	3600		262.69		  89998431		-999.00
6130	1503565766	3600		259.69		  89998431		-999.00
6131	1503569366	3600		259.18		  89998431		-999.00
6132	1503572966	3600		259.18		  89998431		-999.00
6133	1503576566	3600		259.44		  89998431		-999.00
6134	1503580166	3600		259.18		  89998431		-999.00
6135	1503583766	3600		262.18		  89998431		-999.00
6136	1503587366	3600		262.18		  89998431		-999.00
6137	1503590966	3600		262.18		  89998431		-999.00
6138	1503594566	3600		262.69		  89998431		-999.00
6139	1503598166	3600		262.69		  89998431		-999.00
6140	1503601766	3600		262.69		  89998431		-999.00
6141	1503605366	3600		262.69		  89998431		-999.00
6142	1503608966	3600		262.69		  89998431		-999.00
6143	1503612566	3600		262.69		  89998431		-999.00
6144	1503616166	3600		262.69		  89998431		-999.00
6145	1503619766	3600		262.69		  89998431		-999.00
6146	1503623366	3600		262.69		  89998431		-999.00
6147	1503626966	3600		262.69		  89998431		-999.00
6148	1503630566	3600		262.69		  89998431		-999.00
6149	1503634166	3600		262.69		  89998431		-999.00
6150	1503637766	3600		262.18		  89998431		-999.00
6151	1503641366	3600		262.18		  89998431		-999.00
6152	1503644966	3600		262.18		  89998431		-999.00
6153	1503648566	3600		262.18		  89998431		-999.00
6154	1503652166	3600		262.18		  89998431		-999.00
6155	1503655766	3600		262.18		  89998431		-999.00
6156	1503659366	3600		262.18		  89998431		-999.00
6157	1503662966	3600		262.18		  89998431		-999.00
6158	1503666566	3600		262.18		  89998431		-999.00
6159	1503670166	3600		262.18		  89998431		-999.00
6160	1503673766	3600		262.18		  89998431		-999.00
6161	1503677366	3600		262.18		  89998431		-999.00
6162	1503680966	3600		262.18		  89998431		-999.00
6163	1503684566	3600		262.18		  89998431		-999.00
6164	1503688166	3600		262.18		  89998431		-999.00
6165	1503691766	3600		262.18		  89998431		-999.00
6166	1503695366	3600		262.69		  89998431		-999.00
6167	1503698966	3600		259.18		  89998431		-999.00
6168	1503702566	3600		259.18		  89998431		-999.00
6169	1503706166	3600		259.18		  89998431		-999.00
6170	1503709766	3600		259.69		  89998431		-999.00
6171	1503713366	3600		259.44		  89998431		-999.00
6172	1503716966	3600		259.18		  89998431		-999.00
6173	1503720566	3600		259.18		  89998431		-999.00
6174	1503724166	3600		259.18		  89998431		-999.00
6175	1503727766	3600		259.18		  89998431		-999.00
6176	1503731366	3600		259.18		  89998431		-999.00
6177	1503734966	3600		259.18		  89998431		-999.00
6178	1503738566	3600		259.18		  89998431		-999.00
6179	1503742166	3600		259.18		  89998431		-999.00
6180	1503745766	3600		259.69		  89998431		-999.00
2017-08-24 04:49:26 2017-08-26 13:09:26 0:00:00 2017-08-26 13:55:44
6181	1503542966	-202800		259.69		  89998431		-999.00
6136	1503749744	1200		263.70		  33558138		231.50
6136	1503753344	3600		263.74		  35026156		218.00
6136	1503756944	3600		263.67		  32551147		218.00
6136	1503760544	3600		263.62		  30902060		218.00
6136	1503764144	3600		263.55		  28805918		218.00
2017-08-26 19:01:21 2017-08-26 18:15:44 0:05:00 2017-08-26 19:06:21
6136	1503767181	3037		263.51		  27432950		218.00
6137
6138
6137	1503768381	1200		262.69		  27432950		-999.00
6138	1503771981	3600		262.69		  27432950		-999.00
6139	1503775581	3600		262.69		  27432950		-999.00
6140	1503779181	3600		262.18		  27432950		-999.00
6141	1503782781	3600		262.18		  27432950		-999.00
6142	1503786381	3600		262.18		  27432950		-999.00
6143	1503789981	3600		262.18		  27432950		-999.00
6144	1503793581	3600		262.18		  27432950		-999.00
6145	1503797181	3600		262.69		  27432950		-999.00
6146	1503800781	3600		262.69		  27432950		-999.00
6147	1503804381	3600		262.69		  27432950		-999.00
6148	1503807981	3600		262.69		  27432950		-999.00
6149	1503811581	3600		262.69		  27432950		-999.00
6150	1503815181	3600		259.18		  27432950		-999.00
6151	1503818781	3600		259.18		  27432950		-999.00
2017-08-26 19:06:21 2017-08-27 09:26:21 0:00:00 2017-08-27 09:30:54
6152	1503767181	-51600		259.69		  27432950		-999.00
6138	1503820254	1200		263.88		  39789133		224.50
6138	1503823854	3600		263.96		  42419973		222.00
6138	1503827454	3600		263.86		  39066801		222.00
6138	1503831054	3600		263.80		  36911892		222.00
2017-08-27 12:56:06 2017-08-27 12:50:54 0:05:00 2017-08-27 13:01:06
6138	1503831666	612		263.79		  36642929		222.00
6139
6140
6139	1503832866	1200		262.69		  36642929		-999.00
6140	1503836466	3600		259.18		  36642929		-999.00
6141	1503840066	3600		259.69		  36642929		-999.00
6142	1503843666	3600		262.70		  36642929		-999.00
6143	1503847266	3600		259.18		  36642929		-999.00
6144	1503850866	3600		259.18		  36642929		-999.00
2017-08-27 13:01:06 2017-08-27 18:21:06 0:00:00 2017-08-27 18:22:15
6145	1503831666	-19200		259.69		  36642929		-999.00
6140	1503852135	1200		264.33		  54700231		229.50
6140	1503855735	3600		264.39		  56558541		229.50
6140	1503859335	3600		264.28		  52841962		227.00
6140	1503862935	3600		264.17		  49338410		227.00
6140	1503866535	3600		264.06		  45529253		227.00
6140	1503870135	3600		263.98		  42859926		227.00
6140	1503873735	3600		263.89		  40150553		227.00
6140	1503877335	3600		263.81		  37330141		224.50
6140	1503880935	3600		263.75		  35295015		224.50
6140	1503884535	3600		263.71		  33926963		224.50
6140	1503888135	3600		263.64		  31678110		224.50
6140	1503891735	3600		263.59		  30151239		224.50
6140	1503895335	3600		263.54		  28448930		224.50
6140	1503898935	3600		263.50		  27134614		222.00
2017-08-28 07:47:01 2017-08-28 07:42:15 0:05:00 2017-08-28 07:52:01
6140	1503899521	586		259.69		  25989047		  8.00
6141
6141	1503900721	1200		259.69		  25989047		-999.00
6142	1503904321	3600		259.18		  25989047		-999.00
6143	1503907921	3600		259.18		  25989047		-999.00
2017-08-28 07:52:01 2017-08-28 10:12:01 0:00:00 2017-08-28 10:21:38
6144	1503899521	-8400		259.69		  25989047		-999.00
6141	1503909698	1200		264.23		  51191543		230.50
2017-08-28 11:23:22 2017-08-28 10:41:38 0:05:00 2017-08-28 11:28:22
6141	1503912502	2804		264.30		  53519683		233.00
6142
6142	1503913702	1200		262.69		  53519683		-999.00
6143	1503917302	3600		259.69		  53519683		-999.00
6144	1503920902	3600		259.18		  53519683		-999.00
2017-08-28 11:28:22 2017-08-28 13:48:22 0:00:00 2017-08-28 14:12:03
6145	1503912502	-8400		259.69		  53519683		-999.00
6142	1503923523	1200		264.30		  53541233		235.00
6142	1503927123	3600		264.36		  55700409		232.50
6142	1503930723	3600		264.23		  51324379		232.00
6142	1503934323	3600		264.14		  48465326		232.00
6142	1503937923	3600		264.04		  44945491		229.00
6142	1503941523	3600		263.98		  42993083		231.50
6142	1503945123	3600		263.88		  39553222		229.00
6142	1503948723	3600		263.81		  37187975		229.00
6142	1503952323	3600		263.74		  35099150		229.00
6142	1503955923	3600		263.69		  33187659		229.00
6142	1503959523	3600		263.63		  31224492		229.00
6142	1503963123	3600		263.58		  29588592		229.00
6142	1503966723	3600		263.52		  27778497		226.50
6142	1503970323	3600		263.49		  26524210		226.50
2017-08-29 04:18:52 2017-08-29 03:32:03 0:05:00 2017-08-29 04:23:52
6142	1503973432	3109		263.41		  24022116		226.50
6143
6143	1503974632	1200		259.18		  24022116		-999.00
6144	1503978232	3600		259.18		  24022116		-999.00
6145	1503981832	3600		259.18		  24022116		-999.00
2017-08-29 04:23:52 2017-08-29 06:43:52 0:00:00 2017-08-29 06:54:00
6146	1503973432	-8400		259.69		  24022116		-999.00
6143	1503983640	1200		264.24		  51662983		239.00
6143	1503987240	3600		264.30		  53754723		236.50
6143	1503990840	3600		264.17		  49463637		236.50
6143	1503994440	3600		264.12		  47760905		236.50
6143	1503998040	3600		264.01		  43888236		236.50
6143	1504001640	3600		263.95		  42078709		234.00
6143	1504005240	3600		263.87		  39320385		234.00
6143	1504008840	3600		263.80		  36899277		234.00
6143	1504012440	3600		263.74		  34917360		234.00
6143	1504016040	3600		263.69		  33365142		234.00
6143	1504019640	3600		263.64		  31570943		231.50
6143	1504023240	3600		263.58		  29827885		231.50
6143	1504026840	3600		263.54		  28418641		231.50
6143	1504030440	3600		263.47		  25869471		228.00
2017-08-29 20:35:55 2017-08-29 20:14:00 0:05:00 2017-08-29 20:40:55
6143	1504032055	1615		259.69		  25731922		  8.00
6144
6145
6146
6144	1504033255	1200		259.18		  25731922		-999.00
6145	1504036855	3600		259.18		  25731922		-999.00
6146	1504040455	3600		259.18		  25731922		-999.00
6147	1504044055	3600		259.17		  25731922		-999.00
6148	1504047655	3600		259.18		  25731922		-999.00
6149	1504051255	3600		259.69		  25731922		-999.00
6150	1504054855	3600		259.18		  25731922		-999.00
2017-08-29 20:40:55 2017-08-30 03:00:55 0:00:00 2017-08-30 03:39:51
6151	1504032055	-22800		259.69		  25731922		-999.00
6146	1504058391	1200		264.20		  50474767		241.00
2017-08-30 04:01:34 2017-08-30 03:59:51 0:00:00 2017-08-30 04:01:34
6146	1504058494	103		264.32		  54319717		241.00
6147
6147	1504059694	1200		262.69		  54319717		-999.00
6148	1504063294	3600		259.18		  54319717		-999.00
6149	1504066894	3600		259.18		  54319717		-999.00
2017-08-30 04:01:34 2017-08-30 06:21:34 0:00:00 2017-08-30 06:47:43
6150	1504058494	-8400		259.69		  54319717		-999.00
6147	1504069663	1200		264.25		  51934361		232.50
6147	1504073263	3600		264.37		  55855822		232.00
6147	1504076863	3600		264.23		  51388506		241.50
6147	1504080463	3600		264.14		  48306400		239.00
6147	1504084063	3600		264.05		  45291797		239.00
6147	1504087663	3600		263.97		  42779328		239.00
6147	1504091263	3600		263.89		  40162811		236.50
6147	1504094863	3600		263.84		  38220860		236.50
6147	1504098463	3600		263.77		  35923840		236.50
6147	1504102063	3600		263.71		  34025836		236.50
6147	1504105663	3600		263.64		  31659334		236.50
6147	1504109263	3600		263.59		  30083218		236.50
6147	1504112863	3600		263.54		  28407628		236.50
6147	1504116463	3600		263.50		  27029606		234.00
6147	1504120063	3600		259.69		  24623844		  8.50
2017-08-30 21:13:14 2017-08-30 21:07:43 0:05:00 2017-08-30 21:18:14
6147	1504120694	631		259.69		  26214022		  8.50
6148
6149
6150
