5685
5686
5687
5688
5689
5690
5691
5692
5693
5694
5695
5696
5697
5698
5698	1495543942	1200		267.64		    123104		  7.00
5698	1495547542	3600		267.64		    125682		  7.00
5698	1495551142	3600		267.64		    113856		  7.00
5698	1495554742	3600		267.64		    102658		  7.00
5698	1495558342	3600		267.64		     87560		  7.00
5698	1495561942	3600		267.63		     55183		  7.00
5698	1495565542	3600		267.63		     51616		  7.00
5698	1495569142	3600		267.63		     50251		  7.00
5698	1495572742	3600		267.63		     49453		  7.00
2017-05-23 23:07:14 2017-05-23 22:52:22 0:05:00 2017-05-23 23:12:14
5698	1495573934	1192		262.48		     41998		  1.00
5699
5699	1495575134	1200		261.96		     41998		-999.00
5700	1495578734	3600		267.25		     41998		-999.00
2017-05-23 23:12:14 2017-05-24 00:32:14 0:00:00 2017-05-24 01:04:39
5701	1495573934	-4800		262.48		     41998		-999.00
5699	1495581879	1200		267.77		     74228		  7.00
5699	1495585479	3600		267.60		     78825		  7.00
5699	1495589079	3600		267.60		     73517		  7.00
5699	1495592679	3600		267.60		     69524		  7.00
2017-05-24 05:00:30 2017-05-24 04:24:39 0:05:00 2017-05-24 05:05:30
5699	1495595130	2451		267.60		     65711		  7.00
5700
5701
5702
5703
5704
5700	1495596330	1200		267.60		     65711		-999.00
5701	1495599930	3600		261.77		     65711		-999.00
5702	1495603530	3600		261.77		     65711		-999.00
5703	1495607130	3600		261.60		     65711		-999.00
5704	1495610730	3600		261.60		     65711		-999.00
5705	1495614330	3600		267.23		     65711		-999.00
5706	1495617930	3600		268.47		     65711		-999.00
5707	1495621530	3600		268.13		     65711		-999.00
5708	1495625130	3600		268.13		     65711		-999.00
5709	1495628730	3600		268.30		     65711		-999.00
5710	1495632330	3600		268.13		     65711		-999.00
5711	1495635930	3600		268.13		     65711		-999.00
5712	1495639530	3600		268.47		     65711		-999.00
5713	1495643130	3600		268.47		     65711		-999.00
5714	1495646730	3600		267.81		     65711		-999.00
5715	1495650330	3600		267.81		     65711		-999.00
5716	1495653930	3600		267.81		     65711		-999.00
5717	1495657530	3600		267.81		     65711		-999.00
5718	1495661130	3600		267.81		     65711		-999.00
5719	1495664730	3600		267.64		     65711		-999.00
2017-05-24 05:05:30 2017-05-25 00:25:30 0:00:00 2017-05-25 01:09:22
5720	1495595130	-69600		267.60		     65711		-999.00
5704	1495668562	1200		267.50		    304134		  7.50
5704	1495672162	3600		267.50		    319485		  7.50
5704	1495675762	3600		267.50		    297968		  7.50
5704	1495679362	3600		267.50		    279229		  7.50
5704	1495682962	3600		267.50		    265388		  7.50
5704	1495686562	3600		267.50		    250588		  7.50
5704	1495690162	3600		267.50		    237378		  7.50
5704	1495693762	3600		267.50		    226889		  7.50
2017-05-25 08:30:11 2017-05-25 08:29:22 0:02:00 2017-05-25 08:32:11
5704	1495693931	169		267.50		    207217		  7.50
5705
5706
5707
5708
5709
5710
5705	1495695131	1200		262.47		    207217		-999.00
5706	1495698731	3600		261.96		    207217		-999.00
5707	1495702331	3600		261.61		    207217		-999.00
5708	1495705931	3600		261.61		    207217		-999.00
5709	1495709531	3600		261.61		    207217		-999.00
5710	1495713131	3600		261.61		    207217		-999.00
5711	1495716731	3600		261.61		    207217		-999.00
5712	1495720331	3600		261.61		    207217		-999.00
5713	1495723931	3600		261.61		    207217		-999.00
5714	1495727531	3600		261.61		    207217		-999.00
5715	1495731131	3600		261.61		    207217		-999.00
5716	1495734731	3600		261.61		    207217		-999.00
5717	1495738331	3600		261.61		    207217		-999.00
5718	1495741931	3600		261.61		    207217		-999.00
5719	1495745531	3600		267.99		    207217		-999.00
5720	1495749131	3600		268.33		    207217		-999.00
5721	1495752731	3600		267.53		    207217		-999.00
2017-05-25 08:32:11 2017-05-26 00:52:11 0:00:00 2017-05-26 01:03:34
5722	1495693931	-58800		267.49		    207217		-999.00
5710	1495754614	1200		267.70		    231475		  7.00
5710	1495758214	3600		267.70		    239667		  7.00
5710	1495761814	3600		267.70		    227549		  7.00
5710	1495765414	3600		267.70		    216149		  7.00
5710	1495769014	3600		267.70		    203144		  7.00
5710	1495772614	3600		267.70		    194799		  7.00
2017-05-26 07:05:24 2017-05-26 06:23:34 0:05:00 2017-05-26 07:10:24
5710	1495775424	2810		262.57		    187114		  1.00
5711
5712
5713
5714
5715
5716
5717
5711	1495776624	1200		262.39		    187114		-999.00
5712	1495780224	3600		262.05		    187114		-999.00
5713	1495783824	3600		261.87		    187114		-999.00
5714	1495787424	3600		261.87		    187114		-999.00
5715	1495791024	3600		261.87		    187114		-999.00
5716	1495794624	3600		261.87		    187114		-999.00
5717	1495798224	3600		261.87		    187114		-999.00
5718	1495801824	3600		261.87		    187114		-999.00
5719	1495805424	3600		262.04		    187114		-999.00
5720	1495809024	3600		261.87		    187114		-999.00
5721	1495812624	3600		261.87		    187114		-999.00
5722	1495816224	3600		261.87		    187114		-999.00
5723	1495819824	3600		261.87		    187114		-999.00
5724	1495823424	3600		262.21		    187114		-999.00
5725	1495827024	3600		267.74		    187114		-999.00
5726	1495830624	3600		267.74		    187114		-999.00
5727	1495834224	3600		267.74		    187114		-999.00
5728	1495837824	3600		267.74		    187114		-999.00
5729	1495841424	3600		267.74		    187114		-999.00
5730	1495845024	3600		267.40		    187114		-999.00
5731	1495848624	3600		267.40		    187114		-999.00
5732	1495852224	3600		267.57		    187114		-999.00
2017-05-26 07:10:24 2017-05-27 04:30:24 0:00:00 2017-05-27 04:51:52
5733	1495775424	-76800		262.57		    187114		-999.00
5717	1495854712	1200		267.64		   2296569		  7.50
5717	1495858312	3600		267.64		   2175076		  7.50
5717	1495861912	3600		267.64		   2181279		  7.50
5717	1495865512	3600		267.64		   2154559		  7.50
5717	1495869112	3600		267.64		   2082371		  7.50
5717	1495872712	3600		267.63		   2021080		  7.50
5717	1495876312	3600		267.63		   1936878		  7.50
5717	1495879912	3600		267.63		   1880684		  7.50
5717	1495883512	3600		267.63		   1850549		  7.50
5717	1495887112	3600		267.63		   1783522		  7.50
2017-05-27 14:18:52 2017-05-27 14:11:52 0:05:00 2017-05-27 14:23:52
5717	1495887832	720		267.63		   1734766		  7.50
5718
5718	1495889032	1200		267.57		   1734766		-999.00
5719	1495892632	3600		267.57		   1734766		-999.00
5720	1495896232	3600		267.23		   1734766		-999.00
5721	1495899832	3600		267.23		   1734766		-999.00
2017-05-27 14:23:52 2017-05-27 17:43:52 0:00:00 2017-05-27 17:56:16
5722	1495887832	-12000		267.57		   1734766		-999.00
5718	1495901776	1200		267.64		   2103078		  7.50
5718	1495905376	3600		267.63		   2005081		  7.50
5718	1495908976	3600		267.62		   1641736		  7.50
5718	1495912576	3600		267.63		   1948079		  7.50
5718	1495916176	3600		267.63		   1887983		  7.50
5718	1495919776	3600		267.63		   1830071		  7.50
5718	1495923376	3600		267.63		   1785853		  7.50
5718	1495926976	3600		267.62		   1721858		  7.50
2017-05-28 02:08:37 2017-05-28 01:16:16 0:05:00 2017-05-28 02:13:37
5718	1495930417	3441		267.62		   1612969		  7.50
5719
5719	1495931617	1200		267.57		   1612969		-999.00
5720	1495935217	3600		267.57		   1612969		-999.00
5721	1495938817	3600		267.57		   1612969		-999.00
5722	1495942417	3600		267.23		   1612969		-999.00
5723	1495946017	3600		267.57		   1612969		-999.00
2017-05-28 02:13:37 2017-05-28 06:33:37 0:00:00 2017-05-28 06:54:50
5724	1495930417	-15600		267.57		   1612969		-999.00
5719	1495948490	1200		267.62		   1712292		  7.50
5719	1495952090	3600		267.64		   2075776		  7.50
5719	1495955690	3600		267.63		   2009340		  7.50
5719	1495959290	3600		267.63		   1956566		  7.50
2017-05-28 11:05:46 2017-05-28 10:14:50 0:05:00 2017-05-28 11:10:46
5719	1495962646	3356		267.63		   1881870		  7.50
5720
5721
5722
5720	1495963846	1200		267.23		   1881870		-999.00
5721	1495967446	3600		267.23		   1881870		-999.00
5722	1495971046	3600		267.40		   1881870		-999.00
5723	1495974646	3600		267.23		   1881870		-999.00
5724	1495978246	3600		267.57		   1881870		-999.00
5725	1495981846	3600		267.57		   1881870		-999.00
5726	1495985446	3600		267.57		   1881870		-999.00
5727	1495989046	3600		267.57		   1881870		-999.00
5728	1495992646	3600		267.57		   1881870		-999.00
2017-05-28 11:10:46 2017-05-28 19:30:46 0:00:00 2017-05-28 20:24:52
5729	1495962646	-30000		267.57		   1881870		-999.00
5722	1495997092	1200		267.91		  11109358		  7.50
5722	1496000692	3600		267.93		  11877814		  7.50
5722	1496004292	3600		267.92		  11493065		 10.00
5722	1496007892	3600		267.91		  11323981		 10.00
5722	1496011492	3600		267.90		  10951052		 10.00
5722	1496015092	3600		267.89		  10525650		 10.00
5722	1496018692	3600		267.88		  10226382		 10.00
5722	1496022292	3600		267.87		   9874725		 10.00
5722	1496025892	3600		267.86		   9661820		 10.00
5722	1496029492	3600		267.85		   9335885		 10.00
5722	1496033092	3600		267.85		   9135266		 10.00
2017-05-29 07:13:05 2017-05-29 06:44:52 0:05:00 2017-05-29 07:18:05
5722	1496035085	1993		267.84		   8960957		 10.00
5723
5724
5725
5726
5727
5728
5729
5730
5723	1496036285	1200		262.32		   8960957		-999.00
5724	1496039885	3600		261.97		   8960957		-999.00
5725	1496043485	3600		261.63		   8960957		-999.00
5726	1496047085	3600		261.63		   8960957		-999.00
5727	1496050685	3600		261.63		   8960957		-999.00
5728	1496054285	3600		261.63		   8960957		-999.00
5729	1496057885	3600		267.54		   8960957		-999.00
5730	1496061485	3600		267.68		   8960957		-999.00
5731	1496065085	3600		267.65		   8960957		-999.00
5732	1496068685	3600		267.26		   8960957		-999.00
5733	1496072285	3600		267.60		   8960957		-999.00
5734	1496075885	3600		261.85		   8960957		-999.00
5735	1496079485	3600		261.51		   8960957		-999.00
5736	1496083085	3600		261.51		   8960957		-999.00
5737	1496086685	3600		261.51		   8960957		-999.00
5738	1496090285	3600		261.51		   8960957		-999.00
5739	1496093885	3600		261.51		   8960957		-999.00
5740	1496097485	3600		261.51		   8960957		-999.00
5741	1496101085	3600		261.51		   8960957		-999.00
5742	1496104685	3600		261.51		   8960957		-999.00
5743	1496108285	3600		261.85		   8960957		-999.00
5744	1496111885	3600		261.85		   8960957		-999.00
5745	1496115485	3600		261.85		   8960957		-999.00
5746	1496119085	3600		265.51		   8960957		-999.00
5747	1496122685	3600		261.95		   8960957		-999.00
5748	1496126285	3600		267.21		   8960957		-999.00
2017-05-29 07:18:05 2017-05-30 08:38:05 0:00:00 2017-05-30 08:43:11
5749	1496035085	-91200		267.57		   8960957		-999.00
5730	1496127791	1200		267.91		  11960286		  9.50
5730	1496131391	3600		267.93		  12671134		 11.00
5730	1496134991	3600		267.91		  11865779		 10.50
5730	1496138591	3600		267.89		  11203532		 10.50
5730	1496142191	3600		267.87		  10654528		 11.00
5730	1496145791	3600		267.85		  10027123		 11.00
5730	1496149391	3600		267.84		   9521048		 11.50
5730	1496152991	3600		267.77		   7199887		 11.00
5730	1496156591	3600		267.81		   8657414		 11.00
5730	1496160191	3600		267.72		   5586896		 10.50
5730	1496163791	3600		267.79		   8051828		 11.50
5730	1496167391	3600		267.78		   7679350		 11.50
5730	1496170991	3600		267.77		   7301379		 11.00
5730	1496174591	3600		267.76		   7149710		 11.00
5730	1496178191	3600		267.75		   6776528		 11.00
5730	1496181791	3600		267.75		   6559129		 11.00
2017-05-31 00:19:19 2017-05-31 00:03:11 0:05:00 2017-05-31 00:24:19
5730	1496183059	1268		267.75		   6508539		 11.00
5731
5732
5733
5734
5735
5736
5737
5731	1496184259	1200		267.55		   6508539		-999.00
5732	1496187859	3600		267.55		   6508539		-999.00
5733	1496191459	3600		267.55		   6508539		-999.00
5734	1496195059	3600		267.55		   6508539		-999.00
5735	1496198659	3600		267.55		   6508539		-999.00
5736	1496202259	3600		267.55		   6508539		-999.00
5737	1496205859	3600		267.55		   6508539		-999.00
5738	1496209459	3600		267.55		   6508539		-999.00
5739	1496213059	3600		267.55		   6508539		-999.00
5740	1496216659	3600		267.55		   6508539		-999.00
5741	1496220259	3600		267.55		   6508539		-999.00
5742	1496223859	3600		267.55		   6508539		-999.00
5743	1496227459	3600		267.56		   6508539		-999.00
5744	1496231059	3600		267.56		   6508539		-999.00
5745	1496234659	3600		267.56		   6508539		-999.00
5746	1496238259	3600		267.56		   6508539		-999.00
5747	1496241859	3600		267.56		   6508539		-999.00
5748	1496245459	3600		267.56		   6508539		-999.00
5749	1496249059	3600		267.56		   6508539		-999.00
5750	1496252659	3600		267.56		   6508539		-999.00
5751	1496256259	3600		267.56		   6508539		-999.00
5752	1496259859	3600		267.56		   6508539		-999.00
5753	1496263459	3600		267.56		   6508539		-999.00
5754	1496267059	3600		267.52		   6508539		-999.00
5755	1496270659	3600		267.52		   6508539		-999.00
5756	1496274259	3600		267.52		   6508539		-999.00
5757	1496277859	3600		267.52		   6508539		-999.00
5758	1496281459	3600		267.52		   6508539		-999.00
5759	1496285059	3600		267.52		   6508539		-999.00
5760	1496288659	3600		267.52		   6508539		-999.00
5761	1496292259	3600		267.52		   6508539		-999.00
5762	1496295859	3600		267.52		   6508539		-999.00
5763	1496299459	3600		267.52		   6508539		-999.00
5764	1496303059	3600		267.52		   6508539		-999.00
5765	1496306659	3600		267.52		   6508539		-999.00
5766	1496310259	3600		267.52		   6508539		-999.00
5767	1496313859	3600		267.52		   6508539		-999.00
5768	1496317459	3600		267.52		   6508539		-999.00
5769	1496321059	3600		267.52		   6508539		-999.00
5770	1496324659	3600		267.52		   6508539		-999.00
5771	1496328259	3600		261.93		   6508539		-999.00
5772	1496331859	3600		261.59		   6508539		-999.00
5773	1496335459	3600		261.59		   6508539		-999.00
5774	1496339059	3600		261.59		   6508539		-999.00
5775	1496342659	3600		261.59		   6508539		-999.00
5776	1496346259	3600		261.59		   6508539		-999.00
5777	1496349859	3600		261.59		   6508539		-999.00
5778	1496353459	3600		261.59		   6508539		-999.00
5779	1496357059	3600		261.59		   6508539		-999.00
5780	1496360659	3600		261.59		   6508539		-999.00
5781	1496364259	3600		261.59		   6508539		-999.00
5782	1496367859	3600		261.76		   6508539		-999.00
5783	1496371459	3600		261.76		   6508539		-999.00
5784	1496375059	3600		261.76		   6508539		-999.00
5785	1496378659	3600		267.56		   6508539		-999.00
5786	1496382259	3600		268.60		   6508539		-999.00
5787	1496385859	3600		261.68		   6508539		-999.00
5788	1496389459	3600		267.12		   6508539		-999.00
5789	1496393059	3600		267.63		   6508539		-999.00
5790	1496396659	3600		267.63		   6508539		-999.00
5791	1496400259	3600		267.63		   6508539		-999.00
5792	1496403859	3600		267.46		   6508539		-999.00
5793	1496407459	3600		267.63		   6508539		-999.00
5794	1496411059	3600		262.75		   6508539		-999.00
5795	1496414659	3600		261.70		   6508539		-999.00
5796	1496418259	3600		261.70		   6508539		-999.00
5797	1496421859	3600		261.70		   6508539		-999.00
5798	1496425459	3600		261.70		   6508539		-999.00
5799	1496429059	3600		261.70		   6508539		-999.00
5800	1496432659	3600		261.70		   6508539		-999.00
5801	1496436259	3600		261.70		   6508539		-999.00
5802	1496439859	3600		261.70		   6508539		-999.00
5803	1496443459	3600		261.70		   6508539		-999.00
5804	1496447059	3600		261.87		   6508539		-999.00
5805	1496450659	3600		261.87		   6508539		-999.00
5806	1496454259	3600		267.49		   6508539		-999.00
5807	1496457859	3600		267.49		   6508539		-999.00
2017-05-31 00:24:19 2017-06-03 04:44:19 0:00:00 2017-06-03 05:01:01
5808	1496183059	-274800		267.55		   6508539		-999.00
5737	1496460061	1200		267.86		  12506579		 12.00
5737	1496463661	3600		267.86		   6704360		 12.00
5737	1496467261	3600		267.83		    227364		 12.00
5737	1496470861	3600		267.83		    226697		 12.00
5737	1496474461	3600		267.83		    222887		 12.00
5737	1496478061	3600		267.83		    224237		 12.00
5737	1496481661	3600		262.45		    235846		  2.50
5737	1496485261	3600		261.60		    269780		  2.50
2017-06-03 12:46:50 2017-06-03 12:21:01 0:05:00 2017-06-03 12:51:50
5737	1496487110	1849		261.60		    293620		  2.50
5738
5739
5740
5741
5742
5743
5744
5745
5746
5738	1496488310	1200		261.59		    293620		-999.00
5739	1496491910	3600		261.59		    293620		-999.00
5740	1496495510	3600		261.59		    293620		-999.00
5741	1496499110	3600		261.59		    293620		-999.00
5742	1496502710	3600		261.59		    293620		-999.00
5743	1496506310	3600		261.59		    293620		-999.00
5744	1496509910	3600		261.59		    293620		-999.00
5745	1496513510	3600		261.59		    293620		-999.00
5746	1496517110	3600		261.59		    293620		-999.00
5747	1496520710	3600		261.59		    293620		-999.00
5748	1496524310	3600		261.59		    293620		-999.00
5749	1496527910	3600		261.59		    293620		-999.00
5750	1496531510	3600		267.06		    293620		-999.00
5751	1496535110	3600		268.46		    293620		-999.00
5752	1496538710	3600		267.88		    293620		-999.00
5753	1496542310	3600		267.37		    293620		-999.00
5754	1496545910	3600		267.37		    293620		-999.00
5755	1496549510	3600		267.37		    293620		-999.00
5756	1496553110	3600		267.37		    293620		-999.00
5757	1496556710	3600		267.37		    293620		-999.00
5758	1496560310	3600		267.37		    293620		-999.00
5759	1496563910	3600		267.37		    293620		-999.00
5760	1496567510	3600		267.37		    293620		-999.00
5761	1496571110	3600		267.37		    293620		-999.00
5762	1496574710	3600		267.37		    293620		-999.00
5763	1496578310	3600		267.37		    293620		-999.00
5764	1496581910	3600		267.37		    293620		-999.00
5765	1496585510	3600		267.37		    293620		-999.00
5766	1496589110	3600		267.38		    293620		-999.00
5767	1496592710	3600		267.38		    293620		-999.00
5768	1496596310	3600		267.38		    293620		-999.00
5769	1496599910	3600		267.55		    293620		-999.00
5770	1496603510	3600		267.38		    293620		-999.00
5771	1496607110	3600		267.21		    293620		-999.00
5772	1496610710	3600		267.55		    293620		-999.00
2017-06-03 12:51:50 2017-06-04 23:11:50 0:00:00 2017-06-04 23:48:58
5773	1496487110	-123600		261.59		    293620		-999.00
5746	1496614138	1200		268.37		  21549863		 13.50
5746	1496617738	3600		268.31		  19711576		 13.50
5746	1496621338	3600		268.23		  16928553		 13.50
5746	1496624938	3600		268.33		  20176437		 13.50
5746	1496628538	3600		268.28		  18816559		 13.50
5746	1496632138	3600		268.26		  17932228		 13.50
5746	1496635738	3600		268.24		  17243151		 13.50
5746	1496639338	3600		268.20		  16128469		 13.50
5746	1496642938	3600		268.18		  15357891		 13.50
5746	1496646538	3600		268.16		  14780096		 13.50
5746	1496650138	3600		268.12		  13405597		 13.50
2017-06-05 10:24:13 2017-06-05 10:08:58 0:05:00 2017-06-05 10:29:13
5746	1496651353	1215		268.13		  13700250		 13.50
5747
5748
5749
5747	1496652553	1200		267.38		  13700250		-999.00
5748	1496656153	3600		267.55		  13700250		-999.00
5749	1496659753	3600		267.55		  13700250		-999.00
5750	1496663353	3600		267.55		  13700250		-999.00
5751	1496666953	3600		267.38		  13700250		-999.00
5752	1496670553	3600		267.38		  13700250		-999.00
5753	1496674153	3600		267.55		  13700250		-999.00
5754	1496677753	3600		267.21		  13700250		-999.00
5755	1496681353	3600		267.55		  13700250		-999.00
5756	1496684953	3600		267.55		  13700250		-999.00
5757	1496688553	3600		267.55		  13700250		-999.00
2017-06-05 10:29:13 2017-06-05 20:49:13 0:00:00 2017-06-05 21:11:59
5758	1496651353	-37200		267.72		  13700250		-999.00
Warning: Fill duration (16.566666666666666 min.) smaller than fill time delay, no data collected during fill 5749
5750
5759	1496692113	1200		267.72		  13700250		-999.00
5760	1496695713	3600		267.55		  13700250		-999.00
5761	1496699313	3600		267.55		  13700250		-999.00
5762	1496702913	3600		267.55		  13700250		-999.00
2017-06-05 21:28:33 2017-06-06 00:48:33 0:00:00 2017-06-06 00:56:23
5763	1496690913	-12000		267.72		  13700250		-999.00
5750	1496704583	1200		268.30		  19248927		 15.00
5750	1496708183	3600		268.34		  20680666		 15.00
5750	1496711783	3600		268.30		  19396061		 15.00
5750	1496715383	3600		268.27		  18455646		 15.00
5750	1496718983	3600		268.25		  17688895		 15.00
5750	1496722583	3600		268.22		  16748229		 15.00
2017-06-06 06:35:41 2017-06-06 06:16:23 0:05:00 2017-06-06 06:40:41
5750	1496724041	1458		268.21		  16431729		 15.00
