5965
5965	1500443005	1200		269.31		 105026211		142.00
5965	1500446605	3600		269.29		 104547214		147.00
2017-07-19 09:21:45 2017-07-19 08:43:25 0:05:00 2017-07-19 09:26:45
5965	1500449205	2600		269.44		 100801040		147.00
5966
5966	1500450405	1200		266.42		 100801040		-999.00
5967	1500454005	3600		262.16		 100801040		-999.00
5968	1500457605	3600		262.04		 100801040		-999.00
2017-07-19 09:26:45 2017-07-19 11:46:45 0:00:00 2017-07-19 12:02:26
5969	1500449205	-8400		262.42		 100801040		-999.00
5966	1500459746	1200		269.28		 107867776		145.00
2017-07-19 12:23:17 2017-07-19 12:22:26 0:00:00 2017-07-19 12:23:17
5966	1500459797	51		268.46		  80584552		147.50
5967
5968
5969
5970
5971
5967	1500460997	1200		266.04		  80584552		-999.00
5968	1500464597	3600		262.16		  80584552		-999.00
5969	1500468197	3600		262.19		  80584552		-999.00
5970	1500471797	3600		262.22		  80584552		-999.00
5971	1500475397	3600		262.22		  80584552		-999.00
5972	1500478997	3600		262.24		  80584552		-999.00
5973	1500482597	3600		262.24		  80584552		-999.00
5974	1500486197	3600		262.21		  80584552		-999.00
5975	1500489797	3600		262.06		  80584552		-999.00
5976	1500493397	3600		262.06		  80584552		-999.00
5977	1500496997	3600		262.06		  80584552		-999.00
5978	1500500597	3600		262.06		  80584552		-999.00
2017-07-19 12:23:17 2017-07-19 23:43:17 0:00:00 2017-07-19 23:52:05
5979	1500459797	-40800		262.04		  80584552		-999.00
5971	1500502325	1200		269.73		 112626270		151.00
2017-07-20 00:35:42 2017-07-20 00:12:05 0:05:00 2017-07-20 00:40:42
5971	1500504042	1717		270.00		 121515030		151.00
5972
5973
5974
5972	1500505242	1200		266.35		 121515030		-999.00
5973	1500508842	3600		261.64		 121515030		-999.00
5974	1500512442	3600		262.16		 121515030		-999.00
5975	1500516042	3600		262.16		 121515030		-999.00
2017-07-20 00:40:42 2017-07-20 04:00:42 0:00:00 2017-07-20 04:36:06
5976	1500504042	-12000		262.35		 121515030		-999.00
5974	1500519366	1200		269.03		  95919217		147.50
2017-07-20 04:56:29 2017-07-20 04:56:06 0:00:00 2017-07-20 04:56:29
5974	1500519389	23		266.40		   8045389		147.50
5975
5976
5975	1500520589	1200		266.35		   8045389		-999.00
5976	1500524189	3600		266.35		   8045389		-999.00
5977	1500527789	3600		266.07		   8045389		-999.00
5978	1500531389	3600		266.30		   8045389		-999.00
5979	1500534989	3600		266.30		   8045389		-999.00
5980	1500538589	3600		262.30		   8045389		-999.00
5981	1500542189	3600		262.30		   8045389		-999.00
5982	1500545789	3600		262.23		   8045389		-999.00
2017-07-20 04:56:29 2017-07-20 12:16:29 0:00:00 2017-07-20 12:41:19
5983	1500519389	-26400		262.16		   8045389		-999.00
5976	1500548479	1200		269.48		 109295691		146.00
5976	1500552079	3600		269.27		 102091156		147.50
5976	1500555679	3600		269.30		  94894608		149.50
5976	1500559279	3600		269.25		  93186461		149.00
5976	1500562879	3600		269.10		  88174843		149.00
5976	1500566479	3600		268.99		  84395700		149.00
5976	1500570079	3600		268.81		  78478652		149.00
5976	1500573679	3600		268.66		  73445152		149.50
5976	1500577279	3600		268.47		  67325989		147.00
5976	1500580879	3600		268.41		  65088550		147.00
5976	1500584479	3600		268.25		  60012030		147.00
5976	1500588079	3600		268.15		  56678230		147.00
5976	1500591679	3600		268.04		  53033948		147.00
5976	1500595279	3600		267.97		  50646351		147.00
5976	1500598879	3600		267.86		  46892324		146.50
5976	1500602479	3600		267.79		  44427620		146.50
2017-07-21 04:01:44 2017-07-21 04:01:19 0:02:00 2017-07-21 04:03:44
5976	1500602624	145		268.89		  81162956		146.50
5977
5978
5979
5977	1500603824	1200		262.45		  81162956		-999.00
5978	1500607424	3600		266.45		  81162956		-999.00
5979	1500611024	3600		266.45		  81162956		-999.00
5980	1500614624	3600		266.45		  81162956		-999.00
5981	1500618224	3600		266.45		  81162956		-999.00
5982	1500621824	3600		266.45		  81162956		-999.00
5983	1500625424	3600		266.45		  81162956		-999.00
5984	1500629024	3600		262.45		  81162956		-999.00
5985	1500632624	3600		262.45		  81162956		-999.00
5986	1500636224	3600		262.45		  81162956		-999.00
5987	1500639824	3600		262.45		  81162956		-999.00
5988	1500643424	3600		262.45		  81162956		-999.00
5989	1500647024	3600		262.45		  81162956		-999.00
2017-07-21 04:03:44 2017-07-21 16:23:44 0:00:00 2017-07-21 17:03:39
5990	1500602624	-44400		262.45		  81162956		-999.00
5979	1500650619	1200		269.85		 113121517		156.00
5979	1500654219	3600		269.22		  92133025		150.00
5979	1500657819	3600		268.39		  64621341		157.00
5979	1500661419	3600		269.31		  95317767		157.00
5979	1500665019	3600		269.16		  90116023		157.00
5979	1500668619	3600		269.01		  85081962		157.00
5979	1500672219	3600		268.83		  79258949		157.00
5979	1500675819	3600		268.70		  74939864		157.00
5979	1500679419	3600		268.48		  67541983		157.00
5979	1500683019	3600		268.42		  65526660		157.00
5979	1500686619	3600		268.30		  61612742		157.00
5979	1500690219	3600		268.20		  58098127		157.00
5979	1500693819	3600		268.04		  53006623		157.00
5979	1500697419	3600		262.45		  50197327		 20.00
5979	1500701019	3600		262.45		  47498666		 20.00
5979	1500704619	3600		262.26		  44770920		 20.00
2017-07-22 08:24:55 2017-07-22 08:23:39 0:05:00 2017-07-22 08:29:55
5979	1500704995	376		262.26		  53496407		 20.00
5980
5980	1500706195	1200		262.26		  53496407		-999.00
5981	1500709795	3600		262.34		  53496407		-999.00
5982	1500713395	3600		262.34		  53496407		-999.00
2017-07-22 08:29:55 2017-07-22 10:49:55 0:00:00 2017-07-22 11:39:42
5983	1500704995	-8400		262.26		  53496407		-999.00
5980	1500717582	1200		267.88		  53866460		157.50
5980	1500721182	3600		267.96		  56597348		157.50
5980	1500724782	3600		267.87		  53776262		157.50
5980	1500728382	3600		267.84		  51280718		157.50
5980	1500731982	3600		267.73		  47620281		157.50
5980	1500735582	3600		267.63		  44348780		157.50
5980	1500739182	3600		267.39		  41317153		156.50
2017-07-22 18:13:21 2017-07-22 17:59:42 0:05:00 2017-07-22 18:18:21
5980	1500740301	1119		267.33		  39278002		154.00
5981
5982
5983
5984
5981	1500741501	1200		266.15		  39278002		-999.00
5982	1500745101	3600		262.06		  39278002		-999.00
5983	1500748701	3600		266.06		  39278002		-999.00
5984	1500752301	3600		266.37		  39278002		-999.00
5985	1500755901	3600		266.37		  39278002		-999.00
5986	1500759501	3600		266.37		  39278002		-999.00
5987	1500763101	3600		266.37		  39278002		-999.00
5988	1500766701	3600		266.37		  39278002		-999.00
5989	1500770301	3600		266.37		  39278002		-999.00
5990	1500773901	3600		266.37		  39278002		-999.00
5991	1500777501	3600		266.37		  39278002		-999.00
5992	1500781101	3600		266.36		  39278002		-999.00
5993	1500784701	3600		266.34		  39278002		-999.00
5994	1500788301	3600		266.10		  39278002		-999.00
5995	1500791901	3600		266.10		  39278002		-999.00
5996	1500795501	3600		266.10		  39278002		-999.00
5997	1500799101	3600		266.34		  39278002		-999.00
5998	1500802701	3600		266.34		  39278002		-999.00
5999	1500806301	3600		266.30		  39278002		-999.00
6000	1500809901	3600		266.30		  39278002		-999.00
6001	1500813501	3600		266.30		  39278002		-999.00
6002	1500817101	3600		266.30		  39278002		-999.00
6003	1500820701	3600		262.15		  39278002		-999.00
6004	1500824301	3600		262.15		  39278002		-999.00
6005	1500827901	3600		266.15		  39278002		-999.00
6006	1500831501	3600		266.15		  39278002		-999.00
6007	1500835101	3600		266.29		  39278002		-999.00
6008	1500838701	3600		266.29		  39278002		-999.00
6009	1500842301	3600		266.29		  39278002		-999.00
6010	1500845901	3600		262.29		  39278002		-999.00
6011	1500849501	3600		262.29		  39278002		-999.00
6012	1500853101	3600		262.17		  39278002		-999.00
2017-07-22 18:18:21 2017-07-24 01:38:21 0:00:00 2017-07-24 01:53:19
6013	1500740301	-112800		262.15		  39278002		-999.00
5984	1500855199	1200		269.48		 110432838		170.50
5984	1500858799	3600		270.12		 119875534		170.50
2017-07-24 04:03:42 2017-07-24 03:13:19 0:05:00 2017-07-24 04:08:42
5984	1500862122	3323		262.53		 111733250		 20.50
5985
5986
5987
5988
5989
5990
5991
5992
5993
5994
5995
5996
5997
5998
5999
6000
6001
6002
6003
6004
6005
6006
6007
6008
6009
6010
6011
6012
5985	1500863322	1200		262.13		 111733250		-999.00
5986	1500866922	3600		256.13		 111733250		-999.00
5987	1500870522	3600		255.76		 111733250		-999.00
5988	1500874122	3600		255.76		 111733250		-999.00
5989	1500877722	3600		255.76		 111733250		-999.00
5990	1500881322	3600		255.76		 111733250		-999.00
5991	1500884922	3600		255.76		 111733250		-999.00
5992	1500888522	3600		259.97		 111733250		-999.00
5993	1500892122	3600		259.97		 111733250		-999.00
5994	1500895722	3600		259.97		 111733250		-999.00
5995	1500899322	3600		259.97		 111733250		-999.00
5996	1500902922	3600		259.97		 111733250		-999.00
5997	1500906522	3600		259.77		 111733250		-999.00
5998	1500910122	3600		259.77		 111733250		-999.00
5999	1500913722	3600		259.84		 111733250		-999.00
6000	1500917322	3600		259.84		 111733250		-999.00
6001	1500920922	3600		259.84		 111733250		-999.00
6002	1500924522	3600		259.80		 111733250		-999.00
6003	1500928122	3600		259.80		 111733250		-999.00
6004	1500931722	3600		259.80		 111733250		-999.00
6005	1500935322	3600		259.80		 111733250		-999.00
6006	1500938922	3600		259.80		 111733250		-999.00
6007	1500942522	3600		259.79		 111733250		-999.00
6008	1500946122	3600		259.58		 111733250		-999.00
6009	1500949722	3600		259.58		 111733250		-999.00
6010	1500953322	3600		259.58		 111733250		-999.00
6011	1500956922	3600		259.58		 111733250		-999.00
6012	1500960522	3600		259.84		 111733250		-999.00
6013	1500964122	3600		259.84		 111733250		-999.00
6014	1500967722	3600		259.85		 111733250		-999.00
6015	1500971322	3600		259.85		 111733250		-999.00
6016	1500974922	3600		259.85		 111733250		-999.00
6017	1500978522	3600		259.98		 111733250		-999.00
6018	1500982122	3600		259.98		 111733250		-999.00
6019	1500985722	3600		259.98		 111733250		-999.00
6020	1500989322	3600		259.98		 111733250		-999.00
6021	1500992922	3600		259.98		 111733250		-999.00
6022	1500996522	3600		259.98		 111733250		-999.00
6023	1501000122	3600		259.98		 111733250		-999.00
6024	1501003722	3600		259.98		 111733250		-999.00
6025	1501007322	3600		259.98		 111733250		-999.00
6026	1501010922	3600		259.98		 111733250		-999.00
6027	1501014522	3600		259.98		 111733250		-999.00
6028	1501018122	3600		259.98		 111733250		-999.00
6029	1501021722	3600		259.98		 111733250		-999.00
6030	1501025322	3600		259.98		 111733250		-999.00
6031	1501028922	3600		259.98		 111733250		-999.00
6032	1501032522	3600		259.98		 111733250		-999.00
6033	1501036122	3600		259.98		 111733250		-999.00
6034	1501039722	3600		259.98		 111733250		-999.00
6035	1501043322	3600		259.98		 111733250		-999.00
6036	1501046922	3600		259.98		 111733250		-999.00
6037	1501050522	3600		255.98		 111733250		-999.00
6038	1501054122	3600		262.47		 111733250		-999.00
6039	1501057722	3600		262.42		 111733250		-999.00
6040	1501061322	3600		262.36		 111733250		-999.00
6041	1501064922	3600		262.38		 111733250		-999.00
6042	1501068522	3600		262.37		 111733250		-999.00
6043	1501072122	3600		262.07		 111733250		-999.00
6044	1501075722	3600		262.19		 111733250		-999.00
6045	1501079322	3600		262.13		 111733250		-999.00
6046	1501082922	3600		262.25		 111733250		-999.00
6047	1501086522	3600		261.75		 111733250		-999.00
6048	1501090122	3600		262.25		 111733250		-999.00
6049	1501093722	3600		262.28		 111733250		-999.00
6050	1501097322	3600		262.28		 111733250		-999.00
6051	1501100922	3600		262.28		 111733250		-999.00
6052	1501104522	3600		262.28		 111733250		-999.00
6053	1501108122	3600		262.28		 111733250		-999.00
6054	1501111722	3600		262.28		 111733250		-999.00
6055	1501115322	3600		262.28		 111733250		-999.00
6056	1501118922	3600		262.28		 111733250		-999.00
6057	1501122522	3600		262.28		 111733250		-999.00
6058	1501126122	3600		266.28		 111733250		-999.00
6059	1501129722	3600		266.23		 111733250		-999.00
6060	1501133322	3600		266.22		 111733250		-999.00
6061	1501136922	3600		266.05		 111733250		-999.00
6062	1501140522	3600		266.23		 111733250		-999.00
6063	1501144122	3600		261.84		 111733250		-999.00
6064	1501147722	3600		262.24		 111733250		-999.00
2017-07-24 04:08:42 2017-07-27 11:28:42 0:00:00 2017-07-27 12:17:32
6065	1500862122	-285600		262.13		 111733250		-999.00
6012	1501151852	1200		266.22		     13182		151.50
6012	1501155452	3600		266.29		     15437		149.00
6012	1501159052	3600		266.25		     15112		151.50
6012	1501162652	3600		266.29		     14654		151.50
6012	1501166252	3600		266.31		     14496		151.50
6012	1501169852	3600		266.31		     14159		151.50
6012	1501173452	3600		266.31		     13863		151.50
6012	1501177052	3600		266.27		     13752		151.50
2017-07-27 20:19:49 2017-07-27 19:37:32 0:05:00 2017-07-27 20:24:49
6012	1501179889	2837		266.27		     13536		151.50
6013
6014
6015
6013	1501181089	1200		266.22		     13536		-999.00
6014	1501184689	3600		266.22		     13536		-999.00
6015	1501188289	3600		262.21		     13536		-999.00
6016	1501191889	3600		266.25		     13536		-999.00
6017	1501195489	3600		262.26		     13536		-999.00
2017-07-27 20:24:49 2017-07-28 00:44:49 0:00:00 2017-07-28 01:23:24
6018	1501179889	-15600		262.37		     13536		-999.00
Warning: Fill duration (8.416666666666666 min.) smaller than fill time delay, no data collected during fill 6015
6016
6019	1501199509	1200		266.19		     13536		-999.00
6020	1501203109	3600		262.26		     13536		-999.00
6021	1501206709	3600		261.91		     13536		-999.00
2017-07-28 01:31:49 2017-07-28 03:51:49 0:00:00 2017-07-28 03:52:58
6022	1501198309	-8400		262.35		     13536		-999.00
6016	1501207978	1200		266.22		     17998		149.00
6016	1501211578	3600		266.22		     20947		149.00
6016	1501215178	3600		266.22		     20852		149.00
6016	1501218778	3600		266.23		     20778		149.00
6016	1501222378	3600		266.38		     17950		151.50
6016	1501225978	3600		266.27		      7636		151.50
6016	1501229578	3600		266.24		     13676		150.00
6016	1501233178	3600		266.38		      9416		152.00
6016	1501236778	3600		266.17		     18291		147.00
6016	1501240378	3600		266.35		     13591		152.00
6016	1501243978	3600		266.24		      5845		148.50
6016	1501247578	3600		266.22		     21221		148.50
6016	1501251178	3600		266.22		     21219		148.50
6016	1501254778	3600		266.33		     18954		151.00
6016	1501258378	3600		266.26		     15283		151.00
6016	1501261978	3600		266.28		     16772		151.00
2017-07-28 20:02:54 2017-07-28 19:12:58 0:05:00 2017-07-28 20:07:54
6016	1501265274	3296		266.23		      9652		149.00
6017
6018
6017	1501266474	1200		266.27		      9652		-999.00
6018	1501270074	3600		262.24		      9652		-999.00
6019	1501273674	3600		262.16		      9652		-999.00
6020	1501277274	3600		262.29		      9652		-999.00
2017-07-28 20:07:54 2017-07-28 23:27:54 0:00:00 2017-07-28 23:52:45
6021	1501265274	-12000		262.16		      9652		-999.00
Warning: Fill duration (11.2 min.) smaller than fill time delay, no data collected during fill 6018
6019
6022	1501280637	1200		266.14		      9652		-999.00
6023	1501284237	3600		266.17		      9652		-999.00
6024	1501287837	3600		266.17		      9652		-999.00
6025	1501291437	3600		261.92		      9652		-999.00
6026	1501295037	3600		262.23		      9652		-999.00
6027	1501298637	3600		262.26		      9652		-999.00
2017-07-29 00:03:57 2017-07-29 05:23:57 0:00:00 2017-07-29 06:22:09
6028	1501279437	-19200		262.22		      9652		-999.00
6019	1501303329	1200		266.96		  25589773		148.00
6019	1501306929	3600		266.79		  22002991		145.50
6019	1501310529	3600		266.12		    419024		143.00
6019	1501314129	3600		266.09		    438504		143.00
2017-07-29 09:44:08 2017-07-29 09:42:09 0:02:00 2017-07-29 09:46:08
6019	1501314368	239		262.10		    439323		 20.50
6020
6020	1501315568	1200		261.38		    439323		-999.00
6021	1501319168	3600		261.94		    439323		-999.00
6022	1501322768	3600		262.14		    439323		-999.00
2017-07-29 09:46:08 2017-07-29 12:06:08 0:00:00 2017-07-29 12:11:23
6023	1501314368	-8400		262.26		    439323		-999.00
6020	1501324283	1200		269.34		 104553551		161.50
2017-07-29 13:11:19 2017-07-29 12:31:23 0:05:00 2017-07-29 13:16:19
6020	1501326979	2696		269.75		 111082693		166.00
6021
6021	1501328179	1200		265.86		 111082693		-999.00
6022	1501331779	3600		266.35		 111082693		-999.00
6023	1501335379	3600		262.05		 111082693		-999.00
6024	1501338979	3600		262.18		 111082693		-999.00
2017-07-29 13:16:19 2017-07-29 16:36:19 0:00:00 2017-07-29 16:44:38
6025	1501326979	-12000		262.47		 111082693		-999.00
Warning: Fill duration (14.133333333333333 min.) smaller than fill time delay, no data collected during fill 6021
6022
6023
6024
6026	1501341526	1200		266.28		 111082693		-999.00
6027	1501345126	3600		262.27		 111082693		-999.00
6028	1501348726	3600		262.25		 111082693		-999.00
6029	1501352326	3600		262.26		 111082693		-999.00
6030	1501355926	3600		262.21		 111082693		-999.00
2017-07-29 16:58:46 2017-07-29 21:18:46 0:00:00 2017-07-29 21:41:31
6031	1501340326	-15600		262.18		 111082693		-999.00
6024	1501358491	1200		269.34		 102082767		166.00
6024	1501362091	3600		269.56		 104927541		166.00
6024	1501365691	3600		269.38		  98505618		168.50
6024	1501369291	3600		269.26		  95174768		168.50
6024	1501372891	3600		269.09		  88869191		168.50
6024	1501376491	3600		268.93		  85027571		168.50
6024	1501380091	3600		268.70		  78513550		168.50
6024	1501383691	3600		268.53		  72293171		168.50
6024	1501387291	3600		268.42		  68250420		167.00
6024	1501390891	3600		268.28		  64766866		167.00
6024	1501394491	3600		268.14		  60770269		167.00
6024	1501398091	3600		268.02		  57089861		167.00
6024	1501401691	3600		267.77		  52737317		164.50
6024	1501405291	3600		267.72		  49062117		167.00
6024	1501408891	3600		267.64		  46430733		167.00
6024	1501412491	3600		267.56		  43559636		167.00
2017-07-30 13:40:52 2017-07-30 13:01:31 0:05:00 2017-07-30 13:45:52
6024	1501415152	2661		267.49		  41598516		167.00
6025
6026
6025	1501416352	1200		262.06		  41598516		-999.00
6026	1501419952	3600		262.21		  41598516		-999.00
6027	1501423552	3600		262.19		  41598516		-999.00
6028	1501427152	3600		262.22		  41598516		-999.00
6029	1501430752	3600		262.22		  41598516		-999.00
2017-07-30 13:45:52 2017-07-30 18:05:52 0:00:00 2017-07-30 18:48:13
6030	1501415152	-15600		262.23		  41598516		-999.00
6026	1501434493	1200		269.23		  97704269		176.00
6026	1501438093	3600		269.55		 103777153		178.50
6026	1501441693	3600		269.41		  98003811		178.50
6026	1501445293	3600		269.23		  93551836		178.50
6026	1501448893	3600		269.00		  87307206		178.50
6026	1501452493	3600		268.88		  83032869		178.50
6026	1501456093	3600		268.72		  78066747		178.50
6026	1501459693	3600		268.48		  70619568		178.50
6026	1501463293	3600		267.44		  67450469		155.50
6026	1501466893	3600		268.25		  64304724		177.00
6026	1501470493	3600		268.13		  60448146		177.00
6026	1501474093	3600		268.00		  56504720		177.00
6026	1501477693	3600		267.91		  53365144		177.00
6026	1501481293	3600		267.79		  51040059		177.00
6026	1501484893	3600		267.73		  48058296		177.00
6026	1501488493	3600		267.63		  45878170		177.00
2017-07-31 10:20:02 2017-07-31 10:08:13 0:05:00 2017-07-31 10:25:02
6026	1501489502	1009		267.23		  36145769		174.50
6027
6028
6029
6030
6027	1501490702	1200		262.06		  36145769		-999.00
6028	1501494302	3600		261.57		  36145769		-999.00
6029	1501497902	3600		266.24		  36145769		-999.00
6030	1501501502	3600		266.24		  36145769		-999.00
6031	1501505102	3600		266.24		  36145769		-999.00
6032	1501508702	3600		261.71		  36145769		-999.00
6033	1501512302	3600		262.22		  36145769		-999.00
2017-07-31 10:25:02 2017-07-31 16:45:02 0:00:00 2017-07-31 17:01:56
6034	1501489502	-22800		262.15		  36145769		-999.00
6030	1501514516	1200		269.48		 108950123		187.00
6030	1501518116	3600		269.58		 112368912		189.50
6030	1501521716	3600		269.40		 106484953		189.50
2017-07-31 19:35:58 2017-07-31 19:21:56 0:05:00 2017-07-31 19:40:58
6030	1501522858	1142		269.24		 100923009		189.50
