5875
5876
5876	1498513169	1200		270.80		  96921260		114.00
5876	1498516769	3600		270.97		 102358625		112.00
5876	1498520369	3600		270.77		  95918269		112.00
5876	1498523969	3600		270.57		  89082740		114.50
5876	1498527569	3600		270.28		  85107517		112.00
5876	1498531169	3600		270.13		  80041850		112.00
5876	1498534769	3600		269.79		  74317397		109.50
5876	1498538369	3600		269.69		  71092173		112.00
5876	1498541969	3600		269.55		  66585361		112.00
5876	1498545569	3600		269.43		  62578189		112.00
5876	1498549169	3600		269.35		  59647493		112.00
2017-06-27 10:00:56 2017-06-27 09:39:29 0:05:00 2017-06-27 10:05:56
5876	1498550756	1587		269.32		  58726450		112.00
5877
5878
5877	1498551956	1200		267.56		  58726450		-999.00
5878	1498555556	3600		267.56		  58726450		-999.00
5879	1498559156	3600		267.56		  58726450		-999.00
5880	1498562756	3600		263.39		  58726450		-999.00
5881	1498566356	3600		263.56		  58726450		-999.00
2017-06-27 10:05:56 2017-06-27 14:25:56 0:00:00 2017-06-27 14:58:33
5882	1498550756	-15600		263.56		  58726450		-999.00
5878	1498569513	1200		271.00		 103359814		119.00
5878	1498573113	3600		270.64		  91502220		121.00
5878	1498576713	3600		270.62		  90940453		121.00
5878	1498580313	3600		270.50		  86726061		118.50
5878	1498583913	3600		270.34		  81320876		121.00
5878	1498587513	3600		270.24		  78201269		121.00
5878	1498591113	3600		270.10		  73495566		121.00
5878	1498594713	3600		269.96		  68891191		121.00
5878	1498598313	3600		269.87		  65737029		121.00
5878	1498601913	3600		269.79		  63222010		121.00
5878	1498605513	3600		269.69		  59789399		121.00
5878	1498609113	3600		269.41		  56180192		121.00
5878	1498612713	3600		269.34		  53618420		121.00
2017-06-28 03:35:06 2017-06-28 03:18:33 0:05:00 2017-06-28 03:40:06
5878	1498614006	1293		269.25		  50883689		121.00
5879
5880
5879	1498615206	1200		267.73		  50883689		-999.00
5880	1498618806	3600		267.73		  50883689		-999.00
5881	1498622406	3600		263.56		  50883689		-999.00
5882	1498626006	3600		263.56		  50883689		-999.00
5883	1498629606	3600		263.56		  50883689		-999.00
5884	1498633206	3600		263.56		  50883689		-999.00
5885	1498636806	3600		263.56		  50883689		-999.00
2017-06-28 03:40:06 2017-06-28 10:00:06 0:00:00 2017-06-28 10:08:27
5886	1498614006	-22800		263.73		  50883689		-999.00
5880	1498638507	1200		270.64		  97156678		128.00
5880	1498642107	3600		270.78		 101711059		130.50
2017-06-28 11:55:55 2017-06-28 11:28:27 0:05:00 2017-06-28 12:00:55
5880	1498644055	1948		270.64		  96981618		130.50
5881
5882
5881	1498645255	1200		267.73		  96981618		-999.00
5882	1498648855	3600		267.90		  96981618		-999.00
5883	1498652455	3600		267.90		  96981618		-999.00
5884	1498656055	3600		263.64		  96981618		-999.00
5885	1498659655	3600		263.64		  96981618		-999.00
5886	1498663255	3600		263.64		  96981618		-999.00
2017-06-28 12:00:55 2017-06-28 17:20:55 0:00:00 2017-06-28 17:27:56
5887	1498644055	-19200		263.73		  96981618		-999.00
5882	1498664876	1200		270.66		 100822440		132.50
5882	1498668476	3600		270.84		 106790136		132.50
5882	1498672076	3600		270.68		 101292123		132.50
5882	1498675676	3600		270.55		  96897238		133.50
5882	1498679276	3600		270.26		  87351614		134.00
5882	1498682876	3600		269.64		  66537744		132.00
5882	1498686476	3600		269.73		  69821799		133.00
5882	1498690076	3600		269.92		  76083409		130.50
5882	1498693676	3600		269.82		  72706298		133.00
5882	1498697276	3600		269.73		  69605474		133.50
2017-06-29 03:24:46 2017-06-29 02:47:56 0:05:00 2017-06-29 03:29:46
5882	1498699786	2510		269.63		  66427843		131.00
5883
5883	1498700986	1200		267.64		  66427843		-999.00
5884	1498704586	3600		263.64		  66427843		-999.00
5885	1498708186	3600		263.64		  66427843		-999.00
2017-06-29 03:29:46 2017-06-29 05:49:46 0:00:00 2017-06-29 06:05:19
5886	1498699786	-8400		263.64		  66427843		-999.00
5883	1498710319	1200		270.29		  88290052		139.50
5883	1498713919	3600		270.78		 104705818		141.00
5883	1498717519	3600		270.63		  99795536		141.00
5883	1498721119	3600		270.49		  95029676		140.50
5883	1498724719	3600		270.29		  88191800		140.50
5883	1498728319	3600		270.20		  85414890		140.50
2017-06-29 11:46:41 2017-06-29 11:25:19 0:05:00 2017-06-29 11:51:41
5883	1498729901	1582		270.08		  81419725		125.00
5884
5885
5884	1498731101	1200		267.64		  81419725		-999.00
5885	1498734701	3600		263.64		  81419725		-999.00
5886	1498738301	3600		263.64		  81419725		-999.00
5887	1498741901	3600		263.64		  81419725		-999.00
2017-06-29 11:51:41 2017-06-29 15:11:41 0:00:00 2017-06-29 15:49:00
5888	1498729901	-12000		263.64		  81419725		-999.00
Warning: Fill duration (17.483333333333334 min.) smaller than fill time delay, no data collected during fill 5885
5886
5887
5889	1498746389	1200		267.64		  81419725		-999.00
5890	1498749989	3600		267.64		  81419725		-999.00
5891	1498753589	3600		267.64		  81419725		-999.00
5892	1498757189	3600		263.64		  81419725		-999.00
5893	1498760789	3600		263.64		  81419725		-999.00
2017-06-29 16:06:29 2017-06-29 20:26:29 0:00:00 2017-06-29 20:29:06
5894	1498745189	-15600		263.64		  81419725		-999.00
5887	1498762146	1200		270.71		 102440277		145.50
5887	1498765746	3600		270.85		 106844849		145.00
5887	1498769346	3600		270.70		 102116926		140.00
5887	1498772946	3600		270.55		  97042662		145.50
2017-06-30 00:23:57 2017-06-29 23:49:06 0:05:00 2017-06-30 00:28:57
5887	1498775337	2391		270.39		  91719858		145.50
5888
5889
5890
5891
5892
5893
5894
5895
5896
5897
5898
5899
5900
5901
5902
5903
5904
5905
5906
5907
5908
5909
5910
5911
5912
5913
5914
5915
5916
5917
5918
5919
5888	1498776537	1200		267.64		  91719858		-999.00
5889	1498780137	3600		267.64		  91719858		-999.00
5890	1498783737	3600		267.64		  91719858		-999.00
5891	1498787337	3600		258.17		  91719858		-999.00
5892	1498790937	3600		258.17		  91719858		-999.00
5893	1498794537	3600		257.65		  91719858		-999.00
5894	1498798137	3600		257.65		  91719858		-999.00
5895	1498801737	3600		261.60		  91719858		-999.00
5896	1498805337	3600		261.60		  91719858		-999.00
5897	1498808937	3600		261.60		  91719858		-999.00
5898	1498812537	3600		261.60		  91719858		-999.00
5899	1498816137	3600		261.60		  91719858		-999.00
5900	1498819737	3600		261.60		  91719858		-999.00
5901	1498823337	3600		261.60		  91719858		-999.00
5902	1498826937	3600		261.60		  91719858		-999.00
5903	1498830537	3600		261.60		  91719858		-999.00
5904	1498834137	3600		261.60		  91719858		-999.00
5905	1498837737	3600		261.60		  91719858		-999.00
5906	1498841337	3600		261.60		  91719858		-999.00
5907	1498844937	3600		261.60		  91719858		-999.00
5908	1498848537	3600		261.60		  91719858		-999.00
5909	1498852137	3600		261.60		  91719858		-999.00
5910	1498855737	3600		261.60		  91719858		-999.00
5911	1498859337	3600		261.60		  91719858		-999.00
5912	1498862937	3600		261.60		  91719858		-999.00
5913	1498866537	3600		261.60		  91719858		-999.00
5914	1498870137	3600		261.60		  91719858		-999.00
5915	1498873737	3600		261.60		  91719858		-999.00
5916	1498877337	3600		261.60		  91719858		-999.00
5917	1498880937	3600		261.60		  91719858		-999.00
5918	1498884537	3600		261.60		  91719858		-999.00
5919	1498888137	3600		261.60		  91719858		-999.00
5920	1498891737	3600		261.60		  91719858		-999.00
5921	1498895337	3600		261.60		  91719858		-999.00
5922	1498898937	3600		261.60		  91719858		-999.00
5923	1498902537	3600		261.60		  91719858		-999.00
5924	1498906137	3600		261.60		  91719858		-999.00
5925	1498909737	3600		261.60		  91719858		-999.00
5926	1498913337	3600		261.60		  91719858		-999.00
5927	1498916937	3600		261.60		  91719858		-999.00
5928	1498920537	3600		261.60		  91719858		-999.00
5929	1498924137	3600		261.60		  91719858		-999.00
5930	1498927737	3600		261.60		  91719858		-999.00
5931	1498931337	3600		261.60		  91719858		-999.00
5932	1498934937	3600		261.60		  91719858		-999.00
5933	1498938537	3600		261.60		  91719858		-999.00
5934	1498942137	3600		261.60		  91719858		-999.00
5935	1498945737	3600		261.60		  91719858		-999.00
5936	1498949337	3600		261.60		  91719858		-999.00
5937	1498952937	3600		261.60		  91719858		-999.00
5938	1498956537	3600		261.60		  91719858		-999.00
5939	1498960137	3600		261.60		  91719858		-999.00
5940	1498963737	3600		261.60		  91719858		-999.00
5941	1498967337	3600		261.60		  91719858		-999.00
5942	1498970937	3600		261.60		  91719858		-999.00
5943	1498974537	3600		261.60		  91719858		-999.00
5944	1498978137	3600		261.60		  91719858		-999.00
5945	1498981737	3600		261.60		  91719858		-999.00
5946	1498985337	3600		261.60		  91719858		-999.00
5947	1498988937	3600		261.60		  91719858		-999.00
5948	1498992537	3600		261.60		  91719858		-999.00
5949	1498996137	3600		261.60		  91719858		-999.00
5950	1498999737	3600		261.60		  91719858		-999.00
5951	1499003337	3600		261.60		  91719858		-999.00
5952	1499006937	3600		261.60		  91719858		-999.00
5953	1499010537	3600		261.60		  91719858		-999.00
5954	1499014137	3600		261.60		  91719858		-999.00
5955	1499017737	3600		261.60		  91719858		-999.00
5956	1499021337	3600		261.60		  91719858		-999.00
5957	1499024937	3600		261.60		  91719858		-999.00
5958	1499028537	3600		261.60		  91719858		-999.00
5959	1499032137	3600		261.60		  91719858		-999.00
5960	1499035737	3600		261.60		  91719858		-999.00
5961	1499039337	3600		261.60		  91719858		-999.00
5962	1499042937	3600		261.60		  91719858		-999.00
5963	1499046537	3600		261.60		  91719858		-999.00
5964	1499050137	3600		261.60		  91719858		-999.00
5965	1499053737	3600		261.94		  91719858		-999.00
5966	1499057337	3600		267.25		  91719858		-999.00
5967	1499060937	3600		267.42		  91719858		-999.00
5968	1499064537	3600		265.32		  91719858		-999.00
5969	1499068137	3600		267.41		  91719858		-999.00
5970	1499071737	3600		267.58		  91719858		-999.00
5971	1499075337	3600		267.58		  91719858		-999.00
5972	1499078937	3600		267.56		  91719858		-999.00
5973	1499082537	3600		267.56		  91719858		-999.00
5974	1499086137	3600		267.73		  91719858		-999.00
5975	1499089737	3600		267.73		  91719858		-999.00
5976	1499093337	3600		267.73		  91719858		-999.00
5977	1499096937	3600		267.73		  91719858		-999.00
5978	1499100537	3600		267.73		  91719858		-999.00
5979	1499104137	3600		267.73		  91719858		-999.00
5980	1499107737	3600		267.73		  91719858		-999.00
5981	1499111337	3600		267.73		  91719858		-999.00
5982	1499114937	3600		267.73		  91719858		-999.00
5983	1499118537	3600		267.73		  91719858		-999.00
5984	1499122137	3600		267.73		  91719858		-999.00
5985	1499125737	3600		267.73		  91719858		-999.00
5986	1499129337	3600		267.73		  91719858		-999.00
5987	1499132937	3600		267.73		  91719858		-999.00
5988	1499136537	3600		267.73		  91719858		-999.00
5989	1499140137	3600		267.73		  91719858		-999.00
5990	1499143737	3600		266.18		  91719858		-999.00
5991	1499147337	3600		266.18		  91719858		-999.00
5992	1499150937	3600		266.18		  91719858		-999.00
5993	1499154537	3600		266.18		  91719858		-999.00
5994	1499158137	3600		266.18		  91719858		-999.00
5995	1499161737	3600		266.18		  91719858		-999.00
5996	1499165337	3600		266.18		  91719858		-999.00
5997	1499168937	3600		266.18		  91719858		-999.00
5998	1499172537	3600		266.18		  91719858		-999.00
5999	1499176137	3600		266.18		  91719858		-999.00
6000	1499179737	3600		266.18		  91719858		-999.00
6001	1499183337	3600		266.18		  91719858		-999.00
6002	1499186937	3600		266.18		  91719858		-999.00
6003	1499190537	3600		266.18		  91719858		-999.00
6004	1499194137	3600		266.18		  91719858		-999.00
6005	1499197737	3600		266.18		  91719858		-999.00
6006	1499201337	3600		266.18		  91719858		-999.00
6007	1499204937	3600		266.18		  91719858		-999.00
6008	1499208537	3600		266.18		  91719858		-999.00
6009	1499212137	3600		266.18		  91719858		-999.00
6010	1499215737	3600		266.18		  91719858		-999.00
6011	1499219337	3600		266.18		  91719858		-999.00
6012	1499222937	3600		266.18		  91719858		-999.00
6013	1499226537	3600		266.18		  91719858		-999.00
6014	1499230137	3600		266.18		  91719858		-999.00
6015	1499233737	3600		266.00		  91719858		-999.00
6016	1499237337	3600		266.34		  91719858		-999.00
6017	1499240937	3600		266.34		  91719858		-999.00
6018	1499244537	3600		266.34		  91719858		-999.00
6019	1499248137	3600		266.34		  91719858		-999.00
6020	1499251737	3600		266.34		  91719858		-999.00
6021	1499255337	3600		266.17		  91719858		-999.00
6022	1499258937	3600		266.17		  91719858		-999.00
6023	1499262537	3600		266.17		  91719858		-999.00
6024	1499266137	3600		266.17		  91719858		-999.00
6025	1499269737	3600		266.17		  91719858		-999.00
6026	1499273337	3600		266.17		  91719858		-999.00
6027	1499276937	3600		266.17		  91719858		-999.00
6028	1499280537	3600		266.17		  91719858		-999.00
6029	1499284137	3600		266.17		  91719858		-999.00
6030	1499287737	3600		266.17		  91719858		-999.00
6031	1499291337	3600		266.17		  91719858		-999.00
6032	1499294937	3600		266.17		  91719858		-999.00
6033	1499298537	3600		266.17		  91719858		-999.00
6034	1499302137	3600		266.17		  91719858		-999.00
6035	1499305737	3600		266.17		  91719858		-999.00
6036	1499309337	3600		266.17		  91719858		-999.00
6037	1499312937	3600		266.17		  91719858		-999.00
6038	1499316537	3600		266.17		  91719858		-999.00
6039	1499320137	3600		266.17		  91719858		-999.00
6040	1499323737	3600		266.17		  91719858		-999.00
6041	1499327337	3600		266.17		  91719858		-999.00
6042	1499330937	3600		266.17		  91719858		-999.00
6043	1499334537	3600		266.17		  91719858		-999.00
6044	1499338137	3600		266.17		  91719858		-999.00
6045	1499341737	3600		266.17		  91719858		-999.00
6046	1499345337	3600		266.17		  91719858		-999.00
6047	1499348937	3600		266.17		  91719858		-999.00
6048	1499352537	3600		266.17		  91719858		-999.00
6049	1499356137	3600		266.17		  91719858		-999.00
6050	1499359737	3600		266.17		  91719858		-999.00
6051	1499363337	3600		266.17		  91719858		-999.00
6052	1499366937	3600		266.17		  91719858		-999.00
6053	1499370537	3600		266.17		  91719858		-999.00
6054	1499374137	3600		266.17		  91719858		-999.00
6055	1499377737	3600		266.17		  91719858		-999.00
6056	1499381337	3600		266.17		  91719858		-999.00
6057	1499384937	3600		266.17		  91719858		-999.00
6058	1499388537	3600		266.17		  91719858		-999.00
6059	1499392137	3600		266.17		  91719858		-999.00
6060	1499395737	3600		266.17		  91719858		-999.00
6061	1499399337	3600		266.17		  91719858		-999.00
6062	1499402937	3600		266.17		  91719858		-999.00
6063	1499406537	3600		266.17		  91719858		-999.00
6064	1499410137	3600		266.17		  91719858		-999.00
6065	1499413737	3600		266.17		  91719858		-999.00
6066	1499417337	3600		266.17		  91719858		-999.00
6067	1499420937	3600		262.17		  91719858		-999.00
6068	1499424537	3600		260.07		  91719858		-999.00
6069	1499428137	3600		260.37		  91719858		-999.00
6070	1499431737	3600		260.37		  91719858		-999.00
6071	1499435337	3600		260.37		  91719858		-999.00
6072	1499438937	3600		266.53		  91719858		-999.00
6073	1499442537	3600		265.89		  91719858		-999.00
6074	1499446137	3600		265.89		  91719858		-999.00
6075	1499449737	3600		260.11		  91719858		-999.00
6076	1499453337	3600		259.76		  91719858		-999.00
6077	1499456937	3600		259.76		  91719858		-999.00
6078	1499460537	3600		259.76		  91719858		-999.00
6079	1499464137	3600		259.76		  91719858		-999.00
6080	1499467737	3600		259.76		  91719858		-999.00
6081	1499471337	3600		259.76		  91719858		-999.00
6082	1499474937	3600		260.10		  91719858		-999.00
6083	1499478537	3600		259.76		  91719858		-999.00
6084	1499482137	3600		259.76		  91719858		-999.00
6085	1499485737	3600		259.76		  91719858		-999.00
6086	1499489337	3600		259.76		  91719858		-999.00
6087	1499492937	3600		259.76		  91719858		-999.00
6088	1499496537	3600		259.76		  91719858		-999.00
6089	1499500137	3600		259.76		  91719858		-999.00
6090	1499503737	3600		259.76		  91719858		-999.00
6091	1499507337	3600		259.76		  91719858		-999.00
6092	1499510937	3600		259.76		  91719858		-999.00
6093	1499514537	3600		259.76		  91719858		-999.00
6094	1499518137	3600		259.76		  91719858		-999.00
6095	1499521737	3600		259.76		  91719858		-999.00
6096	1499525337	3600		259.76		  91719858		-999.00
6097	1499528937	3600		259.76		  91719858		-999.00
6098	1499532537	3600		259.76		  91719858		-999.00
6099	1499536137	3600		259.76		  91719858		-999.00
6100	1499539737	3600		259.76		  91719858		-999.00
6101	1499543337	3600		259.76		  91719858		-999.00
6102	1499546937	3600		259.76		  91719858		-999.00
6103	1499550537	3600		259.76		  91719858		-999.00
6104	1499554137	3600		259.76		  91719858		-999.00
6105	1499557737	3600		259.76		  91719858		-999.00
6106	1499561337	3600		259.76		  91719858		-999.00
6107	1499564937	3600		259.76		  91719858		-999.00
6108	1499568537	3600		259.76		  91719858		-999.00
6109	1499572137	3600		259.76		  91719858		-999.00
6110	1499575737	3600		259.76		  91719858		-999.00
6111	1499579337	3600		259.93		  91719858		-999.00
6112	1499582937	3600		259.76		  91719858		-999.00
6113	1499586537	3600		259.76		  91719858		-999.00
6114	1499590137	3600		259.76		  91719858		-999.00
6115	1499593737	3600		259.76		  91719858		-999.00
6116	1499597337	3600		259.76		  91719858		-999.00
6117	1499600937	3600		259.76		  91719858		-999.00
6118	1499604537	3600		259.76		  91719858		-999.00
6119	1499608137	3600		259.76		  91719858		-999.00
6120	1499611737	3600		264.03		  91719858		-999.00
6121	1499615337	3600		262.23		  91719858		-999.00
6122	1499618937	3600		262.40		  91719858		-999.00
2017-06-30 00:28:57 2017-07-09 18:48:57 0:00:00 2017-07-09 18:54:44
6123	1498775337	-843600		263.64		  91719858		-999.00
Warning: Fill duration (10.85 min.) smaller than fill time delay, no data collected during fill 5919
5920
6124	1499621135	1200		266.05		  91719858		-999.00
6125	1499624735	3600		266.05		  91719858		-999.00
6126	1499628335	3600		266.05		  91719858		-999.00
6127	1499631935	3600		261.88		  91719858		-999.00
6128	1499635535	3600		256.74		  91719858		-999.00
2017-07-09 19:05:35 2017-07-09 23:25:35 0:00:00 2017-07-09 23:42:00
6129	1499619935	-15600		262.40		  91719858		-999.00
5920	1499637720	1200		259.08		      8727		 17.00
5920	1499641320	3600		266.26		      8345		108.50
5920	1499644920	3600		256.53		      8178		 10.50
2017-07-10 02:38:34 2017-07-10 02:02:00 0:05:00 2017-07-10 02:43:34
5920	1499647414	2494		256.00		      7798		 10.50
5921
5922
5923
5924
5925
5926
5927
5928
5929
5930
5921	1499648614	1200		256.00		      7798		-999.00
5922	1499652214	3600		256.00		      7798		-999.00
5923	1499655814	3600		256.00		      7798		-999.00
5924	1499659414	3600		256.00		      7798		-999.00
5925	1499663014	3600		256.00		      7798		-999.00
5926	1499666614	3600		256.00		      7798		-999.00
5927	1499670214	3600		255.87		      7798		-999.00
5928	1499673814	3600		256.03		      7798		-999.00
5929	1499677414	3600		256.03		      7798		-999.00
5930	1499681014	3600		255.81		      7798		-999.00
5931	1499684614	3600		255.87		      7798		-999.00
5932	1499688214	3600		255.87		      7798		-999.00
5933	1499691814	3600		255.93		      7798		-999.00
5934	1499695414	3600		255.92		      7798		-999.00
5935	1499699014	3600		256.02		      7798		-999.00
5936	1499702614	3600		255.86		      7798		-999.00
5937	1499706214	3600		255.76		      7798		-999.00
5938	1499709814	3600		255.99		      7798		-999.00
5939	1499713414	3600		255.95		      7798		-999.00
5940	1499717014	3600		255.92		      7798		-999.00
5941	1499720614	3600		255.89		      7798		-999.00
5942	1499724214	3600		255.76		      7798		-999.00
5943	1499727814	3600		255.87		      7798		-999.00
5944	1499731414	3600		255.98		      7798		-999.00
5945	1499735014	3600		255.98		      7798		-999.00
5946	1499738614	3600		255.95		      7798		-999.00
5947	1499742214	3600		255.88		      7798		-999.00
5948	1499745814	3600		255.84		      7798		-999.00
5949	1499749414	3600		259.58		      7798		-999.00
5950	1499753014	3600		263.09		      7798		-999.00
2017-07-10 02:43:34 2017-07-11 08:03:34 0:00:00 2017-07-11 08:54:47
5951	1499647414	-105600		256.00		      7798		-999.00
5930	1499757287	1200		266.02		   2263255		101.50
5930	1499760887	3600		265.99		   2135354		104.00
5930	1499764487	3600		266.11		   2071336		104.00
2017-07-11 11:31:26 2017-07-11 11:14:47 0:05:00 2017-07-11 11:36:26
5930	1499765786	1299		266.10		   1793756		104.00
5931
5932
5933
5934
5931	1499766986	1200		262.05		   1793756		-999.00
5932	1499770586	3600		261.93		   1793756		-999.00
5933	1499774186	3600		262.04		   1793756		-999.00
5934	1499777786	3600		262.14		   1793756		-999.00
5935	1499781386	3600		262.17		   1793756		-999.00
5936	1499784986	3600		262.14		   1793756		-999.00
5937	1499788586	3600		262.16		   1793756		-999.00
5938	1499792186	3600		262.27		   1793756		-999.00
5939	1499795786	3600		262.20		   1793756		-999.00
5940	1499799386	3600		262.20		   1793756		-999.00
5941	1499802986	3600		262.15		   1793756		-999.00
5942	1499806586	3600		261.96		   1793756		-999.00
5943	1499810186	3600		262.07		   1793756		-999.00
5944	1499813786	3600		262.15		   1793756		-999.00
5945	1499817386	3600		261.86		   1793756		-999.00
5946	1499820986	3600		262.06		   1793756		-999.00
2017-07-11 11:36:26 2017-07-12 02:56:26 0:00:00 2017-07-12 03:19:14
5947	1499765786	-55200		262.05		   1793756		-999.00
5934	1499823554	1200		266.94		  24138176		107.00
5934	1499827154	3600		266.91		  25350397		107.00
5934	1499830754	3600		266.80		  21511752		104.50
5934	1499834354	3600		265.91		    866825		102.00
5934	1499837954	3600		266.05		    426526		104.50
2017-07-12 07:53:59 2017-07-12 07:39:14 0:05:00 2017-07-12 07:58:59
5934	1499839139	1185		266.11		    451730		104.50
5935
5936
5937
5938
5939
5940
