5635
5636
5637
5638
5639
5640
5641
5642
5643
5644
5645
5646
5647
5648
5649
5650
5651
5652
5653
5654
5655
5656
5657
5658
5659
5660
5661
5662
5663
5664
5665
5666
5667
5668
5669
5670
5671
5672
5673
5674
5675
5676
5677
5678
5679
5680
5681
5682
5683
5684
5685
5686
5687
5688
5689
5690
5691
5692
5693
5694
5695
5696
5697
5698
5698	1495543942	1200		267.64		    123104		  7.00
5698	1495547542	3600		267.64		    125682		  7.00
5698	1495551142	3600		267.64		    113856		  7.00
5698	1495554742	3600		267.64		    102658		  7.00
5698	1495558342	3600		267.64		     87560		  7.00
5698	1495561942	3600		267.63		     55183		  7.00
5698	1495565542	3600		267.63		     51616		  7.00
5698	1495569142	3600		267.63		     50251		  7.00
5698	1495572742	3600		267.63		     49453		  7.00
2017-05-23 23:07:14 2017-05-23 22:52:22 0:05:00 2017-05-23 23:12:14
5698	1495573934	1192		262.48		     41998		  1.00
5699
5699	1495575134	1200		261.96		     41998		-999.00
5700	1495578734	3600		267.25		     41998		-999.00
2017-05-23 23:12:14 2017-05-24 00:32:14 0:00:00 2017-05-24 01:04:39
5701	1495573934	-4800		262.48		     41998		-999.00
5699	1495581879	1200		267.77		     74228		  7.00
5699	1495585479	3600		267.60		     78825		  7.00
5699	1495589079	3600		267.60		     73517		  7.00
5699	1495592679	3600		267.60		     69524		  7.00
2017-05-24 05:00:30 2017-05-24 04:24:39 0:05:00 2017-05-24 05:05:30
5699	1495595130	2451		267.60		     65711		  7.00
5700
