6335
6336
6336	1509043424	1200		266.31		   8593217		698.50
6336	1509047024	3600		266.48		   8342757		687.00
6336	1509050624	3600		266.47		   8105204		683.50
6336	1509054224	3600		266.45		   7524103		684.50
2017-10-27 00:21:41 2017-10-26 23:43:44 0:05:00 2017-10-27 00:26:41
6336	1509056801	2577		266.41		   6182975		680.50
6337
6337	1509058001	1200		266.40		   6182975		-999.00
6338	1509061601	3600		261.88		   6182975		-999.00
6339	1509065201	3600		261.88		   6182975		-999.00
6340	1509068801	3600		261.88		   6182975		-999.00
2017-10-27 00:26:41 2017-10-27 03:46:41 0:00:00 2017-10-27 04:36:35
6341	1509056801	-12000		262.23		   6182975		-999.00
6337	1509072995	1200		269.78		 112766221		740.50
6337	1509076595	3600		269.99		 113987079		741.00
6337	1509080195	3600		269.94		 112478543		743.50
6337	1509083795	3600		269.78		 107191111		749.00
6337	1509087395	3600		269.77		 106640852		740.00
6337	1509090995	3600		269.43		  95514680		734.50
2017-10-27 10:05:39 2017-10-27 09:56:35 0:05:00 2017-10-27 10:10:39
6337	1509091839	844		268.40		  66829619		723.00
6338
6339
6340
6341
6338	1509093039	1200		262.37		  66829619		-999.00
6339	1509096639	3600		262.37		  66829619		-999.00
6340	1509100239	3600		262.37		  66829619		-999.00
6341	1509103839	3600		262.37		  66829619		-999.00
6342	1509107439	3600		262.37		  66829619		-999.00
6343	1509111039	3600		265.86		  66829619		-999.00
6344	1509114639	3600		266.37		  66829619		-999.00
6345	1509118239	3600		259.49		  66829619		-999.00
6346	1509121839	3600		266.20		  66829619		-999.00
6347	1509125439	3600		261.68		  66829619		-999.00
6348	1509129039	3600		262.20		  66829619		-999.00
6349	1509132639	3600		261.69		  66829619		-999.00
6350	1509136239	3600		261.69		  66829619		-999.00
2017-10-27 10:10:39 2017-10-27 22:30:39 0:00:00 2017-10-27 23:19:37
6351	1509091839	-44400		262.40		  66829619		-999.00
6341	1509140377	1200		269.70		 110734663		743.00
2017-10-28 00:11:01 2017-10-27 23:39:37 0:05:00 2017-10-28 00:16:01
6341	1509142561	2184		269.91		 112127900		744.50
6342
6343
6342	1509143761	1200		266.37		 112127900		-999.00
6343	1509147361	3600		266.54		 112127900		-999.00
6344	1509150961	3600		266.54		 112127900		-999.00
6345	1509154561	3600		261.68		 112127900		-999.00
6346	1509158161	3600		261.68		 112127900		-999.00
6347	1509161761	3600		261.68		 112127900		-999.00
2017-10-28 00:16:01 2017-10-28 05:36:01 0:00:00 2017-10-28 06:16:02
6348	1509142561	-19200		262.54		 112127900		-999.00
6343	1509165362	1200		269.91		 112482819		741.00
6343	1509168962	3600		269.95		 113917455		748.50
6343	1509172562	3600		269.91		 112288024		750.50
6343	1509176162	3600		269.69		 105118592		750.00
6343	1509179762	3600		269.55		 100591947		741.50
6343	1509183362	3600		269.24		  90029956		740.50
6343	1509186962	3600		269.00		  82029878		737.00
6343	1509190562	3600		268.82		  76011315		733.50
6343	1509194162	3600		268.65		  70373393		730.50
6343	1509197762	3600		268.48		  64624640		732.50
6343	1509201362	3600		268.33		  59827974		728.00
6343	1509204962	3600		268.21		  55819482		728.00
2017-10-28 18:02:40 2017-10-28 17:36:02 0:05:00 2017-10-28 18:07:40
6343	1509206860	1898		268.10		  52119979		725.50
6344
6344	1509208060	1200		266.54		  52119979		-999.00
6345	1509211660	3600		261.66		  52119979		-999.00
6346	1509215260	3600		262.18		  52119979		-999.00
2017-10-28 18:07:40 2017-10-28 20:27:40 0:00:00 2017-10-28 20:28:16
6347	1509206860	-8400		262.54		  52119979		-999.00
6344	1509216496	1200		269.85		 111134442		753.50
6344	1509220096	3600		269.90		 112748718		759.00
6344	1509223696	3600		269.87		 111585810		760.00
6344	1509227296	3600		269.68		 105449446		751.50
6344	1509230896	3600		269.69		 105597120		757.50
2017-10-29 01:24:21 2017-10-29 00:48:16 0:05:00 2017-10-29 01:29:21
6344	1509233361	2465		269.46		  98035902		755.00
6345
6346
6345	1509234561	1200		266.35		  98035902		-999.00
6346	1509238161	3600		261.84		  98035902		-999.00
6347	1509245361	3600		261.84		  98035902		-999.00
6348	1509248961	3600		261.84		  98035902		-999.00
6349	1509252561	3600		262.19		  98035902		-999.00
6350	1509256161	3600		262.19		  98035902		-999.00
6351	1509259761	3600		261.68		  98035902		-999.00
6352	1509263361	3600		262.19		  98035902		-999.00
6353	1509266961	3600		262.19		  98035902		-999.00
6354	1509270561	3600		262.19		  98035902		-999.00
2017-10-29 01:29:21 2017-10-29 10:49:21 0:00:00 2017-10-29 11:21:55
6355	1509233361	-33600		262.52		  98035902		-999.00
6346	1509273715	1200		269.96		 114282997		756.50
6346	1509277315	3600		269.92		 113112844		757.50
6346	1509280915	3600		269.57		 112841855		719.00
6346	1509284515	3600		269.42		 107703466		744.50
6346	1509288115	3600		269.36		 105752781		730.50
6346	1509291715	3600		269.40		  95832002		753.50
6346	1509295315	3600		269.16		  87661929		751.50
6346	1509298915	3600		268.97		  81385013		750.00
6346	1509302515	3600		268.78		  75094867		746.50
6346	1509306115	3600		268.59		  68704630		746.50
6346	1509309715	3600		268.44		  63779415		743.50
6346	1509313315	3600		268.29		  58811757		742.00
6346	1509316915	3600		268.17		  54920634		741.00
6346	1509320515	3600		268.06		  51168931		740.50
6346	1509324115	3600		267.95		  47446668		738.50
6346	1509327715	3600		267.86		  44278435		732.50
6346	1509331315	3600		267.75		  40735388		734.00
6346	1509334915	3600		267.62		  36339507		729.50
2017-10-30 04:42:18 2017-10-30 04:41:55 0:02:00 2017-10-30 04:44:18
6346	1509335058	143		262.53		  37215952		 11.50
6347
6347	1509336258	1200		261.83		  37215952		-999.00
6348	1509339858	3600		262.17		  37215952		-999.00
6349	1509343458	3600		266.52		  37215952		-999.00
6350	1509347058	3600		266.52		  37215952		-999.00
6351	1509350658	3600		262.18		  37215952		-999.00
6352	1509354258	3600		261.66		  37215952		-999.00
6353	1509357858	3600		262.18		  37215952		-999.00
2017-10-30 04:44:18 2017-10-30 11:04:18 0:00:00 2017-10-30 11:27:27
6354	1509335058	-22800		262.53		  37215952		-999.00
6347	1509360447	1200		269.96		 114497075		767.50
6347	1509364047	3600		269.91		 112902388		773.00
6347	1509367647	3600		269.92		 113373027		772.00
6347	1509371247	3600		269.81		 109700380		754.50
2017-10-30 15:26:29 2017-10-30 14:47:27 0:05:00 2017-10-30 15:31:29
6347	1509373889	2642		269.62		 103109642		772.50
6348
6348	1509375089	1200		266.52		 103109642		-999.00
6349	1509378689	3600		265.47		 103109642		-999.00
6350	1509382289	3600		262.19		 103109642		-999.00
6351	1509385889	3600		261.68		 103109642		-999.00
6352	1509389489	3600		261.68		 103109642		-999.00
2017-10-30 15:31:29 2017-10-30 19:51:29 0:00:00 2017-10-30 20:21:01
6353	1509373889	-15600		262.52		 103109642		-999.00
6348	1509392461	1200		269.96		 114344435		774.00
6348	1509396061	3600		269.92		 113025326		777.00
6348	1509399661	3600		269.93		 113366584		779.00
6348	1509403261	3600		269.77		 108014729		731.00
6348	1509406861	3600		269.78		 108491424		773.00
2017-10-31 00:53:19 2017-10-31 00:41:01 0:05:00 2017-10-31 00:58:19
6348	1509407899	1038		269.51		  99492718		774.50
6349
6349	1509409099	1200		266.53		  99492718		-999.00
6350	1509412699	3600		266.53		  99492718		-999.00
6351	1509416299	3600		265.85		  99492718		-999.00
6352	1509419899	3600		265.68		  99492718		-999.00
2017-10-31 00:58:19 2017-10-31 04:18:19 0:00:00 2017-10-31 04:25:47
6353	1509407899	-12000		266.53		  99492718		-999.00
6349	1509421547	1200		269.94		 113814868		776.50
6349	1509425147	3600		269.90		 112386251		783.00
6349	1509428747	3600		269.87		 111373405		781.50
2017-10-31 07:24:29 2017-10-31 06:45:47 0:05:00 2017-10-31 07:29:29
6349	1509431369	2622		269.87		 111503670		781.50
6350
6351
6350	1509432569	1200		266.36		 111503670		-999.00
6351	1509436169	3600		266.36		 111503670		-999.00
6352	1509439769	3600		262.53		 111503670		-999.00
6353	1509443369	3600		262.53		 111503670		-999.00
6354	1509446969	3600		262.53		 111503670		-999.00
6355	1509450569	3600		262.53		 111503670		-999.00
6356	1509454169	3600		262.18		 111503670		-999.00
6357	1509457769	3600		262.18		 111503670		-999.00
2017-10-31 07:29:29 2017-10-31 14:49:29 0:00:00 2017-10-31 15:21:39
6358	1509431369	-26400		262.53		 111503670		-999.00
6351	1509460899	1200		259.44		 112395921		 20.00
2017-10-31 16:15:47 2017-10-31 15:41:39 0:05:00 2017-10-31 16:20:47
6351	1509463247	2348		269.90		 116243294		765.50
6352
6353
6354
6355
6352	1509464447	1200		266.41		 116243294		-999.00
6353	1509468047	3600		266.41		 116243294		-999.00
6354	1509471647	3600		266.41		 116243294		-999.00
6355	1509475247	3600		266.41		 116243294		-999.00
6356	1509478847	3600		266.41		 116243294		-999.00
6357	1509482447	3600		266.41		 116243294		-999.00
6358	1509486047	3600		266.41		 116243294		-999.00
6359	1509489647	3600		266.41		 116243294		-999.00
6360	1509493247	3600		266.41		 116243294		-999.00
6361	1509496847	3600		266.41		 116243294		-999.00
6362	1509500447	3600		266.41		 116243294		-999.00
6363	1509504047	3600		266.41		 116243294		-999.00
6364	1509507647	3600		266.41		 116243294		-999.00
6365	1509511247	3600		266.41		 116243294		-999.00
6366	1509514847	3600		266.41		 116243294		-999.00
6367	1509518447	3600		266.41		 116243294		-999.00
6368	1509522047	3600		265.71		 116243294		-999.00
6369	1509525647	3600		265.88		 116243294		-999.00
6370	1509529247	3600		262.22		 116243294		-999.00
6371	1509532847	3600		262.22		 116243294		-999.00
6372	1509536447	3600		266.39		 116243294		-999.00
6373	1509540047	3600		266.39		 116243294		-999.00
6374	1509543647	3600		262.22		 116243294		-999.00
6375	1509547247	3600		262.22		 116243294		-999.00
6376	1509550847	3600		262.22		 116243294		-999.00
6377	1509554447	3600		262.22		 116243294		-999.00
2017-10-31 16:20:47 2017-11-01 17:40:47 0:00:00 2017-11-01 18:27:38
6378	1509463247	-91200		262.41		 116243294		-999.00
6355	1509558458	1200		269.99		 114418069		760.50
2017-11-01 19:19:26 2017-11-01 18:47:38 0:05:00 2017-11-01 19:24:26
6355	1509560666	2208		269.97		 113635309		775.00
6356
6356	1509561866	1200		266.39		 113635309		-999.00
6357	1509565466	3600		261.88		 113635309		-999.00
6358	1509569066	3600		261.88		 113635309		-999.00
2017-11-01 19:24:26 2017-11-01 21:44:26 0:00:00 2017-11-01 22:42:36
6359	1509560666	-8400		262.56		 113635309		-999.00
6356	1509573756	1200		269.82		 114364813		771.00
6356	1509577356	3600		269.99		 114441670		754.00
6356	1509580956	3600		269.95		 112854529		776.50
6356	1509584556	3600		269.74		 105958848		779.00
6356	1509588156	3600		269.69		 104181037		773.50
6356	1509591756	3600		269.35		  92940157		768.00
6356	1509595356	3600		269.13		  85631514		770.50
6356	1509598956	3600		268.96		  80028693		765.00
6356	1509602556	3600		268.75		  73114450		762.00
6356	1509606156	3600		268.41		  67402789		742.50
6356	1509609756	3600		268.25		  61944879		756.50
6356	1509613356	3600		268.12		  57780248		756.00
2017-11-02 10:42:14 2017-11-02 10:02:36 0:05:00 2017-11-02 10:47:14
6356	1509616034	2678		262.39		  49920933		 23.00
6357
6358
6357	1509617234	1200		262.39		  49920933		-999.00
6358	1509620834	3600		262.22		  49920933		-999.00
6359	1509624434	3600		262.22		  49920933		-999.00
6360	1509628034	3600		261.88		  49920933		-999.00
6361	1509631634	3600		261.88		  49920933		-999.00
6362	1509635234	3600		261.88		  49920933		-999.00
2017-11-02 10:47:14 2017-11-02 16:07:14 0:00:00 2017-11-02 16:16:32
6363	1509616034	-19200		262.39		  49920933		-999.00
6358	1509636992	1200		271.06		 149976042		782.50
6358	1509640592	3600		270.46		 129976814		799.50
6358	1509644192	3600		270.32		 125374338		791.50
6358	1509647792	3600		269.83		 109047753		795.00
6358	1509651392	3600		269.69		 104181774		782.00
6358	1509654992	3600		269.37		  93703544		783.00
6358	1509658592	3600		269.11		  85127551		778.50
6358	1509662192	3600		268.88		  77306116		775.50
6358	1509665792	3600		268.74		  72773274		774.50
6358	1509669392	3600		268.57		  66982457		772.00
6358	1509672992	3600		268.26		  62289291		757.00
6358	1509676592	3600		268.11		  57358306		765.00
6358	1509680192	3600		268.00		  53602467		761.50
6358	1509683792	3600		267.88		  49666151		762.50
2017-11-03 06:19:02 2017-11-03 05:36:32 0:05:00 2017-11-03 06:24:02
6358	1509686642	2850		267.81		  47300102		761.50
6359
6360
6359	1509687842	1200		266.39		  47300102		-999.00
6360	1509691442	3600		262.39		  47300102		-999.00
6361	1509695042	3600		262.39		  47300102		-999.00
6362	1509698642	3600		266.39		  47300102		-999.00
6363	1509702242	3600		262.22		  47300102		-999.00
6364	1509705842	3600		261.88		  47300102		-999.00
6365	1509709442	3600		261.88		  47300102		-999.00
2017-11-03 06:24:02 2017-11-03 12:44:02 0:00:00 2017-11-03 13:14:46
6366	1509686642	-22800		262.39		  47300102		-999.00
6360	1509712486	1200		269.82		 114387780		790.00
6360	1509716086	3600		269.95		 113106362		798.50
6360	1509719686	3600		269.95		 113085669		797.50
6360	1509723286	3600		269.81		 108340200		806.00
6360	1509726886	3600		269.79		 107657160		794.50
6360	1509730486	3600		269.48		  97324404		790.00
6360	1509734086	3600		269.19		  87819867		787.00
6360	1509737686	3600		268.85		  81852280		783.50
6360	1509741286	3600		268.64		  75083201		783.00
6360	1509744886	3600		268.47		  69248168		778.50
6360	1509748486	3600		268.30		  63784857		779.00
6360	1509752086	3600		268.15		  58656459		774.00
6360	1509755686	3600		268.03		  54789268		774.00
6360	1509759286	3600		267.91		  50720955		773.00
6360	1509762886	3600		267.82		  47524143		770.00
6360	1509766486	3600		267.71		  44097084		769.00
6360	1509770086	3600		267.61		  40827552		752.00
6360	1509773686	3600		267.55		  38520008		769.00
6360	1509777286	3600		267.50		  37082018		768.00
6360	1509780886	3600		267.44		  35165821		763.00
6360	1509784486	3600		267.38		  33090201		756.50
6360	1509788086	3600		267.33		  31485645		761.50
6360	1509791686	3600		266.78		  13102314		734.00
6360	1509795286	3600		267.02		  20899757		754.00
2017-11-04 13:24:18 2017-11-04 12:34:46 0:05:00 2017-11-04 13:29:18
6360	1509798558	3272		267.18		  26249227		755.00
6361
6362
6361	1509799758	1200		262.22		  26249227		-999.00
6362	1509803358	3600		266.39		  26249227		-999.00
6363	1509806958	3600		266.39		  26249227		-999.00
6364	1509810558	3600		261.88		  26249227		-999.00
2017-11-04 13:29:18 2017-11-04 16:49:18 0:00:00 2017-11-04 17:38:37
6365	1509798558	-12000		262.39		  26249227		-999.00
6362	1509814717	1200		269.83		 114656379		798.00
6362	1509818317	3600		269.81		 114025863		805.00
6362	1509821917	3600		269.77		 112614058		807.00
6362	1509825517	3600		269.77		 112795742		807.50
6362	1509829117	3600		269.58		 106240094		805.00
6362	1509832717	3600		269.44		 101677821		802.00
6362	1509836317	3600		269.13		  91438292		799.50
6362	1509839917	3600		268.97		  86066502		794.50
6362	1509843517	3600		268.75		  78675327		794.00
6362	1509847117	3600		268.48		  69721636		787.00
6362	1509850717	3600		268.30		  63798244		784.00
6362	1509854317	3600		268.14		  58447539		782.50
6362	1509857917	3600		268.04		  54871293		780.00
6362	1509861517	3600		267.91		  50725581		779.00
6362	1509865117	3600		267.82		  47693718		778.50
6362	1509868717	3600		267.72		  44433379		778.50
6362	1509872317	3600		267.64		  41683355		772.50
6362	1509875917	3600		267.52		  37787294		777.00
6362	1509879517	3600		267.45		  35367719		775.50
6362	1509883117	3600		267.38		  32927289		774.00
6362	1509886717	3600		267.31		  30615565		772.50
6362	1509890317	3600		267.27		  29286591		773.00
6362	1509893917	3600		267.22		  27732095		773.50
6362	1509897517	3600		267.20		  26848646		772.50
2017-11-05 17:26:56 2017-11-05 16:58:37 0:05:00 2017-11-05 17:31:56
6362	1509899516	1999		267.10		  23809501		767.50
6363
6364
6363	1509900716	1200		262.22		  23809501		-999.00
6364	1509904316	3600		266.39		  23809501		-999.00
6365	1509907916	3600		261.88		  23809501		-999.00
6366	1509911516	3600		266.39		  23809501		-999.00
6367	1509915116	3600		266.39		  23809501		-999.00
6368	1509918716	3600		266.39		  23809501		-999.00
6369	1509922316	3600		266.39		  23809501		-999.00
6370	1509925916	3600		261.88		  23809501		-999.00
6371	1509929516	3600		261.88		  23809501		-999.00
2017-11-05 17:31:56 2017-11-06 01:51:56 0:00:00 2017-11-06 02:34:59
6372	1509899516	-30000		262.39		  23809501		-999.00
6364	1509933299	1200		269.83		 114401696		815.00
6364	1509936899	3600		269.82		 114077323		818.00
6364	1509940499	3600		269.80		 113337808		818.50
6364	1509944099	3600		269.58		 106228879		813.00
6364	1509947699	3600		269.65		 108340970		816.50
6364	1509951299	3600		269.32		  97609993		812.50
6364	1509954899	3600		269.08		  89279524		810.50
6364	1509958499	3600		268.87		  82555665		807.00
6364	1509962099	3600		268.68		  76089780		805.50
6364	1509965699	3600		268.50		  70274224		803.00
6364	1509969299	3600		268.33		  64388294		801.00
6364	1509972899	3600		268.20		  60021280		800.50
6364	1509976499	3600		267.99		  53177544		784.00
6364	1509980099	3600		267.96		  52095183		794.50
6364	1509983699	3600		267.85		  48343780		792.00
6364	1509987299	3600		267.76		  45295479		791.00
6364	1509990899	3600		267.68		  42648221		791.00
6364	1509994499	3600		267.60		  39956821		790.50
6364	1509998099	3600		267.18		  26172253		772.50
6364	1510001699	3600		267.01		  20433173		792.50
6364	1510005299	3600		267.40		  33589156		786.50
6364	1510008899	3600		267.35		  31741417		785.50
6364	1510012499	3600		267.29		  29730211		784.50
6364	1510016099	3600		267.25		  28430942		783.00
6364	1510019699	3600		267.20		  26921637		783.00
6364	1510023299	3600		267.16		  25301148		782.00
6364	1510026899	3600		267.11		  23899829		781.50
6364	1510030499	3600		267.05		  21767827		777.00
2017-11-07 05:57:10 2017-11-07 05:54:59 0:02:00 2017-11-07 05:59:10
6364	1510030750	251		267.10		  23581967		537.50
6365
6366
6367
6368
6369
6370
6365	1510031950	1200		262.40		  23581967		-999.00
6366	1510035550	3600		260.49		  23581967		-999.00
6367	1510039150	3600		262.03		  23581967		-999.00
6368	1510042750	3600		261.69		  23581967		-999.00
6369	1510046350	3600		261.52		  23581967		-999.00
6370	1510049950	3600		261.86		  23581967		-999.00
6371	1510053550	3600		262.20		  23581967		-999.00
6372	1510057150	3600		266.37		  23581967		-999.00
6373	1510060750	3600		266.37		  23581967		-999.00
6374	1510064350	3600		266.37		  23581967		-999.00
6375	1510067950	3600		266.37		  23581967		-999.00
6376	1510071550	3600		266.37		  23581967		-999.00
6377	1510075150	3600		266.37		  23581967		-999.00
6378	1510078750	3600		266.37		  23581967		-999.00
6379	1510082350	3600		266.37		  23581967		-999.00
6380	1510085950	3600		266.37		  23581967		-999.00
6381	1510089550	3600		266.37		  23581967		-999.00
6382	1510093150	3600		266.37		  23581967		-999.00
6383	1510096750	3600		266.37		  23581967		-999.00
6384	1510100350	3600		266.37		  23581967		-999.00
6385	1510103950	3600		266.37		  23581967		-999.00
6386	1510107550	3600		266.37		  23581967		-999.00
6387	1510111150	3600		266.37		  23581967		-999.00
6388	1510114750	3600		266.37		  23581967		-999.00
6389	1510118350	3600		266.37		  23581967		-999.00
6390	1510121950	3600		266.37		  23581967		-999.00
6391	1510125550	3600		266.37		  23581967		-999.00
6392	1510129150	3600		266.20		  23581967		-999.00
6393	1510132750	3600		262.14		  23581967		-999.00
6394	1510136350	3600		262.14		  23581967		-999.00
6395	1510139950	3600		262.14		  23581967		-999.00
6396	1510143550	3600		262.31		  23581967		-999.00
6397	1510147150	3600		261.97		  23581967		-999.00
6398	1510150750	3600		262.14		  23581967		-999.00
6399	1510154350	3600		262.14		  23581967		-999.00
6400	1510157950	3600		262.14		  23581967		-999.00
6401	1510161550	3600		262.14		  23581967		-999.00
6402	1510165150	3600		262.14		  23581967		-999.00
6403	1510168750	3600		262.14		  23581967		-999.00
6404	1510172350	3600		262.14		  23581967		-999.00
6405	1510175950	3600		262.14		  23581967		-999.00
6406	1510179550	3600		266.31		  23581967		-999.00
6407	1510183150	3600		261.97		  23581967		-999.00
6408	1510186750	3600		262.14		  23581967		-999.00
2017-11-07 05:59:10 2017-11-09 01:19:10 0:00:00 2017-11-09 01:27:21
6409	1510030750	-156000		262.40		  23581967		-999.00
6370	1510188441	1200		269.92		 114745018		815.50
6370	1510192041	3600		270.08		 114368361		812.50
6370	1510195641	3600		270.00		 111897687		824.50
6370	1510199241	3600		269.62		 104717661		816.00
6370	1510202841	3600		269.67		 100643139		815.50
6370	1510206441	3600		269.39		  91379233		813.00
6370	1510210041	3600		269.18		  84313000		811.00
6370	1510213641	3600		268.84		  78676483		801.50
6370	1510217241	3600		268.16		  61746519		768.00
6370	1510220841	3600		266.52		   7130171		764.50
2017-11-09 10:50:40 2017-11-09 10:47:21 0:05:00 2017-11-09 10:55:40
6370	1510221340	499		266.33		    848659		764.00
6371
6371	1510222540	1200		266.48		    848659		-999.00
6372	1510226140	3600		266.12		    848659		-999.00
6373	1510229740	3600		266.12		    848659		-999.00
6374	1510233340	3600		266.29		    848659		-999.00
2017-11-09 10:55:40 2017-11-09 14:15:40 0:00:00 2017-11-09 14:17:37
6375	1510221340	-12000		266.31		    848659		-999.00
6371	1510234657	1200		269.86		 113251513		815.50
6371	1510238257	3600		270.03		 113449291		830.50
6371	1510241857	3600		270.02		 113007722		831.00
6371	1510245457	3600		269.79		 105356232		835.50
6371	1510249057	3600		269.67		 101442563		824.50
6371	1510252657	3600		269.41		  92813007		821.50
6371	1510256257	3600		269.17		  84607405		821.50
6371	1510259857	3600		269.00		  79081840		817.00
6371	1510263457	3600		268.82		  72918136		813.00
6371	1510267057	3600		268.63		  66667850		812.50
6371	1510270657	3600		268.49		  62071065		810.00
6371	1510274257	3600		268.34		  57166412		809.50
6371	1510277857	3600		268.23		  53382990		808.00
6371	1510281457	3600		268.11		  49469140		805.00
6371	1510285057	3600		268.02		  46300769		802.00
6371	1510288657	3600		267.94		  43822432		801.50
6371	1510292257	3600		267.86		  40930208		802.00
6371	1510295857	3600		267.75		  37325927		801.00
6371	1510299457	3600		267.73		  36633523		798.00
6371	1510303057	3600		267.68		  34834807		799.50
6371	1510306657	3600		267.61		  32774854		796.50
6371	1510310257	3600		267.57		  31263975		797.00
6371	1510313857	3600		267.52		  29628168		796.50
6371	1510317457	3600		266.75		  15494638		767.50
2017-11-10 14:04:46 2017-11-10 13:37:37 0:05:00 2017-11-10 14:09:46
6371	1510319386	1929		266.39		   3361239		774.50
6372
6373
6374
6375
6376
6377
6378
6379
6380
6372	1510320586	1200		262.29		   3361239		-999.00
6373	1510324186	3600		262.29		   3361239		-999.00
6374	1510327786	3600		262.12		   3361239		-999.00
6375	1510331386	3600		262.12		   3361239		-999.00
6376	1510334986	3600		262.29		   3361239		-999.00
6377	1510338586	3600		262.12		   3361239		-999.00
6378	1510342186	3600		262.12		   3361239		-999.00
6379	1510345786	3600		261.43		   3361239		-999.00
6380	1510349386	3600		262.11		   3361239		-999.00
6381	1510352986	3600		261.94		   3361239		-999.00
6382	1510356586	3600		261.94		   3361239		-999.00
6383	1510360186	3600		261.94		   3361239		-999.00
6384	1510363786	3600		261.94		   3361239		-999.00
6385	1510367386	3600		261.94		   3361239		-999.00
6386	1510370986	3600		261.94		   3361239		-999.00
6387	1510374586	3600		261.94		   3361239		-999.00
6388	1510378186	3600		261.94		   3361239		-999.00
6389	1510381786	3600		261.95		   3361239		-999.00
6390	1510385386	3600		261.95		   3361239		-999.00
6391	1510388986	3600		261.95		   3361239		-999.00
6392	1510392586	3600		261.95		   3361239		-999.00
6393	1510396186	3600		261.95		   3361239		-999.00
6394	1510399786	3600		261.95		   3361239		-999.00
6395	1510403386	3600		261.95		   3361239		-999.00
6396	1510406986	3600		261.95		   3361239		-999.00
6397	1510410586	3600		261.95		   3361239		-999.00
6398	1510414186	3600		261.94		   3361239		-999.00
6399	1510417786	3600		261.94		   3361239		-999.00
6400	1510421386	3600		261.94		   3361239		-999.00
6401	1510424986	3600		261.94		   3361239		-999.00
2017-11-10 14:09:46 2017-11-11 19:29:46 0:00:00 2017-11-11 19:30:07
6402	1510319386	-105600		262.29		   3361239		-999.00
6380	1510426207	1200		266.28		     35193		810.50
6380	1510429807	3600		266.46		     15882		804.50
6380	1510433407	3600		266.46		     13674		806.50
6380	1510437007	3600		266.46		     24822		804.50
6380	1510440607	3600		266.46		     25723		802.50
6380	1510444207	3600		266.46		     23403		802.00
6380	1510447807	3600		266.46		     24097		801.50
6380	1510451407	3600		266.46		     22551		808.00
6380	1510455007	3600		266.46		     22926		799.50
6380	1510458607	3600		266.46		     22521		799.50
2017-11-12 05:28:54 2017-11-12 04:50:07 0:05:00 2017-11-12 05:33:54
6380	1510461234	2627		266.46		     20524		799.50
6381
6381	1510462434	1200		265.95		     20524		-999.00
6382	1510466034	3600		265.95		     20524		-999.00
2017-11-12 05:33:54 2017-11-12 06:53:54 0:00:00 2017-11-12 07:16:40
6383	1510461234	-4800		266.12		     20524		-999.00
6381	1510468600	1200		266.19		   2443722		764.00
6381	1510472200	3600		266.19		   2211122		762.00
6381	1510475800	3600		266.18		   1934445		761.50
6381	1510479400	3600		266.17		   1560976		760.50
6381	1510483000	3600		266.33		   1282882		762.00
6381	1510486600	3600		261.95		   1540012		 22.50
2017-11-12 13:14:00 2017-11-12 12:36:40 0:05:00 2017-11-12 13:19:00
6381	1510489140	2540		261.95		   1464509		 22.50
6382
6382	1510490340	1200		266.29		   1464509		-999.00
6383	1510493940	3600		262.12		   1464509		-999.00
2017-11-12 13:19:00 2017-11-12 14:39:00 0:00:00 2017-11-12 15:15:51
6384	1510489140	-4800		261.95		   1464509		-999.00
6382	1510497351	1200		266.28		   5463831		765.50
2017-11-12 16:07:03 2017-11-12 15:35:51 0:05:00 2017-11-12 16:12:03
6382	1510499523	2172		266.31		   6190747		762.50
6383
6384
6383	1510500723	1200		266.29		   6190747		-999.00
6384	1510504323	3600		266.29		   6190747		-999.00
6385	1510507923	3600		261.95		   6190747		-999.00
2017-11-12 16:12:03 2017-11-12 18:32:03 0:00:00 2017-11-12 18:47:14
6386	1510499523	-8400		262.12		   6190747		-999.00
6384	1510510034	1200		266.46		   5586632		765.50
6384	1510513634	3600		266.48		   6224306		764.50
6384	1510517234	3600		266.46		   5614305		762.50
6384	1510520834	3600		266.45		   5192772		766.50
6384	1510524434	3600		266.43		   4788556		763.50
6384	1510528034	3600		266.43		   4501178		762.00
6384	1510531634	3600		266.42		   4202490		763.50
6384	1510535234	3600		266.41		   3979672		763.00
6384	1510538834	3600		266.40		   3729123		762.00
6384	1510542434	3600		266.40		   3536921		761.50
6384	1510546034	3600		266.39		   3373750		764.50
2017-11-13 05:20:56 2017-11-13 05:07:14 0:05:00 2017-11-13 05:25:56
6384	1510547156	1122		266.39		   3231294		763.00
6385
6385	1510548356	1200		266.46		   3231294		-999.00
6386	1510551956	3600		262.12		   3231294		-999.00
6387	1510555556	3600		261.95		   3231294		-999.00
2017-11-13 05:25:56 2017-11-13 07:45:56 0:00:00 2017-11-13 07:56:40
6388	1510547156	-8400		262.29		   3231294		-999.00
6385	1510557400	1200		266.52		   7747212		752.50
6385	1510561000	3600		266.55		   8828897		765.50
6385	1510564600	3600		266.52		   7791367		764.00
6385	1510568200	3600		266.51		   7307056		764.00
6385	1510571800	3600		266.49		   6758563		765.50
6385	1510575400	3600		266.48		   6327261		762.00
6385	1510579000	3600		266.47		   5999322		763.50
6385	1510582600	3600		266.46		   5633074		764.50
6385	1510586200	3600		266.45		   5389630		761.50
6385	1510589800	3600		266.44		   5088267		761.50
6385	1510593400	3600		266.44		   4888093		779.50
6385	1510597000	3600		266.43		   4695315		763.00
6385	1510600600	3600		266.42		   4454675		758.50
6385	1510604200	3600		266.42		   4235462		762.00
6385	1510607800	3600		266.41		   4083210		765.50
6385	1510611400	3600		266.41		   3897518		762.50
6385	1510615000	3600		266.40		   3742289		762.00
6385	1510618600	3600		266.40		   3632293		760.00
6385	1510622200	3600		266.39		   3474166		761.50
6385	1510625800	3600		266.39		   3364843		762.50
6385	1510629400	3600		266.39		   3223888		761.50
6385	1510633000	3600		266.38		   3130591		761.50
6385	1510636600	3600		266.38		   3000663		760.00
6385	1510640200	3600		266.38		   2899219		762.00
6385	1510643800	3600		266.37		   2822938		762.00
6385	1510647400	3600		266.37		   2711050		760.00
2017-11-14 09:35:16 2017-11-14 09:16:40 0:05:00 2017-11-14 09:40:16
6385	1510648816	1416		266.36		   2236971		761.50
6386
6386	1510650016	1200		261.95		   2236971		-999.00
6387	1510653616	3600		262.29		   2236971		-999.00
2017-11-14 09:40:16 2017-11-14 11:00:16 0:00:00 2017-11-14 11:45:18
6388	1510648816	-4800		262.29		   2236971		-999.00
6386	1510657518	1200		266.37		   8180495		765.00
6386	1510661118	3600		266.40		   9488673		762.50
6386	1510664718	3600		266.38		   8502529		761.50
6386	1510668318	3600		266.36		   7859208		763.00
6386	1510671918	3600		266.51		   7252360		761.00
6386	1510675518	3600		266.49		   6830281		762.00
6386	1510679118	3600		266.48		   6419988		761.50
6386	1510682718	3600		266.47		   6020550		759.50
6386	1510686318	3600		266.46		   5736272		761.50
6386	1510689918	3600		266.45		   5414137		760.50
6386	1510693518	3600		266.44		   5157587		760.00
6386	1510697118	3600		266.44		   4944257		761.50
2017-11-14 23:12:15 2017-11-14 23:05:18 0:05:00 2017-11-14 23:17:15
6386	1510697835	717		266.43		   4829351		760.50
6387
6387	1510699035	1200		266.46		   4829351		-999.00
6388	1510702635	3600		261.94		   4829351		-999.00
2017-11-14 23:17:15 2017-11-15 00:37:15 0:00:00 2017-11-15 00:48:40
6389	1510697835	-4800		262.29		   4829351		-999.00
Warning: Fill duration (3.2333333333333334 min.) smaller than fill time delay, no data collected during fill 6387
6388
6390	1510704714	1200		266.28		   4829351		-999.00
6391	1510708314	3600		261.94		   4829351		-999.00
2017-11-15 00:51:54 2017-11-15 02:11:54 0:00:00 2017-11-15 02:45:08
6392	1510703514	-4800		262.11		   4829351		-999.00
Warning: Fill duration (15.733333333333333 min.) smaller than fill time delay, no data collected during fill 6388
6389
6393	1510712452	1200		266.46		   4829351		-999.00
6394	1510716052	3600		261.95		   4829351		-999.00
2017-11-15 03:00:52 2017-11-15 04:20:52 0:00:00 2017-11-15 04:35:19
6395	1510711252	-4800		262.28		   4829351		-999.00
6389	1510718119	1200		266.59		   9858537		764.50
6389	1510721719	3600		266.56		   8849235		761.50
6389	1510725319	3600		266.53		   8064690		760.50
6389	1510728919	3600		266.51		   7414860		762.00
6389	1510732519	3600		266.50		   6924657		760.00
6389	1510736119	3600		266.48		   6438583		760.50
6389	1510739719	3600		266.47		   6113030		759.50
2017-11-15 11:33:06 2017-11-15 10:55:19 0:05:00 2017-11-15 11:38:06
6389	1510742286	2567		266.46		   5809497		760.00
6390
6390	1510743486	1200		266.46		   5809497		-999.00
6391	1510747086	3600		266.26		   5809497		-999.00
6392	1510750686	3600		262.09		   5809497		-999.00
6393	1510754286	3600		262.09		   5809497		-999.00
2017-11-15 11:38:06 2017-11-15 14:58:06 0:00:00 2017-11-15 15:12:44
6394	1510742286	-12000		262.29		   5809497		-999.00
6390	1510756364	1200		266.38		   9692993		755.00
6390	1510759964	3600		266.36		   8845073		761.00
6390	1510763564	3600		266.33		   8084051		761.00
6390	1510767164	3600		266.31		   7416510		759.50
6390	1510770764	3600		266.30		   6923959		758.00
6390	1510774364	3600		266.29		   6545187		762.00
6390	1510777964	3600		266.27		   6131368		759.00
6390	1510781564	3600		266.27		   5864583		760.00
2017-11-15 23:04:10 2017-11-15 22:32:44 0:05:00 2017-11-15 23:09:10
6390	1510783750	2186		266.26		   5635982		761.50
6391
6392
6391	1510784950	1200		266.44		   5635982		-999.00
6392	1510788550	3600		266.44		   5635982		-999.00
6393	1510792150	3600		266.44		   5635982		-999.00
6394	1510795750	3600		266.44		   5635982		-999.00
6395	1510799350	3600		262.27		   5635982		-999.00
6396	1510802950	3600		261.93		   5635982		-999.00
2017-11-15 23:09:10 2017-11-16 04:29:10 0:00:00 2017-11-16 04:51:09
6397	1510783750	-19200		262.09		   5635982		-999.00
6392	1510805469	1200		266.71		   9272145		761.00
6392	1510809069	3600		266.69		   8418144		760.50
6392	1510812669	3600		266.68		   8030587		761.00
6392	1510816269	3600		266.66		   7355445		761.00
6392	1510819869	3600		266.64		   6877638		758.50
6392	1510823469	3600		266.63		   6502291		759.50
6392	1510827069	3600		266.62		   6091496		759.00
6392	1510830669	3600		266.61		   5799700		759.00
6392	1510834269	3600		266.60		   5464774		756.50
2017-11-16 13:49:44 2017-11-16 13:11:09 0:05:00 2017-11-16 13:54:44
6392	1510836884	2615		266.60		   5300243		760.00
6393
6394
6395
6396
6393	1510838084	1200		262.44		   5300243		-999.00
6394	1510841684	3600		262.44		   5300243		-999.00
6395	1510845284	3600		262.44		   5300243		-999.00
6396	1510848884	3600		265.92		   5300243		-999.00
6397	1510852484	3600		262.09		   5300243		-999.00
6398	1510856084	3600		261.92		   5300243		-999.00
6399	1510859684	3600		266.43		   5300243		-999.00
6400	1510863284	3600		261.90		   5300243		-999.00
2017-11-16 13:54:44 2017-11-16 21:14:44 0:00:00 2017-11-16 21:47:12
6401	1510836884	-26400		262.44		   5300243		-999.00
6396	1510866432	1200		266.26		   5865952		750.50
6396	1510870032	3600		266.24		   5325715		758.50
6396	1510873632	3600		266.22		   4717286		756.50
6396	1510877232	3600		266.21		   4332370		756.00
6396	1510880832	3600		266.20		   3991985		755.50
6396	1510884432	3600		266.19		   3747128		756.00
6396	1510888032	3600		266.18		   3490806		758.50
6396	1510891632	3600		266.18		   3316408		756.00
6396	1510895232	3600		266.17		   3118818		758.00
6396	1510898832	3600		266.17		   2953080		756.00
6396	1510902432	3600		266.16		   2827368		755.50
6396	1510906032	3600		266.16		   2685160		754.50
6396	1510909632	3600		266.16		   2585344		756.00
6396	1510913232	3600		266.32		   2473541		750.00
6396	1510916832	3600		266.32		   2353664		754.00
6396	1510920432	3600		266.32		   2272662		754.00
6396	1510924032	3600		266.32		   2182614		753.50
6396	1510927632	3600		266.31		   2084358		754.00
6396	1510931232	3600		266.31		   2039621		754.50
6396	1510934832	3600		266.31		   1952535		752.50
6396	1510938432	3600		266.31		   1896193		753.00
6396	1510942032	3600		266.30		   1818895		754.00
6396	1510945632	3600		266.30		   1768656		753.00
6396	1510949232	3600		266.30		   1699269		754.50
6396	1510952832	3600		266.30		   1654009		750.00
6396	1510956432	3600		266.30		   1601095		755.00
6396	1510960032	3600		266.30		   1550623		754.00
6396	1510963632	3600		266.29		   1492456		755.00
6396	1510967232	3600		266.29		   1457225		752.50
6396	1510970832	3600		266.29		   1405277		752.00
6396	1510974432	3600		266.29		   1373731		752.50
6396	1510978032	3600		266.29		   1325372		754.00
6396	1510981632	3600		266.29		   1295480		754.00
6396	1510985232	3600		266.29		   1249935		750.00
6396	1510988832	3600		266.29		   1215496		753.50
6396	1510992432	3600		266.29		   1186959		753.00
6396	1510996032	3600		266.28		   1091249		752.00
2017-11-18 10:52:37 2017-11-18 10:07:12 0:05:00 2017-11-18 10:57:37
6396	1510999057	3025		266.28		   1128972		752.50
6397
6397	1511000257	1200		262.25		   1128972		-999.00
6398	1511003857	3600		262.08		   1128972		-999.00
2017-11-18 10:57:37 2017-11-18 12:17:37 0:00:00 2017-11-18 12:40:05
6399	1510999057	-4800		262.25		   1128972		-999.00
6397	1511006405	1200		266.30		   7239327		757.00
6397	1511010005	3600		266.43		   6146509		754.50
6397	1511013605	3600		266.60		   5975764		754.00
6397	1511017205	3600		266.58		   5460334		755.00
6397	1511020805	3600		266.57		   5109460		753.50
6397	1511024405	3600		266.56		   4754470		753.50
6397	1511028005	3600		266.56		   4506696		752.50
6397	1511031605	3600		266.55		   4234105		753.00
6397	1511035205	3600		266.54		   4016287		753.50
6397	1511038805	3600		266.54		   3856033		753.50
6397	1511042405	3600		266.53		   3652735		753.00
6397	1511046005	3600		266.53		   3510537		752.50
6397	1511049605	3600		266.52		   3334523		752.50
6397	1511053205	3600		266.52		   3216901		753.50
6397	1511056805	3600		266.51		   3068894		753.00
6397	1511060405	3600		266.51		   2969562		753.00
6397	1511064005	3600		266.51		   2857562		753.50
6397	1511067605	3600		266.50		   2732789		753.50
6397	1511071205	3600		266.50		   2648175		752.50
6397	1511074805	3600		266.50		   2535804		753.00
6397	1511078405	3600		266.49		   2463926		753.00
6397	1511082005	3600		266.49		   2365840		752.50
6397	1511085605	3600		266.49		   2300179		754.00
6397	1511089205	3600		266.49		   2222862		753.00
6397	1511092805	3600		266.48		   2150161		752.50
6397	1511096405	3600		266.48		   2070426		750.50
6397	1511100005	3600		266.48		   2019091		751.50
6397	1511103605	3600		266.48		   1944698		752.50
6397	1511107205	3600		266.48		   1898315		751.50
6397	1511110805	3600		266.47		   1830059		751.00
2017-11-19 18:54:56 2017-11-19 18:00:05 0:05:00 2017-11-19 18:59:56
6397	1511114396	3591		266.47		   1689518		752.50
6398
6398	1511115596	1200		262.42		   1689518		-999.00
6399	1511119196	3600		261.91		   1689518		-999.00
2017-11-19 18:59:56 2017-11-19 20:19:56 0:00:00 2017-11-19 20:45:46
6400	1511114396	-4800		262.42		   1689518		-999.00
6398	1511121946	1200		266.63		   7039330		752.00
6398	1511125546	3600		266.60		   5970438		754.50
6398	1511129146	3600		266.59		   5782737		754.50
6398	1511132746	3600		266.58		   5285841		754.00
6398	1511136346	3600		266.57		   4911389		751.50
6398	1511139946	3600		266.56		   4637100		751.50
6398	1511143546	3600		266.55		   4330554		753.50
6398	1511147146	3600		266.54		   4123359		752.50
6398	1511150746	3600		266.54		   3867619		753.00
6398	1511154346	3600		266.53		   3699294		752.50
6398	1511157946	3600		266.53		   3530400		751.00
6398	1511161546	3600		266.52		   3370856		751.50
6398	1511165146	3600		273.26		   3266463		1497.00
2017-11-20 09:40:33 2017-11-20 09:05:46 0:05:00 2017-11-20 09:45:33
6398	1511167533	2387		273.94		   3098455		 23.00
6399
6399	1511168733	1200		273.51		   3098455		-999.00
6400	1511172333	3600		273.51		   3098455		-999.00
6401	1511175933	3600		282.09		   3098455		-999.00
2017-11-20 09:45:33 2017-11-20 12:05:33 0:00:00 2017-11-20 12:05:51
6402	1511167533	-8400		273.85		   3098455		-999.00
6399	1511177151	1200		282.29		   6756643		 23.00
6399	1511180751	3600		280.37		   6150348		 15.50
6399	1511184351	3600		284.70		   5155663		 14.00
6399	1511187951	3600		286.90		   5072693		 14.50
6399	1511191551	3600		288.26		   4703671		 16.00
6399	1511195151	3600		280.31		   4370662		 20.00
6399	1511198751	3600		273.71		   4156852		 23.00
6399	1511202351	3600		265.90		   3914191		703.00
6399	1511205951	3600		265.89		   3651056		689.00
6399	1511209551	3600		265.86		   2565785		698.00
6399	1511213151	3600		265.84		   1932422		697.50
6399	1511216751	3600		265.84		   1925640		693.50
6399	1511220351	3600		265.84		   1943873		695.00
6399	1511223951	3600		265.84		   1924233		696.00
6399	1511227551	3600		265.84		   1931302		697.00
6399	1511231151	3600		265.84		   1924948		696.00
6399	1511234751	3600		265.84		   1933852		696.50
6399	1511238351	3600		265.84		   1922940		697.00
2017-11-21 05:56:47 2017-11-21 05:25:51 0:05:00 2017-11-21 06:01:47
6399	1511240507	2156		265.84		   1932132		696.00
6400
