6085
6086
6086	1502777812	1200		267.73		  55638234		261.00
6086	1502781412	3600		267.96		  57424999		263.50
6086	1502785012	3600		267.82		  52758148		263.50
2017-08-15 10:39:33 2017-08-15 10:16:52 0:05:00 2017-08-15 10:44:33
6086	1502786673	1661		267.79		  51723121		263.50
6087
6088
6089
6087	1502787873	1200		266.23		  51723121		-999.00
6088	1502791473	3600		266.22		  51723121		-999.00
6089	1502795073	3600		266.22		  51723121		-999.00
6090	1502798673	3600		266.22		  51723121		-999.00
6091	1502802273	3600		262.05		  51723121		-999.00
6092	1502805873	3600		261.88		  51723121		-999.00
6093	1502809473	3600		262.22		  51723121		-999.00
6094	1502813073	3600		262.22		  51723121		-999.00
6095	1502816673	3600		261.71		  51723121		-999.00
6096	1502820273	3600		261.71		  51723121		-999.00
6097	1502823873	3600		261.71		  51723121		-999.00
6098	1502827473	3600		261.71		  51723121		-999.00
6099	1502831073	3600		262.05		  51723121		-999.00
2017-08-15 10:44:33 2017-08-15 23:04:33 0:00:00 2017-08-15 23:06:22
6100	1502786673	-44400		262.23		  51723121		-999.00
6089	1502832382	1200		267.82		  53381769		263.00
6089	1502835982	3600		267.90		  56092206		265.50
6089	1502839582	3600		267.79		  52342113		263.00
6089	1502843182	3600		267.69		  49038952		263.00
6089	1502846782	3600		267.61		  46343377		263.00
6089	1502850382	3600		267.52		  43409122		263.00
6089	1502853982	3600		267.44		  40757810		263.00
2017-08-16 05:40:00 2017-08-16 05:26:22 0:05:00 2017-08-16 05:45:00
6089	1502855100	1118		267.21		  33004204		260.50
6090
6090	1502856300	1200		262.22		  33004204		-999.00
6091	1502859900	3600		261.71		  33004204		-999.00
6092	1502863500	3600		261.71		  33004204		-999.00
6093	1502867100	3600		261.71		  33004204		-999.00
2017-08-16 05:45:00 2017-08-16 09:05:00 0:00:00 2017-08-16 09:09:55
6094	1502855100	-12000		262.22		  33004204		-999.00
6090	1502868595	1200		268.15		  64455972		267.00
6090	1502872195	3600		268.26		  67957597		269.50
6090	1502875795	3600		268.09		  62405784		269.50
6090	1502879395	3600		268.01		  59507442		269.50
6090	1502882995	3600		267.87		  54868967		269.50
6090	1502886595	3600		267.79		  52454250		269.50
2017-08-16 15:03:57 2017-08-16 14:29:55 0:05:00 2017-08-16 15:08:57
6090	1502888937	2342		267.70		  49397426		269.50
6091
6091	1502890137	1200		266.22		  49397426		-999.00
6092	1502893737	3600		262.22		  49397426		-999.00
6093	1502897337	3600		261.88		  49397426		-999.00
2017-08-16 15:08:57 2017-08-16 17:28:57 0:00:00 2017-08-16 18:20:05
6094	1502888937	-8400		262.22		  49397426		-999.00
6091	1502901605	1200		268.39		  72189736		271.50
6091	1502905205	3600		268.27		  68258504		273.00
6091	1502908805	3600		268.17		  64956809		273.00
6091	1502912405	3600		268.08		  61866912		273.00
6091	1502916005	3600		267.94		  57182575		273.00
6091	1502919605	3600		267.86		  54639248		273.00
2017-08-17 00:30:25 2017-08-16 23:40:05 0:05:00 2017-08-17 00:35:25
6091	1502922925	3320		267.68		  48814743		270.00
6092
6093
6092	1502924125	1200		261.88		  48814743		-999.00
6093	1502927725	3600		261.71		  48814743		-999.00
6094	1502931325	3600		261.88		  48814743		-999.00
6095	1502934925	3600		262.22		  48814743		-999.00
6096	1502938525	3600		261.88		  48814743		-999.00
2017-08-17 00:35:25 2017-08-17 04:55:25 0:00:00 2017-08-17 05:30:08
6097	1502922925	-15600		262.22		  48814743		-999.00
6093	1502941808	1200		268.27		  68268843		275.50
6093	1502945408	3600		268.32		  70122191		275.50
2017-08-17 07:35:42 2017-08-17 06:50:08 0:05:00 2017-08-17 07:40:42
6093	1502948442	3034		268.20		  66165650		278.00
6094
6094	1502949642	1200		266.22		  66165650		-999.00
6095	1502953242	3600		265.88		  66165650		-999.00
6096	1502956842	3600		262.22		  66165650		-999.00
6097	1502960442	3600		261.71		  66165650		-999.00
2017-08-17 07:40:42 2017-08-17 11:00:42 0:00:00 2017-08-17 11:06:01
6098	1502948442	-12000		262.22		  66165650		-999.00
6094	1502961961	1200		268.26		  67897694		278.50
6094	1502965561	3600		268.39		  72461720		278.00
2017-08-17 12:53:42 2017-08-17 12:26:01 0:05:00 2017-08-17 12:58:42
6094	1502967522	1961		268.27		  68449125		278.00
6095
6096
6095	1502968722	1200		265.88		  68449125		-999.00
6096	1502972322	3600		261.88		  68449125		-999.00
6097	1502975922	3600		261.88		  68449125		-999.00
2017-08-17 12:58:42 2017-08-17 15:18:42 0:00:00 2017-08-17 15:36:19
6098	1502967522	-8400		262.22		  68449125		-999.00
6096	1502978179	1200		268.26		  68049391		279.00
6096	1502981779	3600		268.37		  71523408		279.00
6096	1502985379	3600		268.23		  67065237		279.00
2017-08-17 18:43:49 2017-08-17 17:56:19 0:05:00 2017-08-17 18:48:49
6096	1502988529	3150		268.14		  63896167		276.50
6097
6097	1502989729	1200		266.22		  63896167		-999.00
6098	1502993329	3600		261.88		  63896167		-999.00
6099	1502996929	3600		261.87		  63896167		-999.00
2017-08-17 18:48:49 2017-08-17 21:08:49 0:00:00 2017-08-17 21:42:26
6100	1502988529	-8400		262.22		  63896167		-999.00
6097	1503000146	1200		268.19		  65723033		280.00
6097	1503003746	3600		268.32		  70047450		275.00
6097	1503007346	3600		268.17		  65083187		280.00
6097	1503010946	3600		268.08		  61991232		280.00
6097	1503014546	3600		267.95		  57793731		280.00
6097	1503018146	3600		267.89		  55512111		277.50
6097	1503021746	3600		267.79		  52269621		278.00
6097	1503025346	3600		267.67		  48479455		278.00
6097	1503028946	3600		267.60		  46070365		278.00
6097	1503032546	3600		267.54		  43893794		278.00
6097	1503036146	3600		267.47		  41732153		278.00
6097	1503039746	3600		267.40		  39395436		277.50
6097	1503043346	3600		262.22		  35874104		 20.50
2017-08-18 10:14:05 2017-08-18 10:02:26 0:05:00 2017-08-18 10:19:05
6097	1503044345	999		262.22		  36058141		 20.50
6098
6098	1503045545	1200		261.88		  36058141		-999.00
6099	1503049145	3600		262.22		  36058141		-999.00
6100	1503052745	3600		262.05		  36058141		-999.00
2017-08-18 10:19:05 2017-08-18 12:39:05 0:00:00 2017-08-18 12:40:17
6101	1503044345	-8400		262.22		  36058141		-999.00
6098	1503054017	1200		268.38		  72136196		285.50
6098	1503057617	3600		268.46		  74616568		288.00
2017-08-18 14:45:48 2017-08-18 14:00:17 0:05:00 2017-08-18 14:50:48
6098	1503060648	3031		268.33		  70231710		288.00
6099
6100
6101
6102
6103
6104
6099	1503061848	1200		266.22		  70231710		-999.00
6100	1503065448	3600		261.88		  70231710		-999.00
6101	1503069048	3600		261.88		  70231710		-999.00
6102	1503072648	3600		261.71		  70231710		-999.00
6103	1503076248	3600		261.71		  70231710		-999.00
6104	1503079848	3600		266.22		  70231710		-999.00
6105	1503083448	3600		266.22		  70231710		-999.00
6106	1503087048	3600		261.88		  70231710		-999.00
6107	1503090648	3600		261.89		  70231710		-999.00
6108	1503094248	3600		261.89		  70231710		-999.00
6109	1503097848	3600		261.89		  70231710		-999.00
6110	1503101448	3600		261.89		  70231710		-999.00
6111	1503105048	3600		261.89		  70231710		-999.00
6112	1503108648	3600		261.89		  70231710		-999.00
6113	1503112248	3600		261.72		  70231710		-999.00
6114	1503115848	3600		261.72		  70231710		-999.00
6115	1503119448	3600		261.72		  70231710		-999.00
6116	1503123048	3600		261.72		  70231710		-999.00
6117	1503126648	3600		261.72		  70231710		-999.00
6118	1503130248	3600		261.72		  70231710		-999.00
6119	1503133848	3600		261.89		  70231710		-999.00
2017-08-18 14:50:48 2017-08-19 11:10:48 0:00:00 2017-08-19 11:11:10
6120	1503060648	-73200		262.22		  70231710		-999.00
6104	1503135070	1200		268.03		  59882217		281.00
6104	1503138670	3600		268.09		  61966438		281.00
6104	1503142270	3600		267.97		  57792079		281.00
6104	1503145870	3600		267.89		  55103147		281.00
6104	1503149470	3600		267.77		  51308610		281.00
6104	1503153070	3600		267.70		  49030103		278.50
6104	1503156670	3600		267.61		  45822128		282.00
6104	1503160270	3600		267.51		  42668000		279.50
6104	1503163870	3600		267.46		  40766503		279.50
6104	1503167470	3600		262.23		  37275140		 21.00
2017-08-19 20:39:19 2017-08-19 20:31:10 0:05:00 2017-08-19 20:44:19
6104	1503168259	789		262.23		  37425210		 21.00
6105
6105	1503169459	1200		261.72		  37425210		-999.00
6106	1503173059	3600		261.72		  37425210		-999.00
2017-08-19 20:44:19 2017-08-19 22:04:19 0:00:00 2017-08-19 22:59:27
6107	1503168259	-4800		262.23		  37425210		-999.00
6105	1503177567	1200		268.19		  64861548		288.00
6105	1503181167	3600		268.24		  66676193		288.00
6105	1503184767	3600		268.14		  63346589		288.00
6105	1503188367	3600		268.02		  59315750		288.00
2017-08-20 02:31:10 2017-08-20 02:19:27 0:05:00 2017-08-20 02:36:10
6105	1503189370	1003		267.94		  56403223		288.00
6106
6106	1503190570	1200		266.24		  56403223		-999.00
6107	1503194170	3600		266.24		  56403223		-999.00
6108	1503197770	3600		266.24		  56403223		-999.00
6109	1503201370	3600		266.24		  56403223		-999.00
6110	1503204970	3600		266.24		  56403223		-999.00
6111	1503208570	3600		266.24		  56403223		-999.00
6112	1503212170	3600		266.24		  56403223		-999.00
6113	1503215770	3600		266.24		  56403223		-999.00
6114	1503219370	3600		266.24		  56403223		-999.00
6115	1503222970	3600		262.07		  56403223		-999.00
6116	1503226570	3600		261.90		  56403223		-999.00
6117	1503230170	3600		261.90		  56403223		-999.00
2017-08-20 02:36:10 2017-08-20 13:56:10 0:00:00 2017-08-20 14:10:46
6118	1503189370	-40800		262.24		  56403223		-999.00
6106	1503232246	1200		268.09		  61625583		287.00
6106	1503235846	3600		268.23		  66122928		287.00
6106	1503239446	3600		268.09		  61684873		289.50
6106	1503243046	3600		268.02		  59107636		289.50
6106	1503246646	3600		267.90		  55205947		287.00
6106	1503250246	3600		267.83		  52974391		284.50
6106	1503253846	3600		267.73		  49675335		287.00
6106	1503257446	3600		267.65		  46771051		287.00
6106	1503261046	3600		267.57		  44073656		287.00
6106	1503264646	3600		267.52		  42554979		287.00
6106	1503268246	3600		267.44		  39874138		287.00
6106	1503271846	3600		267.38		  37993690		287.00
6106	1503275446	3600		267.32		  36042416		287.00
2017-08-21 02:56:10 2017-08-21 02:30:46 0:05:00 2017-08-21 03:01:10
6106	1503277270	1824		262.24		  31649393		 20.00
6107
6108
6109
6110
6107	1503278470	1200		261.72		  31649393		-999.00
6108	1503282070	3600		261.72		  31649393		-999.00
6109	1503285670	3600		261.72		  31649393		-999.00
6110	1503289270	3600		261.72		  31649393		-999.00
6111	1503292870	3600		261.72		  31649393		-999.00
6112	1503296470	3600		262.23		  31649393		-999.00
6113	1503300070	3600		261.89		  31649393		-999.00
6114	1503303670	3600		262.06		  31649393		-999.00
6115	1503307270	3600		261.89		  31649393		-999.00
6116	1503310870	3600		261.72		  31649393		-999.00
2017-08-21 03:01:10 2017-08-21 12:21:10 0:00:00 2017-08-21 13:12:25
6117	1503277270	-33600		262.24		  31649393		-999.00
6110	1503315145	1200		267.96		  57504679		290.00
6110	1503318745	3600		268.07		  61374300		292.50
6110	1503322345	3600		267.93		  56673357		292.00
6110	1503325945	3600		267.83		  53320892		289.50
6110	1503329545	3600		267.75		  50435595		291.50
6110	1503333145	3600		267.66		  47560421		286.50
6110	1503336745	3600		267.55		  44054537		289.00
6110	1503340345	3600		267.48		  41558071		289.00
6110	1503343945	3600		267.47		  39046370		289.00
6110	1503347545	3600		267.41		  37182044		289.00
6110	1503351145	3600		267.34		  34897583		289.00
6110	1503354745	3600		267.29		  33007437		289.00
2017-08-22 01:21:19 2017-08-22 00:32:25 0:05:00 2017-08-22 01:26:19
6110	1503357979	3234		262.30		  29881170		 20.50
6111
6112
6113
6114
6111	1503359179	1200		262.09		  29881170		-999.00
6112	1503362779	3600		261.72		  29881170		-999.00
6113	1503366379	3600		262.23		  29881170		-999.00
6114	1503369979	3600		261.72		  29881170		-999.00
6115	1503373579	3600		262.23		  29881170		-999.00
6116	1503377179	3600		261.72		  29881170		-999.00
6117	1503380779	3600		262.06		  29881170		-999.00
2017-08-22 01:26:19 2017-08-22 07:46:19 0:00:00 2017-08-22 08:45:33
6118	1503357979	-22800		262.30		  29881170		-999.00
6114	1503385533	1200		268.26		  67676964		294.50
6114	1503389133	3600		268.07		  61336276		296.50
6114	1503392733	3600		268.01		  59275108		296.50
2017-08-22 11:06:17 2017-08-22 11:05:33 0:00:00 2017-08-22 11:06:17
6114	1503392777	44		267.21		  32713875		296.50
6115
6116
6115	1503393977	1200		261.19		  32713875		-999.00
6116	1503397577	3600		265.78		  32713875		-999.00
6117	1503401177	3600		266.29		  32713875		-999.00
6118	1503404777	3600		262.29		  32713875		-999.00
6119	1503408377	3600		261.94		  32713875		-999.00
6120	1503411977	3600		261.94		  32713875		-999.00
6121	1503415577	3600		266.28		  32713875		-999.00
6122	1503419177	3600		266.28		  32713875		-999.00
6123	1503422777	3600		261.77		  32713875		-999.00
6124	1503426377	3600		261.77		  32713875		-999.00
6125	1503429977	3600		261.77		  32713875		-999.00
6126	1503433577	3600		261.77		  32713875		-999.00
2017-08-22 11:06:17 2017-08-22 22:26:17 0:00:00 2017-08-22 23:20:45
6127	1503392777	-40800		262.23		  32713875		-999.00
6116	1503438045	1200		267.81		  51049291		289.50
6116	1503441645	3600		268.15		  62270894		294.50
6116	1503445245	3600		267.91		  54164460		294.50
6116	1503448845	3600		267.73		  48255806		294.50
6116	1503452445	3600		267.64		  45067950		292.00
6116	1503456045	3600		267.59		  43420651		292.00
2017-08-23 05:01:23 2017-08-23 04:40:45 0:05:00 2017-08-23 05:06:23
6116	1503457583	1538		267.54		  41930718		292.00
6117
6118
6119
6117	1503458783	1200		266.28		  41930718		-999.00
6118	1503462383	3600		266.28		  41930718		-999.00
6119	1503465983	3600		265.77		  41930718		-999.00
6120	1503469583	3600		262.28		  41930718		-999.00
6121	1503473183	3600		266.28		  41930718		-999.00
6122	1503476783	3600		262.28		  41930718		-999.00
6123	1503480383	3600		261.93		  41930718		-999.00
2017-08-23 05:06:23 2017-08-23 11:26:23 0:00:00 2017-08-23 12:22:58
6124	1503457583	-22800		262.28		  41930718		-999.00
6119	1503484978	1200		267.98		  56736865		298.00
6119	1503488578	3600		268.14		  62056189		298.00
6119	1503492178	3600		267.98		  56965993		298.00
6119	1503495778	3600		267.91		  54606379		298.00
6119	1503499378	3600		267.79		  50528808		295.50
6119	1503502978	3600		267.73		  48590980		295.50
2017-08-23 18:12:25 2017-08-23 17:42:58 0:05:00 2017-08-23 18:17:25
6119	1503505045	2067		267.66		  46145954		298.00
6120
6121
6122
6123
6120	1503506245	1200		266.27		  46145954		-999.00
6121	1503509845	3600		261.76		  46145954		-999.00
6122	1503513445	3600		261.76		  46145954		-999.00
6123	1503517045	3600		265.76		  46145954		-999.00
6124	1503520645	3600		261.76		  46145954		-999.00
6125	1503524245	3600		261.93		  46145954		-999.00
6126	1503527845	3600		266.27		  46145954		-999.00
6127	1503531445	3600		261.76		  46145954		-999.00
6128	1503535045	3600		261.75		  46145954		-999.00
6129	1503538645	3600		261.75		  46145954		-999.00
2017-08-23 18:17:25 2017-08-24 03:37:25 0:00:00 2017-08-24 04:22:13
6130	1503505045	-33600		262.27		  46145954		-999.00
6123	1503542533	1200		269.12		  95372620		311.50
2017-08-24 04:44:26 2017-08-24 04:42:13 0:05:00 2017-08-24 04:49:26
6123	1503542966	433		269.52		 108520079		311.50
6124
6125
6126
6127
6128
6129
6130
6131
6132
6133
6134
6135
6136
6124	1503544166	1200		266.26		 108520079		-999.00
6125	1503547766	3600		266.26		 108520079		-999.00
6126	1503551366	3600		266.26		 108520079		-999.00
6127	1503554966	3600		266.26		 108520079		-999.00
6128	1503558566	3600		266.26		 108520079		-999.00
6129	1503562166	3600		266.26		 108520079		-999.00
6130	1503565766	3600		262.26		 108520079		-999.00
6131	1503569366	3600		261.74		 108520079		-999.00
6132	1503572966	3600		261.75		 108520079		-999.00
6133	1503576566	3600		262.09		 108520079		-999.00
6134	1503580166	3600		261.75		 108520079		-999.00
6135	1503583766	3600		265.75		 108520079		-999.00
6136	1503587366	3600		265.75		 108520079		-999.00
6137	1503590966	3600		265.75		 108520079		-999.00
6138	1503594566	3600		266.26		 108520079		-999.00
6139	1503598166	3600		266.26		 108520079		-999.00
6140	1503601766	3600		266.26		 108520079		-999.00
6141	1503605366	3600		266.26		 108520079		-999.00
6142	1503608966	3600		266.26		 108520079		-999.00
6143	1503612566	3600		266.26		 108520079		-999.00
6144	1503616166	3600		266.26		 108520079		-999.00
6145	1503619766	3600		266.26		 108520079		-999.00
6146	1503623366	3600		266.26		 108520079		-999.00
6147	1503626966	3600		266.26		 108520079		-999.00
6148	1503630566	3600		266.26		 108520079		-999.00
6149	1503634166	3600		266.26		 108520079		-999.00
6150	1503637766	3600		265.75		 108520079		-999.00
6151	1503641366	3600		265.75		 108520079		-999.00
6152	1503644966	3600		266.09		 108520079		-999.00
6153	1503648566	3600		266.09		 108520079		-999.00
6154	1503652166	3600		266.23		 108520079		-999.00
6155	1503655766	3600		266.23		 108520079		-999.00
6156	1503659366	3600		266.23		 108520079		-999.00
6157	1503662966	3600		266.23		 108520079		-999.00
6158	1503666566	3600		266.23		 108520079		-999.00
6159	1503670166	3600		266.23		 108520079		-999.00
6160	1503673766	3600		266.23		 108520079		-999.00
6161	1503677366	3600		266.23		 108520079		-999.00
6162	1503680966	3600		266.23		 108520079		-999.00
6163	1503684566	3600		266.23		 108520079		-999.00
6164	1503688166	3600		266.23		 108520079		-999.00
6165	1503691766	3600		266.23		 108520079		-999.00
6166	1503695366	3600		266.23		 108520079		-999.00
6167	1503698966	3600		261.72		 108520079		-999.00
6168	1503702566	3600		261.72		 108520079		-999.00
6169	1503706166	3600		261.72		 108520079		-999.00
6170	1503709766	3600		262.23		 108520079		-999.00
6171	1503713366	3600		262.23		 108520079		-999.00
6172	1503716966	3600		261.72		 108520079		-999.00
6173	1503720566	3600		261.72		 108520079		-999.00
6174	1503724166	3600		261.72		 108520079		-999.00
6175	1503727766	3600		261.72		 108520079		-999.00
6176	1503731366	3600		261.89		 108520079		-999.00
6177	1503734966	3600		261.72		 108520079		-999.00
6178	1503738566	3600		261.72		 108520079		-999.00
6179	1503742166	3600		261.72		 108520079		-999.00
6180	1503745766	3600		262.23		 108520079		-999.00
2017-08-24 04:49:26 2017-08-26 13:09:26 0:00:00 2017-08-26 13:55:44
6181	1503542966	-202800		262.26		 108520079		-999.00
6136	1503749744	1200		267.44		  40464392		306.50
6136	1503753344	3600		267.49		  42234527		290.50
6136	1503756944	3600		267.40		  39250163		290.50
6136	1503760544	3600		267.34		  37261694		290.50
6136	1503764144	3600		267.27		  34734167		290.50
2017-08-26 19:01:21 2017-08-26 18:15:44 0:05:00 2017-08-26 19:06:21
6136	1503767181	3037		267.22		  33078643		290.50
6137
6138
6137	1503768381	1200		266.23		  33078643		-999.00
6138	1503771981	3600		266.23		  33078643		-999.00
6139	1503775581	3600		266.23		  33078643		-999.00
6140	1503779181	3600		265.89		  33078643		-999.00
6141	1503782781	3600		265.89		  33078643		-999.00
6142	1503786381	3600		265.89		  33078643		-999.00
6143	1503789981	3600		265.89		  33078643		-999.00
6144	1503793581	3600		265.89		  33078643		-999.00
6145	1503797181	3600		266.23		  33078643		-999.00
6146	1503800781	3600		266.23		  33078643		-999.00
6147	1503804381	3600		266.23		  33078643		-999.00
6148	1503807981	3600		266.23		  33078643		-999.00
6149	1503811581	3600		266.23		  33078643		-999.00
6150	1503815181	3600		261.72		  33078643		-999.00
6151	1503818781	3600		261.72		  33078643		-999.00
2017-08-26 19:06:21 2017-08-27 09:26:21 0:00:00 2017-08-27 09:30:54
6152	1503767181	-51600		262.23		  33078643		-999.00
6138	1503820254	1200		267.67		  47977724		294.50
6138	1503823854	3600		267.76		  51149990		294.50
6138	1503827454	3600		267.64		  47106736		294.50
6138	1503831054	3600		267.56		  44508348		294.50
2017-08-27 12:56:06 2017-08-27 12:50:54 0:05:00 2017-08-27 13:01:06
6138	1503831666	612		267.55		  44184031		294.50
6139
6140
6139	1503832866	1200		266.23		  44184031		-999.00
6140	1503836466	3600		261.72		  44184031		-999.00
6141	1503840066	3600		262.23		  44184031		-999.00
6142	1503843666	3600		266.23		  44184031		-999.00
6143	1503847266	3600		261.72		  44184031		-999.00
6144	1503850866	3600		261.72		  44184031		-999.00
2017-08-27 13:01:06 2017-08-27 18:21:06 0:00:00 2017-08-27 18:22:15
6145	1503831666	-19200		262.23		  44184031		-999.00
6140	1503852135	1200		268.21		  65957521		300.50
6140	1503855735	3600		268.27		  68198270		300.50
6140	1503859335	3600		268.14		  63716820		300.50
6140	1503862935	3600		268.01		  59492239		300.50
6140	1503866535	3600		267.87		  54899158		300.50
6140	1503870135	3600		267.78		  51680485		300.50
6140	1503873735	3600		267.68		  48413523		298.00
6140	1503877335	3600		267.58		  45012672		298.00
6140	1503880935	3600		267.50		  42558718		298.00
6140	1503884535	3600		267.45		  40909121		298.00
6140	1503888135	3600		267.37		  38197455		298.00
6140	1503891735	3600		267.32		  36356354		298.00
6140	1503895335	3600		267.26		  34303711		298.00
6140	1503898935	3600		267.21		  32718909		298.00
2017-08-28 07:47:01 2017-08-28 07:42:15 0:05:00 2017-08-28 07:52:01
6140	1503899521	586		262.23		  31337585		 21.00
6141
6141	1503900721	1200		262.23		  31337585		-999.00
6142	1503904321	3600		261.72		  31337585		-999.00
6143	1503907921	3600		261.89		  31337585		-999.00
2017-08-28 07:52:01 2017-08-28 10:12:01 0:00:00 2017-08-28 10:21:38
6144	1503899521	-8400		262.23		  31337585		-999.00
6141	1503909698	1200		268.08		  61726746		303.00
2017-08-28 11:23:22 2017-08-28 10:41:38 0:05:00 2017-08-28 11:28:22
6141	1503912502	2804		268.16		  64534017		305.50
6142
6142	1503913702	1200		266.23		  64534017		-999.00
6143	1503917302	3600		262.06		  64534017		-999.00
6144	1503920902	3600		261.72		  64534017		-999.00
2017-08-28 11:28:22 2017-08-28 13:48:22 0:00:00 2017-08-28 14:12:03
6145	1503912502	-8400		262.23		  64534017		-999.00
6142	1503923523	1200		268.16		  64560002		306.50
6142	1503927123	3600		268.24		  67163535		306.50
6142	1503930723	3600		268.08		  61886919		306.50
6142	1503934323	3600		267.98		  58439474		306.50
6142	1503937923	3600		267.85		  54195259		306.50
6142	1503941523	3600		267.78		  51841046		306.50
6142	1503945123	3600		267.66		  47693263		304.00
6142	1503948723	3600		267.57		  44841248		304.00
6142	1503952323	3600		267.50		  42322544		304.00
6142	1503955923	3600		267.43		  40017669		304.00
6142	1503959523	3600		267.36		  37650482		304.00
6142	1503963123	3600		267.30		  35677915		304.00
6142	1503966723	3600		267.23		  33495303		304.00
6142	1503970323	3600		267.19		  31982883		304.00
2017-08-29 04:18:52 2017-08-29 03:32:03 0:05:00 2017-08-29 04:23:52
6142	1503973432	3109		267.10		  28965860		302.00
6143
6143	1503974632	1200		261.72		  28965860		-999.00
6144	1503978232	3600		261.72		  28965860		-999.00
6145	1503981832	3600		262.06		  28965860		-999.00
2017-08-29 04:23:52 2017-08-29 06:43:52 0:00:00 2017-08-29 06:54:00
6146	1503973432	-8400		262.23		  28965860		-999.00
6143	1503983640	1200		268.10		  62295208		312.50
6143	1503987240	3600		268.17		  64817427		312.50
6143	1503990840	3600		268.02		  59643238		312.50
6143	1503994440	3600		267.95		  57590084		312.50
6143	1503998040	3600		267.81		  52920421		312.50
6143	1504001640	3600		267.75		  50738494		310.00
6143	1504005240	3600		267.65		  47412508		310.00
6143	1504008840	3600		267.56		  44493136		310.00
6143	1504012440	3600		267.49		  42103341		310.00
6143	1504016040	3600		267.43		  40231678		310.00
6143	1504019640	3600		267.37		  38068233		310.00
6143	1504023240	3600		267.31		  35966454		310.00
6143	1504026840	3600		267.25		  34267188		310.00
6143	1504030440	3600		267.16		  31193400		307.00
2017-08-29 20:35:55 2017-08-29 20:14:00 0:05:00 2017-08-29 20:40:55
6143	1504032055	1615		262.23		  31027544		 21.00
6144
6145
6146
6144	1504033255	1200		261.72		  31027544		-999.00
6145	1504036855	3600		261.71		  31027544		-999.00
6146	1504040455	3600		261.71		  31027544		-999.00
6147	1504044055	3600		261.71		  31027544		-999.00
6148	1504047655	3600		261.71		  31027544		-999.00
6149	1504051255	3600		262.22		  31027544		-999.00
6150	1504054855	3600		262.05		  31027544		-999.00
2017-08-29 20:40:55 2017-08-30 03:00:55 0:00:00 2017-08-30 03:39:51
6151	1504032055	-22800		262.23		  31027544		-999.00
6146	1504058391	1200		268.05		  60862458		317.50
2017-08-30 04:01:34 2017-08-30 03:59:51 0:00:00 2017-08-30 04:01:34
6146	1504058494	103		268.18		  65498697		317.50
6147
6147	1504059694	1200		266.22		  65498697		-999.00
6148	1504063294	3600		261.71		  65498697		-999.00
6149	1504066894	3600		261.71		  65498697		-999.00
2017-08-30 04:01:34 2017-08-30 06:21:34 0:00:00 2017-08-30 06:47:43
6150	1504058494	-8400		262.22		  65498697		-999.00
6147	1504069663	1200		268.10		  62622436		309.00
6147	1504073263	3600		268.24		  67350932		309.00
6147	1504076863	3600		268.08		  61964244		318.50
6147	1504080463	3600		267.97		  58247841		316.00
6147	1504084063	3600		267.86		  54612834		316.00
6147	1504087663	3600		267.77		  51583300		316.00
6147	1504091263	3600		267.67		  48428305		316.00
6147	1504094863	3600		267.60		  46086701		313.00
6147	1504098463	3600		267.52		  43316954		315.50
6147	1504102063	3600		267.45		  41028342		315.50
6147	1504105663	3600		267.37		  38174815		315.50
6147	1504109263	3600		267.31		  36274335		313.00
6147	1504112863	3600		267.25		  34253909		313.00
6147	1504116463	3600		267.20		  32592290		313.00
6147	1504120063	3600		262.22		  29691423		 20.50
2017-08-30 21:13:14 2017-08-30 21:07:43 0:05:00 2017-08-30 21:18:14
6147	1504120694	631		262.22		  31608859		 20.50
6148
6149
6150
