8465
8466
8467
8468
8469
8470
8471
Warning: Run3 pp cross-section should be updated!
8471	1669234735	1200		270.52		 255244352		817.00
2022-11-23 22:05:37 2022-11-23 21:18:55 0:05:00 2022-11-23 22:10:37
8471	1669237837	3102		271.91		 301189396		810.50
8472
8473
8474
Warning: Run3 pp cross-section should be updated!
8472	1669239037	1200		261.57		 301189396		-999.00
8473	1669242637	3600		261.69		 301189396		-999.00
8474	1669246237	3600		261.64		 301189396		-999.00
8475	1669249837	3600		261.64		 301189396		-999.00
8476	1669253437	3600		258.57		 301189396		-999.00
8477	1669257037	3600		258.40		 301189396		-999.00
8478	1669260637	3600		258.44		 301189396		-999.00
8479	1669264237	3600		258.49		 301189396		-999.00
8480	1669267837	3600		258.46		 301189396		-999.00
2022-11-23 22:10:37 2022-11-24 06:30:37 0:00:00 2022-11-24 06:31:25
8481	1669237837	-30000		259.88		 301189396		-999.00
8474	1669269085	1200		270.60		 262767551		806.50
8474	1669272685	3600		272.78		 323480391		856.00
8474	1669276285	3600		273.29		 339620944		871.00
8474	1669279885	3600		273.11		 337805587		859.00
8474	1669283485	3600		273.22		 340109191		878.50
8474	1669287085	3600		273.15		 338694944		868.50
8474	1669290685	3600		272.58		 319013714		854.00
8474	1669294285	3600		271.38		 287051586		829.50
2022-11-24 14:28:54 2022-11-24 13:51:25 0:05:00 2022-11-24 14:33:54
8474	1669296834	2549		270.19		 248548976		821.00
8475
8476
8477
8478
8479
Warning: Run3 pp cross-section should be updated!
8475	1669298034	1200		258.19		 248548976		-999.00
8476	1669301634	3600		258.48		 248548976		-999.00
8477	1669305234	3600		258.44		 248548976		-999.00
8478	1669308834	3600		258.16		 248548976		-999.00
8479	1669312434	3600		258.50		 248548976		-999.00
8480	1669316034	3600		258.38		 248548976		-999.00
2022-11-24 14:33:54 2022-11-24 19:53:54 0:00:00 2022-11-24 20:53:19
8481	1669296834	-19200		258.22		 248548976		-999.00
8479	1669320799	1200		261.65		    306358		590.50
8479	1669324399	3600		261.54		    377692		580.00
2022-11-24 22:58:38 2022-11-24 22:13:19 0:05:00 2022-11-24 23:03:38
8479	1669327418	3019		261.31		    290377		566.50
8480
8481
8482
8483
8484
Warning: Run3 pp cross-section should be updated!
8480	1669328618	1200		258.25		    290377		-999.00
8481	1669332218	3600		258.46		    290377		-999.00
8482	1669335818	3600		258.36		    290377		-999.00
8483	1669339418	3600		258.48		    290377		-999.00
8484	1669343018	3600		258.47		    290377		-999.00
8485	1669346618	3600		258.36		    290377		-999.00
8486	1669350218	3600		258.50		    290377		-999.00
8487	1669353818	3600		258.38		    290377		-999.00
8488	1669357418	3600		258.50		    290377		-999.00
2022-11-24 23:03:38 2022-11-25 07:23:38 0:00:00 2022-11-25 07:52:20
8489	1669327418	-30000		258.35		    290377		-999.00
8484	1669360340	1200		269.38		 221624072		805.00
8484	1669363940	3600		271.92		 297778873		845.50
8484	1669367540	3600		272.26		 310442319		855.50
8484	1669371140	3600		272.42		 317194686		855.50
8484	1669374740	3600		272.04		 304601397		851.50
8484	1669378340	3600		272.05		 307015895		838.50
2022-11-25 13:44:42 2022-11-25 13:12:20 0:05:00 2022-11-25 13:49:42
8484	1669380582	2242		271.49		 288770572		836.00
8485
8486
8487
8488
8489
Warning: Run3 pp cross-section should be updated!
8485	1669381782	1200		261.30		 288770572		-999.00
8486	1669385382	3600		261.67		 288770572		-999.00
8487	1669388982	3600		261.40		 288770572		-999.00
8488	1669392582	3600		261.64		 288770572		-999.00
8489	1669396182	3600		258.47		 288770572		-999.00
8490	1669399782	3600		258.47		 288770572		-999.00
8491	1669403382	3600		258.43		 288770572		-999.00
8492	1669406982	3600		258.43		 288770572		-999.00
8493	1669410582	3600		258.42		 288770572		-999.00
8494	1669414182	3600		258.19		 288770572		-999.00
8495	1669417782	3600		258.48		 288770572		-999.00
2022-11-25 13:49:42 2022-11-26 00:09:42 0:00:00 2022-11-26 00:40:50
8496	1669380582	-37200		259.83		 288770572		-999.00
8489	1669420850	1200		269.84		 230156657		833.50
8489	1669424450	3600		271.73		 294866067		833.50
8489	1669428050	3600		271.84		 299901791		826.50
8489	1669431650	3600		271.73		 296039221		845.50
8489	1669435250	3600		271.79		 298212900		847.50
8489	1669438850	3600		271.75		 294766936		852.50
8489	1669442450	3600		271.59		 291650505		846.00
8489	1669446050	3600		270.96		 274656160		835.50
8489	1669449650	3600		270.23		 252364373		822.00
8489	1669453250	3600		269.72		 235892132		811.50
8489	1669456850	3600		269.10		 218149849		801.50
8489	1669460450	3600		268.62		 204327854		790.50
8489	1669464050	3600		268.21		 190382085		785.00
8489	1669467650	3600		267.83		 179688042		774.50
8489	1669471250	3600		267.47		 168974899		764.00
8489	1669474850	3600		266.72		 155887078		705.50
2022-11-26 16:33:26 2022-11-26 16:00:50 0:05:00 2022-11-26 16:38:26
8489	1669477106	2256		266.51		 138937119		753.00
8490
