5925
5926
5927
5928
5929
5930
5930	1499757287	1200		263.90		   3866046		144.50
5930	1499760887	3600		263.86		   3647568		147.00
5930	1499764487	3600		263.96		   3538213		147.00
2017-07-11 11:31:26 2017-07-11 11:14:47 0:05:00 2017-07-11 11:36:26
5930	1499765786	1299		263.95		   3064058		147.00
5931
5932
5933
5934
5931	1499766986	1200		260.85		   3064058		-999.00
5932	1499770586	3600		260.80		   3064058		-999.00
5933	1499774186	3600		260.80		   3064058		-999.00
5934	1499777786	3600		260.98		   3064058		-999.00
5935	1499781386	3600		261.02		   3064058		-999.00
5936	1499784986	3600		261.02		   3064058		-999.00
5937	1499788586	3600		261.02		   3064058		-999.00
5938	1499792186	3600		261.13		   3064058		-999.00
5939	1499795786	3600		261.03		   3064058		-999.00
5940	1499799386	3600		261.03		   3064058		-999.00
5941	1499802986	3600		261.00		   3064058		-999.00
5942	1499806586	3600		260.96		   3064058		-999.00
5943	1499810186	3600		260.89		   3064058		-999.00
5944	1499813786	3600		260.96		   3064058		-999.00
5945	1499817386	3600		260.86		   3064058		-999.00
5946	1499820986	3600		260.92		   3064058		-999.00
2017-07-11 11:36:26 2017-07-12 02:56:26 0:00:00 2017-07-12 03:19:14
5947	1499765786	-55200		260.85		   3064058		-999.00
5934	1499823554	1200		265.38		  41232334		159.00
5934	1499827154	3600		265.39		  43303024		159.00
5934	1499830754	3600		265.19		  36745930		148.00
5934	1499834354	3600		263.73		   1480693		145.50
5934	1499837954	3600		263.86		    728583		148.00
2017-07-12 07:53:59 2017-07-12 07:39:14 0:05:00 2017-07-12 07:58:59
5934	1499839139	1185		263.93		    771637		148.00
5935
5936
5937
5938
5939
5940
5941
5942
5935	1499840339	1200		260.90		    771637		-999.00
5936	1499843939	3600		264.09		    771637		-999.00
5937	1499847539	3600		264.02		    771637		-999.00
5938	1499851139	3600		264.09		    771637		-999.00
5939	1499854739	3600		264.04		    771637		-999.00
5940	1499858339	3600		264.09		    771637		-999.00
5941	1499861939	3600		264.09		    771637		-999.00
5942	1499865539	3600		264.03		    771637		-999.00
5943	1499869139	3600		264.02		    771637		-999.00
5944	1499872739	3600		260.06		    771637		-999.00
5945	1499876339	3600		260.06		    771637		-999.00
5946	1499879939	3600		264.60		    771637		-999.00
5947	1499883539	3600		264.60		    771637		-999.00
5948	1499887139	3600		264.60		    771637		-999.00
5949	1499890739	3600		264.60		    771637		-999.00
5950	1499894339	3600		267.60		    771637		-999.00
5951	1499897939	3600		267.60		    771637		-999.00
5952	1499901539	3600		267.60		    771637		-999.00
5953	1499905139	3600		267.60		    771637		-999.00
5954	1499908739	3600		267.60		    771637		-999.00
5955	1499912339	3600		267.60		    771637		-999.00
5956	1499915939	3600		267.60		    771637		-999.00
5957	1499919539	3600		267.60		    771637		-999.00
5958	1499923139	3600		267.60		    771637		-999.00
5959	1499926739	3600		267.60		    771637		-999.00
5960	1499930339	3600		267.60		    771637		-999.00
5961	1499933939	3600		267.60		    771637		-999.00
5962	1499937539	3600		267.60		    771637		-999.00
5963	1499941139	3600		267.60		    771637		-999.00
5964	1499944739	3600		267.60		    771637		-999.00
5965	1499948339	3600		267.60		    771637		-999.00
5966	1499951939	3600		267.60		    771637		-999.00
5967	1499955539	3600		264.60		    771637		-999.00
5968	1499959139	3600		264.60		    771637		-999.00
5969	1499962739	3600		267.60		    771637		-999.00
5970	1499966339	3600		267.60		    771637		-999.00
5971	1499969939	3600		264.60		    771637		-999.00
5972	1499973539	3600		264.60		    771637		-999.00
5973	1499977139	3600		264.60		    771637		-999.00
5974	1499980739	3600		264.60		    771637		-999.00
5975	1499984339	3600		267.60		    771637		-999.00
5976	1499987939	3600		267.60		    771637		-999.00
5977	1499991539	3600		264.60		    771637		-999.00
5978	1499995139	3600		264.60		    771637		-999.00
5979	1499998739	3600		267.60		    771637		-999.00
5980	1500002339	3600		264.60		    771637		-999.00
5981	1500005939	3600		264.60		    771637		-999.00
5982	1500009539	3600		264.60		    771637		-999.00
2017-07-12 07:58:59 2017-07-14 07:18:59 0:00:00 2017-07-14 07:35:12
5983	1499839139	-170400		260.90		    771637		-999.00
5942	1500011712	1200		266.87		  84780175		167.50
5942	1500015312	3600		266.92		  91026145		170.00
2017-07-14 09:47:21 2017-07-14 08:55:12 0:05:00 2017-07-14 09:52:21
5942	1500018741	3429		266.83		  82651619		169.50
5943
5944
5945
5946
5943	1500019941	1200		260.86		  82651619		-999.00
5944	1500023541	3600		260.02		  82651619		-999.00
5945	1500027141	3600		260.02		  82651619		-999.00
5946	1500030741	3600		260.70		  82651619		-999.00
5947	1500034341	3600		260.87		  82651619		-999.00
5948	1500037941	3600		260.99		  82651619		-999.00
5949	1500041541	3600		264.06		  82651619		-999.00
5950	1500045141	3600		264.16		  82651619		-999.00
5951	1500048741	3600		264.16		  82651619		-999.00
5952	1500052341	3600		260.80		  82651619		-999.00
2017-07-14 09:52:21 2017-07-14 19:12:21 0:00:00 2017-07-14 20:10:21
5953	1500018741	-33600		261.35		  82651619		-999.00
Warning: Fill duration (10.633333333333333 min.) smaller than fill time delay, no data collected during fill 5946
5947
5948
5949
5950
5954	1500057659	1200		263.88		  82651619		-999.00
5955	1500061259	3600		260.81		  82651619		-999.00
5956	1500064859	3600		260.81		  82651619		-999.00
5957	1500068459	3600		260.81		  82651619		-999.00
5958	1500072059	3600		261.03		  82651619		-999.00
2017-07-14 20:20:59 2017-07-15 00:40:59 0:00:00 2017-07-15 00:59:28
5959	1500056459	-15600		261.40		  82651619		-999.00
5950	1500074368	1200		268.70		 138525991		189.00
5950	1500077968	3600		268.97		 147624468		190.00
5950	1500081568	3600		268.74		 140014230		190.00
5950	1500085168	3600		268.53		 132929645		190.00
5950	1500088768	3600		268.31		 125626527		191.00
5950	1500092368	3600		268.16		 120525190		186.00
5950	1500095968	3600		267.92		 112537318		188.50
5950	1500099568	3600		267.57		 106909467		188.50
5950	1500103168	3600		267.41		 101716534		188.50
5950	1500106768	3600		267.22		  95112415		186.00
2017-07-15 11:08:22 2017-07-15 10:19:28 0:05:00 2017-07-15 11:13:22
5950	1500110002	3234		266.76		  85395253		184.50
5951
5952
5951	1500111202	1200		260.84		  85395253		-999.00
5952	1500114802	3600		260.84		  85395253		-999.00
5953	1500118402	3600		260.84		  85395253		-999.00
5954	1500122002	3600		260.84		  85395253		-999.00
2017-07-15 11:13:22 2017-07-15 14:33:22 0:00:00 2017-07-15 14:46:50
5955	1500110002	-12000		261.19		  85395253		-999.00
5952	1500124010	1200		268.49		 155113792		185.50
2017-07-15 15:59:43 2017-07-15 15:06:50 0:05:00 2017-07-15 16:04:43
5952	1500127483	3473		269.35		 160904103		206.50
5953
5954
5953	1500128683	1200		263.99		 160904103		-999.00
5954	1500132283	3600		263.99		 160904103		-999.00
5955	1500135883	3600		263.99		 160904103		-999.00
5956	1500139483	3600		263.99		 160904103		-999.00
5957	1500143083	3600		264.28		 160904103		-999.00
5958	1500146683	3600		264.28		 160904103		-999.00
5959	1500150283	3600		264.28		 160904103		-999.00
5960	1500153883	3600		261.30		 160904103		-999.00
5961	1500157483	3600		261.07		 160904103		-999.00
5962	1500161083	3600		261.07		 160904103		-999.00
2017-07-15 16:04:43 2017-07-16 01:24:43 0:00:00 2017-07-16 01:39:34
5963	1500127483	-33600		261.53		 160904103		-999.00
5954	1500163174	1200		269.20		 154305961		211.50
5954	1500166774	3600		269.50		 164249433		209.00
5954	1500170374	3600		269.16		 152932320		209.00
2017-07-16 04:27:31 2017-07-16 03:59:34 0:05:00 2017-07-16 04:32:31
5954	1500172351	1977		269.11		 151222052		209.00
5955
5956
5957
5958
5955	1500173551	1200		263.86		 151222052		-999.00
5956	1500177151	3600		263.86		 151222052		-999.00
5957	1500180751	3600		260.85		 151222052		-999.00
5958	1500184351	3600		260.84		 151222052		-999.00
5959	1500187951	3600		260.67		 151222052		-999.00
5960	1500191551	3600		260.84		 151222052		-999.00
5961	1500195151	3600		260.67		 151222052		-999.00
5962	1500198751	3600		260.84		 151222052		-999.00
2017-07-16 04:32:31 2017-07-16 11:52:31 0:00:00 2017-07-16 12:23:44
5963	1500172351	-26400		261.57		 151222052		-999.00
5958	1500201824	1200		269.10		 150906914		211.50
5958	1500205424	3600		269.35		 159202364		213.50
5958	1500209024	3600		269.02		 148214282		212.00
5958	1500212624	3600		268.84		 142222793		209.50
5958	1500216224	3600		268.57		 133089679		209.50
5958	1500219824	3600		268.43		 128395135		203.00
2017-07-16 18:07:55 2017-07-16 17:43:44 0:05:00 2017-07-16 18:12:55
5958	1500221575	1751		268.26		 122998757		205.50
5959
5960
5959	1500222775	1200		264.57		 122998757		-999.00
5960	1500226375	3600		264.57		 122998757		-999.00
5961	1500229975	3600		264.57		 122998757		-999.00
5962	1500233575	3600		264.57		 122998757		-999.00
5963	1500237175	3600		264.57		 122998757		-999.00
5964	1500240775	3600		264.57		 122998757		-999.00
5965	1500244375	3600		264.57		 122998757		-999.00
5966	1500247975	3600		264.57		 122998757		-999.00
5967	1500251575	3600		261.57		 122998757		-999.00
5968	1500255175	3600		261.57		 122998757		-999.00
5969	1500258775	3600		261.57		 122998757		-999.00
5970	1500262375	3600		261.57		 122998757		-999.00
5971	1500265975	3600		261.57		 122998757		-999.00
5972	1500269575	3600		261.57		 122998757		-999.00
5973	1500273175	3600		260.85		 122998757		-999.00
5974	1500276775	3600		260.85		 122998757		-999.00
5975	1500280375	3600		260.85		 122998757		-999.00
5976	1500283975	3600		260.85		 122998757		-999.00
5977	1500287575	3600		260.79		 122998757		-999.00
5978	1500291175	3600		260.82		 122998757		-999.00
5979	1500294775	3600		260.82		 122998757		-999.00
5980	1500298375	3600		255.99		 122998757		-999.00
5981	1500301975	3600		255.82		 122998757		-999.00
5982	1500305575	3600		255.76		 122998757		-999.00
5983	1500309175	3600		264.25		 122998757		-999.00
5984	1500312775	3600		264.42		 122998757		-999.00
5985	1500316375	3600		264.67		 122998757		-999.00
5986	1500319975	3600		264.52		 122998757		-999.00
5987	1500323575	3600		264.19		 122998757		-999.00
5988	1500327175	3600		264.19		 122998757		-999.00
5989	1500330775	3600		264.19		 122998757		-999.00
5990	1500334375	3600		264.19		 122998757		-999.00
5991	1500337975	3600		264.19		 122998757		-999.00
5992	1500341575	3600		260.99		 122998757		-999.00
5993	1500345175	3600		261.16		 122998757		-999.00
2017-07-16 18:12:55 2017-07-18 04:32:55 0:00:00 2017-07-18 04:51:46
5994	1500221575	-123600		261.57		 122998757		-999.00
5960	1500347506	1200		269.01		 146973053		214.00
5960	1500351106	3600		269.25		 160290380		213.00
5960	1500354706	3600		269.08		 148889991		216.50
5960	1500358306	3600		268.85		 142593872		215.00
5960	1500361906	3600		268.45		 134881889		214.50
2017-07-18 09:27:10 2017-07-18 09:11:46 0:05:00 2017-07-18 09:32:10
5960	1500363130	1224		268.28		 129291412		214.50
5961
5962
5961	1500364330	1200		263.73		 129291412		-999.00
5962	1500367930	3600		264.24		 129291412		-999.00
5963	1500371530	3600		264.27		 129291412		-999.00
5964	1500375130	3600		264.27		 129291412		-999.00
5965	1500378730	3600		264.24		 129291412		-999.00
5966	1500382330	3600		260.70		 129291412		-999.00
5967	1500385930	3600		260.87		 129291412		-999.00
2017-07-18 09:32:10 2017-07-18 15:52:10 0:00:00 2017-07-18 16:07:52
5968	1500363130	-22800		261.40		 129291412		-999.00
5962	1500388072	1200		269.34		 165438075		227.50
5962	1500391672	3600		270.12		 179278126		228.50
5962	1500395272	3600		269.78		 167902388		226.50
5962	1500398872	3600		268.24		 158850172		179.00
5962	1500402472	3600		269.02		 149445164		223.50
5962	1500406072	3600		268.76		 140546441		222.50
5962	1500409672	3600		268.48		 129871003		223.00
5962	1500413272	3600		268.23		 123335505		220.50
2017-07-19 00:08:28 2017-07-18 23:27:52 0:05:00 2017-07-19 00:13:28
5962	1500416008	2736		268.03		 116507555		220.50
5963
5963	1500417208	1200		263.48		 116507555		-999.00
5964	1500420808	3600		260.82		 116507555		-999.00
2017-07-19 00:13:28 2017-07-19 01:33:28 0:00:00 2017-07-19 02:33:17
5965	1500416008	-4800		261.53		 116507555		-999.00
5963	1500425597	1200		269.77		 169144949		243.50
5963	1500429197	3600		269.60		 181448874		209.00
2017-07-19 04:13:23 2017-07-19 03:53:17 0:05:00 2017-07-19 04:18:23
5963	1500430703	1506		270.13		 172889861		238.50
5964
5965
5964	1500431903	1200		263.81		 172889861		-999.00
5965	1500435503	3600		263.81		 172889861		-999.00
5966	1500439103	3600		260.79		 172889861		-999.00
2017-07-19 04:18:23 2017-07-19 06:38:23 0:00:00 2017-07-19 07:23:25
5967	1500430703	-8400		261.94		 172889861		-999.00
5965	1500443005	1200		269.92		 179403602		240.50
5965	1500446605	3600		269.89		 178585390		243.50
2017-07-19 09:21:45 2017-07-19 08:43:25 0:05:00 2017-07-19 09:26:45
5965	1500449205	2600		269.93		 172186253		245.00
5966
5966	1500450405	1200		263.85		 172186253		-999.00
5967	1500454005	3600		260.85		 172186253		-999.00
5968	1500457605	3600		260.91		 172186253		-999.00
2017-07-19 09:26:45 2017-07-19 11:46:45 0:00:00 2017-07-19 12:02:26
5969	1500449205	-8400		261.77		 172186253		-999.00
5966	1500459746	1200		270.26		 184257506		242.50
2017-07-19 12:23:17 2017-07-19 12:22:26 0:00:00 2017-07-19 12:23:17
5966	1500459797	51		268.87		 137652867		245.00
5967
5968
5969
5970
5971
5967	1500460997	1200		263.81		 137652867		-999.00
5968	1500464597	3600		260.80		 137652867		-999.00
5969	1500468197	3600		261.07		 137652867		-999.00
5970	1500471797	3600		261.07		 137652867		-999.00
5971	1500475397	3600		261.07		 137652867		-999.00
5972	1500478997	3600		261.11		 137652867		-999.00
5973	1500482597	3600		261.11		 137652867		-999.00
5974	1500486197	3600		261.08		 137652867		-999.00
5975	1500489797	3600		260.98		 137652867		-999.00
5976	1500493397	3600		260.98		 137652867		-999.00
5977	1500496997	3600		260.98		 137652867		-999.00
5978	1500500597	3600		260.98		 137652867		-999.00
2017-07-19 12:23:17 2017-07-19 23:43:17 0:00:00 2017-07-19 23:52:05
5979	1500459797	-40800		261.74		 137652867		-999.00
5971	1500502325	1200		270.67		 192385867		256.00
2017-07-20 00:35:42 2017-07-20 00:12:05 0:05:00 2017-07-20 00:40:42
5971	1500504042	1717		271.12		 207569462		253.50
5972
5973
5974
5972	1500505242	1200		263.71		 207569462		-999.00
5973	1500508842	3600		260.68		 207569462		-999.00
5974	1500512442	3600		261.02		 207569462		-999.00
5975	1500516042	3600		261.01		 207569462		-999.00
2017-07-20 00:40:42 2017-07-20 04:00:42 0:00:00 2017-07-20 04:36:06
5976	1500504042	-12000		261.90		 207569462		-999.00
5974	1500519366	1200		269.50		 163847223		243.50
2017-07-20 04:56:29 2017-07-20 04:56:06 0:00:00 2017-07-20 04:56:29
5974	1500519389	23		264.99		  13742968		243.50
5975
5976
5975	1500520589	1200		264.10		  13742968		-999.00
5976	1500524189	3600		264.10		  13742968		-999.00
5977	1500527789	3600		264.05		  13742968		-999.00
5978	1500531389	3600		264.31		  13742968		-999.00
5979	1500534989	3600		264.31		  13742968		-999.00
5980	1500538589	3600		260.65		  13742968		-999.00
5981	1500542189	3600		260.99		  13742968		-999.00
5982	1500545789	3600		261.09		  13742968		-999.00
2017-07-20 04:56:29 2017-07-20 12:16:29 0:00:00 2017-07-20 12:41:19
5983	1500519389	-26400		261.58		  13742968		-999.00
5976	1500548479	1200		269.91		 186696641		217.00
5976	1500552079	3600		269.71		 174390003		245.00
5976	1500555679	3600		269.70		 162097008		241.50
5976	1500559279	3600		269.25		 159179187		242.50
5976	1500562879	3600		268.99		 150618445		241.50
5976	1500566479	3600		268.79		 144162991		241.50
5976	1500570079	3600		268.49		 134055612		239.00
5976	1500573679	3600		268.23		 125457491		238.50
5976	1500577279	3600		267.92		 115004863		236.00
5976	1500580879	3600		267.81		 111182916		233.50
5976	1500584479	3600		267.55		 102511309		233.50
5976	1500588079	3600		267.37		  96816581		231.00
5976	1500591679	3600		267.19		  90591494		231.00
5976	1500595279	3600		267.07		  86513051		220.00
5976	1500598879	3600		266.87		  80100499		227.00
5976	1500602479	3600		266.75		  75890342		227.00
2017-07-21 04:01:44 2017-07-21 04:01:19 0:02:00 2017-07-21 04:03:44
5976	1500602624	145		268.63		 138640884		227.00
5977
5978
5979
5977	1500603824	1200		261.47		 138640884		-999.00
5978	1500607424	3600		264.47		 138640884		-999.00
5979	1500611024	3600		264.47		 138640884		-999.00
5980	1500614624	3600		264.47		 138640884		-999.00
5981	1500618224	3600		264.47		 138640884		-999.00
5982	1500621824	3600		264.47		 138640884		-999.00
5983	1500625424	3600		264.47		 138640884		-999.00
5984	1500629024	3600		261.47		 138640884		-999.00
5985	1500632624	3600		261.47		 138640884		-999.00
5986	1500636224	3600		261.47		 138640884		-999.00
5987	1500639824	3600		261.47		 138640884		-999.00
5988	1500643424	3600		261.47		 138640884		-999.00
5989	1500647024	3600		261.47		 138640884		-999.00
2017-07-21 04:03:44 2017-07-21 16:23:44 0:00:00 2017-07-21 17:03:39
5990	1500602624	-44400		261.47		 138640884		-999.00
5979	1500650619	1200		270.27		 193231837		255.50
5979	1500654219	3600		269.19		 157379730		232.00
5979	1500657819	3600		267.78		 110384839		256.50
5979	1500661419	3600		269.35		 162819840		254.50
5979	1500665019	3600		269.09		 153934328		254.00
5979	1500668619	3600		268.83		 145335248		251.50
5979	1500672219	3600		268.53		 135388498		251.50
5979	1500675819	3600		268.31		 128010727		247.50
5979	1500679419	3600		267.93		 115373820		247.50
5979	1500683019	3600		267.83		 111931286		245.50
5979	1500686619	3600		267.63		 105245612		245.50
5979	1500690219	3600		267.45		  99242020		245.50
5979	1500693819	3600		267.19		  90544818		243.00
5979	1500697419	3600		261.47		  85746036		  9.50
5979	1500701019	3600		261.47		  81136239		  9.50
5979	1500704619	3600		261.11		  76476761		  9.50
2017-07-22 08:24:55 2017-07-22 08:23:39 0:05:00 2017-07-22 08:29:55
5979	1500704995	376		261.11		  91381457		  9.50
5980
5980	1500706195	1200		261.01		  91381457		-999.00
5981	1500709795	3600		261.05		  91381457		-999.00
5982	1500713395	3600		261.22		  91381457		-999.00
2017-07-22 08:29:55 2017-07-22 10:49:55 0:00:00 2017-07-22 11:39:42
5983	1500704995	-8400		261.11		  91381457		-999.00
5980	1500717582	1200		267.01		  92013573		246.00
5980	1500721182	3600		267.15		  96678420		243.00
5980	1500724782	3600		267.01		  91859499		243.00
5980	1500728382	3600		266.76		  87596663		241.50
5980	1500731982	3600		266.58		  81343980		241.50
5980	1500735582	3600		266.41		  75755670		239.00
5980	1500739182	3600		266.38		  70577107		235.00
2017-07-22 18:13:21 2017-07-22 17:59:42 0:05:00 2017-07-22 18:18:21
5980	1500740301	1119		266.28		  67093871		232.50
