6085
6086
6086	1502777812	1200		267.02		  95040082		459.00
6086	1502781412	3600		267.45		  98092197		455.50
6086	1502785012	3600		267.21		  90120379		454.50
2017-08-15 10:39:33 2017-08-15 10:16:52 0:05:00 2017-08-15 10:44:33
6086	1502786673	1661		267.16		  88352367		451.50
6087
6088
6089
6087	1502787873	1200		264.00		  88352367		-999.00
6088	1502791473	3600		264.00		  88352367		-999.00
6089	1502795073	3600		264.00		  88352367		-999.00
6090	1502798673	3600		264.17		  88352367		-999.00
6091	1502802273	3600		261.00		  88352367		-999.00
6092	1502805873	3600		260.66		  88352367		-999.00
6093	1502809473	3600		261.00		  88352367		-999.00
6094	1502813073	3600		261.00		  88352367		-999.00
6095	1502816673	3600		260.66		  88352367		-999.00
6096	1502820273	3600		260.66		  88352367		-999.00
6097	1502823873	3600		260.66		  88352367		-999.00
6098	1502827473	3600		260.66		  88352367		-999.00
6099	1502831073	3600		261.00		  88352367		-999.00
2017-08-15 10:44:33 2017-08-15 23:04:33 0:00:00 2017-08-15 23:06:22
6100	1502786673	-44400		261.51		  88352367		-999.00
6089	1502832382	1200		267.25		  91185635		462.00
6089	1502835982	3600		267.38		  95815546		457.00
6089	1502839582	3600		267.19		  89409716		454.50
6089	1502843182	3600		267.02		  83767325		451.50
6089	1502846782	3600		266.88		  79162799		448.50
6089	1502850382	3600		266.73		  74150566		448.50
6089	1502853982	3600		266.60		  69621649		446.00
2017-08-16 05:40:00 2017-08-16 05:26:22 0:05:00 2017-08-16 05:45:00
6089	1502855100	1118		265.86		  56377100		443.50
6090
6090	1502856300	1200		261.17		  56377100		-999.00
6091	1502859900	3600		260.65		  56377100		-999.00
6092	1502863500	3600		260.65		  56377100		-999.00
6093	1502867100	3600		260.65		  56377100		-999.00
2017-08-16 05:45:00 2017-08-16 09:05:00 0:00:00 2017-08-16 09:09:55
6094	1502855100	-12000		261.17		  56377100		-999.00
6090	1502868595	1200		267.82		 110102359		469.00
6090	1502872195	3600		268.00		 116083762		467.00
6090	1502875795	3600		267.71		 106600271		468.00
6090	1502879395	3600		267.57		 101649383		463.50
6090	1502882995	3600		267.33		  93726035		460.50
6090	1502886595	3600		267.20		  89601266		458.00
2017-08-16 15:03:57 2017-08-16 14:29:55 0:05:00 2017-08-16 15:08:57
6090	1502888937	2342		267.05		  84379663		458.50
6091
6091	1502890137	1200		264.18		  84379663		-999.00
6092	1502893737	3600		261.00		  84379663		-999.00
6093	1502897337	3600		260.66		  84379663		-999.00
2017-08-16 15:08:57 2017-08-16 17:28:57 0:00:00 2017-08-16 18:20:05
6094	1502888937	-8400		261.52		  84379663		-999.00
6091	1502901605	1200		268.23		 123313016		477.50
6091	1502905205	3600		268.01		 116597765		473.00
6091	1502908805	3600		267.85		 110957879		474.00
6091	1502912405	3600		267.69		 105679781		468.50
6091	1502916005	3600		267.45		  97678093		469.50
6091	1502919605	3600		267.32		  93333634		467.00
2017-08-17 00:30:25 2017-08-16 23:40:05 0:05:00 2017-08-17 00:35:25
6091	1502922925	3320		266.68		  83384335		461.50
6092
6093
6092	1502924125	1200		260.67		  83384335		-999.00
6093	1502927725	3600		260.67		  83384335		-999.00
6094	1502931325	3600		260.67		  83384335		-999.00
6095	1502934925	3600		260.99		  83384335		-999.00
6096	1502938525	3600		260.83		  83384335		-999.00
2017-08-17 00:35:25 2017-08-17 04:55:25 0:00:00 2017-08-17 05:30:08
6097	1502922925	-15600		261.18		  83384335		-999.00
6093	1502941808	1200		268.02		 116615426		486.00
6093	1502945408	3600		268.11		 119781278		479.50
2017-08-17 07:35:42 2017-08-17 06:50:08 0:05:00 2017-08-17 07:40:42
6093	1502948442	3034		267.91		 113022796		477.00
6094
6094	1502949642	1200		264.01		 113022796		-999.00
6095	1502953242	3600		263.84		 113022796		-999.00
6096	1502956842	3600		264.01		 113022796		-999.00
6097	1502960442	3600		263.67		 113022796		-999.00
2017-08-17 07:40:42 2017-08-17 11:00:42 0:00:00 2017-08-17 11:06:01
6098	1502948442	-12000		264.52		 113022796		-999.00
6094	1502961961	1200		268.01		 115981438		490.00
6094	1502965561	3600		268.24		 123777612		481.50
2017-08-17 12:53:42 2017-08-17 12:26:01 0:05:00 2017-08-17 12:58:42
6094	1502967522	1961		268.03		 116923380		479.00
6095
6096
6095	1502968722	1200		263.68		 116923380		-999.00
6096	1502972322	3600		260.68		 116923380		-999.00
6097	1502975922	3600		260.68		 116923380		-999.00
2017-08-17 12:58:42 2017-08-17 15:18:42 0:00:00 2017-08-17 15:36:19
6098	1502967522	-8400		261.53		 116923380		-999.00
6096	1502978179	1200		268.01		 116240564		487.50
6096	1502981779	3600		268.19		 122174807		485.00
6096	1502985379	3600		267.96		 114559452		481.50
2017-08-17 18:43:49 2017-08-17 17:56:19 0:05:00 2017-08-17 18:48:49
6096	1502988529	3150		267.80		 109146113		476.50
6097
6097	1502989729	1200		264.02		 109146113		-999.00
6098	1502993329	3600		260.68		 109146113		-999.00
6099	1502996929	3600		260.85		 109146113		-999.00
2017-08-17 18:48:49 2017-08-17 21:08:49 0:00:00 2017-08-17 21:42:26
6100	1502988529	-8400		261.53		 109146113		-999.00
6097	1503000146	1200		267.91		 112266726		490.50
6097	1503003746	3600		267.79		 119653607		476.50
6097	1503007346	3600		267.88		 111173756		480.50
6097	1503010946	3600		267.72		 105892141		478.50
6097	1503014546	3600		267.50		  98722056		477.00
6097	1503018146	3600		267.22		  94824641		454.00
6097	1503021746	3600		266.88		  89285886		474.50
6097	1503025346	3600		266.68		  82811603		469.50
6097	1503028946	3600		266.56		  78696445		471.00
6097	1503032546	3600		266.45		  74978472		468.50
6097	1503036146	3600		266.34		  71286001		468.00
6097	1503039746	3600		266.22		  67294470		466.50
6097	1503043346	3600		261.20		  61279404		  9.50
2017-08-18 10:14:05 2017-08-18 10:02:26 0:05:00 2017-08-18 10:19:05
6097	1503044345	999		261.20		  61593772		  9.50
6098
6098	1503045545	1200		260.69		  61593772		-999.00
6099	1503049145	3600		261.03		  61593772		-999.00
6100	1503052745	3600		261.03		  61593772		-999.00
2017-08-18 10:19:05 2017-08-18 12:39:05 0:00:00 2017-08-18 12:40:17
6101	1503044345	-8400		261.20		  61593772		-999.00
6098	1503054017	1200		268.25		 123221560		495.50
6098	1503057617	3600		268.37		 127458480		496.00
2017-08-18 14:45:48 2017-08-18 14:00:17 0:05:00 2017-08-18 14:50:48
6098	1503060648	3031		268.15		 119968356		490.00
6099
6100
6101
6102
6103
6104
6099	1503061848	1200		264.04		 119968356		-999.00
6100	1503065448	3600		263.70		 119968356		-999.00
6101	1503069048	3600		263.70		 119968356		-999.00
6102	1503072648	3600		263.70		 119968356		-999.00
6103	1503076248	3600		260.70		 119968356		-999.00
6104	1503079848	3600		264.21		 119968356		-999.00
6105	1503083448	3600		264.21		 119968356		-999.00
6106	1503087048	3600		260.70		 119968356		-999.00
6107	1503090648	3600		260.70		 119968356		-999.00
6108	1503094248	3600		260.69		 119968356		-999.00
6109	1503097848	3600		260.69		 119968356		-999.00
6110	1503101448	3600		260.69		 119968356		-999.00
6111	1503105048	3600		260.69		 119968356		-999.00
6112	1503108648	3600		260.69		 119968356		-999.00
6113	1503112248	3600		260.69		 119968356		-999.00
6114	1503115848	3600		260.69		 119968356		-999.00
6115	1503119448	3600		260.69		 119968356		-999.00
6116	1503123048	3600		260.69		 119968356		-999.00
6117	1503126648	3600		260.69		 119968356		-999.00
6118	1503130248	3600		260.69		 119968356		-999.00
6119	1503133848	3600		261.03		 119968356		-999.00
2017-08-18 14:50:48 2017-08-19 11:10:48 0:00:00 2017-08-19 11:11:10
6120	1503060648	-73200		261.55		 119968356		-999.00
6104	1503135070	1200		267.61		 102289566		488.50
6104	1503138670	3600		267.72		 105849789		482.00
6104	1503142270	3600		267.50		  98719235		478.50
6104	1503145870	3600		267.03		  94126057		474.50
6104	1503149470	3600		266.83		  87644308		475.00
6104	1503153070	3600		266.72		  83752208		469.00
6104	1503156670	3600		266.55		  78272413		470.50
6104	1503160270	3600		266.39		  72884596		471.00
6104	1503163870	3600		266.29		  69636499		468.00
6104	1503167470	3600		261.20		  63672624		  9.50
2017-08-19 20:39:19 2017-08-19 20:31:10 0:05:00 2017-08-19 20:44:19
6104	1503168259	789		261.20		  63928971		  9.50
6105
6105	1503169459	1200		260.68		  63928971		-999.00
6106	1503173059	3600		260.68		  63928971		-999.00
2017-08-19 20:44:19 2017-08-19 22:04:19 0:00:00 2017-08-19 22:59:27
6107	1503168259	-4800		261.20		  63928971		-999.00
6105	1503177567	1200		267.86		 110795156		497.50
6105	1503181167	3600		267.96		 113894895		492.50
6105	1503184767	3600		267.79		 108207335		489.00
6105	1503188367	3600		267.58		 101321939		485.50
2017-08-20 02:31:10 2017-08-20 02:19:27 0:05:00 2017-08-20 02:36:10
6105	1503189370	1003		267.43		  96346820		485.50
6106
6106	1503190570	1200		264.03		  96346820		-999.00
6107	1503194170	3600		264.03		  96346820		-999.00
6108	1503197770	3600		264.03		  96346820		-999.00
6109	1503201370	3600		264.03		  96346820		-999.00
6110	1503204970	3600		264.03		  96346820		-999.00
6111	1503208570	3600		264.03		  96346820		-999.00
6112	1503212170	3600		264.03		  96346820		-999.00
6113	1503215770	3600		264.03		  96346820		-999.00
6114	1503219370	3600		264.03		  96346820		-999.00
6115	1503222970	3600		261.02		  96346820		-999.00
6116	1503226570	3600		260.68		  96346820		-999.00
6117	1503230170	3600		261.02		  96346820		-999.00
2017-08-20 02:36:10 2017-08-20 13:56:10 0:00:00 2017-08-20 14:10:46
6118	1503189370	-40800		261.54		  96346820		-999.00
6106	1503232246	1200		267.69		 105267547		495.00
6106	1503235846	3600		267.92		 112949819		491.50
6106	1503239446	3600		267.69		 105368826		488.50
6106	1503243046	3600		267.56		 100966442		488.50
6106	1503246646	3600		267.36		  94301658		488.50
6106	1503250246	3600		266.91		  90489760		457.50
6106	1503253846	3600		266.74		  84854382		484.50
6106	1503257446	3600		266.59		  79893343		482.50
6106	1503261046	3600		266.45		  75285708		482.50
6106	1503264646	3600		266.37		  72691537		479.50
6106	1503268246	3600		266.24		  68112178		479.00
6106	1503271846	3600		266.14		  64900036		461.50
6106	1503275446	3600		266.04		  61566911		474.00
2017-08-21 02:56:10 2017-08-21 02:30:46 0:05:00 2017-08-21 03:01:10
6106	1503277270	1824		261.19		  54062839		 10.00
6107
6108
6109
6110
6107	1503278470	1200		260.68		  54062839		-999.00
6108	1503282070	3600		260.68		  54062839		-999.00
6109	1503285670	3600		260.68		  54062839		-999.00
6110	1503289270	3600		260.69		  54062839		-999.00
6111	1503292870	3600		260.69		  54062839		-999.00
6112	1503296470	3600		261.20		  54062839		-999.00
6113	1503300070	3600		260.69		  54062839		-999.00
6114	1503303670	3600		260.69		  54062839		-999.00
6115	1503307270	3600		260.69		  54062839		-999.00
6116	1503310870	3600		260.69		  54062839		-999.00
2017-08-21 03:01:10 2017-08-21 12:21:10 0:00:00 2017-08-21 13:12:25
6117	1503277270	-33600		261.19		  54062839		-999.00
6110	1503315145	1200		267.32		  98228304		503.00
6110	1503318745	3600		267.69		 104838312		493.50
6110	1503322345	3600		267.27		  96808257		495.00
6110	1503325945	3600		267.10		  91081646		466.00
6110	1503329545	3600		266.78		  86153042		491.50
6110	1503333145	3600		266.64		  81241727		464.00
6110	1503336745	3600		266.46		  75253050		484.00
6110	1503340345	3600		266.33		  70988638		482.00
6110	1503343945	3600		266.33		  66698203		484.50
6110	1503347545	3600		266.24		  63513599		480.00
6110	1503351145	3600		266.12		  59611330		478.00
6110	1503354745	3600		266.02		  56382622		476.00
2017-08-22 01:21:19 2017-08-22 00:32:25 0:05:00 2017-08-22 01:26:19
6110	1503357979	3234		261.33		  51042397		  9.50
6111
6112
6113
6114
6111	1503359179	1200		261.03		  51042397		-999.00
6112	1503362779	3600		260.69		  51042397		-999.00
6113	1503366379	3600		261.04		  51042397		-999.00
6114	1503369979	3600		260.70		  51042397		-999.00
6115	1503373579	3600		261.04		  51042397		-999.00
6116	1503377179	3600		260.70		  51042397		-999.00
6117	1503380779	3600		260.70		  51042397		-999.00
2017-08-22 01:26:19 2017-08-22 07:46:19 0:00:00 2017-08-22 08:45:33
6118	1503357979	-22800		261.33		  51042397		-999.00
6114	1503385533	1200		268.00		 115604392		505.00
6114	1503389133	3600		267.68		 104773359		505.00
6114	1503392733	3600		267.57		 101252514		500.00
2017-08-22 11:06:17 2017-08-22 11:05:33 0:00:00 2017-08-22 11:06:17
6114	1503392777	44		266.21		  55881165		500.00
6115
6116
6115	1503393977	1200		256.47		  55881165		-999.00
6116	1503397577	3600		263.85		  55881165		-999.00
6117	1503401177	3600		264.02		  55881165		-999.00
6118	1503404777	3600		261.02		  55881165		-999.00
6119	1503408377	3600		260.83		  55881165		-999.00
6120	1503411977	3600		260.84		  55881165		-999.00
6121	1503415577	3600		264.01		  55881165		-999.00
6122	1503419177	3600		264.01		  55881165		-999.00
6123	1503422777	3600		260.67		  55881165		-999.00
6124	1503426377	3600		260.67		  55881165		-999.00
6125	1503429977	3600		260.67		  55881165		-999.00
6126	1503433577	3600		260.67		  55881165		-999.00
2017-08-22 11:06:17 2017-08-22 22:26:17 0:00:00 2017-08-22 23:20:45
6127	1503392777	-40800		261.53		  55881165		-999.00
6116	1503438045	1200		266.97		  87201343		493.00
6116	1503441645	3600		267.71		 106369854		499.50
6116	1503445245	3600		267.30		  92522611		494.50
6116	1503448845	3600		266.99		  82429570		493.50
6116	1503452445	3600		266.83		  76984141		490.50
6116	1503456045	3600		266.75		  74170259		486.50
2017-08-23 05:01:23 2017-08-23 04:40:45 0:05:00 2017-08-23 05:06:23
6116	1503457583	1538		266.67		  71625187		487.00
6117
6118
6119
6117	1503458783	1200		264.17		  71625187		-999.00
6118	1503462383	3600		264.17		  71625187		-999.00
6119	1503465983	3600		263.66		  71625187		-999.00
6120	1503469583	3600		261.00		  71625187		-999.00
6121	1503473183	3600		264.17		  71625187		-999.00
6122	1503476783	3600		263.97		  71625187		-999.00
6123	1503480383	3600		263.80		  71625187		-999.00
2017-08-23 05:06:23 2017-08-23 11:26:23 0:00:00 2017-08-23 12:22:58
6124	1503457583	-22800		264.52		  71625187		-999.00
6119	1503484978	1200		267.39		  96916740		512.50
6119	1503488578	3600		267.67		 106003099		504.00
6119	1503492178	3600		267.41		  97308131		501.00
6119	1503495778	3600		267.28		  93277489		500.00
6119	1503499378	3600		267.08		  86312265		497.50
6119	1503502978	3600		266.98		  83002108		497.00
2017-08-23 18:12:25 2017-08-23 17:42:58 0:05:00 2017-08-23 18:17:25
6119	1503505045	2067		266.85		  78825565		494.50
6120
6121
6122
6123
6120	1503506245	1200		263.97		  78825565		-999.00
6121	1503509845	3600		260.80		  78825565		-999.00
6122	1503513445	3600		260.63		  78825565		-999.00
6123	1503517045	3600		263.99		  78825565		-999.00
6124	1503520645	3600		263.65		  78825565		-999.00
6125	1503524245	3600		263.83		  78825565		-999.00
6126	1503527845	3600		264.01		  78825565		-999.00
6127	1503531445	3600		260.67		  78825565		-999.00
6128	1503535045	3600		260.67		  78825565		-999.00
6129	1503538645	3600		261.02		  78825565		-999.00
2017-08-23 18:17:25 2017-08-24 03:37:25 0:00:00 2017-08-24 04:22:13
6130	1503505045	-33600		261.49		  78825565		-999.00
6123	1503542533	1200		269.48		 162913538		551.00
2017-08-24 04:44:26 2017-08-24 04:42:13 0:05:00 2017-08-24 04:49:26
6123	1503542966	433		270.15		 185371756		551.00
6124
6125
6126
6127
6128
6129
6130
6131
6132
6133
6134
6135
6136
6124	1503544166	1200		264.07		 185371756		-999.00
6125	1503547766	3600		264.07		 185371756		-999.00
6126	1503551366	3600		264.07		 185371756		-999.00
6127	1503554966	3600		264.07		 185371756		-999.00
6128	1503558566	3600		264.07		 185371756		-999.00
6129	1503562166	3600		264.07		 185371756		-999.00
6130	1503565766	3600		260.89		 185371756		-999.00
6131	1503569366	3600		260.72		 185371756		-999.00
6132	1503572966	3600		260.72		 185371756		-999.00
6133	1503576566	3600		261.06		 185371756		-999.00
6134	1503580166	3600		260.72		 185371756		-999.00
6135	1503583766	3600		263.72		 185371756		-999.00
6136	1503587366	3600		263.72		 185371756		-999.00
6137	1503590966	3600		263.72		 185371756		-999.00
6138	1503594566	3600		264.06		 185371756		-999.00
6139	1503598166	3600		264.06		 185371756		-999.00
6140	1503601766	3600		264.06		 185371756		-999.00
6141	1503605366	3600		264.06		 185371756		-999.00
6142	1503608966	3600		264.06		 185371756		-999.00
6143	1503612566	3600		264.06		 185371756		-999.00
6144	1503616166	3600		264.06		 185371756		-999.00
6145	1503619766	3600		264.06		 185371756		-999.00
6146	1503623366	3600		264.06		 185371756		-999.00
6147	1503626966	3600		264.06		 185371756		-999.00
6148	1503630566	3600		264.06		 185371756		-999.00
6149	1503634166	3600		264.06		 185371756		-999.00
6150	1503637766	3600		263.72		 185371756		-999.00
6151	1503641366	3600		263.72		 185371756		-999.00
6152	1503644966	3600		263.89		 185371756		-999.00
6153	1503648566	3600		263.89		 185371756		-999.00
6154	1503652166	3600		263.87		 185371756		-999.00
6155	1503655766	3600		263.87		 185371756		-999.00
6156	1503659366	3600		263.87		 185371756		-999.00
6157	1503662966	3600		263.87		 185371756		-999.00
6158	1503666566	3600		263.87		 185371756		-999.00
6159	1503670166	3600		263.87		 185371756		-999.00
6160	1503673766	3600		263.87		 185371756		-999.00
6161	1503677366	3600		263.87		 185371756		-999.00
6162	1503680966	3600		263.87		 185371756		-999.00
6163	1503684566	3600		263.87		 185371756		-999.00
6164	1503688166	3600		263.87		 185371756		-999.00
6165	1503691766	3600		263.87		 185371756		-999.00
6166	1503695366	3600		264.04		 185371756		-999.00
6167	1503698966	3600		260.87		 185371756		-999.00
6168	1503702566	3600		260.70		 185371756		-999.00
6169	1503706166	3600		260.70		 185371756		-999.00
6170	1503709766	3600		261.04		 185371756		-999.00
6171	1503713366	3600		261.04		 185371756		-999.00
6172	1503716966	3600		260.70		 185371756		-999.00
6173	1503720566	3600		260.70		 185371756		-999.00
6174	1503724166	3600		260.69		 185371756		-999.00
6175	1503727766	3600		260.69		 185371756		-999.00
6176	1503731366	3600		260.86		 185371756		-999.00
6177	1503734966	3600		260.69		 185371756		-999.00
6178	1503738566	3600		260.69		 185371756		-999.00
6179	1503742166	3600		260.69		 185371756		-999.00
6180	1503745766	3600		261.03		 185371756		-999.00
2017-08-24 04:49:26 2017-08-26 13:09:26 0:00:00 2017-08-26 13:55:44
6181	1503542966	-202800		261.59		 185371756		-999.00
6136	1503749744	1200		266.26		  69120438		490.50
6136	1503753344	3600		266.35		  72144147		482.50
6136	1503756944	3600		266.20		  67046317		480.00
6136	1503760544	3600		266.10		  63649655		480.00
6136	1503764144	3600		265.97		  59332186		479.50
2017-08-26 19:01:21 2017-08-26 18:15:44 0:05:00 2017-08-26 19:06:21
6136	1503767181	3037		265.88		  56504254		477.00
6137
6138
6137	1503768381	1200		264.19		  56504254		-999.00
6138	1503771981	3600		264.19		  56504254		-999.00
6139	1503775581	3600		264.19		  56504254		-999.00
6140	1503779181	3600		263.84		  56504254		-999.00
6141	1503782781	3600		263.84		  56504254		-999.00
6142	1503786381	3600		263.84		  56504254		-999.00
6143	1503789981	3600		263.84		  56504254		-999.00
6144	1503793581	3600		263.84		  56504254		-999.00
6145	1503797181	3600		264.18		  56504254		-999.00
6146	1503800781	3600		264.18		  56504254		-999.00
6147	1503804381	3600		264.18		  56504254		-999.00
6148	1503807981	3600		264.18		  56504254		-999.00
6149	1503811581	3600		264.18		  56504254		-999.00
6150	1503815181	3600		260.67		  56504254		-999.00
6151	1503818781	3600		260.67		  56504254		-999.00
2017-08-26 19:06:21 2017-08-27 09:26:21 0:00:00 2017-08-27 09:30:54
6152	1503767181	-51600		261.19		  56504254		-999.00
6138	1503820254	1200		266.81		  81954556		500.00
6138	1503823854	3600		266.97		  87373355		492.00
6138	1503827454	3600		266.76		  80466753		486.00
6138	1503831054	3600		266.63		  76028240		489.00
2017-08-27 12:56:06 2017-08-27 12:50:54 0:05:00 2017-08-27 13:01:06
6138	1503831666	612		266.61		  75474249		487.50
6139
6140
6139	1503832866	1200		264.18		  75474249		-999.00
6140	1503836466	3600		260.65		  75474249		-999.00
6141	1503840066	3600		260.99		  75474249		-999.00
6142	1503843666	3600		264.16		  75474249		-999.00
6143	1503847266	3600		260.82		  75474249		-999.00
6144	1503850866	3600		260.82		  75474249		-999.00
2017-08-27 13:01:06 2017-08-27 18:21:06 0:00:00 2017-08-27 18:22:15
6145	1503831666	-19200		261.35		  75474249		-999.00
6140	1503852135	1200		267.90		 112667274		515.50
6140	1503855735	3600		268.01		 116494875		511.50
6140	1503859335	3600		267.78		 108839755		509.50
6140	1503862935	3600		267.57		 101623413		504.50
6140	1503866535	3600		267.33		  93777608		500.00
6140	1503870135	3600		267.17		  88279536		500.00
6140	1503873735	3600		267.00		  82698980		498.50
6140	1503877335	3600		266.82		  76889716		496.00
6140	1503880935	3600		266.70		  72697922		494.00
6140	1503884535	3600		266.61		  69880115		491.00
6140	1503888135	3600		266.47		  65248103		491.50
6140	1503891735	3600		266.38		  62103173		491.00
6140	1503895335	3600		266.27		  58596890		488.50
6140	1503898935	3600		266.19		  55889764		486.50
2017-08-28 07:47:01 2017-08-28 07:42:15 0:05:00 2017-08-28 07:52:01
6140	1503899521	586		261.35		  53530215		  9.50
6141
6141	1503900721	1200		261.01		  53530215		-999.00
6142	1503904321	3600		260.67		  53530215		-999.00
6143	1503907921	3600		260.84		  53530215		-999.00
2017-08-28 07:52:01 2017-08-28 10:12:01 0:00:00 2017-08-28 10:21:38
6144	1503899521	-8400		261.18		  53530215		-999.00
6141	1503909698	1200		267.69		 105440352		517.00
2017-08-28 11:23:22 2017-08-28 10:41:38 0:05:00 2017-08-28 11:28:22
6141	1503912502	2804		267.83		 110235674		517.00
6142
6142	1503913702	1200		264.01		 110235674		-999.00
6143	1503917302	3600		260.84		 110235674		-999.00
6144	1503920902	3600		260.84		 110235674		-999.00
2017-08-28 11:28:22 2017-08-28 13:48:22 0:00:00 2017-08-28 14:12:03
6145	1503912502	-8400		261.52		 110235674		-999.00
6142	1503923523	1200		267.83		 110280061		524.50
6142	1503927123	3600		267.97		 114727363		519.50
6142	1503930723	3600		267.69		 105713956		517.50
6142	1503934323	3600		267.52		  99825102		515.00
6142	1503937923	3600		267.30		  92575222		492.50
6142	1503941523	3600		267.18		  88553804		509.50
6142	1503945123	3600		266.97		  81468646		505.00
6142	1503948723	3600		266.82		  76596894		504.00
6142	1503952323	3600		266.69		  72294495		504.00
6142	1503955923	3600		266.57		  68357355		501.50
6142	1503959523	3600		266.45		  64313776		498.50
6142	1503963123	3600		266.35		  60944277		496.00
6142	1503966723	3600		266.24		  57215984		496.00
6142	1503970323	3600		266.16		  54632501		496.00
2017-08-29 04:18:52 2017-08-29 03:32:03 0:05:00 2017-08-29 04:23:52
6142	1503973432	3109		265.84		  49478884		493.50
6143
6143	1503974632	1200		260.67		  49478884		-999.00
6144	1503978232	3600		260.67		  49478884		-999.00
6145	1503981832	3600		260.84		  49478884		-999.00
2017-08-29 04:23:52 2017-08-29 06:43:52 0:00:00 2017-08-29 06:54:00
6146	1503973432	-8400		261.35		  49478884		-999.00
6143	1503983640	1200		267.73		 106411387		530.50
6143	1503987240	3600		267.85		 110719790		526.00
6143	1503990840	3600		267.59		 101881346		523.50
6143	1503994440	3600		267.48		  98374191		519.50
6143	1503998040	3600		267.25		  90397569		518.50
6143	1504001640	3600		267.13		  86670447		514.00
6143	1504005240	3600		266.96		  80989066		511.50
6143	1504008840	3600		266.81		  76002255		509.50
6143	1504012440	3600		266.69		  71920058		509.00
6143	1504016040	3600		266.60		  68722920		508.00
6143	1504019640	3600		266.48		  65027368		505.50
6143	1504023240	3600		266.38		  61437153		503.50
6143	1504026840	3600		266.29		  58534503		503.50
6143	1504030440	3600		265.96		  53283921		497.00
2017-08-29 20:35:55 2017-08-29 20:14:00 0:05:00 2017-08-29 20:40:55
6143	1504032055	1615		261.36		  53000609		  9.50
6144
6145
6146
6144	1504033255	1200		260.81		  53000609		-999.00
6145	1504036855	3600		260.63		  53000609		-999.00
6146	1504040455	3600		260.64		  53000609		-999.00
6147	1504044055	3600		260.64		  53000609		-999.00
6148	1504047655	3600		260.81		  53000609		-999.00
6149	1504051255	3600		260.97		  53000609		-999.00
6150	1504054855	3600		260.80		  53000609		-999.00
2017-08-29 20:40:55 2017-08-30 03:00:55 0:00:00 2017-08-30 03:39:51
6151	1504032055	-22800		261.36		  53000609		-999.00
6146	1504058391	1200		267.62		 103963993		534.50
2017-08-30 04:01:34 2017-08-30 03:59:51 0:00:00 2017-08-30 04:01:34
6146	1504058494	103		267.86		 111883520		534.50
6147
6147	1504059694	1200		263.99		 111883520		-999.00
6148	1504063294	3600		260.65		 111883520		-999.00
6149	1504066894	3600		260.82		 111883520		-999.00
2017-08-30 04:01:34 2017-08-30 06:21:34 0:00:00 2017-08-30 06:47:43
6150	1504058494	-8400		261.50		 111883520		-999.00
6147	1504069663	1200		267.57		 106970351		492.50
6147	1504073263	3600		267.47		 115047471		492.00
6147	1504076863	3600		267.70		 105846042		531.50
6147	1504080463	3600		267.51		  99497758		525.00
6147	1504084063	3600		267.33		  93288515		523.50
6147	1504087663	3600		267.17		  88113527		521.50
6147	1504091263	3600		267.01		  82724230		518.50
6147	1504094863	3600		266.72		  78724350		513.00
6147	1504098463	3600		266.58		  73993127		517.50
6147	1504102063	3600		266.46		  70083766		513.50
6147	1504105663	3600		266.31		  65209430		513.00
6147	1504109263	3600		266.22		  61963070		511.00
6147	1504112863	3600		266.11		  58511819		508.00
6147	1504116463	3600		266.03		  55673476		507.00
6147	1504120063	3600		261.36		  50718275		  9.50
2017-08-30 21:13:14 2017-08-30 21:07:43 0:05:00 2017-08-30 21:18:14
6147	1504120694	631		261.36		  53993600		  9.50
6148
6149
6150
