6235
6236
6236	1506163260	1200		264.12		   3720895		550.00
6236	1506166860	3600		264.13		   3868634		547.00
6236	1506170460	3600		264.12		   3620819		544.50
6236	1506174060	3600		264.11		   3380521		543.00
2017-09-23 15:42:32 2017-09-23 15:41:00 0:05:00 2017-09-23 15:47:32
6236	1506174452	392		264.11		   3321104		543.00
6237
6238
6237	1506175652	1200		260.66		   3321104		-999.00
6238	1506179252	3600		260.83		   3321104		-999.00
6239	1506182852	3600		260.83		   3321104		-999.00
2017-09-23 15:47:32 2017-09-23 18:07:32 0:00:00 2017-09-23 18:51:58
6240	1506174452	-8400		261.01		   3321104		-999.00
6238	1506186718	1200		265.84		  49737870		580.00
6238	1506190318	3600		265.13		  37433427		529.50
6238	1506193918	3600		264.03		    773940		545.50
6238	1506197518	3600		264.03		    779082		544.50
6238	1506201118	3600		264.03		    788379		543.50
6238	1506204718	3600		264.03		    770884		542.50
2017-09-24 00:33:08 2017-09-24 00:11:58 0:05:00 2017-09-24 00:38:08
6238	1506206288	1570		264.03		    788534		544.00
6239
6239	1506207488	1200		260.67		    788534		-999.00
6240	1506211088	3600		260.68		    788534		-999.00
2017-09-24 00:38:08 2017-09-24 01:58:08 0:00:00 2017-09-24 02:55:48
6241	1506206288	-4800		260.84		    788534		-999.00
6239	1506215748	1200		267.50		 103878126		606.00
6239	1506219348	3600		267.64		 108749798		573.00
6239	1506222948	3600		267.41		 100982041		607.00
6239	1506226548	3600		267.11		  91150386		599.50
6239	1506230148	3600		266.92		  84586982		598.50
6239	1506233748	3600		266.75		  79150212		595.00
2017-09-24 08:45:06 2017-09-24 08:15:48 0:05:00 2017-09-24 08:50:06
6239	1506235806	2058		266.48		  69836781		594.00
6240
6240	1506237006	1200		263.85		  69836781		-999.00
6241	1506240606	3600		260.85		  69836781		-999.00
6242	1506244206	3600		260.85		  69836781		-999.00
2017-09-24 08:50:06 2017-09-24 11:10:06 0:00:00 2017-09-24 11:11:06
6243	1506235806	-8400		261.38		  69836781		-999.00
6240	1506245466	1200		268.62		 137027590		641.00
6240	1506249066	3600		268.71		 139895171		635.50
6240	1506252666	3600		268.46		 131536415		633.50
6240	1506256266	3600		268.26		 125104127		627.50
6240	1506259866	3600		267.99		 116122499		626.50
6240	1506263466	3600		267.84		 111142600		623.50
6240	1506267066	3600		267.60		 102909573		619.00
6240	1506270666	3600		267.37		  95180801		616.00
6240	1506274266	3600		267.14		  87504810		616.00
6240	1506277866	3600		267.03		  83896534		613.00
6240	1506281466	3600		266.88		  78833503		609.50
6240	1506285066	3600		266.72		  73611403		608.50
2017-09-24 23:12:27 2017-09-24 22:31:06 0:05:00 2017-09-24 23:17:27
6240	1506287847	2781		266.37		  67572881		604.00
6241
6241	1506289047	1200		263.82		  67572881		-999.00
6242	1506292647	3600		261.16		  67572881		-999.00
6243	1506296247	3600		260.82		  67572881		-999.00
2017-09-24 23:17:27 2017-09-25 01:37:27 0:00:00 2017-09-25 01:47:19
6244	1506287847	-8400		261.34		  67572881		-999.00
6241	1506298039	1200		269.55		 163226110		673.00
6241	1506301639	3600		269.64		 166304668		664.50
6241	1506305239	3600		269.30		 155113554		658.50
6241	1506308839	3600		269.02		 145645122		653.50
6241	1506312439	3600		268.66		 133784328		654.00
6241	1506316039	3600		268.49		 128027173		649.50
6241	1506319639	3600		268.19		 117951015		643.00
6241	1506323239	3600		267.97		 110790367		639.00
6241	1506326839	3600		267.74		 103106531		638.00
6241	1506330439	3600		267.52		  95541196		634.00
6241	1506334039	3600		267.32		  88954744		630.50
6241	1506337639	3600		266.93		  83267231		626.50
6241	1506341239	3600		266.76		  77316587		625.00
2017-09-25 14:39:09 2017-09-25 14:07:19 0:05:00 2017-09-25 14:44:09
6241	1506343449	2210		266.35		  69316574		619.00
6242
6243
6242	1506344649	1200		263.93		  69316574		-999.00
6243	1506348249	3600		260.75		  69316574		-999.00
6244	1506351849	3600		260.75		  69316574		-999.00
6245	1506355449	3600		260.75		  69316574		-999.00
6246	1506359049	3600		260.75		  69316574		-999.00
2017-09-25 14:44:09 2017-09-25 19:04:09 0:00:00 2017-09-25 19:08:12
6247	1506343449	-15600		261.27		  69316574		-999.00
6243	1506360492	1200		269.44		 160792596		684.50
6243	1506364092	3600		269.71		 169889615		676.00
6243	1506367692	3600		269.39		 159063112		676.50
6243	1506371292	3600		269.11		 149713717		669.50
6243	1506374892	3600		268.80		 139552963		667.00
6243	1506378492	3600		268.56		 131520624		660.00
6243	1506382092	3600		268.31		 123067115		658.50
6243	1506385692	3600		268.04		 114140393		655.50
6243	1506389292	3600		267.85		 107690232		653.50
6243	1506392892	3600		267.69		 102511450		649.00
6243	1506396492	3600		267.43		  93622853		644.50
6243	1506400092	3600		267.22		  86698089		641.00
6243	1506403692	3600		267.07		  81787272		642.00
2017-09-26 08:00:39 2017-09-26 07:28:12 0:05:00 2017-09-26 08:05:39
6243	1506405939	2247		266.50		  74307163		641.00
6244
6245
6244	1506407139	1200		263.76		  74307163		-999.00
6245	1506410739	3600		263.76		  74307163		-999.00
6246	1506414339	3600		264.27		  74307163		-999.00
6247	1506417939	3600		263.76		  74307163		-999.00
6248	1506421539	3600		264.27		  74307163		-999.00
2017-09-26 08:05:39 2017-09-26 12:25:39 0:00:00 2017-09-26 12:46:26
6249	1506405939	-15600		264.27		  74307163		-999.00
6245	1506423986	1200		269.74		 170170005		699.50
6245	1506427586	3600		269.80		 172322314		692.00
6245	1506431186	3600		269.46		 160858338		690.00
6245	1506434786	3600		269.19		 151798129		681.50
6245	1506438386	3600		268.85		 140439674		682.00
6245	1506441986	3600		268.65		 134028301		676.50
6245	1506445586	3600		268.33		 123340723		671.50
6245	1506449186	3600		268.11		 115937414		669.50
6245	1506452786	3600		267.87		 107726980		663.50
6245	1506456386	3600		267.64		 100340345		660.00
6245	1506459986	3600		267.42		  92892169		655.50
6245	1506463586	3600		267.25		  87271006		647.50
2017-09-27 00:57:24 2017-09-27 00:06:26 0:05:00 2017-09-27 01:02:24
6245	1506466944	3358		266.77		  82502373		650.00
6246
6247
6246	1506468144	1200		260.76		  82502373		-999.00
6247	1506471744	3600		260.76		  82502373		-999.00
6248	1506475344	3600		260.76		  82502373		-999.00
6249	1506478944	3600		260.76		  82502373		-999.00
6250	1506482544	3600		260.76		  82502373		-999.00
6251	1506486144	3600		260.76		  82502373		-999.00
2017-09-27 01:02:24 2017-09-27 06:22:24 0:00:00 2017-09-27 07:03:42
6252	1506466944	-19200		261.29		  82502373		-999.00
6247	1506489822	1200		269.99		 178498077		706.50
6247	1506493422	3600		269.98		 178139946		705.00
6247	1506497022	3600		269.56		 164204472		695.00
6247	1506500622	3600		269.24		 153454885		696.00
6247	1506504222	3600		268.90		 142307680		695.00
6247	1506507822	3600		268.66		 134382934		687.50
6247	1506511422	3600		268.27		 121285920		682.00
2017-09-27 14:00:11 2017-09-27 13:23:42 0:05:00 2017-09-27 14:05:11
6247	1506513911	2489		267.85		 112830886		678.50
6248
6249
6250
6251
6252
6248	1506515111	1200		263.78		 112830886		-999.00
6249	1506518711	3600		264.29		 112830886		-999.00
6250	1506522311	3600		264.29		 112830886		-999.00
6251	1506525911	3600		261.29		 112830886		-999.00
6252	1506529511	3600		260.78		 112830886		-999.00
6253	1506533111	3600		260.78		 112830886		-999.00
6254	1506536711	3600		260.78		 112830886		-999.00
2017-09-27 14:05:11 2017-09-27 20:25:11 0:00:00 2017-09-27 20:36:10
6255	1506513911	-22800		261.46		 112830886		-999.00
6252	1506538570	1200		268.59		 132185675		710.00
6252	1506542170	3600		269.33		 156645410		705.00
6252	1506545770	3600		269.04		 147026680		701.50
6252	1506549370	3600		268.79		 138759269		693.50
6252	1506552970	3600		268.50		 129172178		693.50
6252	1506556570	3600		268.36		 124287688		690.00
6252	1506560170	3600		268.08		 115074796		683.50
6252	1506563770	3600		267.85		 107518757		680.50
6252	1506567370	3600		267.65		 100719564		679.00
6252	1506570970	3600		267.51		  95997789		677.00
6252	1506574570	3600		267.29		  88797676		672.00
6252	1506578170	3600		267.14		  83799673		670.50
6252	1506581770	3600		267.00		  79260702		666.00
2017-09-28 09:16:36 2017-09-28 08:56:10 0:05:00 2017-09-28 09:21:36
6252	1506583296	1526		266.35		  69276343		659.00
6253
6253	1506584496	1200		260.93		  69276343		-999.00
6254	1506588096	3600		260.74		  69276343		-999.00
6255	1506591696	3600		260.74		  69276343		-999.00
2017-09-28 09:21:36 2017-09-28 11:41:36 0:00:00 2017-09-28 12:27:43
6256	1506583296	-8400		261.28		  69276343		-999.00
6253	1506595663	1200		270.38		 186976253		734.00
6253	1506599263	3600		269.85		 174623209		731.50
6253	1506602863	3600		269.59		 166261286		724.50
6253	1506606463	3600		269.26		 155250616		719.50
6253	1506610063	3600		268.91		 143548775		714.00
6253	1506613663	3600		268.58		 132417955		707.50
6253	1506617263	3600		268.34		 124451004		706.50
6253	1506620863	3600		268.14		 117809892		701.00
6253	1506624463	3600		267.79		 106143469		694.00
6253	1506628063	3600		267.59		  99311769		692.00
6253	1506631663	3600		267.40		  93010327		689.50
6253	1506635263	3600		267.29		  89390369		685.50
6253	1506638863	3600		267.06		  81700090		682.50
6253	1506642463	3600		266.94		  77668827		679.00
2017-09-29 02:05:48 2017-09-29 01:47:43 0:05:00 2017-09-29 02:10:48
6253	1506643848	1385		266.22		  65230066		676.50
6254
6255
6254	1506645048	1200		263.92		  65230066		-999.00
6255	1506648648	3600		260.93		  65230066		-999.00
6256	1506652248	3600		260.76		  65230066		-999.00
2017-09-29 02:10:48 2017-09-29 04:30:48 0:00:00 2017-09-29 05:26:46
6257	1506643848	-8400		261.26		  65230066		-999.00
6255	1506656806	1200		269.90		 175218669		748.50
6255	1506660406	3600		270.23		 186388414		754.00
6255	1506664006	3600		270.14		 183333769		747.00
6255	1506667606	3600		269.72		 169341458		737.50
6255	1506671206	3600		269.48		 161415061		740.00
6255	1506674806	3600		269.08		 148053314		732.50
6255	1506678406	3600		268.78		 137916509		730.50
6255	1506682006	3600		268.57		 130871069		723.00
6255	1506685606	3600		268.27		 120865056		712.50
6255	1506689206	3600		267.94		 109948361		710.50
6255	1506692806	3600		267.71		 102204956		707.50
6255	1506696406	3600		267.51		  95709936		702.00
6255	1506700006	3600		267.34		  90070672		703.00
6255	1506703606	3600		267.24		  86607148		696.50
6255	1506707206	3600		267.01		  78993494		694.00
6255	1506710806	3600		266.83		  72885141		690.00
6255	1506714406	3600		266.71		  68948480		686.00
6255	1506718006	3600		261.27		  62010358		 11.00
2017-09-29 22:53:45 2017-09-29 22:46:46 0:05:00 2017-09-29 22:58:45
6255	1506718725	719		261.27		  62319800		 11.00
6256
6257
6258
6256	1506719925	1200		261.27		  62319800		-999.00
6257	1506723525	3600		260.77		  62319800		-999.00
6258	1506727125	3600		260.77		  62319800		-999.00
6259	1506730725	3600		260.76		  62319800		-999.00
6260	1506734325	3600		260.76		  62319800		-999.00
6261	1506737925	3600		260.76		  62319800		-999.00
6262	1506741525	3600		260.76		  62319800		-999.00
2017-09-29 22:58:45 2017-09-30 05:18:45 0:00:00 2017-09-30 05:42:53
6263	1506718725	-22800		261.27		  62319800		-999.00
6258	1506744173	1200		260.93		   3649762		 10.50
6258	1506747773	3600		268.38		 126151254		743.00
6258	1506751373	3600		269.19		 152926133		737.50
6258	1506754973	3600		268.92		 144110340		736.00
6258	1506758573	3600		268.62		 133999408		727.00
6258	1506762173	3600		268.39		 126357885		728.00
6258	1506765773	3600		268.17		 119103392		723.50
6258	1506769373	3600		267.90		 109987300		717.50
6258	1506772973	3600		267.69		 103074922		714.00
6258	1506776573	3600		267.53		  97824495		712.50
6258	1506780173	3600		267.38		  92630794		709.50
6258	1506783773	3600		267.19		  86361229		706.50
6258	1506787373	3600		267.06		  81876595		703.50
6258	1506790973	3600		261.26		  74345547		 11.00
2017-09-30 19:34:26 2017-09-30 19:02:53 0:05:00 2017-09-30 19:39:26
6258	1506793166	2193		261.26		  71298284		 11.00
6259
6259	1506794366	1200		261.08		  71298284		-999.00
6260	1506797966	3600		263.74		  71298284		-999.00
6261	1506801566	3600		263.74		  71298284		-999.00
2017-09-30 19:39:26 2017-09-30 21:59:26 0:00:00 2017-09-30 22:10:44
6262	1506793166	-8400		264.26		  71298284		-999.00
6259	1506803444	1200		269.09		 149371260		766.00
6259	1506807044	3600		269.46		 161534949		752.00
6259	1506810644	3600		269.10		 149551532		750.00
6259	1506814244	3600		268.81		 139998057		742.50
6259	1506817844	3600		268.45		 127942210		740.00
6259	1506821444	3600		268.16		 118219463		734.00
6259	1506825044	3600		267.93		 110624550		731.50
6259	1506828644	3600		267.77		 105300764		726.50
6259	1506832244	3600		267.53		  97349474		722.50
6259	1506835844	3600		267.35		  91208783		717.00
6259	1506839444	3600		267.14		  84425168		713.00
6259	1506843044	3600		266.72		  81615365		712.50
6259	1506846644	3600		266.55		  75992800		712.50
6259	1506850244	3600		266.43		  71848961		706.00
6259	1506853844	3600		266.25		  65973757		703.00
2017-10-01 13:07:45 2017-10-01 12:30:44 0:05:00 2017-10-01 13:12:45
6259	1506856365	2521		266.03		  58554246		701.00
6260
6261
6260	1506857565	1200		264.27		  58554246		-999.00
6261	1506861165	3600		264.27		  58554246		-999.00
6262	1506864765	3600		264.27		  58554246		-999.00
6263	1506868365	3600		260.76		  58554246		-999.00
6264	1506871965	3600		260.75		  58554246		-999.00
2017-10-01 13:12:45 2017-10-01 17:32:45 0:00:00 2017-10-01 17:45:37
6265	1506856365	-15600		261.27		  58554246		-999.00
6261	1506873937	1200		269.50		 162330001		769.50
6261	1506877537	3600		270.06		 181250272		786.00
6261	1506881137	3600		269.62		 166423107		774.50
2017-10-01 20:55:55 2017-10-01 20:05:37 0:05:00 2017-10-01 21:00:55
6261	1506884455	3318		269.28		 155127121		766.00
6262
6262	1506885655	1200		264.28		 155127121		-999.00
6263	1506889255	3600		260.77		 155127121		-999.00
6264	1506892855	3600		261.11		 155127121		-999.00
2017-10-01 21:00:55 2017-10-01 23:20:55 0:00:00 2017-10-01 23:40:15
6265	1506884455	-8400		261.62		 155127121		-999.00
6262	1506895215	1200		269.62		 166167260		797.00
6262	1506898815	3600		270.05		 180432359		776.50
6262	1506902415	3600		269.58		 164914443		770.50
6262	1506906015	3600		269.23		 153298714		769.00
2017-10-02 03:11:24 2017-10-02 03:00:15 0:05:00 2017-10-02 03:16:24
6262	1506906984	969		269.07		 147771976		765.50
6263
6263	1506908184	1200		264.29		 147771976		-999.00
6264	1506911784	3600		260.77		 147771976		-999.00
2017-10-02 03:16:24 2017-10-02 04:36:24 0:00:00 2017-10-02 05:32:35
6265	1506906984	-4800		261.63		 147771976		-999.00
6263	1506916355	1200		269.90		 174922280		806.00
6263	1506919955	3600		270.17		 183897915		793.50
6263	1506923555	3600		269.73		 169253259		788.00
2017-10-02 08:14:27 2017-10-02 07:52:35 0:05:00 2017-10-02 08:19:27
6263	1506925167	1612		269.51		 161738935		780.50
6264
6265
6266
6264	1506926367	1200		264.31		 161738935		-999.00
6265	1506929967	3600		264.31		 161738935		-999.00
6266	1506933567	3600		260.97		 161738935		-999.00
6267	1506937167	3600		260.63		 161738935		-999.00
6268	1506940767	3600		260.78		 161738935		-999.00
6269	1506944367	3600		260.78		 161738935		-999.00
6270	1506947967	3600		264.29		 161738935		-999.00
6271	1506951567	3600		264.29		 161738935		-999.00
6272	1506955167	3600		260.78		 161738935		-999.00
2017-10-02 08:19:27 2017-10-02 16:39:27 0:00:00 2017-10-02 17:39:09
6273	1506925167	-30000		261.66		 161738935		-999.00
6266	1506959949	1200		269.89		 173338087		791.50
6266	1506963549	3600		269.95		 175538024		785.50
6266	1506967149	3600		269.41		 157483258		770.50
6266	1506970749	3600		269.02		 144436001		769.50
6266	1506974349	3600		268.64		 131864331		763.50
6266	1506977949	3600		268.36		 122463759		756.00
6266	1506981549	3600		268.02		 111028979		750.00
6266	1506985149	3600		267.86		 105922536		749.00
6266	1506988749	3600		267.63		  98055925		743.00
6266	1506992349	3600		267.43		  91565207		739.00
6266	1506995949	3600		267.23		  84791014		737.50
6266	1506999549	3600		267.11		  80880180		733.00
2017-10-03 05:30:29 2017-10-03 04:59:09 0:05:00 2017-10-03 05:35:29
6266	1507001729	2180		267.00		  77034283		731.00
6267
6268
6267	1507002929	1200		264.33		  77034283		-999.00
6268	1507006529	3600		264.33		  77034283		-999.00
6269	1507010129	3600		264.33		  77034283		-999.00
6270	1507013729	3600		263.76		  77034283		-999.00
6271	1507017329	3600		260.72		  77034283		-999.00
6272	1507020929	3600		260.89		  77034283		-999.00
2017-10-03 05:35:29 2017-10-03 10:55:29 0:00:00 2017-10-03 11:48:19
6273	1507001729	-19200		261.33		  77034283		-999.00
6268	1507025299	1200		270.09		 180998616		801.50
6268	1507028899	3600		270.21		 185238120		808.50
6268	1507032499	3600		269.72		 168823296		803.50
6268	1507036099	3600		269.47		 160543679		788.50
6268	1507039699	3600		269.13		 149286438		786.00
6268	1507043299	3600		268.72		 135617012		778.00
6268	1507046899	3600		268.40		 124798095		771.00
6268	1507050499	3600		268.20		 118205589		765.50
6268	1507054099	3600		267.90		 108121565		761.50
6268	1507057699	3600		267.66		 100293813		753.00
2017-10-03 22:01:51 2017-10-03 21:08:19 0:05:00 2017-10-03 22:06:51
6268	1507061211	3512		266.92		  87103065		747.50
6269
6269	1507062411	1200		261.31		  87103065		-999.00
6270	1507066011	3600		264.14		  87103065		-999.00
6271	1507069611	3600		264.14		  87103065		-999.00
6272	1507073211	3600		261.31		  87103065		-999.00
6273	1507076811	3600		260.63		  87103065		-999.00
2017-10-03 22:06:51 2017-10-04 02:26:51 0:00:00 2017-10-04 03:16:41
6274	1507061211	-15600		261.31		  87103065		-999.00
6269	1507081001	1200		270.42		 191186179		812.50
6269	1507084601	3600		270.31		 187598501		821.50
2017-10-04 04:39:16 2017-10-04 04:36:41 0:02:00 2017-10-04 04:41:16
6269	1507084876	275		270.55		 195477114		821.50
6270
6271
6270	1507086076	1200		264.01		 195477114		-999.00
6271	1507089676	3600		264.01		 195477114		-999.00
6272	1507093276	3600		264.01		 195477114		-999.00
6273	1507096876	3600		260.68		 195477114		-999.00
6274	1507100476	3600		260.51		 195477114		-999.00
2017-10-04 04:41:16 2017-10-04 09:01:16 0:00:00 2017-10-04 09:19:12
6275	1507084876	-15600		261.69		 195477114		-999.00
6271	1507102752	1200		270.56		 194148258		821.00
6271	1507106352	3600		270.50		 192107916		828.50
6271	1507109952	3600		270.01		 176785479		818.50
6271	1507113552	3600		269.83		 171023794		808.00
6271	1507117152	3600		269.38		 155978846		801.50
6271	1507120752	3600		268.91		 140321898		794.50
6271	1507124352	3600		268.61		 130160489		791.00
6271	1507127952	3600		268.33		 120923104		781.50
6271	1507131552	3600		268.03		 110943612		773.00
6271	1507135152	3600		267.81		 103495505		771.00
6271	1507138752	3600		267.56		  95274394		765.50
6271	1507142352	3600		267.37		  88954179		757.00
2017-10-04 21:08:17 2017-10-04 20:39:12 0:05:00 2017-10-04 21:13:17
6271	1507144397	2045		266.52		  71983667		752.00
6272
6272	1507145597	1200		260.67		  71983667		-999.00
6273	1507149197	3600		261.01		  71983667		-999.00
6274	1507152797	3600		260.67		  71983667		-999.00
6275	1507156397	3600		261.18		  71983667		-999.00
2017-10-04 21:13:17 2017-10-05 00:33:17 0:00:00 2017-10-05 00:45:51
6276	1507144397	-12000		261.36		  71983667		-999.00
6272	1507158351	1200		270.89		 199088008		826.50
6272	1507161951	3600		270.76		 195319211		831.00
6272	1507165551	3600		269.89		 173377488		833.50
6272	1507169151	3600		269.77		 169058188		821.50
6272	1507172751	3600		269.24		 151565658		815.00
6272	1507176351	3600		268.82		 137418426		803.50
6272	1507179951	3600		268.47		 126042119		806.50
6272	1507183551	3600		268.28		 119493533		793.50
6272	1507187151	3600		268.00		 110294115		791.00
6272	1507190751	3600		267.73		 101176441		782.00
6272	1507194351	3600		267.48		  92996403		774.50
6272	1507197951	3600		266.81		  82247825		731.00
2017-10-05 12:41:57 2017-10-05 12:05:51 0:05:00 2017-10-05 12:46:57
6272	1507200417	2466		266.86		  84098780		765.50
6273
6274
6275
6273	1507201617	1200		261.15		  84098780		-999.00
6274	1507205217	3600		260.64		  84098780		-999.00
6275	1507208817	3600		260.99		  84098780		-999.00
6276	1507212417	3600		260.65		  84098780		-999.00
6277	1507216017	3600		260.65		  84098780		-999.00
6278	1507219617	3600		260.99		  84098780		-999.00
2017-10-05 12:46:57 2017-10-05 18:06:57 0:00:00 2017-10-05 18:52:10
6279	1507200417	-19200		261.34		  84098780		-999.00
6275	1507223530	1200		270.67		 194182884		855.50
6275	1507227130	3600		270.72		 195785501		858.50
6275	1507230730	3600		270.24		 179797574		855.00
6275	1507234330	3600		270.12		 175845224		840.00
6275	1507237930	3600		269.24		 158584642		817.00
6275	1507241530	3600		268.93		 142540317		821.00
6275	1507245130	3600		268.60		 131290135		814.00
6275	1507248730	3600		268.36		 123489838		801.50
6275	1507252330	3600		268.03		 112380762		799.50
6275	1507255930	3600		267.78		 104040956		794.00
6275	1507259530	3600		267.53		  95628112		788.50
6275	1507263130	3600		267.32		  88826789		779.50
6275	1507266730	3600		267.08		  80785949		778.00
2017-10-06 07:39:05 2017-10-06 07:12:10 0:05:00 2017-10-06 07:44:05
6275	1507268645	1915		266.58		  69927470		774.00
6276
6276	1507269845	1200		261.10		  69927470		-999.00
6277	1507273445	3600		263.93		  69927470		-999.00
6278	1507277045	3600		261.28		  69927470		-999.00
6279	1507280645	3600		260.58		  69927470		-999.00
6280	1507284245	3600		260.93		  69927470		-999.00
2017-10-06 07:44:05 2017-10-06 12:04:05 0:00:00 2017-10-06 12:29:26
6281	1507268645	-15600		261.49		  69927470		-999.00
6276	1507286966	1200		270.80		 196087930		847.00
6276	1507290566	3600		270.40		 183577422		868.50
6276	1507294166	3600		270.31		 180341439		858.00
6276	1507297766	3600		269.83		 164423077		838.00
6276	1507301366	3600		269.39		 149899930		834.50
2017-10-06 17:35:19 2017-10-06 16:49:26 0:05:00 2017-10-06 17:40:19
6276	1507304419	3053		269.02		 137453435		830.50
6277
6278
6277	1507305619	1200		264.18		 137453435		-999.00
6278	1507309219	3600		264.18		 137453435		-999.00
6279	1507312819	3600		264.18		 137453435		-999.00
6280	1507316419	3600		260.67		 137453435		-999.00
6281	1507320019	3600		260.67		 137453435		-999.00
2017-10-06 17:40:19 2017-10-06 22:00:19 0:00:00 2017-10-06 22:14:10
6282	1507304419	-15600		261.90		 137453435		-999.00
6278	1507322050	1200		270.89		 197764498		874.00
6278	1507325650	3600		270.30		 183581040		876.00
6278	1507329250	3600		270.34		 179076763		865.50
6278	1507332850	3600		269.90		 164454860		852.50
6278	1507336450	3600		269.39		 147645080		840.50
6278	1507340050	3600		268.82		 135499215		830.50
2017-10-07 04:20:12 2017-10-07 03:34:10 0:05:00 2017-10-07 04:25:12
6278	1507343112	3062		268.32		 124593510		831.00
6279
6279	1507344312	1200		264.24		 124593510		-999.00
6280	1507347912	3600		260.73		 124593510		-999.00
6281	1507351512	3600		260.73		 124593510		-999.00
2017-10-07 04:25:12 2017-10-07 06:45:12 0:00:00 2017-10-07 07:34:47
6282	1507343112	-8400		261.58		 124593510		-999.00
6279	1507355687	1200		270.83		 194933895		881.50
6279	1507359287	3600		270.81		 194327697		882.50
6279	1507362887	3600		270.05		 180022070		882.00
2017-10-07 10:37:07 2017-10-07 09:54:47 0:05:00 2017-10-07 10:42:07
6279	1507365727	2840		270.07		 181067386		775.50
6280
6281
6282
6283
6280	1507366927	1200		261.29		 181067386		-999.00
6281	1507370527	3600		264.29		 181067386		-999.00
6282	1507374127	3600		263.78		 181067386		-999.00
6283	1507377727	3600		264.29		 181067386		-999.00
6284	1507381327	3600		264.29		 181067386		-999.00
6285	1507384927	3600		264.29		 181067386		-999.00
6286	1507388527	3600		264.29		 181067386		-999.00
6287	1507392127	3600		264.29		 181067386		-999.00
6288	1507395727	3600		264.29		 181067386		-999.00
6289	1507399327	3600		264.29		 181067386		-999.00
6290	1507402927	3600		264.29		 181067386		-999.00
6291	1507406527	3600		264.29		 181067386		-999.00
6292	1507410127	3600		264.29		 181067386		-999.00
6293	1507413727	3600		260.78		 181067386		-999.00
6294	1507417327	3600		260.95		 181067386		-999.00
2017-10-07 10:42:07 2017-10-08 01:02:07 0:00:00 2017-10-08 01:24:17
6295	1507365727	-51600		261.65		 181067386		-999.00
6283	1507419857	1200		270.59		 191191985		875.50
6283	1507423457	3600		270.64		 192680527		881.00
6283	1507427057	3600		270.17		 178003911		879.00
6283	1507430657	3600		270.07		 174704327		862.00
6283	1507434257	3600		269.21		 157924500		839.50
6283	1507437857	3600		268.93		 142891670		835.50
6283	1507441457	3600		268.60		 132053157		834.50
6283	1507445057	3600		268.37		 124271562		833.00
6283	1507448657	3600		268.09		 114893671		821.50
6283	1507452257	3600		267.78		 104531530		817.50
6283	1507455857	3600		267.56		  97179221		810.50
6283	1507459457	3600		267.30		  88701633		808.50
2017-10-08 13:21:40 2017-10-08 12:44:17 0:05:00 2017-10-08 13:26:40
6283	1507462000	2543		266.65		  78251115		797.00
6284
6284	1507463200	1200		260.78		  78251115		-999.00
6285	1507466800	3600		260.78		  78251115		-999.00
6286	1507470400	3600		260.95		  78251115		-999.00
2017-10-08 13:26:40 2017-10-08 15:46:40 0:00:00 2017-10-08 15:48:40
6287	1507462000	-8400		261.30		  78251115		-999.00
6284	1507471720	1200		270.51		 194385428		893.00
6284	1507475320	3600		270.22		 190432148		771.50
6284	1507478920	3600		270.07		 180355489		889.00
6284	1507482520	3600		270.04		 173417299		873.00
6284	1507486120	3600		269.55		 157181510		863.00
6284	1507489720	3600		269.12		 142773872		857.50
6284	1507493320	3600		268.79		 131897353		850.00
2017-10-08 22:24:16 2017-10-08 22:08:40 0:05:00 2017-10-08 22:29:16
6284	1507494556	1236		268.67		 128020732		852.00
6285
6285	1507495756	1200		264.31		 128020732		-999.00
6286	1507499356	3600		260.79		 128020732		-999.00
2017-10-08 22:29:16 2017-10-08 23:49:16 0:00:00 2017-10-09 00:42:01
6287	1507494556	-4800		261.83		 128020732		-999.00
6285	1507503721	1200		270.51		 194002112		897.50
6285	1507507321	3600		270.47		 192719109		899.00
6285	1507510921	3600		270.13		 181900775		900.50
6285	1507514521	3600		269.94		 175427249		883.00
6285	1507518121	3600		269.40		 157379027		874.50
6285	1507521721	3600		269.00		 143987073		865.50
6285	1507525321	3600		268.63		 131685289		862.00
6285	1507528921	3600		268.42		 124855426		853.50
2017-10-09 08:29:56 2017-10-09 08:02:01 0:05:00 2017-10-09 08:34:56
6285	1507530896	1975		268.02		 117375821		851.00
6286
6287
6286	1507532096	1200		261.32		 117375821		-999.00
6287	1507535696	3600		264.32		 117375821		-999.00
6288	1507539296	3600		264.32		 117375821		-999.00
6289	1507542896	3600		264.32		 117375821		-999.00
6290	1507546496	3600		264.32		 117375821		-999.00
6291	1507550096	3600		264.32		 117375821		-999.00
6292	1507553696	3600		264.32		 117375821		-999.00
6293	1507557296	3600		264.32		 117375821		-999.00
6294	1507560896	3600		264.32		 117375821		-999.00
6295	1507564496	3600		260.81		 117375821		-999.00
6296	1507568096	3600		260.98		 117375821		-999.00
2017-10-09 08:34:56 2017-10-09 18:54:56 0:00:00 2017-10-09 19:52:06
6297	1507530896	-37200		261.33		 117375821		-999.00
6287	1507572726	1200		270.38		 188635589		911.00
6287	1507576326	3600		270.53		 193335909		910.50
6287	1507579926	3600		270.18		 182081925		905.00
6287	1507583526	3600		270.47		 186109271		906.00
6287	1507587126	3600		269.93		 168087041		892.50
6287	1507590726	3600		269.42		 151125058		884.50
6287	1507594326	3600		269.09		 140270004		872.00
6287	1507597926	3600		268.81		 130759927		870.00
6287	1507601526	3600		268.34		 120855499		864.50
6287	1507605126	3600		268.04		 110948001		855.00
6287	1507608726	3600		267.76		 101470928		843.00
6287	1507612326	3600		267.54		  94104739		843.00
6287	1507615926	3600		267.01		  87743310		844.50
6287	1507619526	3600		266.76		  79548299		825.50
2017-10-10 09:13:36 2017-10-10 09:12:06 0:02:00 2017-10-10 09:15:36
6287	1507619736	210		266.86		  82772996		825.50
6288
6288	1507620936	1200		264.36		  82772996		-999.00
6289	1507624536	3600		260.84		  82772996		-999.00
6290	1507628136	3600		261.36		  82772996		-999.00
2017-10-10 09:15:36 2017-10-10 11:35:36 0:00:00 2017-10-10 12:07:17
6291	1507619736	-8400		261.37		  82772996		-999.00
6288	1507631237	1200		270.03		 189828022		793.00
6288	1507634837	3600		270.64		 193058239		932.50
6288	1507638437	3600		270.21		 181222168		923.00
6288	1507642037	3600		270.24		 182263980		911.00
6288	1507645637	3600		269.69		 164148294		900.50
6288	1507649237	3600		269.21		 148116995		890.00
6288	1507652837	3600		268.86		 136552630		881.00
6288	1507656437	3600		268.60		 127721051		875.00
6288	1507660037	3600		268.33		 118759307		868.00
6288	1507663637	3600		267.99		 107348165		858.50
6288	1507667237	3600		267.68		  97227057		854.00
6288	1507670837	3600		267.50		  91060241		850.00
2017-10-11 00:08:42 2017-10-10 23:27:17 0:05:00 2017-10-11 00:13:42
6288	1507673622	2785		266.67		  80401963		837.50
6289
6290
6291
6289	1507674822	1200		260.74		  80401963		-999.00
6290	1507678422	3600		260.57		  80401963		-999.00
6291	1507682022	3600		260.75		  80401963		-999.00
6292	1507685622	3600		260.75		  80401963		-999.00
6293	1507689222	3600		261.26		  80401963		-999.00
6294	1507692822	3600		260.75		  80401963		-999.00
6295	1507696422	3600		261.09		  80401963		-999.00
2017-10-11 00:13:42 2017-10-11 06:33:42 0:00:00 2017-10-11 07:03:12
6296	1507673622	-22800		261.26		  80401963		-999.00
6291	1507699392	1200		270.66		 195634930		926.00
6291	1507702992	3600		270.59		 193277060		941.50
6291	1507706592	3600		270.21		 182290977		940.50
6291	1507710192	3600		270.12		 179238952		918.00
6291	1507713792	3600		269.54		 159788884		906.50
6291	1507717392	3600		269.15		 146873843		897.00
6291	1507720992	3600		268.75		 133689946		894.50
6291	1507724592	3600		268.54		 126578288		881.50
6291	1507728192	3600		268.20		 115200186		876.00
6291	1507731792	3600		267.94		 106491316		872.00
6291	1507735392	3600		267.74		  99848287		863.50
6291	1507738992	3600		267.47		  91028094		860.00
6291	1507742592	3600		267.31		  85411850		854.50
6291	1507746192	3600		267.16		  80566620		853.00
6291	1507749792	3600		266.83		  75281845		847.00
6291	1507753392	3600		266.65		  69263813		838.50
6291	1507756992	3600		266.48		  63626820		837.00
6291	1507760592	3600		266.38		  60299741		834.50
6291	1507764192	3600		266.26		  56104784		829.00
2017-10-12 01:56:48 2017-10-12 01:23:12 0:05:00 2017-10-12 02:01:48
6291	1507766508	2316		265.89		  49418854		826.00
6292
6293
6294
6295
6292	1507767708	1200		263.88		  49418854		-999.00
6293	1507771308	3600		263.71		  49418854		-999.00
6294	1507774908	3600		263.71		  49418854		-999.00
6295	1507778508	3600		263.71		  49418854		-999.00
6296	1507782108	3600		263.87		  49418854		-999.00
6297	1507785708	3600		263.29		  49418854		-999.00
6298	1507789308	3600		264.01		  49418854		-999.00
6299	1507792908	3600		259.27		  49418854		-999.00
6300	1507796508	3600		258.79		  49418854		-999.00
6301	1507800108	3600		258.79		  49418854		-999.00
6302	1507803708	3600		258.79		  49418854		-999.00
6303	1507807308	3600		258.79		  49418854		-999.00
6304	1507810908	3600		258.79		  49418854		-999.00
6305	1507814508	3600		258.79		  49418854		-999.00
6306	1507818108	3600		258.79		  49418854		-999.00
6307	1507821708	3600		264.14		  49418854		-999.00
6308	1507825308	3600		264.49		  49418854		-999.00
6309	1507828908	3600		263.76		  49418854		-999.00
2017-10-12 02:01:48 2017-10-12 19:21:48 0:00:00 2017-10-12 20:21:26
6310	1507766508	-62400		264.40		  49418854		-999.00
6295	1507833686	1200		264.10		         0		774.00
6295	1507837286	3600		264.10		         3		777.00
6295	1507840886	3600		264.10		         3		779.00
6295	1507844486	3600		264.10		         3		780.50
6295	1507848086	3600		264.10		         0		781.50
6295	1507851686	3600		264.10		         0		782.50
6295	1507855286	3600		255.91		         0		 17.00
2017-10-13 02:46:01 2017-10-13 02:41:26 0:05:00 2017-10-13 02:51:01
6295	1507855861	575		255.91		         0		 17.00
6296
6297
6296	1507857061	1200		255.74		         0		-999.00
6297	1507860661	3600		255.74		         0		-999.00
6298	1507864261	3600		255.74		         0		-999.00
6299	1507867861	3600		255.74		         0		-999.00
6300	1507871461	3600		255.74		         0		-999.00
6301	1507875061	3600		255.74		         0		-999.00
6302	1507878661	3600		255.91		         0		-999.00
6303	1507882261	3600		255.74		         0		-999.00
6304	1507885861	3600		255.74		         0		-999.00
6305	1507889461	3600		255.74		         0		-999.00
6306	1507893061	3600		255.74		         0		-999.00
6307	1507896661	3600		255.74		         0		-999.00
6308	1507900261	3600		255.74		         0		-999.00
6309	1507903861	3600		255.74		         0		-999.00
6310	1507907461	3600		255.91		         0		-999.00
6311	1507911061	3600		261.48		         0		-999.00
6312	1507914661	3600		261.44		         0		-999.00
2017-10-13 02:51:01 2017-10-13 19:11:01 0:00:00 2017-10-13 19:49:19
6313	1507855861	-58800		255.91		         0		-999.00
6297	1507918159	1200		270.60		 187961731		936.50
6297	1507921759	3600		270.78		 194862741		936.00
6297	1507925359	3600		270.21		 182800992		947.50
6297	1507928959	3600		269.73		 178075065		811.50
6297	1507932559	3600		269.58		 161731702		911.00
6297	1507936159	3600		269.13		 146869864		902.00
6297	1507939759	3600		268.77		 134846305		903.50
6297	1507943359	3600		268.67		 131604600		894.50
6297	1507946959	3600		268.33		 120233716		888.00
6297	1507950559	3600		267.72		 111400739		879.50
6297	1507954159	3600		267.45		 102410556		872.50
6297	1507957759	3600		267.23		  95032302		866.50
6297	1507961359	3600		266.98		  86652055		867.50
6297	1507964959	3600		266.77		  79613072		806.50
2017-10-14 09:21:13 2017-10-14 09:09:19 0:05:00 2017-10-14 09:26:13
6297	1507965973	1014		261.38		  73981463		 11.00
6298
6298	1507967173	1200		261.03		  73981463		-999.00
6299	1507970773	3600		260.69		  73981463		-999.00
2017-10-14 09:26:13 2017-10-14 10:46:13 0:00:00 2017-10-14 11:43:47
6300	1507965973	-4800		261.38		  73981463		-999.00
6298	1507975427	1200		270.58		 193877068		955.00
6298	1507979027	3600		270.52		 191762840		957.50
6298	1507982627	3600		270.50		 191203015		959.00
6298	1507986227	3600		270.00		 180991366		870.00
6298	1507989827	3600		270.23		 183852623		940.00
6298	1507993427	3600		269.57		 162082803		935.50
6298	1507997027	3600		269.19		 149231211		927.50
6298	1508000627	3600		268.84		 137639971		912.50
6298	1508004227	3600		268.49		 126164237		905.50
6298	1508007827	3600		268.16		 114987833		899.50
6298	1508011427	3600		267.92		 106958146		894.00
6298	1508015027	3600		267.65		  98162462		887.50
6298	1508018627	3600		267.45		  91427684		885.00
6298	1508022227	3600		267.26		  85146357		874.50
6298	1508025827	3600		267.04		  77778520		870.50
6298	1508029427	3600		266.72		  72781415		865.00
6298	1508033027	3600		266.57		  67587617		862.00
2017-10-15 04:46:23 2017-10-15 04:03:47 0:05:00 2017-10-15 04:51:23
6298	1508035883	2856		266.20		  60865109		852.50
6299
6300
6299	1508037083	1200		261.03		  60865109		-999.00
6300	1508040683	3600		260.52		  60865109		-999.00
6301	1508044283	3600		260.69		  60865109		-999.00
6302	1508047883	3600		260.69		  60865109		-999.00
2017-10-15 04:51:23 2017-10-15 08:11:23 0:00:00 2017-10-15 09:04:02
6303	1508035883	-12000		261.37		  60865109		-999.00
6300	1508052242	1200		270.61		 194334349		977.50
6300	1508055842	3600		270.57		 192868967		973.50
6300	1508059442	3600		270.57		 192971965		975.00
6300	1508063042	3600		270.24		 182489381		987.50
6300	1508066642	3600		270.31		 184658584		965.50
6300	1508070242	3600		269.71		 164671385		951.00
6300	1508073842	3600		269.31		 151477860		947.50
2017-10-15 15:51:00 2017-10-15 15:24:02 0:05:00 2017-10-15 15:56:00
6300	1508075760	1918		269.09		 144193103		936.00
