5965
5965	1500443005	1200		269.92		 179403602		240.50
5965	1500446605	3600		269.89		 178585390		243.50
2017-07-19 09:21:45 2017-07-19 08:43:25 0:05:00 2017-07-19 09:26:45
5965	1500449205	2600		269.93		 172186253		245.00
5966
5966	1500450405	1200		263.85		 172186253		-999.00
5967	1500454005	3600		260.85		 172186253		-999.00
5968	1500457605	3600		260.91		 172186253		-999.00
2017-07-19 09:26:45 2017-07-19 11:46:45 0:00:00 2017-07-19 12:02:26
5969	1500449205	-8400		261.77		 172186253		-999.00
5966	1500459746	1200		270.26		 184257506		242.50
2017-07-19 12:23:17 2017-07-19 12:22:26 0:00:00 2017-07-19 12:23:17
5966	1500459797	51		268.87		 137652867		245.00
5967
5968
5969
5970
5971
5967	1500460997	1200		263.81		 137652867		-999.00
5968	1500464597	3600		260.80		 137652867		-999.00
5969	1500468197	3600		261.07		 137652867		-999.00
5970	1500471797	3600		261.07		 137652867		-999.00
5971	1500475397	3600		261.07		 137652867		-999.00
5972	1500478997	3600		261.11		 137652867		-999.00
5973	1500482597	3600		261.11		 137652867		-999.00
5974	1500486197	3600		261.08		 137652867		-999.00
5975	1500489797	3600		260.98		 137652867		-999.00
5976	1500493397	3600		260.98		 137652867		-999.00
5977	1500496997	3600		260.98		 137652867		-999.00
5978	1500500597	3600		260.98		 137652867		-999.00
2017-07-19 12:23:17 2017-07-19 23:43:17 0:00:00 2017-07-19 23:52:05
5979	1500459797	-40800		261.74		 137652867		-999.00
5971	1500502325	1200		270.67		 192385867		256.00
2017-07-20 00:35:42 2017-07-20 00:12:05 0:05:00 2017-07-20 00:40:42
5971	1500504042	1717		271.12		 207569462		253.50
5972
5973
5974
5972	1500505242	1200		263.71		 207569462		-999.00
5973	1500508842	3600		260.68		 207569462		-999.00
5974	1500512442	3600		261.02		 207569462		-999.00
5975	1500516042	3600		261.01		 207569462		-999.00
2017-07-20 00:40:42 2017-07-20 04:00:42 0:00:00 2017-07-20 04:36:06
5976	1500504042	-12000		261.90		 207569462		-999.00
5974	1500519366	1200		269.50		 163847223		243.50
2017-07-20 04:56:29 2017-07-20 04:56:06 0:00:00 2017-07-20 04:56:29
5974	1500519389	23		264.99		  13742968		243.50
5975
5976
5975	1500520589	1200		264.10		  13742968		-999.00
5976	1500524189	3600		264.10		  13742968		-999.00
5977	1500527789	3600		264.05		  13742968		-999.00
5978	1500531389	3600		264.31		  13742968		-999.00
5979	1500534989	3600		264.31		  13742968		-999.00
5980	1500538589	3600		260.65		  13742968		-999.00
5981	1500542189	3600		260.99		  13742968		-999.00
5982	1500545789	3600		261.09		  13742968		-999.00
2017-07-20 04:56:29 2017-07-20 12:16:29 0:00:00 2017-07-20 12:41:19
5983	1500519389	-26400		261.58		  13742968		-999.00
5976	1500548479	1200		269.91		 186696641		217.00
5976	1500552079	3600		269.71		 174390003		245.00
5976	1500555679	3600		269.70		 162097008		241.50
5976	1500559279	3600		269.25		 159179187		242.50
5976	1500562879	3600		268.99		 150618445		241.50
5976	1500566479	3600		268.79		 144162991		241.50
5976	1500570079	3600		268.49		 134055612		239.00
5976	1500573679	3600		268.23		 125457491		238.50
5976	1500577279	3600		267.92		 115004863		236.00
5976	1500580879	3600		267.81		 111182916		233.50
5976	1500584479	3600		267.55		 102511309		233.50
5976	1500588079	3600		267.37		  96816581		231.00
5976	1500591679	3600		267.19		  90591494		231.00
5976	1500595279	3600		267.07		  86513051		220.00
5976	1500598879	3600		266.87		  80100499		227.00
5976	1500602479	3600		266.75		  75890342		227.00
2017-07-21 04:01:44 2017-07-21 04:01:19 0:02:00 2017-07-21 04:03:44
5976	1500602624	145		268.63		 138640884		227.00
5977
5978
5979
5977	1500603824	1200		261.47		 138640884		-999.00
5978	1500607424	3600		264.47		 138640884		-999.00
5979	1500611024	3600		264.47		 138640884		-999.00
5980	1500614624	3600		264.47		 138640884		-999.00
5981	1500618224	3600		264.47		 138640884		-999.00
5982	1500621824	3600		264.47		 138640884		-999.00
5983	1500625424	3600		264.47		 138640884		-999.00
5984	1500629024	3600		261.47		 138640884		-999.00
5985	1500632624	3600		261.47		 138640884		-999.00
5986	1500636224	3600		261.47		 138640884		-999.00
5987	1500639824	3600		261.47		 138640884		-999.00
5988	1500643424	3600		261.47		 138640884		-999.00
5989	1500647024	3600		261.47		 138640884		-999.00
2017-07-21 04:03:44 2017-07-21 16:23:44 0:00:00 2017-07-21 17:03:39
5990	1500602624	-44400		261.47		 138640884		-999.00
5979	1500650619	1200		270.27		 193231837		255.50
5979	1500654219	3600		269.19		 157379730		232.00
5979	1500657819	3600		267.78		 110384839		256.50
5979	1500661419	3600		269.35		 162819840		254.50
5979	1500665019	3600		269.09		 153934328		254.00
5979	1500668619	3600		268.83		 145335248		251.50
5979	1500672219	3600		268.53		 135388498		251.50
5979	1500675819	3600		268.31		 128010727		247.50
5979	1500679419	3600		267.93		 115373820		247.50
5979	1500683019	3600		267.83		 111931286		245.50
5979	1500686619	3600		267.63		 105245612		245.50
5979	1500690219	3600		267.45		  99242020		245.50
5979	1500693819	3600		267.19		  90544818		243.00
5979	1500697419	3600		261.47		  85746036		  9.50
5979	1500701019	3600		261.47		  81136239		  9.50
5979	1500704619	3600		261.11		  76476761		  9.50
2017-07-22 08:24:55 2017-07-22 08:23:39 0:05:00 2017-07-22 08:29:55
5979	1500704995	376		261.11		  91381457		  9.50
5980
5980	1500706195	1200		261.01		  91381457		-999.00
5981	1500709795	3600		261.05		  91381457		-999.00
5982	1500713395	3600		261.22		  91381457		-999.00
2017-07-22 08:29:55 2017-07-22 10:49:55 0:00:00 2017-07-22 11:39:42
5983	1500704995	-8400		261.11		  91381457		-999.00
5980	1500717582	1200		267.01		  92013573		246.00
5980	1500721182	3600		267.15		  96678420		243.00
5980	1500724782	3600		267.01		  91859499		243.00
5980	1500728382	3600		266.76		  87596663		241.50
5980	1500731982	3600		266.58		  81343980		241.50
5980	1500735582	3600		266.41		  75755670		239.00
5980	1500739182	3600		266.38		  70577107		235.00
2017-07-22 18:13:21 2017-07-22 17:59:42 0:05:00 2017-07-22 18:18:21
5980	1500740301	1119		266.28		  67093871		232.50
5981
5982
5983
5984
5981	1500741501	1200		263.75		  67093871		-999.00
5982	1500745101	3600		260.89		  67093871		-999.00
5983	1500748701	3600		264.02		  67093871		-999.00
5984	1500752301	3600		264.19		  67093871		-999.00
5985	1500755901	3600		264.19		  67093871		-999.00
5986	1500759501	3600		264.19		  67093871		-999.00
5987	1500763101	3600		264.20		  67093871		-999.00
5988	1500766701	3600		264.20		  67093871		-999.00
5989	1500770301	3600		264.20		  67093871		-999.00
5990	1500773901	3600		264.20		  67093871		-999.00
5991	1500777501	3600		264.20		  67093871		-999.00
5992	1500781101	3600		264.25		  67093871		-999.00
5993	1500784701	3600		264.22		  67093871		-999.00
5994	1500788301	3600		263.79		  67093871		-999.00
5995	1500791901	3600		264.27		  67093871		-999.00
5996	1500795501	3600		264.27		  67093871		-999.00
5997	1500799101	3600		264.29		  67093871		-999.00
5998	1500802701	3600		264.29		  67093871		-999.00
5999	1500806301	3600		264.20		  67093871		-999.00
6000	1500809901	3600		264.20		  67093871		-999.00
6001	1500813501	3600		264.20		  67093871		-999.00
6002	1500817101	3600		264.21		  67093871		-999.00
6003	1500820701	3600		261.00		  67093871		-999.00
6004	1500824301	3600		261.00		  67093871		-999.00
6005	1500827901	3600		264.10		  67093871		-999.00
6006	1500831501	3600		264.10		  67093871		-999.00
6007	1500835101	3600		264.19		  67093871		-999.00
6008	1500838701	3600		264.19		  67093871		-999.00
6009	1500842301	3600		264.19		  67093871		-999.00
6010	1500845901	3600		261.19		  67093871		-999.00
6011	1500849501	3600		261.05		  67093871		-999.00
6012	1500853101	3600		261.06		  67093871		-999.00
2017-07-22 18:18:21 2017-07-24 01:38:21 0:00:00 2017-07-24 01:53:19
6013	1500740301	-112800		261.27		  67093871		-999.00
5984	1500855199	1200		270.24		 188639091		283.50
5984	1500858799	3600		270.98		 204768909		280.00
2017-07-24 04:03:42 2017-07-24 03:13:19 0:05:00 2017-07-24 04:08:42
5984	1500862122	3323		260.97		 190860428		  9.50
5985
5986
5987
5988
5989
5990
5991
5992
5993
5994
5995
5996
5997
5998
5999
6000
6001
6002
6003
6004
6005
6006
6007
6008
6009
6010
6011
6012
5985	1500863322	1200		260.89		 190860428		-999.00
5986	1500866922	3600		256.01		 190860428		-999.00
5987	1500870522	3600		255.60		 190860428		-999.00
5988	1500874122	3600		255.56		 190860428		-999.00
5989	1500877722	3600		255.73		 190860428		-999.00
5990	1500881322	3600		255.73		 190860428		-999.00
5991	1500884922	3600		255.73		 190860428		-999.00
5992	1500888522	3600		258.86		 190860428		-999.00
5993	1500892122	3600		258.86		 190860428		-999.00
5994	1500895722	3600		258.86		 190860428		-999.00
5995	1500899322	3600		258.86		 190860428		-999.00
5996	1500902922	3600		258.86		 190860428		-999.00
5997	1500906522	3600		258.78		 190860428		-999.00
5998	1500910122	3600		258.78		 190860428		-999.00
5999	1500913722	3600		258.84		 190860428		-999.00
6000	1500917322	3600		258.84		 190860428		-999.00
6001	1500920922	3600		258.84		 190860428		-999.00
6002	1500924522	3600		258.74		 190860428		-999.00
6003	1500928122	3600		258.74		 190860428		-999.00
6004	1500931722	3600		258.74		 190860428		-999.00
6005	1500935322	3600		258.74		 190860428		-999.00
6006	1500938922	3600		258.74		 190860428		-999.00
6007	1500942522	3600		258.64		 190860428		-999.00
6008	1500946122	3600		258.54		 190860428		-999.00
6009	1500949722	3600		258.54		 190860428		-999.00
6010	1500953322	3600		258.54		 190860428		-999.00
6011	1500956922	3600		258.54		 190860428		-999.00
6012	1500960522	3600		258.77		 190860428		-999.00
6013	1500964122	3600		258.77		 190860428		-999.00
6014	1500967722	3600		258.79		 190860428		-999.00
6015	1500971322	3600		258.79		 190860428		-999.00
6016	1500974922	3600		258.79		 190860428		-999.00
6017	1500978522	3600		258.87		 190860428		-999.00
6018	1500982122	3600		258.87		 190860428		-999.00
6019	1500985722	3600		258.87		 190860428		-999.00
6020	1500989322	3600		258.87		 190860428		-999.00
6021	1500992922	3600		258.87		 190860428		-999.00
6022	1500996522	3600		258.87		 190860428		-999.00
6023	1501000122	3600		258.87		 190860428		-999.00
6024	1501003722	3600		258.87		 190860428		-999.00
6025	1501007322	3600		258.87		 190860428		-999.00
6026	1501010922	3600		258.87		 190860428		-999.00
6027	1501014522	3600		258.87		 190860428		-999.00
6028	1501018122	3600		258.87		 190860428		-999.00
6029	1501021722	3600		258.87		 190860428		-999.00
6030	1501025322	3600		258.87		 190860428		-999.00
6031	1501028922	3600		258.87		 190860428		-999.00
6032	1501032522	3600		258.87		 190860428		-999.00
6033	1501036122	3600		258.87		 190860428		-999.00
6034	1501039722	3600		258.87		 190860428		-999.00
6035	1501043322	3600		258.87		 190860428		-999.00
6036	1501046922	3600		258.87		 190860428		-999.00
6037	1501050522	3600		255.87		 190860428		-999.00
6038	1501054122	3600		261.58		 190860428		-999.00
6039	1501057722	3600		261.48		 190860428		-999.00
6040	1501061322	3600		261.43		 190860428		-999.00
6041	1501064922	3600		261.44		 190860428		-999.00
6042	1501068522	3600		261.46		 190860428		-999.00
6043	1501072122	3600		261.09		 190860428		-999.00
6044	1501075722	3600		261.16		 190860428		-999.00
6045	1501079322	3600		261.06		 190860428		-999.00
6046	1501082922	3600		261.15		 190860428		-999.00
6047	1501086522	3600		260.60		 190860428		-999.00
6048	1501090122	3600		261.22		 190860428		-999.00
6049	1501093722	3600		261.22		 190860428		-999.00
6050	1501097322	3600		261.22		 190860428		-999.00
6051	1501100922	3600		261.22		 190860428		-999.00
6052	1501104522	3600		261.22		 190860428		-999.00
6053	1501108122	3600		261.22		 190860428		-999.00
6054	1501111722	3600		261.22		 190860428		-999.00
6055	1501115322	3600		261.22		 190860428		-999.00
6056	1501118922	3600		261.22		 190860428		-999.00
6057	1501122522	3600		261.22		 190860428		-999.00
6058	1501126122	3600		264.22		 190860428		-999.00
6059	1501129722	3600		264.20		 190860428		-999.00
6060	1501133322	3600		264.17		 190860428		-999.00
6061	1501136922	3600		264.04		 190860428		-999.00
6062	1501140522	3600		264.11		 190860428		-999.00
6063	1501144122	3600		260.68		 190860428		-999.00
6064	1501147722	3600		261.14		 190860428		-999.00
2017-07-24 04:08:42 2017-07-27 11:28:42 0:00:00 2017-07-27 12:17:32
6065	1500862122	-285600		260.98		 190860428		-999.00
6012	1501151852	1200		263.96		     22518		210.00
6012	1501155452	3600		264.01		     26370		210.00
6012	1501159052	3600		263.96		     25815		210.00
6012	1501162652	3600		264.01		     25033		210.00
6012	1501166252	3600		264.03		     24763		210.00
6012	1501169852	3600		264.01		     24186		210.00
6012	1501173452	3600		264.03		     23682		210.00
6012	1501177052	3600		263.99		     23491		210.00
2017-07-27 20:19:49 2017-07-27 19:37:32 0:05:00 2017-07-27 20:24:49
6012	1501179889	2837		263.98		     23122		210.00
6013
6014
6015
6013	1501181089	1200		264.18		     23122		-999.00
6014	1501184689	3600		264.18		     23122		-999.00
6015	1501188289	3600		261.12		     23122		-999.00
6016	1501191889	3600		264.21		     23122		-999.00
6017	1501195489	3600		261.18		     23122		-999.00
2017-07-27 20:24:49 2017-07-28 00:44:49 0:00:00 2017-07-28 01:23:24
6018	1501179889	-15600		261.17		     23122		-999.00
Warning: Fill duration (8.416666666666666 min.) smaller than fill time delay, no data collected during fill 6015
6016
6019	1501199509	1200		264.15		     23122		-999.00
6020	1501203109	3600		261.14		     23122		-999.00
6021	1501206709	3600		260.87		     23122		-999.00
2017-07-28 01:31:49 2017-07-28 03:51:49 0:00:00 2017-07-28 03:52:58
6022	1501198309	-8400		261.09		     23122		-999.00
6016	1501207978	1200		263.96		     30744		209.50
6016	1501211578	3600		263.98		     35782		209.50
6016	1501215178	3600		263.98		     35620		209.00
6016	1501218778	3600		263.98		     35494		209.00
6016	1501222378	3600		264.04		     30661		214.50
6016	1501225978	3600		264.15		     13044		209.00
6016	1501229578	3600		264.01		     23361		216.50
6016	1501233178	3600		264.06		     16085		213.00
6016	1501236778	3600		263.92		     31245		206.50
6016	1501240378	3600		264.06		     23217		216.00
6016	1501243978	3600		264.02		      9985		213.00
6016	1501247578	3600		263.97		     36250		208.50
6016	1501251178	3600		264.00		     36247		208.50
6016	1501254778	3600		264.05		     32377		207.50
6016	1501258378	3600		263.97		     26107		207.50
6016	1501261978	3600		264.03		     28651		207.50
2017-07-28 20:02:54 2017-07-28 19:12:58 0:05:00 2017-07-28 20:07:54
6016	1501265274	3296		263.98		     16488		208.00
6017
6018
6017	1501266474	1200		264.17		     16488		-999.00
6018	1501270074	3600		261.15		     16488		-999.00
6019	1501273674	3600		261.08		     16488		-999.00
6020	1501277274	3600		261.22		     16488		-999.00
2017-07-28 20:07:54 2017-07-28 23:27:54 0:00:00 2017-07-28 23:52:45
6021	1501265274	-12000		261.04		     16488		-999.00
Warning: Fill duration (11.2 min.) smaller than fill time delay, no data collected during fill 6018
6019
6022	1501280637	1200		264.10		     16488		-999.00
6023	1501284237	3600		264.08		     16488		-999.00
6024	1501287837	3600		264.09		     16488		-999.00
6025	1501291437	3600		260.92		     16488		-999.00
6026	1501295037	3600		261.14		     16488		-999.00
6027	1501298637	3600		261.18		     16488		-999.00
2017-07-29 00:03:57 2017-07-29 05:23:57 0:00:00 2017-07-29 06:22:09
6028	1501279437	-19200		261.28		     16488		-999.00
6019	1501303329	1200		265.51		  43711922		221.00
6019	1501306929	3600		265.14		  37585054		212.50
6019	1501310529	3600		264.00		    715769		208.50
6019	1501314129	3600		264.00		    749043		208.50
2017-07-29 09:44:08 2017-07-29 09:42:09 0:02:00 2017-07-29 09:46:08
6019	1501314368	239		260.98		    750443		  9.50
6020
6020	1501315568	1200		260.25		    750443		-999.00
6021	1501319168	3600		260.92		    750443		-999.00
6022	1501322768	3600		261.09		    750443		-999.00
2017-07-29 09:46:08 2017-07-29 12:06:08 0:00:00 2017-07-29 12:11:23
6023	1501314368	-8400		261.14		    750443		-999.00
6020	1501324283	1200		269.94		 178596215		266.00
2017-07-29 13:11:19 2017-07-29 12:31:23 0:05:00 2017-07-29 13:16:19
6020	1501326979	2696		270.45		 189749160		272.50
6021
6021	1501328179	1200		263.93		 189749160		-999.00
6022	1501331779	3600		264.27		 189749160		-999.00
6023	1501335379	3600		260.97		 189749160		-999.00
6024	1501338979	3600		261.09		 189749160		-999.00
2017-07-29 13:16:19 2017-07-29 16:36:19 0:00:00 2017-07-29 16:44:38
6025	1501326979	-12000		261.83		 189749160		-999.00
Warning: Fill duration (14.133333333333333 min.) smaller than fill time delay, no data collected during fill 6021
6022
6023
6024
6026	1501341526	1200		264.19		 189749160		-999.00
6027	1501345126	3600		261.19		 189749160		-999.00
6028	1501348726	3600		261.14		 189749160		-999.00
6029	1501352326	3600		261.17		 189749160		-999.00
6030	1501355926	3600		261.11		 189749160		-999.00
2017-07-29 16:58:46 2017-07-29 21:18:46 0:00:00 2017-07-29 21:41:31
6031	1501340326	-15600		261.57		 189749160		-999.00
6024	1501358491	1200		269.87		 174375672		269.00
6024	1501362091	3600		270.09		 179235057		269.00
6024	1501365691	3600		269.77		 168265262		269.50
6024	1501369291	3600		269.56		 162575571		267.50
6024	1501372891	3600		269.23		 151804515		268.00
6024	1501376491	3600		268.96		 145242340		265.50
6024	1501380091	3600		268.57		 134115224		262.50
6024	1501383691	3600		268.23		 123489701		262.50
6024	1501387291	3600		268.08		 116583957		263.50
6024	1501390891	3600		267.81		 110633422		261.00
6024	1501394491	3600		267.54		 103806517		258.50
6024	1501398091	3600		267.35		  97519720		256.00
6024	1501401691	3600		267.01		  90084794		253.00
6024	1501405291	3600		266.83		  83806894		253.00
6024	1501408891	3600		266.70		  79312019		253.00
6024	1501412491	3600		266.56		  74407670		253.00
2017-07-30 13:40:52 2017-07-30 13:01:31 0:05:00 2017-07-30 13:45:52
6024	1501415152	2661		266.43		  71057725		250.50
6025
6026
6025	1501416352	1200		260.95		  71057725		-999.00
6026	1501419952	3600		261.11		  71057725		-999.00
6027	1501423552	3600		261.08		  71057725		-999.00
6028	1501427152	3600		261.09		  71057725		-999.00
6029	1501430752	3600		261.14		  71057725		-999.00
2017-07-30 13:45:52 2017-07-30 18:05:52 0:00:00 2017-07-30 18:48:13
6030	1501415152	-15600		261.08		  71057725		-999.00
6026	1501434493	1200		269.69		 166896413		288.50
6026	1501438093	3600		270.05		 177269988		288.00
6026	1501441693	3600		269.76		 167408085		287.50
6026	1501445293	3600		269.47		 159803313		284.00
6026	1501448893	3600		269.07		 149136364		284.00
6026	1501452493	3600		268.87		 141835030		281.50
6026	1501456093	3600		268.57		 133352004		281.50
6026	1501459693	3600		268.15		 120630887		277.00
6026	1501463293	3600		266.58		 115217497		225.50
6026	1501466893	3600		267.77		 109844001		276.50
6026	1501470493	3600		267.54		 103256274		274.00
6026	1501474093	3600		267.30		  96520195		271.50
6026	1501477693	3600		267.14		  91157236		272.00
6026	1501481293	3600		266.98		  87185575		269.50
6026	1501484893	3600		266.83		  82092187		269.50
6026	1501488493	3600		266.67		  78368143		267.00
2017-07-31 10:20:02 2017-07-31 10:08:13 0:05:00 2017-07-31 10:25:02
6026	1501489502	1009		266.07		  61743455		267.00
6027
6028
6029
6030
6027	1501490702	1200		260.93		  61743455		-999.00
6028	1501494302	3600		260.42		  61743455		-999.00
6029	1501497902	3600		264.02		  61743455		-999.00
6030	1501501502	3600		264.02		  61743455		-999.00
6031	1501505102	3600		264.02		  61743455		-999.00
6032	1501508702	3600		260.66		  61743455		-999.00
6033	1501512302	3600		260.98		  61743455		-999.00
2017-07-31 10:25:02 2017-07-31 16:45:02 0:00:00 2017-07-31 17:01:56
6034	1501489502	-22800		261.03		  61743455		-999.00
6030	1501514516	1200		269.95		 186106349		307.00
6030	1501518116	3600		270.46		 191946253		309.50
6030	1501521716	3600		270.16		 181895395		307.00
2017-07-31 19:35:58 2017-07-31 19:21:56 0:05:00 2017-07-31 19:40:58
6030	1501522858	1142		269.88		 172394597		304.50
