5685
5686
5687
5688
5689
5690
5691
5692
5693
5694
5695
5696
5697
5698
5698	1495543942	1200		265.44		    210284		  6.00
5698	1495547542	3600		265.44		    214687		  6.00
5698	1495551142	3600		265.44		    194486		  6.00
5698	1495554742	3600		265.44		    175359		  6.00
5698	1495558342	3600		265.43		    149569		  6.00
5698	1495561942	3600		265.43		     94263		  6.00
5698	1495565542	3600		265.43		     88169		  6.00
5698	1495569142	3600		265.43		     85838		  6.00
5698	1495572742	3600		265.43		     84476		  6.00
2017-05-23 23:07:14 2017-05-23 22:52:22 0:05:00 2017-05-23 23:12:14
5698	1495573934	1192		260.83		     71741		  1.50
5699
5699	1495575134	1200		260.83		     71741		-999.00
5700	1495578734	3600		265.51		     71741		-999.00
2017-05-23 23:12:14 2017-05-24 00:32:14 0:00:00 2017-05-24 01:04:39
5701	1495573934	-4800		260.83		     71741		-999.00
5699	1495581879	1200		265.52		    126795		  7.00
5699	1495585479	3600		265.52		    134647		  7.00
5699	1495589079	3600		265.52		    125581		  7.00
5699	1495592679	3600		265.52		    118759		  7.00
2017-05-24 05:00:30 2017-05-24 04:24:39 0:05:00 2017-05-24 05:05:30
5699	1495595130	2451		265.52		    112247		  7.00
5700
5701
5702
5703
5704
5700	1495596330	1200		265.51		    112247		-999.00
5701	1495599930	3600		260.58		    112247		-999.00
5702	1495603530	3600		260.41		    112247		-999.00
5703	1495607130	3600		260.41		    112247		-999.00
5704	1495610730	3600		260.41		    112247		-999.00
5705	1495614330	3600		264.67		    112247		-999.00
5706	1495617930	3600		265.57		    112247		-999.00
5707	1495621530	3600		265.23		    112247		-999.00
5708	1495625130	3600		265.23		    112247		-999.00
5709	1495628730	3600		265.40		    112247		-999.00
5710	1495632330	3600		265.23		    112247		-999.00
5711	1495635930	3600		265.23		    112247		-999.00
5712	1495639530	3600		265.40		    112247		-999.00
5713	1495643130	3600		265.57		    112247		-999.00
5714	1495646730	3600		265.57		    112247		-999.00
5715	1495650330	3600		265.57		    112247		-999.00
5716	1495653930	3600		265.57		    112247		-999.00
5717	1495657530	3600		265.57		    112247		-999.00
5718	1495661130	3600		265.57		    112247		-999.00
5719	1495664730	3600		265.40		    112247		-999.00
2017-05-24 05:05:30 2017-05-25 00:25:30 0:00:00 2017-05-25 01:09:22
5720	1495595130	-69600		265.51		    112247		-999.00
5704	1495668562	1200		265.41		    519516		  6.00
5704	1495672162	3600		265.58		    545739		  6.00
5704	1495675762	3600		265.58		    508983		  6.00
5704	1495679362	3600		265.58		    476974		  6.00
5704	1495682962	3600		265.58		    453331		  6.00
5704	1495686562	3600		265.58		    428049		  6.00
5704	1495690162	3600		265.58		    405484		  6.00
5704	1495693762	3600		265.58		    387568		  6.00
2017-05-25 08:30:11 2017-05-25 08:29:22 0:02:00 2017-05-25 08:32:11
5704	1495693931	169		265.58		    353964		  6.00
5705
5706
5707
5708
5709
5710
5705	1495695131	1200		260.72		    353964		-999.00
5706	1495698731	3600		260.72		    353964		-999.00
5707	1495702331	3600		260.55		    353964		-999.00
5708	1495705931	3600		260.55		    353964		-999.00
5709	1495709531	3600		260.55		    353964		-999.00
5710	1495713131	3600		260.55		    353964		-999.00
5711	1495716731	3600		260.55		    353964		-999.00
5712	1495720331	3600		260.72		    353964		-999.00
5713	1495723931	3600		260.72		    353964		-999.00
5714	1495727531	3600		260.72		    353964		-999.00
5715	1495731131	3600		260.72		    353964		-999.00
5716	1495734731	3600		260.72		    353964		-999.00
5717	1495738331	3600		260.72		    353964		-999.00
5718	1495741931	3600		260.72		    353964		-999.00
5719	1495745531	3600		265.70		    353964		-999.00
5720	1495749131	3600		265.70		    353964		-999.00
5721	1495752731	3600		265.70		    353964		-999.00
2017-05-25 08:32:11 2017-05-26 00:52:11 0:00:00 2017-05-26 01:03:34
5722	1495693931	-58800		265.57		    353964		-999.00
5710	1495754614	1200		265.52		    395402		  6.50
5710	1495758214	3600		265.35		    409394		  6.50
5710	1495761814	3600		265.34		    388696		  6.50
5710	1495765414	3600		265.34		    369222		  6.50
5710	1495769014	3600		265.34		    347007		  6.50
5710	1495772614	3600		265.34		    332752		  6.50
2017-05-26 07:05:24 2017-05-26 06:23:34 0:05:00 2017-05-26 07:10:24
5710	1495775424	2810		260.98		    319625		  1.00
5711
5712
5713
5714
5715
5716
5717
5711	1495776624	1200		260.63		    319625		-999.00
5712	1495780224	3600		260.46		    319625		-999.00
5713	1495783824	3600		260.46		    319625		-999.00
5714	1495787424	3600		260.46		    319625		-999.00
5715	1495791024	3600		260.46		    319625		-999.00
5716	1495794624	3600		260.46		    319625		-999.00
5717	1495798224	3600		260.46		    319625		-999.00
5718	1495801824	3600		260.46		    319625		-999.00
5719	1495805424	3600		260.80		    319625		-999.00
5720	1495809024	3600		260.46		    319625		-999.00
5721	1495812624	3600		260.46		    319625		-999.00
5722	1495816224	3600		260.46		    319625		-999.00
5723	1495819824	3600		260.46		    319625		-999.00
5724	1495823424	3600		260.46		    319625		-999.00
5725	1495827024	3600		266.00		    319625		-999.00
5726	1495830624	3600		265.83		    319625		-999.00
5727	1495834224	3600		265.83		    319625		-999.00
5728	1495837824	3600		265.83		    319625		-999.00
5729	1495841424	3600		265.83		    319625		-999.00
5730	1495845024	3600		265.66		    319625		-999.00
5731	1495848624	3600		265.66		    319625		-999.00
5732	1495852224	3600		265.66		    319625		-999.00
2017-05-26 07:10:24 2017-05-27 04:30:24 0:00:00 2017-05-27 04:51:52
5733	1495775424	-76800		260.80		    319625		-999.00
5717	1495854712	1200		265.60		   3922952		  7.00
5717	1495858312	3600		265.60		   3715421		  7.00
5717	1495861912	3600		265.60		   3726015		  7.00
5717	1495865512	3600		265.60		   3680374		  7.00
5717	1495869112	3600		265.59		   3557063		  7.00
5717	1495872712	3600		265.59		   3452367		  7.00
5717	1495876312	3600		265.59		   3308535		  7.00
5717	1495879912	3600		265.58		   3212545		  7.00
5717	1495883512	3600		265.58		   3161070		  7.00
5717	1495887112	3600		265.58		   3046576		  7.00
2017-05-27 14:18:52 2017-05-27 14:11:52 0:05:00 2017-05-27 14:23:52
5717	1495887832	720		265.58		   2963292		  7.00
5718
5718	1495889032	1200		265.32		   2963292		-999.00
5719	1495892632	3600		265.32		   2963292		-999.00
5720	1495896232	3600		265.32		   2963292		-999.00
5721	1495899832	3600		265.32		   2963292		-999.00
2017-05-27 14:23:52 2017-05-27 17:43:52 0:00:00 2017-05-27 17:56:16
5722	1495887832	-12000		265.49		   2963292		-999.00
5718	1495901776	1200		265.42		   3592434		  7.00
5718	1495905376	3600		265.42		   3425039		  7.00
5718	1495908976	3600		265.40		   2804379		  7.00
5718	1495912576	3600		265.59		   3327669		  7.00
5718	1495916176	3600		265.58		   3225013		  7.00
5718	1495919776	3600		265.58		   3126091		  7.00
5718	1495923376	3600		265.75		   3050558		  7.00
5718	1495926976	3600		265.74		   2941243		  7.00
2017-05-28 02:08:37 2017-05-28 01:16:16 0:05:00 2017-05-28 02:13:37
5718	1495930417	3441		265.74		   2755240		  7.00
5719
5719	1495931617	1200		265.49		   2755240		-999.00
5720	1495935217	3600		265.66		   2755240		-999.00
5721	1495938817	3600		265.66		   2755240		-999.00
5722	1495942417	3600		265.31		   2755240		-999.00
5723	1495946017	3600		265.65		   2755240		-999.00
2017-05-28 02:13:37 2017-05-28 06:33:37 0:00:00 2017-05-28 06:54:50
5724	1495930417	-15600		265.66		   2755240		-999.00
5719	1495948490	1200		265.72		   2924901		  7.00
5719	1495952090	3600		265.57		   3545798		  7.00
5719	1495955690	3600		265.57		   3432314		  7.00
5719	1495959290	3600		265.74		   3342166		  7.00
2017-05-28 11:05:46 2017-05-28 10:14:50 0:05:00 2017-05-28 11:10:46
5719	1495962646	3356		265.73		   3214572		  7.00
5720
5721
5722
5720	1495963846	1200		265.30		   3214572		-999.00
5721	1495967446	3600		265.30		   3214572		-999.00
5722	1495971046	3600		265.47		   3214572		-999.00
5723	1495974646	3600		265.13		   3214572		-999.00
5724	1495978246	3600		265.30		   3214572		-999.00
5725	1495981846	3600		265.30		   3214572		-999.00
5726	1495985446	3600		265.30		   3214572		-999.00
5727	1495989046	3600		265.30		   3214572		-999.00
5728	1495992646	3600		265.30		   3214572		-999.00
2017-05-28 11:10:46 2017-05-28 19:30:46 0:00:00 2017-05-28 20:24:52
5729	1495962646	-30000		265.64		   3214572		-999.00
5722	1495997092	1200		266.19		  18976776		 10.00
5722	1496000692	3600		266.23		  20289436		 10.00
5722	1496004292	3600		266.21		  19632216		 10.00
5722	1496007892	3600		266.20		  19343390		 10.00
5722	1496011492	3600		266.18		  18706360		 10.00
5722	1496015092	3600		266.16		  17979698		 10.00
5722	1496018692	3600		266.15		  17468494		 10.00
5722	1496022292	3600		266.13		  16867802		 10.00
5722	1496025892	3600		266.12		  16504121		 10.00
5722	1496029492	3600		266.10		  15947366		 10.00
5722	1496033092	3600		266.09		  15604672		 10.00
2017-05-29 07:13:05 2017-05-29 06:44:52 0:05:00 2017-05-29 07:18:05
5722	1496035085	1993		266.08		  15306922		 10.00
5723
5724
5725
5726
5727
5728
5729
5730
5723	1496036285	1200		260.66		  15306922		-999.00
5724	1496039885	3600		260.49		  15306922		-999.00
5725	1496043485	3600		260.49		  15306922		-999.00
5726	1496047085	3600		260.49		  15306922		-999.00
5727	1496050685	3600		260.49		  15306922		-999.00
5728	1496054285	3600		260.49		  15306922		-999.00
5729	1496057885	3600		266.17		  15306922		-999.00
5730	1496061485	3600		266.03		  15306922		-999.00
5731	1496065085	3600		265.93		  15306922		-999.00
5732	1496068685	3600		265.36		  15306922		-999.00
5733	1496072285	3600		265.86		  15306922		-999.00
5734	1496075885	3600		260.69		  15306922		-999.00
5735	1496079485	3600		260.69		  15306922		-999.00
5736	1496083085	3600		260.52		  15306922		-999.00
5737	1496086685	3600		260.52		  15306922		-999.00
5738	1496090285	3600		260.52		  15306922		-999.00
5739	1496093885	3600		260.52		  15306922		-999.00
5740	1496097485	3600		260.52		  15306922		-999.00
5741	1496101085	3600		260.52		  15306922		-999.00
5742	1496104685	3600		260.52		  15306922		-999.00
5743	1496108285	3600		260.69		  15306922		-999.00
5744	1496111885	3600		260.69		  15306922		-999.00
5745	1496115485	3600		260.69		  15306922		-999.00
5746	1496119085	3600		265.29		  15306922		-999.00
5747	1496122685	3600		260.71		  15306922		-999.00
5748	1496126285	3600		265.63		  15306922		-999.00
2017-05-29 07:18:05 2017-05-30 08:38:05 0:00:00 2017-05-30 08:43:11
5749	1496035085	-91200		265.62		  15306922		-999.00
5730	1496127791	1200		266.04		  20430314		 12.00
5730	1496131391	3600		266.08		  21644570		 12.50
5730	1496134991	3600		266.04		  20268878		 12.50
5730	1496138591	3600		266.00		  19137642		 12.50
5730	1496142191	3600		265.98		  18199845		 12.50
5730	1496145791	3600		265.94		  17128124		 12.50
5730	1496149391	3600		265.92		  16263658		 12.50
5730	1496152991	3600		265.80		  12298699		 10.50
5730	1496156591	3600		265.87		  14788416		 13.00
5730	1496160191	3600		265.72		   9543420		  7.00
5730	1496163791	3600		265.84		  13753966		 12.50
5730	1496167391	3600		265.82		  13117708		 12.50
5730	1496170991	3600		265.80		  12472066		 13.00
5730	1496174591	3600		265.80		  12212987		 12.50
5730	1496178191	3600		265.78		  11575525		 12.50
5730	1496181791	3600		265.77		  11204168		 12.50
2017-05-31 00:19:19 2017-05-31 00:03:11 0:05:00 2017-05-31 00:24:19
5730	1496183059	1268		265.76		  11117752		 12.50
5731
5732
5733
5734
5735
5736
5737
5731	1496184259	1200		265.43		  11117752		-999.00
5732	1496187859	3600		265.43		  11117752		-999.00
5733	1496191459	3600		265.43		  11117752		-999.00
5734	1496195059	3600		265.43		  11117752		-999.00
5735	1496198659	3600		265.42		  11117752		-999.00
5736	1496202259	3600		265.42		  11117752		-999.00
5737	1496205859	3600		265.42		  11117752		-999.00
5738	1496209459	3600		265.42		  11117752		-999.00
5739	1496213059	3600		265.42		  11117752		-999.00
5740	1496216659	3600		265.42		  11117752		-999.00
5741	1496220259	3600		265.42		  11117752		-999.00
5742	1496223859	3600		265.42		  11117752		-999.00
5743	1496227459	3600		265.43		  11117752		-999.00
5744	1496231059	3600		265.43		  11117752		-999.00
5745	1496234659	3600		265.43		  11117752		-999.00
5746	1496238259	3600		265.43		  11117752		-999.00
5747	1496241859	3600		265.43		  11117752		-999.00
5748	1496245459	3600		265.43		  11117752		-999.00
5749	1496249059	3600		265.43		  11117752		-999.00
5750	1496252659	3600		265.43		  11117752		-999.00
5751	1496256259	3600		265.43		  11117752		-999.00
5752	1496259859	3600		265.43		  11117752		-999.00
5753	1496263459	3600		265.43		  11117752		-999.00
5754	1496267059	3600		265.41		  11117752		-999.00
5755	1496270659	3600		265.41		  11117752		-999.00
5756	1496274259	3600		265.41		  11117752		-999.00
5757	1496277859	3600		265.41		  11117752		-999.00
5758	1496281459	3600		265.41		  11117752		-999.00
5759	1496285059	3600		265.41		  11117752		-999.00
5760	1496288659	3600		265.41		  11117752		-999.00
5761	1496292259	3600		265.41		  11117752		-999.00
5762	1496295859	3600		265.41		  11117752		-999.00
5763	1496299459	3600		265.41		  11117752		-999.00
5764	1496303059	3600		265.41		  11117752		-999.00
5765	1496306659	3600		265.41		  11117752		-999.00
5766	1496310259	3600		265.41		  11117752		-999.00
5767	1496313859	3600		265.41		  11117752		-999.00
5768	1496317459	3600		265.41		  11117752		-999.00
5769	1496321059	3600		265.41		  11117752		-999.00
5770	1496324659	3600		265.41		  11117752		-999.00
5771	1496328259	3600		260.69		  11117752		-999.00
5772	1496331859	3600		260.52		  11117752		-999.00
5773	1496335459	3600		260.52		  11117752		-999.00
5774	1496339059	3600		260.52		  11117752		-999.00
5775	1496342659	3600		260.52		  11117752		-999.00
5776	1496346259	3600		260.52		  11117752		-999.00
5777	1496349859	3600		260.52		  11117752		-999.00
5778	1496353459	3600		260.52		  11117752		-999.00
5779	1496357059	3600		260.69		  11117752		-999.00
5780	1496360659	3600		260.69		  11117752		-999.00
5781	1496364259	3600		260.69		  11117752		-999.00
5782	1496367859	3600		260.69		  11117752		-999.00
5783	1496371459	3600		260.52		  11117752		-999.00
5784	1496375059	3600		260.52		  11117752		-999.00
5785	1496378659	3600		266.42		  11117752		-999.00
5786	1496382259	3600		266.10		  11117752		-999.00
5787	1496385859	3600		260.46		  11117752		-999.00
5788	1496389459	3600		265.53		  11117752		-999.00
5789	1496393059	3600		265.87		  11117752		-999.00
5790	1496396659	3600		265.66		  11117752		-999.00
5791	1496400259	3600		265.66		  11117752		-999.00
5792	1496403859	3600		265.31		  11117752		-999.00
5793	1496407459	3600		265.48		  11117752		-999.00
5794	1496411059	3600		260.75		  11117752		-999.00
5795	1496414659	3600		260.58		  11117752		-999.00
5796	1496418259	3600		260.58		  11117752		-999.00
5797	1496421859	3600		260.58		  11117752		-999.00
5798	1496425459	3600		260.58		  11117752		-999.00
5799	1496429059	3600		260.58		  11117752		-999.00
5800	1496432659	3600		260.58		  11117752		-999.00
5801	1496436259	3600		260.58		  11117752		-999.00
5802	1496439859	3600		260.58		  11117752		-999.00
5803	1496443459	3600		260.58		  11117752		-999.00
5804	1496447059	3600		260.75		  11117752		-999.00
5805	1496450659	3600		260.75		  11117752		-999.00
5806	1496454259	3600		265.75		  11117752		-999.00
5807	1496457859	3600		265.40		  11117752		-999.00
2017-05-31 00:24:19 2017-06-03 04:44:19 0:00:00 2017-06-03 05:01:01
5808	1496183059	-274800		265.43		  11117752		-999.00
5737	1496460061	1200		266.04		  21363481		 14.00
5737	1496463661	3600		265.74		  11452250		 11.00
5737	1496467261	3600		265.41		    388379		 11.00
5737	1496470861	3600		265.41		    387240		 11.00
5737	1496474461	3600		265.41		    380732		 11.00
5737	1496478061	3600		265.41		    383038		 11.00
5737	1496481661	3600		260.93		    402868		  2.50
5737	1496485261	3600		260.59		    460834		  2.50
2017-06-03 12:46:50 2017-06-03 12:21:01 0:05:00 2017-06-03 12:51:50
5737	1496487110	1849		260.59		    501556		  2.50
5738
5739
5740
5741
5742
5743
5744
5745
5746
5738	1496488310	1200		260.58		    501556		-999.00
5739	1496491910	3600		260.58		    501556		-999.00
5740	1496495510	3600		260.58		    501556		-999.00
5741	1496499110	3600		260.58		    501556		-999.00
5742	1496502710	3600		260.58		    501556		-999.00
5743	1496506310	3600		260.58		    501556		-999.00
5744	1496509910	3600		260.58		    501556		-999.00
5745	1496513510	3600		260.58		    501556		-999.00
5746	1496517110	3600		260.75		    501556		-999.00
5747	1496520710	3600		260.58		    501556		-999.00
5748	1496524310	3600		260.58		    501556		-999.00
5749	1496527910	3600		260.58		    501556		-999.00
5750	1496531510	3600		265.96		    501556		-999.00
5751	1496535110	3600		265.94		    501556		-999.00
5752	1496538710	3600		265.60		    501556		-999.00
5753	1496542310	3600		265.60		    501556		-999.00
5754	1496545910	3600		265.22		    501556		-999.00
5755	1496549510	3600		265.21		    501556		-999.00
5756	1496553110	3600		265.21		    501556		-999.00
5757	1496556710	3600		265.21		    501556		-999.00
5758	1496560310	3600		265.21		    501556		-999.00
5759	1496563910	3600		265.20		    501556		-999.00
5760	1496567510	3600		265.20		    501556		-999.00
5761	1496571110	3600		265.19		    501556		-999.00
5762	1496574710	3600		265.36		    501556		-999.00
5763	1496578310	3600		265.36		    501556		-999.00
5764	1496581910	3600		265.36		    501556		-999.00
5765	1496585510	3600		265.19		    501556		-999.00
5766	1496589110	3600		265.19		    501556		-999.00
5767	1496592710	3600		265.19		    501556		-999.00
5768	1496596310	3600		265.19		    501556		-999.00
5769	1496599910	3600		265.53		    501556		-999.00
5770	1496603510	3600		265.19		    501556		-999.00
5771	1496607110	3600		265.19		    501556		-999.00
5772	1496610710	3600		265.36		    501556		-999.00
2017-06-03 12:51:50 2017-06-04 23:11:50 0:00:00 2017-06-04 23:48:58
5773	1496487110	-123600		260.58		    501556		-999.00
5746	1496614138	1200		266.64		  36811031		 16.50
5746	1496617738	3600		266.54		  33670908		 16.50
5746	1496621338	3600		266.40		  28917004		 16.50
5746	1496624938	3600		266.57		  34464973		 16.50
5746	1496628538	3600		266.50		  32142057		 16.50
5746	1496632138	3600		266.45		  30631462		 16.50
5746	1496635738	3600		266.42		  29454394		 16.50
5746	1496639338	3600		266.36		  27550317		 16.50
5746	1496642938	3600		266.32		  26234033		 16.50
5746	1496646538	3600		266.29		  25247055		 16.50
5746	1496650138	3600		266.22		  22899163		 17.00
2017-06-05 10:24:13 2017-06-05 10:08:58 0:05:00 2017-06-05 10:29:13
5746	1496651353	1215		266.24		  23402485		 17.00
5747
5748
5749
5747	1496652553	1200		265.19		  23402485		-999.00
5748	1496656153	3600		265.53		  23402485		-999.00
5749	1496659753	3600		265.53		  23402485		-999.00
5750	1496663353	3600		265.53		  23402485		-999.00
5751	1496666953	3600		265.53		  23402485		-999.00
5752	1496670553	3600		265.53		  23402485		-999.00
5753	1496674153	3600		265.53		  23402485		-999.00
5754	1496677753	3600		265.18		  23402485		-999.00
5755	1496681353	3600		265.52		  23402485		-999.00
5756	1496684953	3600		265.52		  23402485		-999.00
5757	1496688553	3600		265.52		  23402485		-999.00
2017-06-05 10:29:13 2017-06-05 20:49:13 0:00:00 2017-06-05 21:11:59
5758	1496651353	-37200		265.53		  23402485		-999.00
Warning: Fill duration (16.566666666666666 min.) smaller than fill time delay, no data collected during fill 5749
5750
5759	1496692113	1200		265.52		  23402485		-999.00
5760	1496695713	3600		265.50		  23402485		-999.00
5761	1496699313	3600		265.50		  23402485		-999.00
5762	1496702913	3600		265.50		  23402485		-999.00
2017-06-05 21:28:33 2017-06-06 00:48:33 0:00:00 2017-06-06 00:56:23
5763	1496690913	-12000		265.52		  23402485		-999.00
5750	1496704583	1200		266.49		  32880619		 18.00
5750	1496708183	3600		266.56		  35326287		 18.00
5750	1496711783	3600		266.50		  33131950		 18.00
5750	1496715383	3600		266.45		  31525553		 18.00
5750	1496718983	3600		266.41		  30215805		 18.00
5750	1496722583	3600		266.36		  28608979		 18.00
2017-06-06 06:35:41 2017-06-06 06:16:23 0:05:00 2017-06-06 06:40:41
5750	1496724041	1458		266.35		  28068340		 18.00
