9085
9086
9087
9088
9089
9090
9091
9092
9093
9094
9095
Warning: Run3 pp cross-section should be updated!
9095	1693551832	1200		265.52		      1152		1531.00
2023-09-01 09:09:24 2023-09-01 09:03:52 0:05:00 2023-09-01 09:14:24
9095	1693552464	632		265.48		      1110		1532.00
9096
9097
9098
9099
9100
9101
9102
9103
9104
9105
9106
9107
9108
9109
9110
9111
9112
9113
9114
9115
9116
9117
9118
9119
9120
9121
9122
9123
9124
9125
9126
9127
9128
Warning: Run3 pp cross-section should be updated!
9096	1693553664	1200		260.93		      1110		-999.00
9097	1693557264	3600		265.64		      1110		-999.00
9098	1693560864	3600		265.66		      1110		-999.00
9099	1693564464	3600		265.60		      1110		-999.00
9100	1693568064	3600		265.69		      1110		-999.00
9101	1693571664	3600		261.05		      1110		-999.00
9102	1693575264	3600		261.13		      1110		-999.00
9103	1693578864	3600		261.23		      1110		-999.00
9104	1693582464	3600		261.23		      1110		-999.00
9105	1693586064	3600		261.23		      1110		-999.00
9106	1693589664	3600		261.23		      1110		-999.00
9107	1693593264	3600		261.23		      1110		-999.00
9108	1693596864	3600		261.23		      1110		-999.00
9109	1693600464	3600		261.23		      1110		-999.00
9110	1693604064	3600		261.23		      1110		-999.00
9111	1693607664	3600		261.23		      1110		-999.00
9112	1693611264	3600		261.23		      1110		-999.00
9113	1693614864	3600		261.23		      1110		-999.00
9114	1693618464	3600		261.18		      1110		-999.00
9115	1693622064	3600		265.46		      1110		-999.00
9116	1693625664	3600		265.65		      1110		-999.00
9117	1693629264	3600		265.61		      1110		-999.00
9118	1693632864	3600		265.61		      1110		-999.00
9119	1693636464	3600		265.62		      1110		-999.00
9120	1693640064	3600		265.61		      1110		-999.00
9121	1693643664	3600		265.61		      1110		-999.00
9122	1693647264	3600		261.19		      1110		-999.00
9123	1693650864	3600		261.10		      1110		-999.00
9124	1693654464	3600		261.19		      1110		-999.00
9125	1693658064	3600		261.15		      1110		-999.00
9126	1693661664	3600		261.17		      1110		-999.00
9127	1693665264	3600		261.11		      1110		-999.00
9128	1693668864	3600		261.21		      1110		-999.00
9129	1693672464	3600		261.21		      1110		-999.00
9130	1693676064	3600		261.21		      1110		-999.00
9131	1693679664	3600		261.21		      1110		-999.00
9132	1693683264	3600		261.17		      1110		-999.00
9133	1693686864	3600		261.21		      1110		-999.00
9134	1693690464	3600		261.07		      1110		-999.00
9135	1693694064	3600		261.18		      1110		-999.00
9136	1693697664	3600		261.18		      1110		-999.00
9137	1693701264	3600		261.18		      1110		-999.00
9138	1693704864	3600		261.22		      1110		-999.00
9139	1693708464	3600		261.20		      1110		-999.00
9140	1693712064	3600		260.90		      1110		-999.00
9141	1693715664	3600		261.12		      1110		-999.00
9142	1693719264	3600		261.24		      1110		-999.00
9143	1693722864	3600		265.60		      1110		-999.00
9144	1693726464	3600		265.61		      1110		-999.00
9145	1693730064	3600		265.61		      1110		-999.00
9146	1693733664	3600		265.61		      1110		-999.00
9147	1693737264	3600		265.57		      1110		-999.00
9148	1693740864	3600		261.14		      1110		-999.00
9149	1693744464	3600		261.19		      1110		-999.00
9150	1693748064	3600		261.23		      1110		-999.00
9151	1693751664	3600		261.19		      1110		-999.00
9152	1693755264	3600		261.24		      1110		-999.00
9153	1693758864	3600		261.20		      1110		-999.00
9154	1693762464	3600		261.20		      1110		-999.00
9155	1693766064	3600		261.19		      1110		-999.00
9156	1693769664	3600		260.97		      1110		-999.00
9157	1693773264	3600		261.22		      1110		-999.00
9158	1693776864	3600		261.22		      1110		-999.00
9159	1693780464	3600		261.16		      1110		-999.00
9160	1693784064	3600		261.24		      1110		-999.00
9161	1693787664	3600		261.21		      1110		-999.00
9162	1693791264	3600		261.21		      1110		-999.00
9163	1693794864	3600		261.22		      1110		-999.00
9164	1693798464	3600		261.18		      1110		-999.00
9165	1693802064	3600		261.18		      1110		-999.00
9166	1693805664	3600		261.20		      1110		-999.00
9167	1693809264	3600		261.19		      1110		-999.00
9168	1693812864	3600		261.19		      1110		-999.00
9169	1693816464	3600		261.19		      1110		-999.00
9170	1693820064	3600		261.19		      1110		-999.00
9171	1693823664	3600		261.19		      1110		-999.00
9172	1693827264	3600		261.19		      1110		-999.00
9173	1693830864	3600		261.06		      1110		-999.00
9174	1693834464	3600		261.19		      1110		-999.00
9175	1693838064	3600		261.18		      1110		-999.00
9176	1693841664	3600		261.18		      1110		-999.00
9177	1693845264	3600		261.18		      1110		-999.00
9178	1693848864	3600		261.18		      1110		-999.00
9179	1693852464	3600		261.18		      1110		-999.00
9180	1693856064	3600		261.18		      1110		-999.00
9181	1693859664	3600		261.21		      1110		-999.00
9182	1693863264	3600		261.21		      1110		-999.00
9183	1693866864	3600		261.14		      1110		-999.00
9184	1693870464	3600		261.22		      1110		-999.00
9185	1693874064	3600		261.22		      1110		-999.00
9186	1693877664	3600		261.22		      1110		-999.00
9187	1693881264	3600		261.22		      1110		-999.00
9188	1693884864	3600		261.22		      1110		-999.00
9189	1693888464	3600		261.14		      1110		-999.00
9190	1693892064	3600		261.14		      1110		-999.00
9191	1693895664	3600		261.14		      1110		-999.00
9192	1693899264	3600		261.14		      1110		-999.00
9193	1693902864	3600		261.14		      1110		-999.00
9194	1693906464	3600		261.14		      1110		-999.00
9195	1693910064	3600		261.16		      1110		-999.00
9196	1693913664	3600		261.20		      1110		-999.00
9197	1693917264	3600		261.16		      1110		-999.00
9198	1693920864	3600		261.16		      1110		-999.00
9199	1693924464	3600		261.20		      1110		-999.00
9200	1693928064	3600		261.20		      1110		-999.00
9201	1693931664	3600		261.20		      1110		-999.00
9202	1693935264	3600		261.16		      1110		-999.00
9203	1693938864	3600		261.16		      1110		-999.00
9204	1693942464	3600		261.20		      1110		-999.00
9205	1693946064	3600		261.16		      1110		-999.00
9206	1693949664	3600		261.21		      1110		-999.00
9207	1693953264	3600		261.21		      1110		-999.00
9208	1693956864	3600		261.21		      1110		-999.00
9209	1693960464	3600		261.23		      1110		-999.00
9210	1693964064	3600		261.16		      1110		-999.00
9211	1693967664	3600		261.20		      1110		-999.00
9212	1693971264	3600		261.20		      1110		-999.00
9213	1693974864	3600		261.12		      1110		-999.00
9214	1693978464	3600		261.21		      1110		-999.00
9215	1693982064	3600		261.13		      1110		-999.00
9216	1693985664	3600		265.44		      1110		-999.00
9217	1693989264	3600		265.53		      1110		-999.00
9218	1693992864	3600		265.53		      1110		-999.00
9219	1693996464	3600		265.60		      1110		-999.00
9220	1694000064	3600		265.60		      1110		-999.00
9221	1694003664	3600		265.57		      1110		-999.00
9222	1694007264	3600		265.62		      1110		-999.00
9223	1694010864	3600		265.62		      1110		-999.00
9224	1694014464	3600		265.63		      1110		-999.00
9225	1694018064	3600		265.61		      1110		-999.00
9226	1694021664	3600		265.61		      1110		-999.00
9227	1694025264	3600		265.46		      1110		-999.00
9228	1694028864	3600		265.25		      1110		-999.00
9229	1694032464	3600		265.49		      1110		-999.00
9230	1694036064	3600		265.61		      1110		-999.00
9231	1694039664	3600		265.61		      1110		-999.00
9232	1694043264	3600		265.61		      1110		-999.00
9233	1694046864	3600		265.61		      1110		-999.00
9234	1694050464	3600		265.61		      1110		-999.00
9235	1694054064	3600		265.61		      1110		-999.00
9236	1694057664	3600		265.61		      1110		-999.00
9237	1694061264	3600		265.61		      1110		-999.00
9238	1694064864	3600		265.57		      1110		-999.00
9239	1694068464	3600		265.58		      1110		-999.00
9240	1694072064	3600		265.58		      1110		-999.00
9241	1694075664	3600		265.58		      1110		-999.00
9242	1694079264	3600		261.19		      1110		-999.00
9243	1694082864	3600		261.24		      1110		-999.00
9244	1694086464	3600		261.16		      1110		-999.00
2023-09-01 09:14:24 2023-09-07 13:34:24 0:00:00 2023-09-07 14:14:32
9245	1693552464	-534000		261.19		      1110		-999.00
9128	1694090072	1200		265.47		     22959		1524.00
9128	1694093672	3600		265.47		     23332		1517.00
9128	1694097272	3600		265.47		     23387		1514.00
9128	1694100872	3600		265.45		     23925		1508.00
9128	1694104472	3600		265.49		     24185		1511.00
9128	1694108072	3600		265.49		     24764		1511.00
9128	1694111672	3600		265.45		     24887		1506.00
9128	1694115272	3600		265.49		     25504		1506.00
9128	1694118872	3600		265.49		     25636		1509.00
9128	1694122472	3600		265.45		     26093		1507.00
9128	1694126072	3600		265.49		     26658		1499.00
9128	1694129672	3600		265.41		     26893		1492.00
2023-09-08 02:09:55 2023-09-08 01:34:32 0:05:00 2023-09-08 02:14:55
9128	1694132095	2423		261.63		     27166		 10.50
9129
9130
9131
9132
Warning: Run3 pp cross-section should be updated!
9129	1694133295	1200		261.15		     27166		-999.00
9130	1694136895	3600		265.62		     27166		-999.00
9131	1694140495	3600		265.53		     27166		-999.00
9132	1694144095	3600		261.36		     27166		-999.00
9133	1694147695	3600		261.24		     27166		-999.00
9134	1694151295	3600		261.16		     27166		-999.00
9135	1694154895	3600		261.16		     27166		-999.00
9136	1694158495	3600		261.16		     27166		-999.00
9137	1694162095	3600		261.16		     27166		-999.00
9138	1694165695	3600		261.16		     27166		-999.00
9139	1694169295	3600		261.16		     27166		-999.00
9140	1694172895	3600		261.20		     27166		-999.00
9141	1694176495	3600		261.16		     27166		-999.00
9142	1694180095	3600		261.27		     27166		-999.00
9143	1694183695	3600		261.19		     27166		-999.00
9144	1694187295	3600		261.15		     27166		-999.00
9145	1694190895	3600		261.15		     27166		-999.00
9146	1694194495	3600		261.15		     27166		-999.00
9147	1694198095	3600		261.15		     27166		-999.00
9148	1694201695	3600		261.15		     27166		-999.00
9149	1694205295	3600		261.19		     27166		-999.00
9150	1694208895	3600		261.15		     27166		-999.00
9151	1694212495	3600		261.15		     27166		-999.00
9152	1694216095	3600		261.19		     27166		-999.00
9153	1694219695	3600		261.15		     27166		-999.00
9154	1694223295	3600		261.15		     27166		-999.00
9155	1694226895	3600		261.15		     27166		-999.00
9156	1694230495	3600		261.23		     27166		-999.00
9157	1694234095	3600		261.23		     27166		-999.00
9158	1694237695	3600		261.15		     27166		-999.00
9159	1694241295	3600		261.19		     27166		-999.00
9160	1694244895	3600		261.15		     27166		-999.00
9161	1694248495	3600		261.23		     27166		-999.00
9162	1694252095	3600		261.15		     27166		-999.00
9163	1694255695	3600		261.23		     27166		-999.00
2023-09-08 02:14:55 2023-09-09 12:34:55 0:00:00 2023-09-09 13:27:04
9164	1694132095	-123600		261.56		     27166		-999.00
9132	1694260024	1200		261.23		        25		  8.50
9132	1694263624	3600		261.19		       147		  8.50
9132	1694267224	3600		261.23		        17		  8.50
9132	1694270824	3600		261.23		        14		  8.50
9132	1694274424	3600		261.23		        14		  8.50
9132	1694278024	3600		261.19		        21		  8.50
9132	1694281624	3600		261.19		        32		  8.50
9132	1694285224	3600		261.15		        34		  8.50
9132	1694288824	3600		261.23		         2		  8.50
2023-09-09 22:01:56 2023-09-09 21:47:04 0:05:00 2023-09-09 22:06:56
9132	1694290016	1192		261.23		         0		  8.50
9133
9134
9135
Warning: Run3 pp cross-section should be updated!
9133	1694291216	1200		261.23		         0		-999.00
9134	1694294816	3600		261.15		         0		-999.00
9135	1694298416	3600		261.15		         0		-999.00
9136	1694302016	3600		261.19		         0		-999.00
9137	1694305616	3600		261.19		         0		-999.00
9138	1694309216	3600		261.15		         0		-999.00
9139	1694312816	3600		261.23		         0		-999.00
9140	1694316416	3600		261.15		         0		-999.00
9141	1694320016	3600		261.15		         0		-999.00
9142	1694323616	3600		261.15		         0		-999.00
2023-09-09 22:06:56 2023-09-10 07:26:56 0:00:00 2023-09-10 08:14:35
9143	1694290016	-33600		261.23		         0		-999.00
9135	1694327675	1200		261.15		        19		  8.50
9135	1694331275	3600		261.19		        14		  8.50
9135	1694334875	3600		261.15		        12		  8.50
9135	1694338475	3600		261.15		        19		  8.50
9135	1694342075	3600		261.15		         8		  8.50
2023-09-10 13:00:25 2023-09-10 12:34:35 0:05:00 2023-09-10 13:05:25
9135	1694343925	1850		261.15		         9		  8.50
9136
Warning: Run3 pp cross-section should be updated!
9136	1694345125	1200		261.15		         9		-999.00
9137	1694348725	3600		261.15		         9		-999.00
9138	1694352325	3600		261.15		         9		-999.00
9139	1694355925	3600		261.15		         9		-999.00
9140	1694359525	3600		261.15		         9		-999.00
9141	1694363125	3600		261.15		         9		-999.00
9142	1694366725	3600		261.19		         9		-999.00
9143	1694370325	3600		261.15		         9		-999.00
2023-09-10 13:05:25 2023-09-10 20:25:25 0:00:00 2023-09-10 20:44:55
9144	1694343925	-26400		261.15		         9		-999.00
9136	1694372695	1200		261.15		        19		  8.50
9136	1694376295	3600		261.15		        14		  8.50
9136	1694379895	3600		261.15		        12		  8.50
9136	1694383495	3600		261.15		        10		  8.50
9136	1694387095	3600		261.15		        10		  8.50
2023-09-11 01:05:05 2023-09-11 01:04:55 0:05:00 2023-09-11 01:10:05
9136	1694387405	310		261.15		         0		  8.50
9137
9138
Warning: Run3 pp cross-section should be updated!
9137	1694388605	1200		261.15		         0		-999.00
9138	1694392205	3600		261.15		         0		-999.00
9139	1694395805	3600		261.15		         0		-999.00
9140	1694399405	3600		261.15		         0		-999.00
9141	1694403005	3600		261.15		         0		-999.00
9142	1694406605	3600		261.19		         0		-999.00
9143	1694410205	3600		261.15		         0		-999.00
9144	1694413805	3600		261.15		         0		-999.00
9145	1694417405	3600		261.19		         0		-999.00
2023-09-11 01:10:05 2023-09-11 09:30:05 0:00:00 2023-09-11 10:15:54
9146	1694387405	-30000		261.15		         0		-999.00
9138	1694421354	1200		261.12		        12		  8.50
9138	1694424954	3600		261.16		        10		  8.50
9138	1694428554	3600		261.15		         8		  8.50
2023-09-11 13:04:55 2023-09-11 12:35:54 0:05:00 2023-09-11 13:09:55
9138	1694430595	2041		261.15		         8		  8.50
9139
9140
9141
9142
9143
9144
9145
9146
9147
9148
9149
9150
9151
9152
9153
Warning: Run3 pp cross-section should be updated!
9139	1694431795	1200		261.15		         8		-999.00
9140	1694435395	3600		265.53		         8		-999.00
9141	1694438995	3600		265.51		         8		-999.00
9142	1694442595	3600		265.60		         8		-999.00
9143	1694446195	3600		265.60		         8		-999.00
9144	1694449795	3600		265.60		         8		-999.00
9145	1694453395	3600		265.60		         8		-999.00
9146	1694456995	3600		265.60		         8		-999.00
9147	1694460595	3600		265.60		         8		-999.00
9148	1694464195	3600		265.58		         8		-999.00
9149	1694467795	3600		265.58		         8		-999.00
9150	1694471395	3600		265.62		         8		-999.00
9151	1694474995	3600		265.58		         8		-999.00
9152	1694478595	3600		265.58		         8		-999.00
9153	1694482195	3600		265.58		         8		-999.00
9154	1694485795	3600		265.58		         8		-999.00
9155	1694489395	3600		265.62		         8		-999.00
9156	1694492995	3600		265.62		         8		-999.00
9157	1694496595	3600		265.56		         8		-999.00
9158	1694500195	3600		265.58		         8		-999.00
9159	1694503795	3600		265.11		         8		-999.00
9160	1694507395	3600		265.26		         8		-999.00
9161	1694510995	3600		265.36		         8		-999.00
9162	1694514595	3600		265.15		         8		-999.00
9163	1694518195	3600		265.30		         8		-999.00
9164	1694521795	3600		265.02		         8		-999.00
9165	1694525395	3600		265.61		         8		-999.00
9166	1694528995	3600		265.32		         8		-999.00
9167	1694532595	3600		265.63		         8		-999.00
9168	1694536195	3600		265.63		         8		-999.00
9169	1694539795	3600		265.14		         8		-999.00
9170	1694543395	3600		261.18		         8		-999.00
9171	1694546995	3600		261.22		         8		-999.00
9172	1694550595	3600		261.22		         8		-999.00
9173	1694554195	3600		261.23		         8		-999.00
9174	1694557795	3600		261.22		         8		-999.00
9175	1694561395	3600		261.20		         8		-999.00
9176	1694564995	3600		261.20		         8		-999.00
9177	1694568595	3600		261.20		         8		-999.00
9178	1694572195	3600		261.20		         8		-999.00
9179	1694575795	3600		261.20		         8		-999.00
9180	1694579395	3600		265.61		         8		-999.00
9181	1694582995	3600		265.64		         8		-999.00
9182	1694586595	3600		265.14		         8		-999.00
9183	1694590195	3600		265.26		         8		-999.00
9184	1694593795	3600		265.26		         8		-999.00
9185	1694597395	3600		261.21		         8		-999.00
9186	1694600995	3600		260.98		         8		-999.00
9187	1694604595	3600		261.17		         8		-999.00
9188	1694608195	3600		261.17		         8		-999.00
9189	1694611795	3600		261.22		         8		-999.00
9190	1694615395	3600		261.22		         8		-999.00
9191	1694618995	3600		261.19		         8		-999.00
9192	1694622595	3600		261.19		         8		-999.00
9193	1694626195	3600		261.20		         8		-999.00
9194	1694629795	3600		261.23		         8		-999.00
9195	1694633395	3600		261.20		         8		-999.00
9196	1694636995	3600		265.23		         8		-999.00
9197	1694640595	3600		265.61		         8		-999.00
9198	1694644195	3600		265.57		         8		-999.00
9199	1694647795	3600		261.13		         8		-999.00
9200	1694651395	3600		261.17		         8		-999.00
9201	1694654995	3600		261.20		         8		-999.00
9202	1694658595	3600		261.20		         8		-999.00
9203	1694662195	3600		261.16		         8		-999.00
9204	1694665795	3600		261.16		         8		-999.00
9205	1694669395	3600		261.11		         8		-999.00
9206	1694672995	3600		261.20		         8		-999.00
9207	1694676595	3600		261.20		         8		-999.00
9208	1694680195	3600		261.20		         8		-999.00
9209	1694683795	3600		261.24		         8		-999.00
9210	1694687395	3600		261.18		         8		-999.00
9211	1694690995	3600		261.19		         8		-999.00
9212	1694694595	3600		261.19		         8		-999.00
9213	1694698195	3600		261.19		         8		-999.00
9214	1694701795	3600		261.19		         8		-999.00
9215	1694705395	3600		261.19		         8		-999.00
9216	1694708995	3600		261.19		         8		-999.00
9217	1694712595	3600		261.13		         8		-999.00
9218	1694716195	3600		261.15		         8		-999.00
9219	1694719795	3600		261.15		         8		-999.00
9220	1694723395	3600		261.15		         8		-999.00
9221	1694726995	3600		261.15		         8		-999.00
2023-09-11 13:09:55 2023-09-14 23:29:55 0:00:00 2023-09-14 23:47:56
9222	1694430595	-296400		261.15		         8		-999.00
9153	1694729276	1200		261.15		        12		  8.50
9153	1694732876	3600		261.15		        14		  8.50
9153	1694736476	3600		261.15		        12		  8.50
9153	1694740076	3600		261.15		        10		  8.50
9153	1694743676	3600		261.15		        10		  8.50
9153	1694747276	3600		261.15		        10		  8.50
2023-09-15 05:33:52 2023-09-15 05:07:56 0:05:00 2023-09-15 05:38:52
9153	1694749132	1856		261.15		         9		  8.50
9154
Warning: Run3 pp cross-section should be updated!
9154	1694750332	1200		261.15		         9		-999.00
9155	1694753932	3600		261.15		         9		-999.00
9156	1694757532	3600		265.39		         9		-999.00
9157	1694761132	3600		265.46		         9		-999.00
9158	1694764732	3600		265.50		         9		-999.00
9159	1694768332	3600		265.58		         9		-999.00
9160	1694771932	3600		265.26		         9		-999.00
9161	1694775532	3600		260.98		         9		-999.00
9162	1694779132	3600		261.20		         9		-999.00
9163	1694782732	3600		261.20		         9		-999.00
9164	1694786332	3600		261.20		         9		-999.00
2023-09-15 05:38:52 2023-09-15 15:58:52 0:00:00 2023-09-15 16:51:06
9165	1694749132	-37200		261.15		         9		-999.00
9154	1694790666	1200		261.20		        19		 10.50
9154	1694794266	3600		261.20		        14		 10.50
9154	1694797866	3600		261.20		        12		 10.50
9154	1694801466	3600		261.20		        12		 10.50
9154	1694805066	3600		261.15		        10		 10.50
9154	1694808666	3600		261.20		        10		 10.50
9154	1694812266	3600		261.20		         8		 10.50
9154	1694815866	3600		261.20		         8		 10.50
9154	1694819466	3600		261.20		         6		 10.50
9154	1694823066	3600		261.20		         6		 10.50
9154	1694826666	3600		261.15		         6		 10.50
9154	1694830266	3600		261.15		         6		 10.50
9154	1694833866	3600		261.15		         6		 10.50
9154	1694837466	3600		261.15		         4		 10.50
9154	1694841066	3600		261.20		         4		 10.50
9154	1694844666	3600		261.20		         4		 10.50
2023-09-16 08:14:28 2023-09-16 08:11:06 0:05:00 2023-09-16 08:19:28
9154	1694845168	502		261.20		         0		 10.50
9155
9156
Warning: Run3 pp cross-section should be updated!
9155	1694846368	1200		261.20		         0		-999.00
9156	1694849968	3600		261.17		         0		-999.00
9157	1694853568	3600		265.45		         0		-999.00
9158	1694857168	3600		265.57		         0		-999.00
9159	1694860768	3600		265.44		         0		-999.00
9160	1694864368	3600		265.58		         0		-999.00
9161	1694867968	3600		265.55		         0		-999.00
9162	1694871568	3600		265.67		         0		-999.00
9163	1694875168	3600		265.59		         0		-999.00
9164	1694878768	3600		261.22		         0		-999.00
9165	1694882368	3600		261.18		         0		-999.00
9166	1694885968	3600		261.18		         0		-999.00
9167	1694889568	3600		261.18		         0		-999.00
9168	1694893168	3600		261.14		         0		-999.00
9169	1694896768	3600		261.14		         0		-999.00
2023-09-16 08:19:28 2023-09-16 22:39:28 0:00:00 2023-09-16 22:40:22
9170	1694845168	-51600		261.20		         0		-999.00
9156	1694898022	1200		261.10		        19		  9.00
9156	1694901622	3600		261.14		         8		  9.00
9156	1694905222	3600		261.10		         4		  9.00
9156	1694908822	3600		261.14		         2		  9.00
9156	1694912422	3600		261.14		         2		  9.00
9156	1694916022	3600		261.14		         4		  9.00
9156	1694919622	3600		261.14		         4		  9.00
2023-09-17 05:18:39 2023-09-17 05:00:22 0:05:00 2023-09-17 05:23:39
9156	1694921019	1397		261.14		         0		  9.00
9157
9158
9159
Warning: Run3 pp cross-section should be updated!
9157	1694922219	1200		261.14		         0		-999.00
9158	1694925819	3600		261.14		         0		-999.00
9159	1694929419	3600		261.14		         0		-999.00
9160	1694933019	3600		261.14		         0		-999.00
9161	1694936619	3600		261.14		         0		-999.00
9162	1694940219	3600		261.14		         0		-999.00
9163	1694943819	3600		261.14		         0		-999.00
9164	1694947419	3600		261.14		         0		-999.00
9165	1694951019	3600		261.14		         0		-999.00
9166	1694954619	3600		261.14		         0		-999.00
9167	1694958219	3600		261.14		         0		-999.00
2023-09-17 05:23:39 2023-09-17 15:43:39 0:00:00 2023-09-17 15:44:45
9168	1694921019	-37200		261.14		         0		-999.00
9159	1694959485	1200		261.14		        32		  9.00
9159	1694963085	3600		261.14		        27		  9.00
9159	1694966685	3600		261.14		        21		  9.00
9159	1694970285	3600		261.14		        17		  9.00
9159	1694973885	3600		261.14		        14		  9.00
9159	1694977485	3600		261.14		        12		  9.00
9159	1694981085	3600		261.10		        10		  9.00
9159	1694984685	3600		261.14		         8		  9.00
9159	1694988285	3600		261.10		         8		  9.00
9159	1694991885	3600		261.10		         8		  9.00
9159	1694995485	3600		261.10		         6		  9.00
9159	1694999085	3600		261.14		         6		  9.00
9159	1695002685	3600		261.10		         4		  9.00
2023-09-18 04:44:39 2023-09-18 04:04:45 0:05:00 2023-09-18 04:49:39
9159	1695005379	2694		261.14		         3		  9.00
9160
9161
9162
Warning: Run3 pp cross-section should be updated!
9160	1695006579	1200		261.14		         3		-999.00
9161	1695010179	3600		261.14		         3		-999.00
9162	1695013779	3600		261.10		         3		-999.00
9163	1695017379	3600		261.14		         3		-999.00
9164	1695020979	3600		261.14		         3		-999.00
9165	1695024579	3600		261.14		         3		-999.00
9166	1695028179	3600		261.14		         3		-999.00
9167	1695031779	3600		265.22		         3		-999.00
9168	1695035379	3600		265.57		         3		-999.00
9169	1695038979	3600		265.58		         3		-999.00
9170	1695042579	3600		265.59		         3		-999.00
9171	1695046179	3600		265.62		         3		-999.00
9172	1695049779	3600		265.44		         3		-999.00
9173	1695053379	3600		265.20		         3		-999.00
9174	1695056979	3600		265.58		         3		-999.00
9175	1695060579	3600		265.58		         3		-999.00
9176	1695064179	3600		265.58		         3		-999.00
9177	1695067779	3600		261.05		         3		-999.00
9178	1695071379	3600		261.17		         3		-999.00
9179	1695074979	3600		261.17		         3		-999.00
2023-09-18 04:49:39 2023-09-19 00:09:39 0:00:00 2023-09-19 01:03:59
9180	1695005379	-69600		261.14		         3		-999.00
9162	1695079439	1200		261.17		        19		 10.50
9162	1695083039	3600		261.17		        14		 10.50
9162	1695086639	3600		261.17		        12		 10.50
9162	1695090239	3600		261.17		        10		 10.50
9162	1695093839	3600		261.17		        10		 10.50
9162	1695097439	3600		261.17		        10		 10.50
9162	1695101039	3600		261.17		         8		 10.50
9162	1695104639	3600		261.17		         4		 10.50
2023-09-19 08:40:03 2023-09-19 08:23:59 0:05:00 2023-09-19 08:45:03
9162	1695105903	1264		261.13		         0		 10.50
9163
9164
9165
9166
9167
9168
Warning: Run3 pp cross-section should be updated!
9163	1695107103	1200		261.17		         0		-999.00
9164	1695110703	3600		261.17		         0		-999.00
9165	1695114303	3600		261.14		         0		-999.00
9166	1695117903	3600		261.14		         0		-999.00
9167	1695121503	3600		261.18		         0		-999.00
9168	1695125103	3600		261.22		         0		-999.00
9169	1695128703	3600		261.22		         0		-999.00
9170	1695132303	3600		261.22		         0		-999.00
9171	1695135903	3600		261.22		         0		-999.00
9172	1695139503	3600		261.18		         0		-999.00
9173	1695143103	3600		261.18		         0		-999.00
9174	1695146703	3600		261.18		         0		-999.00
9175	1695150303	3600		261.18		         0		-999.00
9176	1695153903	3600		261.18		         0		-999.00
9177	1695157503	3600		261.18		         0		-999.00
2023-09-19 08:45:03 2023-09-19 23:05:03 0:00:00 2023-09-19 23:39:44
9178	1695105903	-51600		261.13		         0		-999.00
9168	1695160784	1200		265.26		    165590		1464.00
9168	1695164384	3600		265.37		    156412		1480.00
9168	1695167984	3600		265.37		    149198		1475.00
9168	1695171584	3600		265.33		    142561		1476.00
9168	1695175184	3600		265.37		    135640		1476.00
9168	1695178784	3600		265.37		    130897		1467.00
9168	1695182384	3600		265.37		    118262		1475.00
2023-09-20 06:04:05 2023-09-20 05:59:44 0:05:00 2023-09-20 06:09:05
9168	1695182945	561		265.37		    120390		1469.00
9169
9170
9171
9172
9173
9174
9175
9176
9177
9178
9179
9180
9181
9182
9183
9184
9185
9186
9187
9188
9189
9190
9191
9192
Warning: Run3 pp cross-section should be updated!
9169	1695184145	1200		260.94		    120390		-999.00
9170	1695187745	3600		261.17		    120390		-999.00
9171	1695191345	3600		261.17		    120390		-999.00
9172	1695194945	3600		261.17		    120390		-999.00
9173	1695198545	3600		261.17		    120390		-999.00
9174	1695202145	3600		261.10		    120390		-999.00
9175	1695205745	3600		261.14		    120390		-999.00
9176	1695209345	3600		261.06		    120390		-999.00
9177	1695212945	3600		261.10		    120390		-999.00
9178	1695216545	3600		261.06		    120390		-999.00
9179	1695220145	3600		261.12		    120390		-999.00
9180	1695223745	3600		261.09		    120390		-999.00
9181	1695227345	3600		261.08		    120390		-999.00
9182	1695230945	3600		261.11		    120390		-999.00
9183	1695234545	3600		261.11		    120390		-999.00
9184	1695238145	3600		261.11		    120390		-999.00
9185	1695241745	3600		261.11		    120390		-999.00
9186	1695245345	3600		261.11		    120390		-999.00
9187	1695248945	3600		261.11		    120390		-999.00
9188	1695252545	3600		261.11		    120390		-999.00
9189	1695256145	3600		261.11		    120390		-999.00
9190	1695259745	3600		261.17		    120390		-999.00
9191	1695263345	3600		261.13		    120390		-999.00
9192	1695266945	3600		261.17		    120390		-999.00
9193	1695270545	3600		261.09		    120390		-999.00
9194	1695274145	3600		256.04		    120390		-999.00
9195	1695277745	3600		255.28		    120390		-999.00
9196	1695281345	3600		255.54		    120390		-999.00
9197	1695284945	3600		255.61		    120390		-999.00
9198	1695288545	3600		255.74		    120390		-999.00
9199	1695292145	3600		255.59		    120390		-999.00
9200	1695295745	3600		255.54		    120390		-999.00
9201	1695299345	3600		255.58		    120390		-999.00
9202	1695302945	3600		255.61		    120390		-999.00
9203	1695306545	3600		255.58		    120390		-999.00
9204	1695310145	3600		255.58		    120390		-999.00
9205	1695313745	3600		255.55		    120390		-999.00
9206	1695317345	3600		255.61		    120390		-999.00
9207	1695320945	3600		255.65		    120390		-999.00
9208	1695324545	3600		255.80		    120390		-999.00
9209	1695328145	3600		255.64		    120390		-999.00
9210	1695331745	3600		255.66		    120390		-999.00
9211	1695335345	3600		255.69		    120390		-999.00
9212	1695338945	3600		255.82		    120390		-999.00
9213	1695342545	3600		255.81		    120390		-999.00
9214	1695346145	3600		255.66		    120390		-999.00
9215	1695349745	3600		255.68		    120390		-999.00
9216	1695353345	3600		255.78		    120390		-999.00
9217	1695356945	3600		255.69		    120390		-999.00
9218	1695360545	3600		255.54		    120390		-999.00
9219	1695364145	3600		255.77		    120390		-999.00
9220	1695367745	3600		261.33		    120390		-999.00
9221	1695371345	3600		261.17		    120390		-999.00
9222	1695374945	3600		261.24		    120390		-999.00
9223	1695378545	3600		261.27		    120390		-999.00
9224	1695382145	3600		261.30		    120390		-999.00
9225	1695385745	3600		260.92		    120390		-999.00
9226	1695389345	3600		261.11		    120390		-999.00
9227	1695392945	3600		261.15		    120390		-999.00
9228	1695396545	3600		261.15		    120390		-999.00
9229	1695400145	3600		261.12		    120390		-999.00
9230	1695403745	3600		261.19		    120390		-999.00
9231	1695407345	3600		261.15		    120390		-999.00
9232	1695410945	3600		261.11		    120390		-999.00
9233	1695414545	3600		261.11		    120390		-999.00
9234	1695418145	3600		261.09		    120390		-999.00
9235	1695421745	3600		261.10		    120390		-999.00
9236	1695425345	3600		261.08		    120390		-999.00
9237	1695428945	3600		261.12		    120390		-999.00
9238	1695432545	3600		261.12		    120390		-999.00
9239	1695436145	3600		261.13		    120390		-999.00
9240	1695439745	3600		261.13		    120390		-999.00
9241	1695443345	3600		261.13		    120390		-999.00
9242	1695446945	3600		261.13		    120390		-999.00
9243	1695450545	3600		261.13		    120390		-999.00
9244	1695454145	3600		261.13		    120390		-999.00
9245	1695457745	3600		261.21		    120390		-999.00
9246	1695461345	3600		261.21		    120390		-999.00
9247	1695464945	3600		261.21		    120390		-999.00
9248	1695468545	3600		261.21		    120390		-999.00
9249	1695472145	3600		261.19		    120390		-999.00
9250	1695475745	3600		261.24		    120390		-999.00
9251	1695479345	3600		261.24		    120390		-999.00
9252	1695482945	3600		261.24		    120390		-999.00
9253	1695486545	3600		261.24		    120390		-999.00
9254	1695490145	3600		261.16		    120390		-999.00
9255	1695493745	3600		261.20		    120390		-999.00
9256	1695497345	3600		261.14		    120390		-999.00
9257	1695500945	3600		261.19		    120390		-999.00
9258	1695504545	3600		261.19		    120390		-999.00
9259	1695508145	3600		261.19		    120390		-999.00
9260	1695511745	3600		261.19		    120390		-999.00
9261	1695515345	3600		261.19		    120390		-999.00
9262	1695518945	3600		261.19		    120390		-999.00
9263	1695522545	3600		261.19		    120390		-999.00
9264	1695526145	3600		261.19		    120390		-999.00
9265	1695529745	3600		261.19		    120390		-999.00
9266	1695533345	3600		261.23		    120390		-999.00
9267	1695536945	3600		261.20		    120390		-999.00
9268	1695540545	3600		261.18		    120390		-999.00
9269	1695544145	3600		261.22		    120390		-999.00
9270	1695547745	3600		260.89		    120390		-999.00
9271	1695551345	3600		261.01		    120390		-999.00
9272	1695554945	3600		261.20		    120390		-999.00
9273	1695558545	3600		261.25		    120390		-999.00
9274	1695562145	3600		265.33		    120390		-999.00
9275	1695565745	3600		265.57		    120390		-999.00
9276	1695569345	3600		265.61		    120390		-999.00
9277	1695572945	3600		265.57		    120390		-999.00
9278	1695576545	3600		265.57		    120390		-999.00
9279	1695580145	3600		265.57		    120390		-999.00
9280	1695583745	3600		265.64		    120390		-999.00
9281	1695587345	3600		265.64		    120390		-999.00
9282	1695590945	3600		265.64		    120390		-999.00
9283	1695594545	3600		265.64		    120390		-999.00
9284	1695598145	3600		265.64		    120390		-999.00
9285	1695601745	3600		265.64		    120390		-999.00
9286	1695605345	3600		265.64		    120390		-999.00
9287	1695608945	3600		265.64		    120390		-999.00
9288	1695612545	3600		265.64		    120390		-999.00
9289	1695616145	3600		265.64		    120390		-999.00
9290	1695619745	3600		265.63		    120390		-999.00
9291	1695623345	3600		265.14		    120390		-999.00
9292	1695626945	3600		265.46		    120390		-999.00
9293	1695630545	3600		265.69		    120390		-999.00
9294	1695634145	3600		265.31		    120390		-999.00
9295	1695637745	3600		265.05		    120390		-999.00
9296	1695641345	3600		265.27		    120390		-999.00
9297	1695644945	3600		265.27		    120390		-999.00
9298	1695648545	3600		265.24		    120390		-999.00
9299	1695652145	3600		265.62		    120390		-999.00
9300	1695655745	3600		261.16		    120390		-999.00
9301	1695659345	3600		261.25		    120390		-999.00
9302	1695662945	3600		260.94		    120390		-999.00
9303	1695666545	3600		261.25		    120390		-999.00
9304	1695670145	3600		261.19		    120390		-999.00
9305	1695673745	3600		261.23		    120390		-999.00
9306	1695677345	3600		261.19		    120390		-999.00
9307	1695680945	3600		261.27		    120390		-999.00
9308	1695684545	3600		261.23		    120390		-999.00
9309	1695688145	3600		261.18		    120390		-999.00
9310	1695691745	3600		261.13		    120390		-999.00
9311	1695695345	3600		261.25		    120390		-999.00
9312	1695698945	3600		261.25		    120390		-999.00
9313	1695702545	3600		261.23		    120390		-999.00
9314	1695706145	3600		261.24		    120390		-999.00
9315	1695709745	3600		261.27		    120390		-999.00
9316	1695713345	3600		261.20		    120390		-999.00
9317	1695716945	3600		261.18		    120390		-999.00
9318	1695720545	3600		261.24		    120390		-999.00
9319	1695724145	3600		261.26		    120390		-999.00
9320	1695727745	3600		261.22		    120390		-999.00
9321	1695731345	3600		261.23		    120390		-999.00
9322	1695734945	3600		261.26		    120390		-999.00
9323	1695738545	3600		261.27		    120390		-999.00
9324	1695742145	3600		261.19		    120390		-999.00
2023-09-20 06:09:05 2023-09-26 17:29:05 0:00:00 2023-09-26 17:46:57
9325	1695182945	-559200		261.45		    120390		-999.00
9192	1695744417	1200		265.51		         0		1537.00
9192	1695748017	3600		265.60		         0		1566.00
9192	1695751617	3600		265.28		         0		1433.00
2023-09-26 20:48:13 2023-09-26 20:06:57 0:05:00 2023-09-26 20:53:13
9192	1695754393	2776		265.24		         0		1418.00
9193
Warning: Run3 pp cross-section should be updated!
9193	1695755593	1200		261.07		         0		-999.00
9194	1695759193	3600		265.40		         0		-999.00
9195	1695762793	3600		265.61		         0		-999.00
9196	1695766393	3600		261.05		         0		-999.00
9197	1695769993	3600		261.21		         0		-999.00
2023-09-26 20:53:13 2023-09-27 01:13:13 0:00:00 2023-09-27 02:00:47
9198	1695754393	-15600		261.19		         0		-999.00
9193	1695774047	1200		265.32		         6		1479.00
9193	1695777647	3600		265.43		         6		1493.00
9193	1695781247	3600		265.47		         4		1509.00
9193	1695784847	3600		265.51		         4		1521.00
9193	1695788447	3600		265.52		         2		1533.00
2023-09-27 06:53:50 2023-09-27 06:20:47 0:05:00 2023-09-27 06:58:50
9193	1695790730	2283		265.60		         0		1547.00
9194
Warning: Run3 pp cross-section should be updated!
9194	1695791930	1200		265.32		         0		-999.00
9195	1695795530	3600		261.07		         0		-999.00
9196	1695799130	3600		261.25		         0		-999.00
9197	1695802730	3600		261.21		         0		-999.00
2023-09-27 06:58:50 2023-09-27 10:18:50 0:00:00 2023-09-27 10:29:27
9198	1695790730	-12000		261.48		         0		-999.00
9194	1695804567	1200		265.30		         6		1472.00
9194	1695808167	3600		265.40		         6		1489.00
9194	1695811767	3600		265.44		         4		1501.00
2023-09-27 12:53:33 2023-09-27 12:49:27 0:05:00 2023-09-27 12:58:33
9194	1695812313	546		265.44		         0		1499.00
9195
9196
9197
Warning: Run3 pp cross-section should be updated!
9195	1695813513	1200		261.12		         0		-999.00
9196	1695817113	3600		261.18		         0		-999.00
9197	1695820713	3600		261.24		         0		-999.00
9198	1695824313	3600		261.24		         0		-999.00
9199	1695827913	3600		261.26		         0		-999.00
9200	1695831513	3600		261.11		         0		-999.00
9201	1695835113	3600		261.21		         0		-999.00
2023-09-27 12:58:33 2023-09-27 19:18:33 0:00:00 2023-09-27 20:05:24
9202	1695812313	-22800		261.63		         0		-999.00
9197	1695839124	1200		265.34		         6		1475.00
9197	1695842724	3600		265.22		         6		1467.00
9197	1695846324	3600		265.28		         0		1423.00
2023-09-27 23:10:30 2023-09-27 22:25:24 0:05:00 2023-09-27 23:15:30
9197	1695849330	3006		265.57		         0		1527.00
9198
9199
9200
Warning: Run3 pp cross-section should be updated!
9198	1695850530	1200		261.06		         0		-999.00
9199	1695854130	3600		261.20		         0		-999.00
9200	1695857730	3600		261.16		         0		-999.00
9201	1695861330	3600		261.19		         0		-999.00
2023-09-27 23:15:30 2023-09-28 02:35:30 0:00:00 2023-09-28 03:10:44
9202	1695849330	-12000		261.55		         0		-999.00
9200	1695864644	1200		265.36		         6		1479.00
2023-09-28 04:24:49 2023-09-28 03:30:44 0:05:00 2023-09-28 04:29:49
9200	1695868189	3545		265.44		         4		1499.00
