7905
7906
7907
7908
7909
7910
7911
7912
7913
7914
7915
7916
7916	1656973970	1200		265.32		        63		746.00
7916	1656977570	3600		265.36		        52		747.50
2022-07-05 02:23:41 2022-07-05 01:32:50 0:05:00 2022-07-05 02:28:41
7916	1656980921	3351		265.36		        44		744.50
7917
7918
7919
7920
Warning: Run3 pp cross-section should be updated!
7917	1656982121	1200		261.03		        44		-999.00
7918	1656985721	3600		261.15		        44		-999.00
7919	1656989321	3600		261.23		        44		-999.00
7920	1656992921	3600		261.28		        44		-999.00
7921	1656996521	3600		265.12		        44		-999.00
7922	1657000121	3600		265.35		        44		-999.00
7923	1657003721	3600		265.24		        44		-999.00
7924	1657007321	3600		265.19		        44		-999.00
7925	1657010921	3600		264.91		        44		-999.00
7926	1657014521	3600		265.34		        44		-999.00
7927	1657018121	3600		265.21		        44		-999.00
7928	1657021721	3600		265.17		        44		-999.00
2022-07-05 02:28:41 2022-07-05 13:48:41 0:00:00 2022-07-05 14:47:08
7929	1656980921	-40800		265.28		        44		-999.00
7920	1657026428	1200		265.12		     35638		735.00
7920	1657030028	3600		265.38		     34923		749.00
7920	1657033628	3600		265.27		     33503		741.00
7920	1657037228	3600		265.36		     37458		748.00
7920	1657040828	3600		265.24		     38437		739.00
7920	1657044428	3600		265.06		     39314		704.00
7920	1657048028	3600		265.32		     38860		744.00
7920	1657051628	3600		265.25		     39408		738.00
7920	1657055228	3600		265.33		     39122		740.50
2022-07-05 23:58:32 2022-07-05 23:07:08 0:05:00 2022-07-06 00:03:32
7920	1657058612	3384		265.45		     36976		745.50
7921
Warning: Run3 pp cross-section should be updated!
7921	1657059812	1200		261.08		     36976		-999.00
7922	1657063412	3600		261.21		     36976		-999.00
7923	1657067012	3600		261.64		     36976		-999.00
2022-07-06 00:03:32 2022-07-06 02:23:32 0:00:00 2022-07-06 02:34:04
7924	1657058612	-8400		261.38		     36976		-999.00
7921	1657068844	1200		265.17		     77441		729.00
7921	1657072444	3600		265.33		     80893		740.00
7921	1657076044	3600		265.26		     76662		736.00
7921	1657079644	3600		265.37		     83577		736.50
7921	1657083244	3600		265.37		     83743		736.50
7921	1657086844	3600		265.29		     84511		205.00
7921	1657090444	3600		265.29		     82960		755.50
7921	1657094044	3600		265.26		     78422		734.00
7921	1657097644	3600		265.26		     73325		734.00
7921	1657101244	3600		265.41		     64885		737.50
2022-07-06 12:14:37 2022-07-06 11:54:04 0:05:00 2022-07-06 12:19:37
7921	1657102777	1533		261.28		     56275		 13.50
7922
7923
Warning: Run3 pp cross-section should be updated!
7922	1657103977	1200		260.78		     56275		-999.00
7923	1657107577	3600		261.02		     56275		-999.00
7924	1657111177	3600		261.22		     56275		-999.00
7925	1657114777	3600		261.18		     56275		-999.00
7926	1657118377	3600		265.18		     56275		-999.00
7927	1657121977	3600		265.27		     56275		-999.00
7928	1657125577	3600		265.16		     56275		-999.00
7929	1657129177	3600		265.28		     56275		-999.00
7930	1657132777	3600		265.31		     56275		-999.00
7931	1657136377	3600		264.90		     56275		-999.00
7932	1657139977	3600		261.02		     56275		-999.00
7933	1657143577	3600		261.23		     56275		-999.00
2022-07-06 12:19:37 2022-07-06 23:39:37 0:00:00 2022-07-07 00:21:03
7934	1657102777	-40800		261.24		     56275		-999.00
7923	1657147263	1200		265.15		    308625		725.50
7923	1657150863	3600		265.27		    312427		732.50
7923	1657154463	3600		265.22		    295532		733.50
7923	1657158063	3600		265.26		    275154		733.50
7923	1657161663	3600		265.26		    289677		734.00
7923	1657165263	3600		265.26		    278839		734.00
7923	1657168863	3600		265.26		    277324		731.00
7923	1657172463	3600		265.26		    275792		734.00
7923	1657176063	3600		265.26		    317605		730.50
7923	1657179663	3600		265.26		    297898		730.00
7923	1657183263	3600		265.27		    264728		731.00
2022-07-07 10:42:09 2022-07-07 10:41:03 0:02:00 2022-07-07 10:44:09
7923	1657183449	186		261.26		    292450		 14.00
7924
7925
7926
7927
7928
7929
7930
7931
7932
7933
7934
7935
7936
7937
7938
7939
7940
7941
7942
7943
7944
7945
7946
7947
7948
7949
7950
7951
7952
7953
7954
7955
7956
7957
7958
7959
7960
Warning: Run3 pp cross-section should be updated!
7924	1657184649	1200		261.26		    292450		-999.00
7925	1657188249	3600		260.94		    292450		-999.00
7926	1657191849	3600		261.06		    292450		-999.00
7927	1657195449	3600		261.17		    292450		-999.00
7928	1657199049	3600		261.21		    292450		-999.00
7929	1657202649	3600		261.17		    292450		-999.00
7930	1657206249	3600		260.95		    292450		-999.00
7931	1657209849	3600		261.19		    292450		-999.00
7932	1657213449	3600		261.20		    292450		-999.00
7933	1657217049	3600		261.28		    292450		-999.00
7934	1657220649	3600		261.20		    292450		-999.00
7935	1657224249	3600		261.28		    292450		-999.00
7936	1657227849	3600		261.20		    292450		-999.00
7937	1657231449	3600		261.28		    292450		-999.00
7938	1657235049	3600		261.24		    292450		-999.00
7939	1657238649	3600		261.20		    292450		-999.00
7940	1657242249	3600		261.28		    292450		-999.00
7941	1657245849	3600		261.20		    292450		-999.00
7942	1657249449	3600		261.28		    292450		-999.00
7943	1657253049	3600		261.20		    292450		-999.00
7944	1657256649	3600		261.24		    292450		-999.00
7945	1657260249	3600		261.08		    292450		-999.00
7946	1657263849	3600		261.21		    292450		-999.00
7947	1657267449	3600		260.97		    292450		-999.00
7948	1657271049	3600		261.18		    292450		-999.00
7949	1657274649	3600		261.26		    292450		-999.00
7950	1657278249	3600		261.30		    292450		-999.00
7951	1657281849	3600		261.26		    292450		-999.00
7952	1657285449	3600		261.26		    292450		-999.00
7953	1657289049	3600		261.30		    292450		-999.00
7954	1657292649	3600		261.30		    292450		-999.00
7955	1657296249	3600		261.33		    292450		-999.00
7956	1657299849	3600		260.91		    292450		-999.00
7957	1657303449	3600		261.10		    292450		-999.00
7958	1657307049	3600		261.12		    292450		-999.00
7959	1657310649	3600		261.29		    292450		-999.00
7960	1657314249	3600		261.29		    292450		-999.00
7961	1657317849	3600		261.25		    292450		-999.00
7962	1657321449	3600		261.29		    292450		-999.00
7963	1657325049	3600		261.36		    292450		-999.00
7964	1657328649	3600		261.29		    292450		-999.00
7965	1657332249	3600		261.29		    292450		-999.00
7966	1657335849	3600		261.29		    292450		-999.00
7967	1657339449	3600		261.29		    292450		-999.00
7968	1657343049	3600		261.29		    292450		-999.00
7969	1657346649	3600		261.25		    292450		-999.00
7970	1657350249	3600		260.95		    292450		-999.00
7971	1657353849	3600		260.83		    292450		-999.00
7972	1657357449	3600		261.06		    292450		-999.00
7973	1657361049	3600		261.07		    292450		-999.00
7974	1657364649	3600		261.31		    292450		-999.00
7975	1657368249	3600		261.31		    292450		-999.00
7976	1657371849	3600		261.31		    292450		-999.00
7977	1657375449	3600		261.31		    292450		-999.00
7978	1657379049	3600		261.26		    292450		-999.00
7979	1657382649	3600		261.06		    292450		-999.00
7980	1657386249	3600		261.30		    292450		-999.00
7981	1657389849	3600		261.27		    292450		-999.00
7982	1657393449	3600		261.27		    292450		-999.00
7983	1657397049	3600		261.27		    292450		-999.00
7984	1657400649	3600		261.27		    292450		-999.00
7985	1657404249	3600		261.31		    292450		-999.00
7986	1657407849	3600		261.31		    292450		-999.00
7987	1657411449	3600		261.31		    292450		-999.00
7988	1657415049	3600		261.31		    292450		-999.00
7989	1657418649	3600		261.27		    292450		-999.00
7990	1657422249	3600		261.31		    292450		-999.00
7991	1657425849	3600		261.23		    292450		-999.00
7992	1657429449	3600		261.27		    292450		-999.00
7993	1657433049	3600		261.21		    292450		-999.00
7994	1657436649	3600		261.28		    292450		-999.00
7995	1657440249	3600		260.92		    292450		-999.00
7996	1657443849	3600		261.25		    292450		-999.00
7997	1657447449	3600		261.12		    292450		-999.00
2022-07-07 10:44:09 2022-07-10 12:04:09 0:00:00 2022-07-10 12:14:53
7998	1657183449	-264000		261.29		    292450		-999.00
7960	1657449293	1200		265.16		   2527705		722.00
7960	1657452893	3600		265.44		   2443458		741.50
7960	1657456493	3600		265.39		   2591915		740.50
7960	1657460093	3600		265.36		   2659091		740.50
7960	1657463693	3600		265.40		   2658095		734.00
7960	1657467293	3600		265.32		   2470115		738.00
7960	1657470893	3600		265.32		   2327432		735.00
7960	1657474493	3600		265.31		   2173089		737.50
7960	1657478093	3600		265.32		   1894246		735.00
2022-07-10 20:54:22 2022-07-10 20:34:53 0:05:00 2022-07-10 20:59:22
7960	1657479562	1469		265.33		   1966399		735.00
7961
7962
7963
Warning: Run3 pp cross-section should be updated!
7961	1657480762	1200		261.20		   1966399		-999.00
7962	1657484362	3600		261.19		   1966399		-999.00
7963	1657487962	3600		260.84		   1966399		-999.00
7964	1657491562	3600		260.87		   1966399		-999.00
7965	1657495162	3600		261.17		   1966399		-999.00
7966	1657498762	3600		261.32		   1966399		-999.00
2022-07-10 20:59:22 2022-07-11 02:19:22 0:00:00 2022-07-11 02:27:26
7967	1657479562	-19200		261.27		   1966399		-999.00
7963	1657500446	1200		265.47		   2141274		747.50
7963	1657504046	3600		265.41		   2277801		743.00
7963	1657507646	3600		265.41		   2225536		740.50
7963	1657511246	3600		265.43		   2827298		741.50
7963	1657514846	3600		265.43		   2745355		741.50
7963	1657518446	3600		265.42		   2549794		741.50
7963	1657522046	3600		265.42		   2359384		738.00
7963	1657525646	3600		265.32		   2252355		734.50
7963	1657529246	3600		265.18		   2127256		723.50
7963	1657532846	3600		265.40		   1834030		739.50
2022-07-11 12:07:05 2022-07-11 11:47:26 0:05:00 2022-07-11 12:12:05
7963	1657534325	1479		261.04		   1625454		 13.50
7964
7965
Warning: Run3 pp cross-section should be updated!
7964	1657535525	1200		260.74		   1625454		-999.00
7965	1657539125	3600		261.24		   1625454		-999.00
7966	1657542725	3600		261.16		   1625454		-999.00
2022-07-11 12:12:05 2022-07-11 14:32:05 0:00:00 2022-07-11 14:40:07
7967	1657534325	-8400		260.92		   1625454		-999.00
7965	1657544407	1200		265.39		   2612539		742.50
2022-07-11 15:01:11 2022-07-11 15:00:07 0:05:00 2022-07-11 15:06:11
7965	1657544771	364		265.40		   2975454		742.50
7966
Warning: Run3 pp cross-section should be updated!
7966	1657545971	1200		265.33		   2975454		-999.00
7967	1657549571	3600		261.02		   2975454		-999.00
2022-07-11 15:06:11 2022-07-11 16:26:11 0:00:00 2022-07-11 17:18:58
7968	1657544771	-4800		261.44		   2975454		-999.00
7966	1657553938	1200		265.24		   2671073		713.50
7966	1657557538	3600		265.36		   2892932		740.00
7966	1657561138	3600		265.39		   2844731		740.00
7966	1657564738	3600		265.40		   2851880		738.00
7966	1657568338	3600		265.43		   2682006		739.50
2022-07-11 22:32:37 2022-07-11 21:38:58 0:05:00 2022-07-11 22:37:37
7966	1657571857	3519		265.18		   1813487		724.50
7967
Warning: Run3 pp cross-section should be updated!
7967	1657573057	1200		261.30		   1813487		-999.00
7968	1657576657	3600		261.25		   1813487		-999.00
7969	1657580257	3600		260.98		   1813487		-999.00
2022-07-11 22:37:37 2022-07-12 00:57:37 0:00:00 2022-07-12 01:33:29
7970	1657571857	-8400		261.13		   1813487		-999.00
7967	1657583609	1200		265.38		   2263699		742.00
7967	1657587209	3600		265.34		   2201764		740.50
7967	1657590809	3600		265.34		   2124308		737.00
7967	1657594409	3600		265.34		   2089200		737.00
7967	1657598009	3600		265.43		   1912432		749.00
7967	1657601609	3600		265.33		       347		746.00
7967	1657605209	3600		265.40		       320		748.00
2022-07-12 08:18:22 2022-07-12 07:53:29 0:05:00 2022-07-12 08:23:22
7967	1657607002	1793		265.36		       288		741.00
7968
7969
Warning: Run3 pp cross-section should be updated!
7968	1657608202	1200		265.02		       288		-999.00
7969	1657611802	3600		265.14		       288		-999.00
7970	1657615402	3600		265.26		       288		-999.00
7971	1657619002	3600		265.29		       288		-999.00
7972	1657622602	3600		265.24		       288		-999.00
7973	1657626202	3600		265.20		       288		-999.00
7974	1657629802	3600		264.91		       288		-999.00
7975	1657633402	3600		265.15		       288		-999.00
7976	1657637002	3600		265.23		       288		-999.00
7977	1657640602	3600		265.44		       288		-999.00
7978	1657644202	3600		265.44		       288		-999.00
7979	1657647802	3600		265.37		       288		-999.00
7980	1657651402	3600		265.41		       288		-999.00
7981	1657655002	3600		261.28		       288		-999.00
7982	1657658602	3600		261.28		       288		-999.00
7983	1657662202	3600		261.28		       288		-999.00
2022-07-12 08:23:22 2022-07-12 23:43:22 0:00:00 2022-07-13 00:37:45
7984	1657607002	-55200		261.32		       288		-999.00
7969	1657666665	1200		265.57		  14380244		736.00
7969	1657670265	3600		265.79		  14193252		747.00
7969	1657673865	3600		265.79		  14336541		744.00
7969	1657677465	3600		263.01		  14650118		 13.00
2022-07-13 04:24:22 2022-07-13 03:57:45 0:05:00 2022-07-13 04:29:22
7969	1657679362	1897		266.59		  12229366		 13.00
7970
7971
7972
7973
7974
7975
7976
7977
7978
Warning: Run3 pp cross-section should be updated!
7970	1657680562	1200		266.70		  12229366		-999.00
7971	1657684162	3600		267.09		  12229366		-999.00
7972	1657687762	3600		267.74		  12229366		-999.00
7973	1657691362	3600		275.43		  12229366		-999.00
7974	1657694962	3600		275.14		  12229366		-999.00
7975	1657698562	3600		256.16		  12229366		-999.00
7976	1657702162	3600		256.16		  12229366		-999.00
7977	1657705762	3600		266.56		  12229366		-999.00
7978	1657709362	3600		266.87		  12229366		-999.00
7979	1657712962	3600		256.12		  12229366		-999.00
7980	1657716562	3600		260.35		  12229366		-999.00
7981	1657720162	3600		261.28		  12229366		-999.00
7982	1657723762	3600		261.28		  12229366		-999.00
7983	1657727362	3600		261.33		  12229366		-999.00
7984	1657730962	3600		261.33		  12229366		-999.00
7985	1657734562	3600		261.33		  12229366		-999.00
7986	1657738162	3600		261.33		  12229366		-999.00
7987	1657741762	3600		261.33		  12229366		-999.00
7988	1657745362	3600		261.33		  12229366		-999.00
7989	1657748962	3600		261.09		  12229366		-999.00
7990	1657752562	3600		261.19		  12229366		-999.00
7991	1657756162	3600		261.27		  12229366		-999.00
7992	1657759762	3600		261.26		  12229366		-999.00
7993	1657763362	3600		261.20		  12229366		-999.00
7994	1657766962	3600		264.85		  12229366		-999.00
7995	1657770562	3600		260.81		  12229366		-999.00
7996	1657774162	3600		261.31		  12229366		-999.00
7997	1657777762	3600		260.89		  12229366		-999.00
7998	1657781362	3600		264.77		  12229366		-999.00
7999	1657784962	3600		265.19		  12229366		-999.00
8000	1657788562	3600		261.21		  12229366		-999.00
8001	1657792162	3600		261.19		  12229366		-999.00
8002	1657795762	3600		261.19		  12229366		-999.00
8003	1657799362	3600		261.27		  12229366		-999.00
8004	1657802962	3600		261.05		  12229366		-999.00
8005	1657806562	3600		261.27		  12229366		-999.00
8006	1657810162	3600		261.16		  12229366		-999.00
2022-07-13 04:29:22 2022-07-14 16:49:22 0:00:00 2022-07-14 16:56:33
8007	1657679362	-130800		266.63		  12229366		-999.00
7978	1657811793	1200		265.47		   5041138		751.00
7978	1657815393	3600		265.68		   9111586		752.50
7978	1657818993	3600		265.70		   9837747		749.00
7978	1657822593	3600		265.70		  10014381		749.00
7978	1657826193	3600		265.71		  10062198		745.50
7978	1657829793	3600		265.59		  10147840		745.50
7978	1657833393	3600		265.64		  10408967		745.50
7978	1657836993	3600		265.59		  10370760		742.00
7978	1657840593	3600		265.59		  10120232		742.50
7978	1657844193	3600		265.61		   9554448		742.50
7978	1657847793	3600		265.60		   9125973		742.50
2022-07-15 04:04:21 2022-07-15 03:16:33 0:05:00 2022-07-15 04:09:21
7978	1657850961	3168		265.52		   7863426		736.50
7979
7980
7981
7982
7983
7984
7985
7986
7987
7988
7989
7990
7991
7992
7993
7994
7995
7996
7997
7998
7999
8000
8001
8002
8003
8004
8005
8006
8007
Warning: Run3 pp cross-section should be updated!
7979	1657852161	1200		261.26		   7863426		-999.00
7980	1657855761	3600		261.36		   7863426		-999.00
7981	1657859361	3600		261.36		   7863426		-999.00
7982	1657862961	3600		261.06		   7863426		-999.00
7983	1657866561	3600		260.83		   7863426		-999.00
7984	1657870161	3600		261.28		   7863426		-999.00
7985	1657873761	3600		261.03		   7863426		-999.00
7986	1657877361	3600		265.22		   7863426		-999.00
7987	1657880961	3600		265.30		   7863426		-999.00
7988	1657884561	3600		265.06		   7863426		-999.00
7989	1657888161	3600		265.18		   7863426		-999.00
7990	1657891761	3600		265.22		   7863426		-999.00
7991	1657895361	3600		265.44		   7863426		-999.00
7992	1657898961	3600		265.36		   7863426		-999.00
7993	1657902561	3600		265.40		   7863426		-999.00
7994	1657906161	3600		265.36		   7863426		-999.00
7995	1657909761	3600		265.44		   7863426		-999.00
7996	1657913361	3600		261.37		   7863426		-999.00
7997	1657916961	3600		261.33		   7863426		-999.00
7998	1657920561	3600		261.33		   7863426		-999.00
7999	1657924161	3600		261.33		   7863426		-999.00
8000	1657927761	3600		261.29		   7863426		-999.00
8001	1657931361	3600		261.29		   7863426		-999.00
8002	1657934961	3600		261.29		   7863426		-999.00
8003	1657938561	3600		261.29		   7863426		-999.00
8004	1657942161	3600		261.25		   7863426		-999.00
8005	1657945761	3600		261.25		   7863426		-999.00
8006	1657949361	3600		261.25		   7863426		-999.00
8007	1657952961	3600		261.25		   7863426		-999.00
8008	1657956561	3600		261.25		   7863426		-999.00
8009	1657960161	3600		261.25		   7863426		-999.00
8010	1657963761	3600		261.25		   7863426		-999.00
8011	1657967361	3600		261.13		   7863426		-999.00
8012	1657970961	3600		261.25		   7863426		-999.00
8013	1657974561	3600		261.25		   7863426		-999.00
8014	1657978161	3600		261.13		   7863426		-999.00
8015	1657981761	3600		261.25		   7863426		-999.00
8016	1657985361	3600		261.25		   7863426		-999.00
8017	1657988961	3600		261.23		   7863426		-999.00
8018	1657992561	3600		261.27		   7863426		-999.00
8019	1657996161	3600		261.20		   7863426		-999.00
8020	1657999761	3600		261.32		   7863426		-999.00
8021	1658003361	3600		261.32		   7863426		-999.00
8022	1658006961	3600		261.30		   7863426		-999.00
8023	1658010561	3600		261.30		   7863426		-999.00
8024	1658014161	3600		261.30		   7863426		-999.00
8025	1658017761	3600		261.30		   7863426		-999.00
8026	1658021361	3600		261.30		   7863426		-999.00
8027	1658024961	3600		261.30		   7863426		-999.00
8028	1658028561	3600		261.30		   7863426		-999.00
8029	1658032161	3600		261.30		   7863426		-999.00
8030	1658035761	3600		261.30		   7863426		-999.00
8031	1658039361	3600		261.30		   7863426		-999.00
8032	1658042961	3600		261.30		   7863426		-999.00
8033	1658046561	3600		261.30		   7863426		-999.00
8034	1658050161	3600		261.30		   7863426		-999.00
8035	1658053761	3600		261.31		   7863426		-999.00
8036	1658057361	3600		261.31		   7863426		-999.00
8037	1658060961	3600		261.27		   7863426		-999.00
8038	1658064561	3600		261.27		   7863426		-999.00
8039	1658068161	3600		261.27		   7863426		-999.00
8040	1658071761	3600		261.30		   7863426		-999.00
8041	1658075361	3600		261.33		   7863426		-999.00
8042	1658078961	3600		261.30		   7863426		-999.00
8043	1658082561	3600		261.30		   7863426		-999.00
8044	1658086161	3600		261.26		   7863426		-999.00
8045	1658089761	3600		261.26		   7863426		-999.00
8046	1658093361	3600		260.99		   7863426		-999.00
8047	1658096961	3600		261.42		   7863426		-999.00
8048	1658100561	3600		260.93		   7863426		-999.00
8049	1658104161	3600		261.29		   7863426		-999.00
2022-07-15 04:09:21 2022-07-18 02:29:21 0:00:00 2022-07-18 03:13:17
8050	1657850961	-253200		261.28		   7863426		-999.00
8007	1658107997	1200		265.57		   9470056		740.50
8007	1658111597	3600		265.64		  10647990		748.50
8007	1658115197	3600		265.58		   9876332		745.00
8007	1658118797	3600		265.68		  10862123		747.00
2022-07-18 07:16:52 2022-07-18 06:33:17 0:05:00 2022-07-18 07:21:52
8007	1658121712	2915		265.72		  10634309		750.00
8008
8009
8010
