8685
Warning: Run3 pp cross-section should be updated!
8685	1682748199	1200		265.70		  10356774		1138.00
8685	1682751799	3600		265.68		  16525992		1083.00
8685	1682755399	3600		266.21		  25923525		1151.00
8685	1682758999	3600		266.00		  25003492		1084.00
8685	1682762599	3600		265.98		  16308253		1148.00
8685	1682766199	3600		266.10		  21613806		1147.00
8685	1682769799	3600		266.05		  19970179		1146.00
8685	1682773399	3600		266.02		  18876362		1145.00
2023-04-29 15:47:31 2023-04-29 15:03:19 0:05:00 2023-04-29 15:52:31
8685	1682776351	2952		265.94		  16266302		1147.00
8686
Warning: Run3 pp cross-section should be updated!
8686	1682777551	1200		260.96		  16266302		-999.00
8687	1682781151	3600		261.25		  16266302		-999.00
8688	1682784751	3600		261.14		  16266302		-999.00
2023-04-29 15:52:31 2023-04-29 18:12:31 0:00:00 2023-04-29 18:16:31
8689	1682776351	-8400		261.32		  16266302		-999.00
8686	1682786191	1200		265.77		  10553990		1139.00
8686	1682789791	3600		266.07		  20499499		1154.00
8686	1682793391	3600		266.27		  27257390		1152.00
8686	1682796991	3600		265.88		  18804776		1130.00
8686	1682800591	3600		266.21		  24692925		1149.00
8686	1682804191	3600		266.15		  22652510		1145.00
8686	1682807791	3600		266.09		  20750901		1149.00
8686	1682811391	3600		266.05		  19363470		1146.00
8686	1682814991	3600		266.01		  17948499		1149.00
2023-04-30 02:56:15 2023-04-30 02:36:31 0:05:00 2023-04-30 03:01:15
8686	1682816475	1484		265.89		  13958690		1144.00
8687
8688
8689
8690
Warning: Run3 pp cross-section should be updated!
8687	1682817675	1200		261.04		  13958690		-999.00
8688	1682821275	3600		261.22		  13958690		-999.00
8689	1682824875	3600		261.21		  13958690		-999.00
8690	1682828475	3600		261.25		  13958690		-999.00
8691	1682832075	3600		261.25		  13958690		-999.00
8692	1682835675	3600		261.25		  13958690		-999.00
2023-04-30 03:01:15 2023-04-30 08:21:15 0:00:00 2023-04-30 08:55:39
8693	1682816475	-19200		261.39		  13958690		-999.00
8690	1682838939	1200		265.88		  14080733		1152.00
8690	1682842539	3600		266.20		  22055493		1162.00
8690	1682846139	3600		266.33		  26695222		1164.00
8690	1682849739	3600		266.17		  26782906		1143.00
8690	1682853339	3600		265.97		  14795733		1153.00
8690	1682856939	3600		266.08		  18481416		1157.00
8690	1682860539	3600		266.19		  22211126		1152.00
8690	1682864139	3600		266.15		  20676451		1158.00
2023-04-30 16:17:11 2023-04-30 16:15:39 0:02:00 2023-04-30 16:19:11
8690	1682864351	212		261.44		  20100881		 11.50
8691
Warning: Run3 pp cross-section should be updated!
8691	1682865551	1200		261.09		  20100881		-999.00
8692	1682869151	3600		261.24		  20100881		-999.00
2023-04-30 16:19:11 2023-04-30 17:39:11 0:00:00 2023-04-30 18:24:02
8693	1682864351	-4800		261.40		  20100881		-999.00
8691	1682873042	1200		265.99		  16922179		1158.00
8691	1682876642	3600		266.33		  25972885		1163.00
8691	1682880242	3600		266.36		  27194593		1164.00
8691	1682883842	3600		266.20		  22834516		1160.00
2023-04-30 22:05:58 2023-04-30 21:44:02 0:05:00 2023-04-30 22:10:58
8691	1682885458	1616		266.36		  27385532		1159.00
8692
Warning: Run3 pp cross-section should be updated!
8692	1682886658	1200		265.04		  27385532		-999.00
8693	1682890258	3600		261.30		  27385532		-999.00
8694	1682893858	3600		261.15		  27385532		-999.00
2023-04-30 22:10:58 2023-05-01 00:30:58 0:00:00 2023-05-01 01:01:52
8695	1682885458	-8400		261.54		  27385532		-999.00
8692	1682896912	1200		265.99		  18000749		1154.00
2023-05-01 01:52:31 2023-05-01 01:21:52 0:05:00 2023-05-01 01:57:31
8692	1682899051	2139		266.31		  26011424		1161.00
8693
8694
8695
Warning: Run3 pp cross-section should be updated!
8693	1682900251	1200		265.85		  26011424		-999.00
8694	1682903851	3600		265.74		  26011424		-999.00
8695	1682907451	3600		265.74		  26011424		-999.00
8696	1682911051	3600		265.74		  26011424		-999.00
8697	1682914651	3600		265.74		  26011424		-999.00
8698	1682918251	3600		261.53		  26011424		-999.00
8699	1682921851	3600		261.20		  26011424		-999.00
8700	1682925451	3600		261.26		  26011424		-999.00
8701	1682929051	3600		261.26		  26011424		-999.00
8702	1682932651	3600		261.22		  26011424		-999.00
2023-05-01 01:57:31 2023-05-01 11:17:31 0:00:00 2023-05-01 11:19:44
8703	1682899051	-33600		261.49		  26011424		-999.00
8695	1682933984	1200		266.41		  29872477		1163.00
8695	1682937584	3600		267.13		  49236997		1193.00
8695	1682941184	3600		267.14		  62889123		1100.00
8695	1682944784	3600		267.17		  52137698		1180.00
8695	1682948384	3600		267.29		  56210696		1178.00
8695	1682951984	3600		267.15		  51955890		1176.00
8695	1682955584	3600		267.06		  48681597		1184.00
8695	1682959184	3600		266.96		  45134688		1182.00
2023-05-01 19:14:17 2023-05-01 18:39:44 0:05:00 2023-05-01 19:19:17
8695	1682961557	2373		266.34		  32111447		1152.00
8696
Warning: Run3 pp cross-section should be updated!
8696	1682962757	1200		261.25		  32111447		-999.00
8697	1682966357	3600		261.26		  32111447		-999.00
8698	1682969957	3600		261.24		  32111447		-999.00
2023-05-01 19:19:17 2023-05-01 21:39:17 0:00:00 2023-05-01 22:15:09
8699	1682961557	-8400		261.35		  32111447		-999.00
8696	1682973309	1200		266.48		  33083662		1165.00
8696	1682976909	3600		267.43		  58130726		1202.00
8696	1682980509	3600		267.37		  59027636		1196.00
8696	1682984109	3600		267.54		  64810443		1193.00
8696	1682987709	3600		267.38		  59294736		1184.00
8696	1682991309	3600		267.24		  54831391		1182.00
8696	1682994909	3600		267.14		  51325538		1185.00
8696	1682998509	3600		267.03		  47580654		1186.00
8696	1683002109	3600		266.95		  44844682		1179.00
8696	1683005709	3600		266.84		  41832393		1178.00
8696	1683009309	3600		266.78		  39663792		1179.00
8696	1683012909	3600		266.66		  35879010		1167.00
2023-05-02 09:38:23 2023-05-02 09:35:09 0:05:00 2023-05-02 09:43:23
8696	1683013403	494		266.49		  31384375		1165.00
8697
8698
8699
8700
8701
Warning: Run3 pp cross-section should be updated!
8697	1683014603	1200		261.55		  31384375		-999.00
8698	1683018203	3600		261.25		  31384375		-999.00
8699	1683021803	3600		261.25		  31384375		-999.00
8700	1683025403	3600		261.24		  31384375		-999.00
8701	1683029003	3600		261.44		  31384375		-999.00
8702	1683032603	3600		261.36		  31384375		-999.00
8703	1683036203	3600		261.44		  31384375		-999.00
8704	1683039803	3600		261.22		  31384375		-999.00
8705	1683043403	3600		261.26		  31384375		-999.00
8706	1683047003	3600		261.22		  31384375		-999.00
8707	1683050603	3600		261.28		  31384375		-999.00
8708	1683054203	3600		261.28		  31384375		-999.00
8709	1683057803	3600		265.33		  31384375		-999.00
8710	1683061403	3600		261.15		  31384375		-999.00
8711	1683065003	3600		261.22		  31384375		-999.00
2023-05-02 09:43:23 2023-05-03 00:03:23 0:00:00 2023-05-03 00:55:26
8712	1683013403	-51600		261.44		  31384375		-999.00
8701	1683069326	1200		266.67		  39599487		1182.00
8701	1683072926	3600		267.56		  64125742		1209.00
8701	1683076526	3600		267.70		  68768038		1202.00
8701	1683080126	3600		267.71		  69092812		1209.00
8701	1683083726	3600		267.66		  67186339		1203.00
8701	1683087326	3600		267.52		  62559138		1200.00
8701	1683090926	3600		267.36		  57299411		1196.00
8701	1683094526	3600		267.24		  53453890		1192.00
2023-05-03 08:26:09 2023-05-03 08:15:26 0:05:00 2023-05-03 08:31:09
8701	1683095469	943		267.14		  49934625		1197.00
8702
8703
8704
8705
8706
8707
8708
8709
8710
8711
8712
8713
8714
8715
8716
8717
8718
8719
8720
8721
8722
8723
Warning: Run3 pp cross-section should be updated!
8702	1683096669	1200		265.10		  49934625		-999.00
8703	1683100269	3600		261.06		  49934625		-999.00
8704	1683103869	3600		261.21		  49934625		-999.00
8705	1683107469	3600		261.26		  49934625		-999.00
8706	1683111069	3600		261.29		  49934625		-999.00
8707	1683114669	3600		261.26		  49934625		-999.00
8708	1683118269	3600		261.29		  49934625		-999.00
8709	1683121869	3600		261.23		  49934625		-999.00
8710	1683125469	3600		261.26		  49934625		-999.00
8711	1683129069	3600		261.23		  49934625		-999.00
8712	1683132669	3600		261.25		  49934625		-999.00
8713	1683136269	3600		261.25		  49934625		-999.00
8714	1683139869	3600		261.25		  49934625		-999.00
8715	1683143469	3600		261.25		  49934625		-999.00
8716	1683147069	3600		261.25		  49934625		-999.00
8717	1683150669	3600		261.25		  49934625		-999.00
8718	1683154269	3600		261.25		  49934625		-999.00
8719	1683157869	3600		261.25		  49934625		-999.00
8720	1683161469	3600		261.25		  49934625		-999.00
8721	1683165069	3600		261.25		  49934625		-999.00
8722	1683168669	3600		261.25		  49934625		-999.00
8723	1683172269	3600		265.58		  49934625		-999.00
8724	1683175869	3600		265.28		  49934625		-999.00
8725	1683179469	3600		265.66		  49934625		-999.00
8726	1683183069	3600		265.12		  49934625		-999.00
8727	1683186669	3600		265.40		  49934625		-999.00
8728	1683190269	3600		265.55		  49934625		-999.00
8729	1683193869	3600		265.52		  49934625		-999.00
8730	1683197469	3600		261.11		  49934625		-999.00
8731	1683201069	3600		261.21		  49934625		-999.00
8732	1683204669	3600		261.25		  49934625		-999.00
8733	1683208269	3600		261.25		  49934625		-999.00
8734	1683211869	3600		261.23		  49934625		-999.00
8735	1683215469	3600		261.23		  49934625		-999.00
8736	1683219069	3600		261.23		  49934625		-999.00
8737	1683222669	3600		261.23		  49934625		-999.00
8738	1683226269	3600		261.23		  49934625		-999.00
8739	1683229869	3600		261.23		  49934625		-999.00
8740	1683233469	3600		261.23		  49934625		-999.00
8741	1683237069	3600		261.23		  49934625		-999.00
8742	1683240669	3600		261.23		  49934625		-999.00
8743	1683244269	3600		265.33		  49934625		-999.00
8744	1683247869	3600		265.69		  49934625		-999.00
8745	1683251469	3600		265.69		  49934625		-999.00
8746	1683255069	3600		265.73		  49934625		-999.00
8747	1683258669	3600		265.73		  49934625		-999.00
8748	1683262269	3600		265.69		  49934625		-999.00
8749	1683265869	3600		265.65		  49934625		-999.00
8750	1683269469	3600		265.18		  49934625		-999.00
8751	1683273069	3600		265.35		  49934625		-999.00
8752	1683276669	3600		261.28		  49934625		-999.00
2023-05-03 08:31:09 2023-05-05 10:51:09 0:00:00 2023-05-05 11:38:10
8753	1683095469	-181200		261.64		  49934625		-999.00
8723	1683280690	1200		265.77		  16094903		1118.00
8723	1683284290	3600		266.18		  23748125		1169.00
8723	1683287890	3600		266.31		  26150200		1173.00
8723	1683291490	3600		266.35		  26065908		1177.00
8723	1683295090	3600		266.31		  25985605		1170.00
2023-05-05 16:48:25 2023-05-05 15:58:10 0:05:00 2023-05-05 16:53:25
8723	1683298405	3315		266.19		  20844246		1173.00
8724
Warning: Run3 pp cross-section should be updated!
8724	1683299605	1200		265.87		  20844246		-999.00
8725	1683303205	3600		261.07		  20844246		-999.00
8726	1683306805	3600		261.26		  20844246		-999.00
8727	1683310405	3600		261.26		  20844246		-999.00
2023-05-05 16:53:25 2023-05-05 20:13:25 0:00:00 2023-05-05 20:58:14
8728	1683298405	-12000		261.44		  20844246		-999.00
8724	1683314294	1200		266.71		  40986331		1177.00
8724	1683317894	3600		267.29		  54576230		1199.00
8724	1683321494	3600		267.51		  62846238		1208.00
2023-05-06 00:08:58 2023-05-05 23:18:14 0:05:00 2023-05-06 00:13:58
8724	1683324838	3344		267.65		  67330477		1203.00
8725
Warning: Run3 pp cross-section should be updated!
8725	1683326038	1200		261.11		  67330477		-999.00
8726	1683329638	3600		265.79		  67330477		-999.00
8727	1683333238	3600		261.05		  67330477		-999.00
8728	1683336838	3600		261.15		  67330477		-999.00
2023-05-06 00:13:58 2023-05-06 03:33:58 0:00:00 2023-05-06 03:50:48
8729	1683324838	-12000		261.11		  67330477		-999.00
8725	1683339048	1200		266.60		  37906705		1179.00
8725	1683342648	3600		267.33		  58522376		1201.00
8725	1683346248	3600		267.57		  66413795		1201.00
8725	1683349848	3600		267.58		  66961709		1204.00
8725	1683353448	3600		267.33		  63682716		1179.00
2023-05-06 08:26:11 2023-05-06 08:10:48 0:05:00 2023-05-06 08:31:11
8725	1683354671	1223		266.72		  38382053		1208.00
8726
8727
8728
Warning: Run3 pp cross-section should be updated!
8726	1683355871	1200		261.26		  38382053		-999.00
8727	1683359471	3600		261.15		  38382053		-999.00
8728	1683363071	3600		261.19		  38382053		-999.00
2023-05-06 08:31:11 2023-05-06 10:51:11 0:00:00 2023-05-06 11:22:16
8729	1683354671	-8400		261.45		  38382053		-999.00
8728	1683366136	1200		266.85		  47814527		1176.00
8728	1683369736	3600		267.52		  65225524		1213.00
8728	1683373336	3600		267.81		  73778298		1207.00
8728	1683376936	3600		267.88		  74574748		1211.00
2023-05-06 15:03:24 2023-05-06 14:42:16 0:05:00 2023-05-06 15:08:24
8728	1683378504	1568		267.85		  73759691		1211.00
8729
Warning: Run3 pp cross-section should be updated!
8729	1683379704	1200		261.04		  73759691		-999.00
8730	1683383304	3600		261.18		  73759691		-999.00
8731	1683386904	3600		261.18		  73759691		-999.00
2023-05-06 15:08:24 2023-05-06 17:28:24 0:00:00 2023-05-06 18:08:38
8732	1683378504	-8400		261.64		  73759691		-999.00
8729	1683390518	1200		266.81		  44664948		1194.00
8729	1683394118	3600		267.74		  70339733		1217.00
8729	1683397718	3600		267.47		  73847742		1122.00
8729	1683401318	3600		267.45		  74983420		1116.00
8729	1683404918	3600		267.78		  74073488		1212.00
8729	1683408518	3600		267.27		  61147850		1190.00
8729	1683412118	3600		267.59		  66404237		1206.00
8729	1683415718	3600		267.39		  61082695		1204.00
8729	1683419318	3600		267.24		  56188987		1197.00
8729	1683422918	3600		267.12		  52120380		1196.00
8729	1683426518	3600		267.01		  48522703		1196.00
2023-05-07 04:30:01 2023-05-07 04:28:38 0:02:00 2023-05-07 04:32:01
8729	1683426721	203		267.14		  52713238		1196.00
8730
Warning: Run3 pp cross-section should be updated!
8730	1683427921	1200		265.70		  52713238		-999.00
8731	1683431521	3600		261.15		  52713238		-999.00
8732	1683435121	3600		261.18		  52713238		-999.00
2023-05-07 04:32:01 2023-05-07 06:52:01 0:00:00 2023-05-07 07:23:23
8733	1683426721	-8400		261.56		  52713238		-999.00
8730	1683438203	1200		266.74		  43530717		1190.00
8730	1683441803	3600		267.66		  68012593		1221.00
8730	1683445403	3600		267.88		  74765679		1219.00
8730	1683449003	3600		267.85		  73908670		1217.00
8730	1683452603	3600		267.82		  73836855		1212.00
8730	1683456203	3600		267.71		  69067216		1211.00
8730	1683459803	3600		267.47		  63726144		1209.00
8730	1683463403	3600		267.34		  59490657		1209.00
8730	1683467003	3600		267.21		  54962754		1204.00
8730	1683470603	3600		267.03		  50357039		1199.00
8730	1683474203	3600		266.95		  46479466		1201.00
2023-05-07 18:36:33 2023-05-07 17:43:23 0:05:00 2023-05-07 18:41:33
8730	1683477693	3490		266.59		  40988556		1179.00
8731
Warning: Run3 pp cross-section should be updated!
8731	1683478893	1200		261.02		  40988556		-999.00
8732	1683482493	3600		261.09		  40988556		-999.00
2023-05-07 18:41:33 2023-05-07 20:01:33 0:00:00 2023-05-07 20:41:47
8733	1683477693	-4800		261.08		  40988556		-999.00
8731	1683486107	1200		267.56		  69084323		1211.00
8731	1683489707	3600		268.70		  97007206		1268.00
8731	1683493307	3600		269.01		 119051174		1214.00
8731	1683496907	3600		268.64		  95916818		1254.00
8731	1683500507	3600		268.43		  92549948		1235.00
8731	1683504107	3600		268.85		 103472006		1252.00
8731	1683507707	3600		268.73		 101930074		1244.00
8731	1683511307	3600		267.86		  84575116		1208.00
2023-05-08 04:03:41 2023-05-08 04:01:47 0:02:00 2023-05-08 04:05:41
8731	1683511541	234		268.25		  97720283		1210.00
8732
8733
8734
8735
8736
Warning: Run3 pp cross-section should be updated!
8732	1683512741	1200		265.40		  97720283		-999.00
8733	1683516341	3600		265.51		  97720283		-999.00
8734	1683519941	3600		265.49		  97720283		-999.00
8735	1683523541	3600		265.53		  97720283		-999.00
8736	1683527141	3600		265.03		  97720283		-999.00
8737	1683530741	3600		264.92		  97720283		-999.00
8738	1683534341	3600		261.17		  97720283		-999.00
8739	1683537941	3600		261.24		  97720283		-999.00
8740	1683541541	3600		261.24		  97720283		-999.00
8741	1683545141	3600		261.20		  97720283		-999.00
8742	1683548741	3600		261.28		  97720283		-999.00
8743	1683552341	3600		261.29		  97720283		-999.00
8744	1683555941	3600		261.36		  97720283		-999.00
8745	1683559541	3600		261.32		  97720283		-999.00
8746	1683563141	3600		261.36		  97720283		-999.00
8747	1683566741	3600		261.31		  97720283		-999.00
8748	1683570341	3600		261.28		  97720283		-999.00
8749	1683573941	3600		261.24		  97720283		-999.00
2023-05-08 04:05:41 2023-05-08 21:25:41 0:00:00 2023-05-08 21:45:37
8750	1683511541	-62400		261.32		  97720283		-999.00
8736	1683576337	1200		267.41		  65284414		1210.00
8736	1683579937	3600		268.11		  80906405		1257.00
8736	1683583537	3600		269.12		 117560757		1258.00
8736	1683587137	3600		269.27		 117228344		1270.00
8736	1683590737	3600		269.22		 115527026		1271.00
8736	1683594337	3600		269.33		 116760471		1279.00
8736	1683597937	3600		268.79		  98611864		1276.00
8736	1683601537	3600		269.08		 110990575		1265.00
8736	1683605137	3600		268.85		 104008135		1269.00
8736	1683608737	3600		268.59		  96860113		1259.00
8736	1683612337	3600		268.42		  91057809		1252.00
8736	1683615937	3600		268.22		  84395896		1250.00
2023-05-09 09:47:11 2023-05-09 09:05:37 0:05:00 2023-05-09 09:52:11
8736	1683618731	2794		268.06		  80298094		1242.00
8737
8738
Warning: Run3 pp cross-section should be updated!
8737	1683619931	1200		261.02		  80298094		-999.00
8738	1683623531	3600		261.21		  80298094		-999.00
8739	1683627131	3600		261.22		  80298094		-999.00
8740	1683630731	3600		261.18		  80298094		-999.00
8741	1683634331	3600		261.07		  80298094		-999.00
8742	1683637931	3600		261.19		  80298094		-999.00
2023-05-09 09:52:11 2023-05-09 15:12:11 0:00:00 2023-05-09 16:05:53
8743	1683618731	-19200		261.14		  80298094		-999.00
8738	1683642353	1200		267.59		  67903521		1240.00
8738	1683645953	3600		268.53		 104550068		1207.00
8738	1683649553	3600		269.27		 117312227		1282.00
8738	1683653153	3600		269.26		 116702752		1289.00
8738	1683656753	3600		268.77		 110064662		1224.00
8738	1683660353	3600		268.43		  93688542		1257.00
8738	1683663953	3600		268.52		  95282114		1264.00
8738	1683667553	3600		268.25		  87502219		1257.00
8738	1683671153	3600		268.06		  81094740		1251.00
2023-05-10 00:58:08 2023-05-10 00:25:53 0:05:00 2023-05-10 01:03:08
8738	1683673388	2235		267.91		  76230884		1248.00
8739
Warning: Run3 pp cross-section should be updated!
8739	1683674588	1200		261.17		  76230884		-999.00
8740	1683678188	3600		261.20		  76230884		-999.00
8741	1683681788	3600		261.15		  76230884		-999.00
2023-05-10 01:03:08 2023-05-10 03:23:08 0:00:00 2023-05-10 03:36:26
8742	1683673388	-8400		261.30		  76230884		-999.00
8739	1683683786	1200		266.75		  43252021		1227.00
8739	1683687386	3600		268.03		  75965390		1281.00
8739	1683690986	3600		269.33		 116155080		1293.00
8739	1683694586	3600		269.24		 115927667		1289.00
8739	1683698186	3600		269.26		 115596857		1290.00
8739	1683701786	3600		268.96		 106248884		1281.00
8739	1683705386	3600		268.65		  97403318		1279.00
8739	1683708986	3600		268.37		  89035640		1273.00
8739	1683712586	3600		268.16		  82254223		1264.00
8739	1683716186	3600		267.97		  77283222		1262.00
2023-05-10 12:57:58 2023-05-10 12:56:26 0:05:00 2023-05-10 13:02:58
8739	1683716578	392		267.92		  74487171		1262.00
8740
8741
Warning: Run3 pp cross-section should be updated!
8740	1683717778	1200		261.13		  74487171		-999.00
8741	1683721378	3600		261.25		  74487171		-999.00
8742	1683724978	3600		261.24		  74487171		-999.00
8743	1683728578	3600		261.24		  74487171		-999.00
8744	1683732178	3600		261.44		  74487171		-999.00
8745	1683735778	3600		261.25		  74487171		-999.00
8746	1683739378	3600		261.25		  74487171		-999.00
2023-05-10 13:02:58 2023-05-10 19:22:58 0:00:00 2023-05-10 19:22:59
8747	1683716578	-22800		261.43		  74487171		-999.00
8741	1683740579	1200		266.82		  42516684		1248.00
8741	1683744179	3600		268.06		  76267107		1287.00
8741	1683747779	3600		269.38		 118955346		1295.00
8741	1683751379	3600		269.17		 114093892		1296.00
8741	1683754979	3600		268.87		 104023459		1285.00
8741	1683758579	3600		268.59		  94649364		1282.00
8741	1683762179	3600		268.33		  87386562		1282.00
8741	1683765779	3600		268.12		  80371334		1274.00
2023-05-11 02:53:50 2023-05-11 02:42:59 0:05:00 2023-05-11 02:58:50
8741	1683766730	951		267.99		  77268536		1278.00
8742
8743
8744
8745
8746
Warning: Run3 pp cross-section should be updated!
8742	1683767930	1200		265.55		  77268536		-999.00
8743	1683771530	3600		261.25		  77268536		-999.00
8744	1683775130	3600		261.24		  77268536		-999.00
8745	1683778730	3600		261.28		  77268536		-999.00
8746	1683782330	3600		261.31		  77268536		-999.00
8747	1683785930	3600		261.22		  77268536		-999.00
8748	1683789530	3600		261.21		  77268536		-999.00
2023-05-11 02:58:50 2023-05-11 09:18:50 0:00:00 2023-05-11 09:39:49
8749	1683766730	-22800		261.71		  77268536		-999.00
8746	1683791989	1200		267.00		  46088794		1265.00
8746	1683795589	3600		268.82		  97595508		1329.00
8746	1683799189	3600		270.06		 142610278		1315.00
8746	1683802789	3600		269.73		 130287010		1312.00
8746	1683806389	3600		268.69		 101364998		1293.00
8746	1683809989	3600		269.08		 109807030		1302.00
8746	1683813589	3600		268.82		 102225361		1299.00
8746	1683817189	3600		268.58		  94097724		1299.00
8746	1683820789	3600		268.36		  88394128		1289.00
8746	1683824389	3600		268.18		  82260865		1283.00
2023-05-11 19:39:44 2023-05-11 18:59:49 0:05:00 2023-05-11 19:44:44
8746	1683827084	2695		261.20		  78214089		 18.50
8747
8748
8749
8750
Warning: Run3 pp cross-section should be updated!
8747	1683828284	1200		261.28		  78214089		-999.00
8748	1683831884	3600		261.42		  78214089		-999.00
8749	1683835484	3600		261.42		  78214089		-999.00
8750	1683839084	3600		261.38		  78214089		-999.00
8751	1683842684	3600		261.30		  78214089		-999.00
8752	1683846284	3600		261.24		  78214089		-999.00
2023-05-11 19:44:44 2023-05-12 01:04:44 0:00:00 2023-05-12 01:29:43
8753	1683827084	-19200		261.16		  78214089		-999.00
Warning: Fill duration (2.5166666666666666 min.) smaller than fill time delay, no data collected during fill 8750
8751
8752
8753
8754
Warning: Run3 pp cross-section should be updated!
8754	1683849134	1200		265.69		  78214089		-999.00
8755	1683852734	3600		261.43		  78214089		-999.00
8756	1683856334	3600		261.10		  78214089		-999.00
8757	1683859934	3600		265.79		  78214089		-999.00
8758	1683863534	3600		265.82		  78214089		-999.00
8759	1683867134	3600		265.22		  78214089		-999.00
8760	1683870734	3600		265.74		  78214089		-999.00
8761	1683874334	3600		265.48		  78214089		-999.00
8762	1683877934	3600		265.47		  78214089		-999.00
8763	1683881534	3600		265.63		  78214089		-999.00
8764	1683885134	3600		265.87		  78214089		-999.00
8765	1683888734	3600		261.09		  78214089		-999.00
8766	1683892334	3600		261.28		  78214089		-999.00
2023-05-12 01:32:14 2023-05-12 13:52:14 0:00:00 2023-05-12 14:37:24
8767	1683847934	-44400		261.65		  78214089		-999.00
8754	1683896244	1200		267.36		  56058241		1284.00
8754	1683899844	3600		269.24		 111996795		1342.00
8754	1683903444	3600		270.47		 152725643		1340.00
8754	1683907044	3600		270.50		 152689468		1345.00
8754	1683910644	3600		270.40		 149362138		1340.00
8754	1683914244	3600		270.06		 138957230		1330.00
8754	1683917844	3600		269.60		 126420321		1322.00
8754	1683921444	3600		269.30		 116450535		1316.00
8754	1683925044	3600		269.06		 108379610		1317.00
8754	1683928644	3600		268.81		  99932304		1313.00
8754	1683932244	3600		268.56		  93749871		1305.00
8754	1683935844	3600		268.32		  87029545		1297.00
8754	1683939444	3600		268.20		  81915497		1304.00
8754	1683943044	3600		267.98		  76827359		1293.00
2023-05-13 03:59:41 2023-05-13 03:57:24 0:05:00 2023-05-13 04:04:41
8754	1683943481	437		267.98		  75386711		1294.00
8755
8756
8757
8758
8759
8760
8761
8762
8763
8764
8765
8766
8767
8768
8769
8770
8771
Warning: Run3 pp cross-section should be updated!
8755	1683944681	1200		265.68		  75386711		-999.00
8756	1683948281	3600		261.14		  75386711		-999.00
8757	1683951881	3600		261.28		  75386711		-999.00
8758	1683955481	3600		261.18		  75386711		-999.00
8759	1683959081	3600		261.26		  75386711		-999.00
8760	1683962681	3600		261.29		  75386711		-999.00
8761	1683966281	3600		261.28		  75386711		-999.00
8762	1683969881	3600		261.28		  75386711		-999.00
8763	1683973481	3600		261.30		  75386711		-999.00
8764	1683977081	3600		261.30		  75386711		-999.00
8765	1683980681	3600		261.30		  75386711		-999.00
8766	1683984281	3600		261.15		  75386711		-999.00
8767	1683987881	3600		261.27		  75386711		-999.00
8768	1683991481	3600		261.27		  75386711		-999.00
8769	1683995081	3600		261.27		  75386711		-999.00
8770	1683998681	3600		265.78		  75386711		-999.00
8771	1684002281	3600		265.85		  75386711		-999.00
8772	1684005881	3600		261.27		  75386711		-999.00
8773	1684009481	3600		261.27		  75386711		-999.00
8774	1684013081	3600		261.27		  75386711		-999.00
8775	1684016681	3600		265.64		  75386711		-999.00
8776	1684020281	3600		265.76		  75386711		-999.00
8777	1684023881	3600		265.80		  75386711		-999.00
8778	1684027481	3600		261.24		  75386711		-999.00
8779	1684031081	3600		265.79		  75386711		-999.00
8780	1684034681	3600		261.24		  75386711		-999.00
8781	1684038281	3600		261.20		  75386711		-999.00
8782	1684041881	3600		261.20		  75386711		-999.00
8783	1684045481	3600		261.24		  75386711		-999.00
8784	1684049081	3600		261.24		  75386711		-999.00
8785	1684052681	3600		261.24		  75386711		-999.00
2023-05-13 04:04:41 2023-05-14 10:24:41 0:00:00 2023-05-14 10:32:23
8786	1683943481	-109200		261.30		  75386711		-999.00
8771	1684054343	1200		267.65		  66084583		1300.00
8771	1684057943	3600		269.86		 135806412		1341.00
8771	1684061543	3600		270.52		 152419970		1358.00
8771	1684065143	3600		270.46		 151787141		1356.00
8771	1684068743	3600		270.17		 148676777		1327.00
8771	1684072343	3600		269.91		 135024060		1339.00
8771	1684075943	3600		269.50		 122411972		1333.00
8771	1684079543	3600		269.18		 113314532		1327.00
8771	1684083143	3600		268.88		 104432956		1320.00
8771	1684086743	3600		268.63		  96159127		1319.00
8771	1684090343	3600		268.46		  90221456		1316.00
8771	1684093943	3600		268.26		  83683791		1311.00
2023-05-14 22:46:05 2023-05-14 21:52:23 0:05:00 2023-05-14 22:51:05
8771	1684097465	3522		261.33		  78508026		 18.00
8772
8773
Warning: Run3 pp cross-section should be updated!
8772	1684098665	1200		261.11		  78508026		-999.00
8773	1684102265	3600		261.19		  78508026		-999.00
8774	1684105865	3600		261.21		  78508026		-999.00
8775	1684109465	3600		261.25		  78508026		-999.00
8776	1684113065	3600		261.25		  78508026		-999.00
8777	1684116665	3600		261.23		  78508026		-999.00
8778	1684120265	3600		261.27		  78508026		-999.00
2023-05-14 22:51:05 2023-05-15 05:11:05 0:00:00 2023-05-15 05:37:23
8779	1684097465	-22800		261.13		  78508026		-999.00
8773	1684123043	1200		267.50		  61199908		1314.00
8773	1684126643	3600		269.16		 108983785		1364.00
8773	1684130243	3600		270.54		 152440665		1368.00
8773	1684133843	3600		270.51		 151678979		1375.00
8773	1684137443	3600		270.49		 152535339		1371.00
8773	1684141043	3600		270.45		 151299302		1369.00
8773	1684144643	3600		270.11		 141338298		1367.00
8773	1684148243	3600		269.64		 127807206		1347.00
8773	1684151843	3600		269.34		 117821687		1346.00
8773	1684155443	3600		269.03		 108760908		1342.00
8773	1684159043	3600		268.76		  99811872		1339.00
8773	1684162643	3600		268.57		  93303971		1334.00
2023-05-15 17:46:17 2023-05-15 16:57:23 0:05:00 2023-05-15 17:51:17
8773	1684165877	3234		268.39		  87272618		1329.00
8774
8775
Warning: Run3 pp cross-section should be updated!
8774	1684167077	1200		261.11		  87272618		-999.00
8775	1684170677	3600		265.66		  87272618		-999.00
8776	1684174277	3600		261.09		  87272618		-999.00
8777	1684177877	3600		261.27		  87272618		-999.00
8778	1684181477	3600		261.28		  87272618		-999.00
2023-05-15 17:51:17 2023-05-15 22:11:17 0:00:00 2023-05-15 22:20:44
8779	1684165877	-15600		261.47		  87272618		-999.00
8775	1684183244	1200		267.71		  66882486		1319.00
8775	1684186844	3600		269.78		 129134260		1379.00
8775	1684190444	3600		270.49		 151517391		1385.00
8775	1684194044	3600		270.53		 152849796		1386.00
8775	1684197644	3600		270.36		 153395535		1356.00
8775	1684201244	3600		270.24		 144261591		1373.00
8775	1684204844	3600		269.82		 133017298		1368.00
2023-05-16 04:41:19 2023-05-16 04:40:44 0:00:00 2023-05-16 04:41:19
8775	1684204879	35		268.27		  81094996		1363.00
8776
8777
8778
Warning: Run3 pp cross-section should be updated!
8776	1684206079	1200		265.34		  81094996		-999.00
8777	1684209679	3600		265.70		  81094996		-999.00
8778	1684213279	3600		265.74		  81094996		-999.00
8779	1684216879	3600		265.73		  81094996		-999.00
8780	1684220479	3600		261.01		  81094996		-999.00
8781	1684224079	3600		261.24		  81094996		-999.00
8782	1684227679	3600		261.28		  81094996		-999.00
8783	1684231279	3600		261.25		  81094996		-999.00
2023-05-16 04:41:19 2023-05-16 12:01:19 0:00:00 2023-05-16 12:45:56
8784	1684204879	-26400		261.83		  81094996		-999.00
8778	1684235156	1200		265.52		     90428		1273.00
8778	1684238756	3600		265.50		     92226		1262.00
8778	1684242356	3600		265.58		    151274		1274.00
8778	1684245956	3600		265.48		    220796		1263.00
8778	1684249556	3600		265.50		    158462		1264.00
8778	1684253156	3600		265.45		    218308		1254.00
2023-05-16 18:46:56 2023-05-16 18:05:56 0:05:00 2023-05-16 18:51:56
8778	1684255916	2760		265.49		    237138		1266.00
8779
8780
8781
8782
Warning: Run3 pp cross-section should be updated!
8779	1684257116	1200		265.71		    237138		-999.00
8780	1684260716	3600		261.18		    237138		-999.00
8781	1684264316	3600		261.29		    237138		-999.00
8782	1684267916	3600		261.27		    237138		-999.00
8783	1684271516	3600		265.74		    237138		-999.00
8784	1684275116	3600		265.82		    237138		-999.00
8785	1684278716	3600		261.09		    237138		-999.00
8786	1684282316	3600		261.33		    237138		-999.00
2023-05-16 18:51:56 2023-05-17 02:11:56 0:00:00 2023-05-17 02:48:27
8787	1684255916	-26400		261.59		    237138		-999.00
8782	1684285707	1200		267.60		  64362390		1326.00
8782	1684289307	3600		269.71		 127843314		1384.00
8782	1684292907	3600		270.49		 151319114		1395.00
8782	1684296507	3600		270.43		 152981849		1376.00
8782	1684300107	3600		270.46		 150834823		1391.00
8782	1684303707	3600		270.13		 141165355		1381.00
8782	1684307307	3600		269.45		 118554929		1380.00
8782	1684310907	3600		269.19		 115211846		1349.00
8782	1684314507	3600		269.01		 106606052		1355.00
2023-05-17 12:01:46 2023-05-17 11:08:27 0:05:00 2023-05-17 12:06:46
8782	1684318006	3499		268.41		  92752368		1335.00
8783
8784
8785
8786
Warning: Run3 pp cross-section should be updated!
8783	1684319206	1200		261.06		  92752368		-999.00
8784	1684322806	3600		265.32		  92752368		-999.00
8785	1684326406	3600		265.56		  92752368		-999.00
8786	1684330006	3600		262.02		  92752368		-999.00
8787	1684333606	3600		260.96		  92752368		-999.00
8788	1684337206	3600		265.68		  92752368		-999.00
8789	1684340806	3600		265.75		  92752368		-999.00
8790	1684344406	3600		265.77		  92752368		-999.00
8791	1684348006	3600		261.27		  92752368		-999.00
8792	1684351606	3600		261.27		  92752368		-999.00
8793	1684355206	3600		265.73		  92752368		-999.00
8794	1684358806	3600		265.85		  92752368		-999.00
8795	1684362406	3600		265.97		  92752368		-999.00
8796	1684366006	3600		265.85		  92752368		-999.00
8797	1684369606	3600		265.96		  92752368		-999.00
8798	1684373206	3600		265.39		  92752368		-999.00
8799	1684376806	3600		265.71		  92752368		-999.00
8800	1684380406	3600		265.81		  92752368		-999.00
8801	1684384006	3600		265.81		  92752368		-999.00
8802	1684387606	3600		265.76		  92752368		-999.00
8803	1684391206	3600		261.10		  92752368		-999.00
8804	1684394806	3600		261.30		  92752368		-999.00
8805	1684398406	3600		265.75		  92752368		-999.00
8806	1684402006	3600		261.32		  92752368		-999.00
8807	1684405606	3600		261.23		  92752368		-999.00
2023-05-17 12:06:46 2023-05-18 12:26:46 0:00:00 2023-05-18 12:44:49
8808	1684318006	-87600		261.53		  92752368		-999.00
8786	1684407889	1200		267.71		  67122337		1343.00
8786	1684411489	3600		269.79		 128008160		1404.00
8786	1684415089	3600		270.32		 150329391		1390.00
8786	1684418689	3600		270.38		 145682446		1412.00
8786	1684422289	3600		270.41		 149148342		1406.00
8786	1684425889	3600		270.29		 144917559		1401.00
8786	1684429489	3600		269.90		 134328271		1394.00
8786	1684433089	3600		269.56		 122865290		1386.00
8786	1684436689	3600		269.30		 114222161		1372.00
8786	1684440289	3600		268.95		 105289636		1369.00
8786	1684443889	3600		268.73		  97820556		1366.00
8786	1684447489	3600		268.51		  91773571		1361.00
8786	1684451089	3600		268.31		  85383746		1361.00
8786	1684454689	3600		268.16		  80272250		1358.00
8786	1684458289	3600		267.26		  57075720		1328.00
8786	1684461889	3600		267.73		  66134589		1351.00
2023-05-19 04:10:57 2023-05-19 04:04:49 0:05:00 2023-05-19 04:15:57
8786	1684462557	668		267.79		  68136289		1347.00
8787
8788
8789
8790
8791
8792
8793
8794
Warning: Run3 pp cross-section should be updated!
8787	1684463757	1200		265.69		  68136289		-999.00
8788	1684467357	3600		261.18		  68136289		-999.00
8789	1684470957	3600		261.31		  68136289		-999.00
8790	1684474557	3600		261.33		  68136289		-999.00
8791	1684478157	3600		261.27		  68136289		-999.00
8792	1684481757	3600		261.27		  68136289		-999.00
8793	1684485357	3600		261.31		  68136289		-999.00
8794	1684488957	3600		261.31		  68136289		-999.00
8795	1684492557	3600		265.83		  68136289		-999.00
8796	1684496157	3600		261.32		  68136289		-999.00
8797	1684499757	3600		261.32		  68136289		-999.00
8798	1684503357	3600		265.73		  68136289		-999.00
8799	1684506957	3600		261.25		  68136289		-999.00
8800	1684510557	3600		261.24		  68136289		-999.00
2023-05-19 04:15:57 2023-05-19 17:35:57 0:00:00 2023-05-19 17:39:36
8801	1684462557	-48000		261.42		  68136289		-999.00
8794	1684511976	1200		266.89		  44246161		1338.00
8794	1684515576	3600		269.77		 126916590		1419.00
8794	1684519176	3600		270.31		 144922132		1421.00
8794	1684522776	3600		270.36		 146413104		1422.00
2023-05-19 21:01:06 2023-05-19 20:59:36 0:02:00 2023-05-19 21:03:06
8794	1684522986	210		261.68		 148798844		 18.50
8795
8796
Warning: Run3 pp cross-section should be updated!
8795	1684524186	1200		261.11		 148798844		-999.00
8796	1684527786	3600		265.67		 148798844		-999.00
8797	1684531386	3600		265.79		 148798844		-999.00
8798	1684534986	3600		265.83		 148798844		-999.00
8799	1684538586	3600		261.27		 148798844		-999.00
8800	1684542186	3600		261.30		 148798844		-999.00
2023-05-19 21:03:06 2023-05-20 02:23:06 0:00:00 2023-05-20 03:15:40
8801	1684522986	-19200		261.35		 148798844		-999.00
8796	1684546540	1200		267.81		  68499420		1377.00
8796	1684550140	3600		269.85		 129570188		1426.00
8796	1684553740	3600		270.31		 144958242		1417.00
2023-05-20 05:49:12 2023-05-20 05:35:40 0:05:00 2023-05-20 05:54:12
8796	1684554852	1112		270.30		 144569612		1424.00
8797
8798
8799
8800
