8175
8176
8177
Warning: Run3 pp cross-section should be updated!
8177	1663945426	1200		265.32		     31286		868.00
8177	1663949026	3600		265.40		     43808		875.00
8177	1663952626	3600		265.34		     43761		866.00
8177	1663956226	3600		261.33		     38100		 21.50
2022-09-23 20:04:39 2022-09-23 20:03:46 0:00:00 2022-09-23 20:04:39
8177	1663956279	53		261.33		         0		 21.50
8178
Warning: Run3 pp cross-section should be updated!
8178	1663957479	1200		260.93		         0		-999.00
8179	1663961079	3600		261.12		         0		-999.00
2022-09-23 20:04:39 2022-09-23 21:24:39 0:00:00 2022-09-23 22:21:15
8180	1663956279	-4800		261.33		         0		-999.00
8178	1663965675	1200		265.24		     94460		854.50
8178	1663969275	3600		265.63		    125162		898.50
8178	1663972875	3600		265.56		     57688		886.00
8178	1663976475	3600		265.64		     56255		912.00
8178	1663980075	3600		265.34		     60445		875.00
8178	1663983675	3600		265.20		     96990		855.00
8178	1663987275	3600		265.32		     72103		873.00
8178	1663990875	3600		265.26		     64712		853.00
8178	1663994475	3600		265.17		     63172		841.50
8178	1663998075	3600		265.48		     64731		876.50
8178	1664001675	3600		265.32		     70522		879.00
8178	1664005275	3600		265.61		     39218		909.00
8178	1664008875	3600		265.30		     50882		859.50
8178	1664012475	3600		265.32		     34953		849.50
8178	1664016075	3600		265.17		    111196		843.50
8178	1664019675	3600		265.36		    141381		855.00
8178	1664023275	3600		265.44		    124709		868.00
8178	1664026875	3600		265.46		     51540		888.50
8178	1664030475	3600		265.21		     90696		845.00
8178	1664034075	3600		265.33		     62316		850.50
8178	1664037675	3600		265.37		    120622		858.50
8178	1664041275	3600		265.37		    119235		854.00
8178	1664044875	3600		265.11		    108691		835.50
8178	1664048475	3600		265.38		    139407		853.50
8178	1664052075	3600		265.34		    139698		854.00
8178	1664055675	3600		265.34		    139288		854.00
8178	1664059275	3600		265.34		    140651		851.00
8178	1664062875	3600		265.34		    140361		854.50
8178	1664066475	3600		265.34		    141940		851.50
8178	1664070075	3600		265.34		    141650		851.50
8178	1664073675	3600		265.34		    142198		851.50
8178	1664077275	3600		265.34		    143546		851.50
8178	1664080875	3600		265.31		    143783		850.00
8178	1664084475	3600		265.35		    142644		850.00
8178	1664088075	3600		265.31		     94592		847.50
8178	1664091675	3600		265.09		     82231		836.50
8178	1664095275	3600		265.36		     94193		852.50
8178	1664098875	3600		265.36		     89604		850.00
8178	1664102475	3600		265.36		    108354		852.00
8178	1664106075	3600		265.36		    108002		856.50
8178	1664109675	3600		265.21		     62013		839.50
8178	1664113275	3600		265.67		     61714		910.00
8178	1664116875	3600		265.16		     99709		839.50
8178	1664120475	3600		265.28		    119294		849.00
8178	1664124075	3600		265.34		    133975		852.50
8178	1664127675	3600		265.34		    133666		852.50
8178	1664131275	3600		265.34		    132207		849.00
8178	1664134875	3600		265.34		    131848		852.00
8178	1664138475	3600		265.34		    132885		852.00
8178	1664142075	3600		265.34		    132121		852.00
8178	1664145675	3600		265.34		    133433		852.00
8178	1664149275	3600		265.34		    132932		849.00
8178	1664152875	3600		265.34		    134035		853.00
8178	1664156475	3600		265.34		    132941		849.50
8178	1664160075	3600		265.34		    132680		849.50
8178	1664163675	3600		265.34		    132399		849.50
8178	1664167275	3600		265.34		    127609		849.50
8178	1664170875	3600		265.50		    117231		869.50
2022-09-26 07:41:48 2022-09-26 07:41:15 0:02:00 2022-09-26 07:43:48
8178	1664171028	153		265.50		         0		869.50
8179
8180
8181
Warning: Run3 pp cross-section should be updated!
8179	1664172228	1200		265.33		         0		-999.00
8180	1664175828	3600		265.34		         0		-999.00
8181	1664179428	3600		265.43		         0		-999.00
8182	1664183028	3600		265.48		         0		-999.00
8183	1664186628	3600		261.16		         0		-999.00
8184	1664190228	3600		261.15		         0		-999.00
8185	1664193828	3600		261.15		         0		-999.00
8186	1664197428	3600		261.15		         0		-999.00
2022-09-26 07:43:48 2022-09-26 15:03:48 0:00:00 2022-09-26 15:53:44
8187	1664171028	-26400		261.50		         0		-999.00
8181	1664201624	1200		265.38		    139610		863.00
8181	1664205224	3600		265.38		    136854		861.50
8181	1664208824	3600		265.36		    137822		862.00
8181	1664212424	3600		265.36		    136879		859.00
2022-09-26 19:25:59 2022-09-26 19:13:44 0:05:00 2022-09-26 19:30:59
8181	1664213459	1035		265.36		    138661		859.00
8182
8183
8184
Warning: Run3 pp cross-section should be updated!
8182	1664214659	1200		260.94		    138661		-999.00
8183	1664218259	3600		261.20		    138661		-999.00
8184	1664221859	3600		261.11		    138661		-999.00
8185	1664225459	3600		261.06		    138661		-999.00
8186	1664229059	3600		261.09		    138661		-999.00
2022-09-26 19:30:59 2022-09-26 23:50:59 0:00:00 2022-09-27 00:27:15
8187	1664213459	-15600		261.23		    138661		-999.00
Warning: Fill duration (14.216666666666667 min.) smaller than fill time delay, no data collected during fill 8184
8185
8186
8187
8188
8189
8190
8191
8192
8193
8194
8195
8196
8197
8198
8199
8200
8201
8202
8203
8204
8205
8206
8207
8208
8209
8210
Warning: Run3 pp cross-section should be updated!
8188	1664233288	1200		261.12		    138661		-999.00
8189	1664236888	3600		261.16		    138661		-999.00
8190	1664240488	3600		261.16		    138661		-999.00
8191	1664244088	3600		261.12		    138661		-999.00
8192	1664247688	3600		261.19		    138661		-999.00
8193	1664251288	3600		261.16		    138661		-999.00
8194	1664254888	3600		261.12		    138661		-999.00
8195	1664258488	3600		260.92		    138661		-999.00
8196	1664262088	3600		261.16		    138661		-999.00
8197	1664265688	3600		261.09		    138661		-999.00
8198	1664269288	3600		261.13		    138661		-999.00
8199	1664272888	3600		261.13		    138661		-999.00
8200	1664276488	3600		261.11		    138661		-999.00
8201	1664280088	3600		261.15		    138661		-999.00
8202	1664283688	3600		261.11		    138661		-999.00
8203	1664287288	3600		261.15		    138661		-999.00
8204	1664290888	3600		261.05		    138661		-999.00
8205	1664294488	3600		261.07		    138661		-999.00
8206	1664298088	3600		261.14		    138661		-999.00
8207	1664301688	3600		261.07		    138661		-999.00
8208	1664305288	3600		261.11		    138661		-999.00
8209	1664308888	3600		261.09		    138661		-999.00
8210	1664312488	3600		261.08		    138661		-999.00
8211	1664316088	3600		261.18		    138661		-999.00
8212	1664319688	3600		261.17		    138661		-999.00
8213	1664323288	3600		261.08		    138661		-999.00
8214	1664326888	3600		261.16		    138661		-999.00
8215	1664330488	3600		261.16		    138661		-999.00
8216	1664334088	3600		261.18		    138661		-999.00
8217	1664337688	3600		265.42		    138661		-999.00
8218	1664341288	3600		265.44		    138661		-999.00
8219	1664344888	3600		265.41		    138661		-999.00
8220	1664348488	3600		265.31		    138661		-999.00
8221	1664352088	3600		265.38		    138661		-999.00
8222	1664355688	3600		265.39		    138661		-999.00
8223	1664359288	3600		265.43		    138661		-999.00
8224	1664362888	3600		265.43		    138661		-999.00
8225	1664366488	3600		265.39		    138661		-999.00
8226	1664370088	3600		265.43		    138661		-999.00
8227	1664373688	3600		265.09		    138661		-999.00
8228	1664377288	3600		261.06		    138661		-999.00
8229	1664380888	3600		261.09		    138661		-999.00
8230	1664384488	3600		261.12		    138661		-999.00
8231	1664388088	3600		261.12		    138661		-999.00
8232	1664391688	3600		261.12		    138661		-999.00
8233	1664395288	3600		261.10		    138661		-999.00
8234	1664398888	3600		261.08		    138661		-999.00
8235	1664402488	3600		261.08		    138661		-999.00
8236	1664406088	3600		261.12		    138661		-999.00
8237	1664409688	3600		261.12		    138661		-999.00
8238	1664413288	3600		261.12		    138661		-999.00
8239	1664416888	3600		261.08		    138661		-999.00
8240	1664420488	3600		261.12		    138661		-999.00
8241	1664424088	3600		261.12		    138661		-999.00
8242	1664427688	3600		261.12		    138661		-999.00
8243	1664431288	3600		261.12		    138661		-999.00
8244	1664434888	3600		261.13		    138661		-999.00
8245	1664438488	3600		261.13		    138661		-999.00
8246	1664442088	3600		261.15		    138661		-999.00
8247	1664445688	3600		261.15		    138661		-999.00
8248	1664449288	3600		261.15		    138661		-999.00
8249	1664452888	3600		261.08		    138661		-999.00
2022-09-27 00:41:28 2022-09-29 14:01:28 0:00:00 2022-09-29 14:22:04
8250	1664232088	-220800		261.45		    138661		-999.00
8210	1664455324	1200		265.45		   5463055		857.50
8210	1664458924	3600		265.55		   5313139		868.00
8210	1664462524	3600		265.38		   5240825		853.50
8210	1664466124	3600		265.33		   5155355		840.00
8210	1664469724	3600		265.61		   6227192		870.50
8210	1664473324	3600		265.33		   8314752		822.00
8210	1664476924	3600		265.54		   3329871		867.50
2022-09-29 21:06:24 2022-09-29 20:42:04 0:05:00 2022-09-29 21:11:24
8210	1664478684	1760		265.60		   6728692		866.50
8211
Warning: Run3 pp cross-section should be updated!
8211	1664479884	1200		265.36		   6728692		-999.00
8212	1664483484	3600		265.53		   6728692		-999.00
8213	1664487084	3600		260.96		   6728692		-999.00
8214	1664490684	3600		261.10		   6728692		-999.00
2022-09-29 21:11:24 2022-09-30 00:31:24 0:00:00 2022-09-30 00:52:51
8215	1664478684	-12000		261.34		   6728692		-999.00
8211	1664493171	1200		265.56		   6029370		865.00
8211	1664496771	3600		265.66		   8048702		869.50
8211	1664500371	3600		265.64		   7457405		867.50
2022-09-30 03:19:01 2022-09-30 03:12:51 0:05:00 2022-09-30 03:24:01
8211	1664501041	670		265.65		   7635131		864.00
8212
Warning: Run3 pp cross-section should be updated!
8212	1664502241	1200		260.94		   7635131		-999.00
8213	1664505841	3600		261.12		   7635131		-999.00
2022-09-30 03:24:01 2022-09-30 04:44:01 0:00:00 2022-09-30 05:17:22
8214	1664501041	-4800		261.28		   7635131		-999.00
8212	1664509042	1200		266.01		  19245109		869.50
8212	1664512642	3600		266.47		  31296863		884.00
8212	1664516242	3600		265.82		  11554079		879.50
8212	1664519842	3600		266.09		  27414374		839.50
2022-09-30 08:37:39 2022-09-30 08:37:22 0:05:00 2022-09-30 08:42:39
8212	1664520159	317		266.34		  35881798		836.00
8213
8214
Warning: Run3 pp cross-section should be updated!
8213	1664521359	1200		260.98		  35881798		-999.00
8214	1664524959	3600		261.26		  35881798		-999.00
8215	1664528559	3600		261.16		  35881798		-999.00
8216	1664532159	3600		261.15		  35881798		-999.00
8217	1664535759	3600		261.08		  35881798		-999.00
8218	1664539359	3600		261.20		  35881798		-999.00
2022-09-30 08:42:39 2022-09-30 14:02:39 0:00:00 2022-09-30 14:54:04
8219	1664520159	-19200		261.42		  35881798		-999.00
8214	1664543644	1200		266.49		  36868567		875.50
8214	1664547244	3600		265.33		   8365010		835.00
8214	1664550844	3600		265.27		         0		847.00
2022-09-30 17:26:59 2022-09-30 17:14:04 0:05:00 2022-09-30 17:31:59
8214	1664551919	1075		265.44		         0		885.00
8215
8216
Warning: Run3 pp cross-section should be updated!
8215	1664553119	1200		265.78		         0		-999.00
8216	1664556719	3600		265.69		         0		-999.00
8217	1664560319	3600		261.16		         0		-999.00
2022-09-30 17:31:59 2022-09-30 19:51:59 0:00:00 2022-09-30 20:47:04
8218	1664551919	-8400		261.44		         0		-999.00
8216	1664564824	1200		266.74		  44079898		888.50
8216	1664568424	3600		266.99		  56145170		880.50
8216	1664572024	3600		266.58		  51667031		823.00
8216	1664575624	3600		266.92		  47603022		893.00
8216	1664579224	3600		266.81		  43859631		893.50
8216	1664582824	3600		266.73		  41375106		890.50
8216	1664586424	3600		266.65		  38456321		888.00
8216	1664590024	3600		266.59		  36434918		888.50
8216	1664593624	3600		266.52		  34167208		889.00
2022-10-01 05:09:31 2022-10-01 05:07:04 0:05:00 2022-10-01 05:14:31
8216	1664594071	447		266.44		  31609042		889.00
8217
8218
8219
8220
Warning: Run3 pp cross-section should be updated!
8217	1664595271	1200		265.57		  31609042		-999.00
8218	1664598871	3600		261.15		  31609042		-999.00
8219	1664602471	3600		261.15		  31609042		-999.00
8220	1664606071	3600		261.15		  31609042		-999.00
8221	1664609671	3600		261.15		  31609042		-999.00
8222	1664613271	3600		261.15		  31609042		-999.00
2022-10-01 05:14:31 2022-10-01 10:34:31 0:00:00 2022-10-01 10:45:49
8223	1664594071	-19200		261.49		  31609042		-999.00
8220	1664615149	1200		268.21		  85985067		928.00
8220	1664618749	3600		268.25		 107177646		840.00
8220	1664622349	3600		268.64		  99300841		927.50
8220	1664625949	3600		268.44		  92471489		930.00
8220	1664629549	3600		268.33		  89027332		925.00
8220	1664633149	3600		268.14		  83998805		920.50
8220	1664636749	3600		267.84		  78885804		909.00
8220	1664640349	3600		267.79		  74457467		916.00
8220	1664643949	3600		267.68		  70697095		913.50
8220	1664647549	3600		267.57		  66997241		911.00
8220	1664651149	3600		267.47		  63873113		912.00
8220	1664654749	3600		267.34		  60799356		907.50
8220	1664658349	3600		266.95		  54104725		889.00
2022-10-01 23:10:43 2022-10-01 23:05:49 0:05:00 2022-10-01 23:15:43
8220	1664658943	594		266.97		  53401526		896.00
