8465
8466
8467
8468
8469
8470
8471
Warning: Run3 pp cross-section should be updated!
8471	1669234735	1200		269.36		 118978442		1391.00
2022-11-23 22:05:37 2022-11-23 21:18:55 0:05:00 2022-11-23 22:10:37
8471	1669237837	3102		270.08		 140395056		1404.00
8472
8473
8474
Warning: Run3 pp cross-section should be updated!
8472	1669239037	1200		265.56		 140395056		-999.00
8473	1669242637	3600		265.83		 140395056		-999.00
8474	1669246237	3600		265.83		 140395056		-999.00
8475	1669249837	3600		265.83		 140395056		-999.00
8476	1669253437	3600		261.44		 140395056		-999.00
8477	1669257037	3600		261.14		 140395056		-999.00
8478	1669260637	3600		261.24		 140395056		-999.00
8479	1669264237	3600		261.24		 140395056		-999.00
8480	1669267837	3600		261.25		 140395056		-999.00
2022-11-23 22:10:37 2022-11-24 06:30:37 0:00:00 2022-11-24 06:31:25
8481	1669237837	-30000		261.91		 140395056		-999.00
8474	1669269085	1200		269.35		 122485272		1371.00
8474	1669272685	3600		270.49		 150785679		1417.00
8474	1669276285	3600		270.76		 158309363		1425.00
8474	1669279885	3600		270.69		 157463161		1418.00
8474	1669283485	3600		270.74		 158536952		1427.00
8474	1669287085	3600		270.68		 157877721		1417.00
8474	1669290685	3600		270.37		 148703602		1415.00
8474	1669294285	3600		269.79		 133804921		1398.00
2022-11-24 14:28:54 2022-11-24 13:51:25 0:05:00 2022-11-24 14:33:54
8474	1669296834	2549		269.26		 115857489		1394.00
8475
8476
8477
8478
8479
Warning: Run3 pp cross-section should be updated!
8475	1669298034	1200		261.08		 115857489		-999.00
8476	1669301634	3600		261.44		 115857489		-999.00
8477	1669305234	3600		261.29		 115857489		-999.00
8478	1669308834	3600		261.02		 115857489		-999.00
8479	1669312434	3600		261.25		 115857489		-999.00
8480	1669316034	3600		261.25		 115857489		-999.00
2022-11-24 14:33:54 2022-11-24 19:53:54 0:00:00 2022-11-24 20:53:19
8481	1669296834	-19200		261.18		 115857489		-999.00
8479	1669320799	1200		265.59		    142804		1335.00
8479	1669324399	3600		265.43		    176055		1292.00
2022-11-24 22:58:38 2022-11-24 22:13:19 0:05:00 2022-11-24 23:03:38
8479	1669327418	3019		265.25		    135355		1270.00
8480
8481
8482
8483
8484
Warning: Run3 pp cross-section should be updated!
8480	1669328618	1200		261.06		    135355		-999.00
8481	1669332218	3600		261.25		    135355		-999.00
8482	1669335818	3600		261.18		    135355		-999.00
8483	1669339418	3600		261.26		    135355		-999.00
8484	1669343018	3600		261.25		    135355		-999.00
8485	1669346618	3600		261.19		    135355		-999.00
8486	1669350218	3600		261.24		    135355		-999.00
8487	1669353818	3600		261.26		    135355		-999.00
8488	1669357418	3600		261.26		    135355		-999.00
2022-11-24 23:03:38 2022-11-25 07:23:38 0:00:00 2022-11-25 07:52:20
8489	1669327418	-30000		261.26		    135355		-999.00
8484	1669360340	1200		268.89		 103306837		1395.00
8484	1669363940	3600		270.04		 138805290		1422.00
8484	1669367540	3600		270.24		 144708171		1418.00
8484	1669371140	3600		270.33		 147855689		1421.00
8484	1669374740	3600		270.19		 141985511		1422.00
8484	1669378340	3600		270.14		 143110994		1409.00
2022-11-25 13:44:42 2022-11-25 13:12:20 0:05:00 2022-11-25 13:49:42
8484	1669380582	2242		269.92		 134606202		1410.00
8485
8486
8487
8488
8489
Warning: Run3 pp cross-section should be updated!
8485	1669381782	1200		265.21		 134606202		-999.00
8486	1669385382	3600		265.74		 134606202		-999.00
8487	1669388982	3600		265.27		 134606202		-999.00
8488	1669392582	3600		265.75		 134606202		-999.00
8489	1669396182	3600		261.29		 134606202		-999.00
8490	1669399782	3600		261.27		 134606202		-999.00
8491	1669403382	3600		261.26		 134606202		-999.00
8492	1669406982	3600		261.26		 134606202		-999.00
8493	1669410582	3600		261.22		 134606202		-999.00
8494	1669414182	3600		261.06		 134606202		-999.00
8495	1669417782	3600		261.25		 134606202		-999.00
2022-11-25 13:49:42 2022-11-26 00:09:42 0:00:00 2022-11-26 00:40:50
8496	1669380582	-37200		261.88		 134606202		-999.00
8489	1669420850	1200		269.09		 107284178		1412.00
8489	1669424450	3600		270.00		 137447528		1417.00
8489	1669428050	3600		270.02		 139794858		1410.00
8489	1669431650	3600		270.04		 137994377		1413.00
8489	1669435250	3600		270.07		 139007605		1424.00
8489	1669438850	3600		270.02		 137401320		1422.00
8489	1669442450	3600		269.98		 135948640		1415.00
8489	1669446050	3600		269.66		 128026974		1412.00
8489	1669449650	3600		269.39		 117635981		1409.00
8489	1669453250	3600		269.08		 109957686		1404.00
8489	1669456850	3600		268.84		 101687379		1396.00
8489	1669460450	3600		268.62		  95244457		1393.00
8489	1669464050	3600		268.42		  88743840		1388.00
8489	1669467650	3600		268.27		  83758967		1379.00
8489	1669471250	3600		268.09		  78765191		1378.00
8489	1669474850	3600		267.75		  72664494		1355.00
2022-11-26 16:33:26 2022-11-26 16:00:50 0:05:00 2022-11-26 16:38:26
8489	1669477106	2256		267.66		  64763517		1370.00
8490
