8235
8236
Warning: Run3 pp cross-section should be updated!
8236	1665153442	1200		267.47		  61874650		975.50
8236	1665157042	3600		269.34		 117510742		1015.00
8236	1665160642	3600		270.01		 142292400		1002.00
8236	1665164242	3600		269.59		 129405250		999.50
8236	1665167842	3600		269.33		 120619722		998.50
8236	1665171442	3600		268.99		 111122494		995.00
8236	1665175042	3600		268.80		 104694932		990.50
8236	1665178642	3600		268.59		  97415159		987.00
8236	1665182242	3600		268.39		  91890517		980.00
8236	1665185842	3600		268.21		  86320479		983.00
8236	1665189442	3600		268.03		  81441321		979.00
8236	1665193042	3600		267.92		  77549310		979.50
2022-10-08 04:29:08 2022-10-08 03:37:22 0:05:00 2022-10-08 04:34:08
8236	1665196448	3406		267.79		  73466893		973.50
8237
8238
Warning: Run3 pp cross-section should be updated!
8237	1665197648	1200		265.52		  73466893		-999.00
8238	1665201248	3600		265.64		  73466893		-999.00
8239	1665204848	3600		265.65		  73466893		-999.00
8240	1665208448	3600		265.69		  73466893		-999.00
8241	1665212048	3600		261.18		  73466893		-999.00
8242	1665215648	3600		261.10		  73466893		-999.00
8243	1665219248	3600		261.10		  73466893		-999.00
2022-10-08 04:34:08 2022-10-08 10:54:08 0:00:00 2022-10-08 11:20:56
8244	1665196448	-22800		261.59		  73466893		-999.00
8238	1665222056	1200		267.88		  89394345		919.00
8238	1665225656	3600		269.43		 122795414		1015.00
8238	1665229256	3600		269.70		 132124032		1014.00
8238	1665232856	3600		269.38		 121614312		1003.00
8238	1665236456	3600		269.10		 113530003		1006.00
8238	1665240056	3600		268.77		 105225237		1000.50
8238	1665243656	3600		268.57		  98529983		995.00
8238	1665247256	3600		268.41		  93332385		992.50
8238	1665250856	3600		268.23		  87262778		992.50
8238	1665254456	3600		268.10		  82844745		989.00
2022-10-08 21:26:59 2022-10-08 20:40:56 0:05:00 2022-10-08 21:31:59
8238	1665257519	3063		267.96		  78416488		989.00
8239
8240
8241
8242
8243
8244
8245
Warning: Run3 pp cross-section should be updated!
8239	1665258719	1200		265.23		  78416488		-999.00
8240	1665262319	3600		265.51		  78416488		-999.00
8241	1665265919	3600		265.62		  78416488		-999.00
8242	1665269519	3600		265.66		  78416488		-999.00
8243	1665273119	3600		265.57		  78416488		-999.00
8244	1665276719	3600		265.69		  78416488		-999.00
8245	1665280319	3600		265.69		  78416488		-999.00
8246	1665283919	3600		265.71		  78416488		-999.00
8247	1665287519	3600		265.70		  78416488		-999.00
8248	1665291119	3600		265.62		  78416488		-999.00
8249	1665294719	3600		265.75		  78416488		-999.00
8250	1665298319	3600		265.79		  78416488		-999.00
8251	1665301919	3600		265.33		  78416488		-999.00
8252	1665305519	3600		265.57		  78416488		-999.00
8253	1665309119	3600		265.74		  78416488		-999.00
8254	1665312719	3600		265.74		  78416488		-999.00
8255	1665316319	3600		265.70		  78416488		-999.00
8256	1665319919	3600		261.02		  78416488		-999.00
8257	1665323519	3600		261.14		  78416488		-999.00
8258	1665327119	3600		261.18		  78416488		-999.00
8259	1665330719	3600		261.18		  78416488		-999.00
8260	1665334319	3600		261.18		  78416488		-999.00
8261	1665337919	3600		261.18		  78416488		-999.00
2022-10-08 21:31:59 2022-10-09 19:51:59 0:00:00 2022-10-09 20:40:36
8262	1665257519	-80400		261.61		  78416488		-999.00
8245	1665342036	1200		268.55		  94087685		1019.00
8245	1665345636	3600		269.92		 139190154		1022.00
8245	1665349236	3600		269.98		 140120567		1030.00
8245	1665352836	3600		269.88		 137915890		1027.00
8245	1665356436	3600		269.57		 127713360		1020.00
8245	1665360036	3600		268.67		 118725734		922.00
8245	1665363636	3600		268.91		 109983047		1007.00
8245	1665367236	3600		268.76		 103610530		1010.00
8245	1665370836	3600		268.46		  96410102		1000.00
8245	1665374436	3600		268.39		  91639230		1007.00
8245	1665378036	3600		268.16		  85199504		1004.00
8245	1665381636	3600		268.05		  81432712		1002.00
8245	1665385236	3600		267.93		  77362887		1003.00
2022-10-10 09:26:18 2022-10-10 09:00:36 0:05:00 2022-10-10 09:31:18
8245	1665387078	1842		267.24		  63459457		975.50
8246
8247
Warning: Run3 pp cross-section should be updated!
8246	1665388278	1200		261.02		  63459457		-999.00
8247	1665391878	3600		261.10		  63459457		-999.00
8248	1665395478	3600		261.16		  63459457		-999.00
8249	1665399078	3600		261.11		  63459457		-999.00
8250	1665402678	3600		261.09		  63459457		-999.00
2022-10-10 09:31:18 2022-10-10 13:51:18 0:00:00 2022-10-10 13:52:35
8251	1665387078	-15600		261.02		  63459457		-999.00
8247	1665403955	1200		268.70		 102375046		1019.00
8247	1665407555	3600		269.47		 122905599		1042.00
8247	1665411155	3600		269.95		 138789017		1049.00
8247	1665414755	3600		269.95		 139297027		1041.00
8247	1665418355	3600		269.63		 128715456		1035.00
8247	1665421955	3600		269.32		 119075616		1030.00
8247	1665425555	3600		269.06		 111935464		1029.00
8247	1665429155	3600		268.86		 105286372		1025.00
8247	1665432755	3600		268.46		  97605776		1009.00
8247	1665436355	3600		268.43		  92994605		1024.00
8247	1665439955	3600		268.20		  87892961		1011.00
8247	1665443555	3600		268.06		  83174318		1012.00
8247	1665447155	3600		267.91		  78108800		1012.00
8247	1665450755	3600		267.81		  74823109		1009.00
2022-10-11 03:17:49 2022-10-11 03:12:35 0:05:00 2022-10-11 03:22:49
8247	1665451369	614		267.84		  75705431		1009.00
8248
Warning: Run3 pp cross-section should be updated!
8248	1665452569	1200		265.52		  75705431		-999.00
8249	1665456169	3600		261.11		  75705431		-999.00
2022-10-11 03:22:49 2022-10-11 04:42:49 0:00:00 2022-10-11 05:30:53
8250	1665451369	-4800		261.57		  75705431		-999.00
8248	1665460253	1200		268.41		  89494591		1039.00
8248	1665463853	3600		269.74		 133587334		1048.00
8248	1665467453	3600		269.79		 135022081		1056.00
8248	1665471053	3600		269.86		 135065573		1059.00
8248	1665474653	3600		269.70		 131976971		1059.00
2022-10-11 10:18:07 2022-10-11 09:50:53 0:05:00 2022-10-11 10:23:07
8248	1665476587	1934		269.46		 124028431		1054.00
8249
8250
8251
8252
8253
Warning: Run3 pp cross-section should be updated!
8249	1665477787	1200		265.02		 124028431		-999.00
8250	1665481387	3600		260.90		 124028431		-999.00
8251	1665484987	3600		261.39		 124028431		-999.00
8252	1665488587	3600		261.20		 124028431		-999.00
8253	1665492187	3600		261.14		 124028431		-999.00
8254	1665495787	3600		261.12		 124028431		-999.00
8255	1665499387	3600		261.14		 124028431		-999.00
8256	1665502987	3600		261.21		 124028431		-999.00
8257	1665506587	3600		261.12		 124028431		-999.00
8258	1665510187	3600		265.16		 124028431		-999.00
8259	1665513787	3600		260.73		 124028431		-999.00
8260	1665517387	3600		261.14		 124028431		-999.00
8261	1665520987	3600		261.11		 124028431		-999.00
8262	1665524587	3600		261.15		 124028431		-999.00
8263	1665528187	3600		261.15		 124028431		-999.00
2022-10-11 10:23:07 2022-10-12 00:43:07 0:00:00 2022-10-12 01:08:01
8264	1665476587	-51600		261.71		 124028431		-999.00
8253	1665530881	1200		268.53		  94007198		1050.00
8253	1665534481	3600		269.77		 132893911		1061.00
8253	1665538081	3600		269.87		 136820893		1067.00
8253	1665541681	3600		269.92		 138213579		1061.00
2022-10-12 04:57:56 2022-10-12 04:28:01 0:05:00 2022-10-12 05:02:56
8253	1665543776	2095		269.28		 120562324		1054.00
8254
8255
8256
8257
8258
8259
8260
Warning: Run3 pp cross-section should be updated!
8254	1665544976	1200		260.96		 120562324		-999.00
8255	1665548576	3600		261.08		 120562324		-999.00
8256	1665552176	3600		261.02		 120562324		-999.00
8257	1665555776	3600		261.10		 120562324		-999.00
8258	1665559376	3600		265.57		 120562324		-999.00
8259	1665562976	3600		265.27		 120562324		-999.00
8260	1665566576	3600		265.26		 120562324		-999.00
8261	1665570176	3600		265.26		 120562324		-999.00
8262	1665573776	3600		265.62		 120562324		-999.00
8263	1665577376	3600		265.68		 120562324		-999.00
8264	1665580976	3600		260.88		 120562324		-999.00
8265	1665584576	3600		261.12		 120562324		-999.00
8266	1665588176	3600		261.10		 120562324		-999.00
8267	1665591776	3600		261.10		 120562324		-999.00
8268	1665595376	3600		261.12		 120562324		-999.00
8269	1665598976	3600		261.14		 120562324		-999.00
8270	1665602576	3600		261.10		 120562324		-999.00
8271	1665606176	3600		261.07		 120562324		-999.00
8272	1665609776	3600		261.11		 120562324		-999.00
8273	1665613376	3600		261.13		 120562324		-999.00
8274	1665616976	3600		261.12		 120562324		-999.00
8275	1665620576	3600		261.12		 120562324		-999.00
2022-10-12 05:02:56 2022-10-13 02:22:56 0:00:00 2022-10-13 02:44:08
8276	1665543776	-76800		261.44		 120562324		-999.00
8260	1665623048	1200		268.62		  96496109		1052.00
8260	1665626648	3600		269.76		 133302207		1066.00
8260	1665630248	3600		269.80		 134770875		1061.00
8260	1665633848	3600		269.80		 134531856		1071.00
8260	1665637448	3600		269.76		 133442543		1063.00
8260	1665641048	3600		269.56		 127627476		1055.00
8260	1665644648	3600		269.22		 118780282		1055.00
8260	1665648248	3600		269.01		 111790821		1053.00
8260	1665651848	3600		268.77		 104034540		1045.00
8260	1665655448	3600		268.60		  98176248		1044.00
8260	1665659048	3600		268.33		  91732073		1028.00
8260	1665662648	3600		268.17		  86611036		1033.00
8260	1665666248	3600		268.04		  82293070		1037.00
2022-10-13 15:26:59 2022-10-13 15:04:08 0:05:00 2022-10-13 15:31:59
8260	1665667919	1671		267.57		  66517815		1035.00
8261
8262
8263
Warning: Run3 pp cross-section should be updated!
8261	1665669119	1200		261.05		  66517815		-999.00
8262	1665672719	3600		261.08		  66517815		-999.00
8263	1665676319	3600		261.12		  66517815		-999.00
8264	1665679919	3600		261.06		  66517815		-999.00
8265	1665683519	3600		261.15		  66517815		-999.00
8266	1665687119	3600		261.18		  66517815		-999.00
8267	1665690719	3600		261.14		  66517815		-999.00
8268	1665694319	3600		261.14		  66517815		-999.00
8269	1665697919	3600		261.07		  66517815		-999.00
2022-10-13 15:31:59 2022-10-13 23:51:59 0:00:00 2022-10-14 00:25:21
8270	1665667919	-30000		261.30		  66517815		-999.00
8263	1665701121	1200		268.19		  86856295		1044.00
8263	1665704721	3600		269.76		 131524075		1077.00
2022-10-14 02:37:56 2022-10-14 01:45:21 0:05:00 2022-10-14 02:42:56
8263	1665708176	3455		269.79		 133841435		1073.00
8264
8265
8266
8267
Warning: Run3 pp cross-section should be updated!
8264	1665709376	1200		265.56		 133841435		-999.00
8265	1665712976	3600		265.63		 133841435		-999.00
8266	1665716576	3600		265.00		 133841435		-999.00
8267	1665720176	3600		265.06		 133841435		-999.00
8268	1665723776	3600		265.66		 133841435		-999.00
8269	1665727376	3600		265.71		 133841435		-999.00
8270	1665730976	3600		265.46		 133841435		-999.00
8271	1665734576	3600		265.69		 133841435		-999.00
8272	1665738176	3600		265.65		 133841435		-999.00
8273	1665741776	3600		265.65		 133841435		-999.00
8274	1665745376	3600		265.75		 133841435		-999.00
8275	1665748976	3600		265.69		 133841435		-999.00
8276	1665752576	3600		265.71		 133841435		-999.00
8277	1665756176	3600		265.71		 133841435		-999.00
8278	1665759776	3600		265.71		 133841435		-999.00
8279	1665763376	3600		260.89		 133841435		-999.00
8280	1665766976	3600		261.15		 133841435		-999.00
8281	1665770576	3600		261.07		 133841435		-999.00
2022-10-14 02:42:56 2022-10-14 20:02:56 0:00:00 2022-10-14 20:28:33
8282	1665708176	-62400		261.74		 133841435		-999.00
8267	1665773313	1200		269.25		 116629185		1066.00
8267	1665776913	3600		269.84		 137220412		1073.00
2022-10-14 22:19:32 2022-10-14 21:48:33 0:05:00 2022-10-14 22:24:32
8267	1665779072	2159		269.79		 133940267		1072.00
8268
8269
Warning: Run3 pp cross-section should be updated!
8268	1665780272	1200		265.30		 133940267		-999.00
8269	1665783872	3600		265.65		 133940267		-999.00
8270	1665787472	3600		260.94		 133940267		-999.00
8271	1665791072	3600		261.14		 133940267		-999.00
8272	1665794672	3600		261.08		 133940267		-999.00
2022-10-14 22:24:32 2022-10-15 02:44:32 0:00:00 2022-10-15 02:46:50
8273	1665779072	-15600		261.74		 133940267		-999.00
8269	1665796010	1200		268.33		  89267279		1056.00
2022-10-15 03:13:21 2022-10-15 03:06:50 0:05:00 2022-10-15 03:18:21
8269	1665796701	691		269.38		 121714306		1065.00
8270
8271
8272
Warning: Run3 pp cross-section should be updated!
8270	1665797901	1200		265.71		 121714306		-999.00
8271	1665801501	3600		265.72		 121714306		-999.00
8272	1665805101	3600		261.36		 121714306		-999.00
8273	1665808701	3600		261.01		 121714306		-999.00
8274	1665812301	3600		261.10		 121714306		-999.00
8275	1665815901	3600		261.15		 121714306		-999.00
2022-10-15 03:18:21 2022-10-15 08:38:21 0:00:00 2022-10-15 09:29:38
8276	1665796701	-19200		261.73		 121714306		-999.00
8272	1665820178	1200		269.41		 128658413		1053.00
2022-10-15 10:02:59 2022-10-15 09:49:38 0:05:00 2022-10-15 10:07:59
8272	1665821279	1101		269.81		 138326021		1067.00
8273
Warning: Run3 pp cross-section should be updated!
8273	1665822479	1200		265.55		 138326021		-999.00
8274	1665826079	3600		261.20		 138326021		-999.00
8275	1665829679	3600		261.12		 138326021		-999.00
2022-10-15 10:07:59 2022-10-15 12:27:59 0:00:00 2022-10-15 13:02:00
8276	1665821279	-8400		261.66		 138326021		-999.00
8273	1665832920	1200		269.23		 122095787		1059.00
8273	1665836520	3600		269.86		 136795329		1072.00
8273	1665840120	3600		269.76		 135749647		1068.00
8273	1665843720	3600		269.85		 136423956		1083.00
8273	1665847320	3600		269.65		 132009066		1069.00
2022-10-15 17:36:07 2022-10-15 17:22:00 0:05:00 2022-10-15 17:41:07
8273	1665848467	1147		268.80		 124476439		957.50
8274
Warning: Run3 pp cross-section should be updated!
8274	1665849667	1200		265.28		 124476439		-999.00
8275	1665853267	3600		260.90		 124476439		-999.00
8276	1665856867	3600		261.11		 124476439		-999.00
2022-10-15 17:41:07 2022-10-15 20:01:07 0:00:00 2022-10-15 20:23:39
8277	1665848467	-8400		261.39		 124476439		-999.00
8274	1665859419	1200		268.32		  88868974		1061.00
8274	1665863019	3600		269.63		 131031768		1075.00
8274	1665866619	3600		269.82		 135118662		1082.00
8274	1665870219	3600		269.82		 134905090		1080.00
8274	1665873819	3600		269.71		 131413832		1084.00
8274	1665877419	3600		269.35		 120428652		1077.00
8274	1665881019	3600		269.10		 113110949		1070.00
8274	1665884619	3600		268.80		 104550318		1069.00
8274	1665888219	3600		268.62		  98703190		1066.00
8274	1665891819	3600		268.43		  92089184		1062.00
8274	1665895419	3600		268.25		  87407232		1060.00
8274	1665899019	3600		268.09		  82209083		1057.00
8274	1665902619	3600		267.94		  77328277		1056.00
8274	1665906219	3600		267.83		  73544131		1051.00
8274	1665909819	3600		267.70		  69361182		1051.00
8274	1665913419	3600		267.59		  65555131		1048.00
8274	1665917019	3600		267.43		  62659293		1046.00
2022-10-16 13:24:37 2022-10-16 12:43:39 0:05:00 2022-10-16 13:29:37
8274	1665919777	2758		267.15		  53271267		1043.00
8275
8276
Warning: Run3 pp cross-section should be updated!
8275	1665920977	1200		260.97		  53271267		-999.00
8276	1665924577	3600		261.17		  53271267		-999.00
8277	1665928177	3600		261.11		  53271267		-999.00
8278	1665931777	3600		261.01		  53271267		-999.00
2022-10-16 13:29:37 2022-10-16 16:49:37 0:00:00 2022-10-16 17:00:47
8279	1665919777	-12000		261.37		  53271267		-999.00
8276	1665933647	1200		269.38		 122467107		1089.00
8276	1665937247	3600		269.76		 132814455		1097.00
8276	1665940847	3600		269.78		 133347707		1100.00
8276	1665944447	3600		269.55		 130573961		1088.00
8276	1665948047	3600		269.52		 125810183		1095.00
8276	1665951647	3600		269.24		 116195777		1088.00
8276	1665955247	3600		268.90		 106197284		1080.00
8276	1665958847	3600		268.64		  99125893		1082.00
8276	1665962447	3600		268.49		  95194645		1079.00
8276	1665966047	3600		268.32		  89679990		1074.00
8276	1665969647	3600		268.15		  84028267		1072.00
8276	1665973247	3600		268.01		  79828321		1072.00
2022-10-17 04:50:03 2022-10-17 04:20:47 0:05:00 2022-10-17 04:55:03
8276	1665975303	2056		267.50		  67306881		1053.00
8277
8278
8279
8280
