7935
7936
7937
7938
7939
7940
7941
7942
7943
7944
7945
7946
7947
7948
7949
7950
7951
7952
7953
7954
7955
7956
7957
7958
7959
7960
Warning: Run3 pp cross-section should be updated!
7960	1657449293	1200		265.16		   2527705		722.00
7960	1657452893	3600		265.44		   2443458		741.50
7960	1657456493	3600		265.39		   2591915		740.50
7960	1657460093	3600		265.36		   2659091		740.50
7960	1657463693	3600		265.40		   2658095		734.00
7960	1657467293	3600		265.32		   2470115		738.00
7960	1657470893	3600		265.32		   2327432		735.00
7960	1657474493	3600		265.31		   2173089		737.50
7960	1657478093	3600		265.32		   1894246		735.00
2022-07-10 20:54:22 2022-07-10 20:34:53 0:05:00 2022-07-10 20:59:22
7960	1657479562	1469		265.33		   1966399		735.00
7961
7962
7963
Warning: Run3 pp cross-section should be updated!
7961	1657480762	1200		261.20		   1966399		-999.00
7962	1657484362	3600		261.19		   1966399		-999.00
7963	1657487962	3600		260.84		   1966399		-999.00
7964	1657491562	3600		260.87		   1966399		-999.00
7965	1657495162	3600		261.17		   1966399		-999.00
7966	1657498762	3600		261.32		   1966399		-999.00
2022-07-10 20:59:22 2022-07-11 02:19:22 0:00:00 2022-07-11 02:27:26
7967	1657479562	-19200		261.27		   1966399		-999.00
7963	1657500446	1200		265.47		   2141274		747.50
7963	1657504046	3600		265.41		   2277801		743.00
7963	1657507646	3600		265.41		   2225536		740.50
7963	1657511246	3600		265.43		   2827298		741.50
7963	1657514846	3600		265.43		   2745355		741.50
7963	1657518446	3600		265.42		   2549794		741.50
7963	1657522046	3600		265.42		   2359384		738.00
7963	1657525646	3600		265.32		   2252355		734.50
7963	1657529246	3600		265.18		   2127256		723.50
7963	1657532846	3600		265.40		   1834030		739.50
2022-07-11 12:07:05 2022-07-11 11:47:26 0:05:00 2022-07-11 12:12:05
7963	1657534325	1479		261.04		   1625454		 13.50
7964
7965
Warning: Run3 pp cross-section should be updated!
7964	1657535525	1200		260.74		   1625454		-999.00
7965	1657539125	3600		261.24		   1625454		-999.00
7966	1657542725	3600		261.16		   1625454		-999.00
2022-07-11 12:12:05 2022-07-11 14:32:05 0:00:00 2022-07-11 14:40:07
7967	1657534325	-8400		260.92		   1625454		-999.00
7965	1657544407	1200		265.39		   2612539		742.50
2022-07-11 15:01:11 2022-07-11 15:00:07 0:05:00 2022-07-11 15:06:11
7965	1657544771	364		265.40		   2975454		742.50
7966
Warning: Run3 pp cross-section should be updated!
7966	1657545971	1200		265.33		   2975454		-999.00
7967	1657549571	3600		261.02		   2975454		-999.00
2022-07-11 15:06:11 2022-07-11 16:26:11 0:00:00 2022-07-11 17:18:58
7968	1657544771	-4800		261.44		   2975454		-999.00
7966	1657553938	1200		265.24		   2671073		713.50
7966	1657557538	3600		265.36		   2892932		740.00
7966	1657561138	3600		265.39		   2844731		740.00
7966	1657564738	3600		265.40		   2851880		738.00
7966	1657568338	3600		265.43		   2682006		739.50
2022-07-11 22:32:37 2022-07-11 21:38:58 0:05:00 2022-07-11 22:37:37
7966	1657571857	3519		265.18		   1813487		724.50
7967
Warning: Run3 pp cross-section should be updated!
7967	1657573057	1200		261.30		   1813487		-999.00
7968	1657576657	3600		261.25		   1813487		-999.00
7969	1657580257	3600		260.98		   1813487		-999.00
2022-07-11 22:37:37 2022-07-12 00:57:37 0:00:00 2022-07-12 01:33:29
7970	1657571857	-8400		261.13		   1813487		-999.00
7967	1657583609	1200		265.38		   2263699		742.00
7967	1657587209	3600		265.34		   2201764		740.50
7967	1657590809	3600		265.34		   2124308		737.00
7967	1657594409	3600		265.34		   2089200		737.00
7967	1657598009	3600		265.43		   1912432		749.00
7967	1657601609	3600		265.33		       347		746.00
7967	1657605209	3600		265.40		       320		748.00
2022-07-12 08:18:22 2022-07-12 07:53:29 0:05:00 2022-07-12 08:23:22
7967	1657607002	1793		265.36		       288		741.00
7968
7969
Warning: Run3 pp cross-section should be updated!
7968	1657608202	1200		265.02		       288		-999.00
7969	1657611802	3600		265.14		       288		-999.00
7970	1657615402	3600		265.26		       288		-999.00
7971	1657619002	3600		265.29		       288		-999.00
7972	1657622602	3600		265.24		       288		-999.00
7973	1657626202	3600		265.20		       288		-999.00
7974	1657629802	3600		264.91		       288		-999.00
7975	1657633402	3600		265.15		       288		-999.00
7976	1657637002	3600		265.23		       288		-999.00
7977	1657640602	3600		265.44		       288		-999.00
7978	1657644202	3600		265.44		       288		-999.00
7979	1657647802	3600		265.37		       288		-999.00
7980	1657651402	3600		265.41		       288		-999.00
7981	1657655002	3600		261.28		       288		-999.00
7982	1657658602	3600		261.28		       288		-999.00
7983	1657662202	3600		261.28		       288		-999.00
2022-07-12 08:23:22 2022-07-12 23:43:22 0:00:00 2022-07-13 00:37:45
7984	1657607002	-55200		261.32		       288		-999.00
7969	1657666665	1200		265.57		  14380244		736.00
7969	1657670265	3600		265.79		  14193252		747.00
7969	1657673865	3600		265.79		  14336541		744.00
7969	1657677465	3600		263.01		  14650118		 13.00
2022-07-13 04:24:22 2022-07-13 03:57:45 0:05:00 2022-07-13 04:29:22
7969	1657679362	1897		266.59		  12229366		 13.00
7970
7971
7972
7973
7974
7975
7976
7977
7978
Warning: Run3 pp cross-section should be updated!
7970	1657680562	1200		266.70		  12229366		-999.00
7971	1657684162	3600		267.09		  12229366		-999.00
7972	1657687762	3600		267.74		  12229366		-999.00
7973	1657691362	3600		275.43		  12229366		-999.00
7974	1657694962	3600		275.14		  12229366		-999.00
7975	1657698562	3600		256.16		  12229366		-999.00
7976	1657702162	3600		256.16		  12229366		-999.00
7977	1657705762	3600		266.56		  12229366		-999.00
7978	1657709362	3600		266.87		  12229366		-999.00
7979	1657712962	3600		256.12		  12229366		-999.00
7980	1657716562	3600		260.35		  12229366		-999.00
7981	1657720162	3600		261.28		  12229366		-999.00
7982	1657723762	3600		261.28		  12229366		-999.00
7983	1657727362	3600		261.33		  12229366		-999.00
7984	1657730962	3600		261.33		  12229366		-999.00
7985	1657734562	3600		261.33		  12229366		-999.00
7986	1657738162	3600		261.33		  12229366		-999.00
7987	1657741762	3600		261.33		  12229366		-999.00
7988	1657745362	3600		261.33		  12229366		-999.00
7989	1657748962	3600		261.09		  12229366		-999.00
7990	1657752562	3600		261.19		  12229366		-999.00
7991	1657756162	3600		261.27		  12229366		-999.00
7992	1657759762	3600		261.26		  12229366		-999.00
7993	1657763362	3600		261.20		  12229366		-999.00
7994	1657766962	3600		264.85		  12229366		-999.00
7995	1657770562	3600		260.81		  12229366		-999.00
7996	1657774162	3600		261.31		  12229366		-999.00
7997	1657777762	3600		260.89		  12229366		-999.00
7998	1657781362	3600		264.77		  12229366		-999.00
7999	1657784962	3600		265.19		  12229366		-999.00
8000	1657788562	3600		261.21		  12229366		-999.00
8001	1657792162	3600		261.19		  12229366		-999.00
8002	1657795762	3600		261.19		  12229366		-999.00
8003	1657799362	3600		261.27		  12229366		-999.00
8004	1657802962	3600		261.05		  12229366		-999.00
8005	1657806562	3600		261.27		  12229366		-999.00
8006	1657810162	3600		261.16		  12229366		-999.00
2022-07-13 04:29:22 2022-07-14 16:49:22 0:00:00 2022-07-14 16:56:33
8007	1657679362	-130800		266.63		  12229366		-999.00
7978	1657811793	1200		265.47		   5041138		751.00
7978	1657815393	3600		265.68		   9111586		752.50
7978	1657818993	3600		265.70		   9837747		749.00
7978	1657822593	3600		265.70		  10014381		749.00
7978	1657826193	3600		265.71		  10062198		745.50
7978	1657829793	3600		265.59		  10147840		745.50
7978	1657833393	3600		265.64		  10408967		745.50
7978	1657836993	3600		265.59		  10370760		742.00
7978	1657840593	3600		265.59		  10120232		742.50
7978	1657844193	3600		265.61		   9554448		742.50
7978	1657847793	3600		265.60		   9125973		742.50
2022-07-15 04:04:21 2022-07-15 03:16:33 0:05:00 2022-07-15 04:09:21
7978	1657850961	3168		265.52		   7863426		736.50
7979
7980
