8325
8326
8327
Warning: Run3 pp cross-section should be updated!
8327	1667181293	1200		268.94		 128186891		1116.00
8327	1667184893	3600		269.54		 126842980		1252.00
8327	1667188493	3600		269.87		 140255846		1244.00
8327	1667192093	3600		270.10		 141746773		1267.00
8327	1667195693	3600		270.02		 140249772		1261.00
8327	1667199293	3600		269.90		 140373823		1240.00
8327	1667202893	3600		269.39		 123482723		1243.00
2022-10-31 08:56:38 2022-10-31 08:54:53 0:05:00 2022-10-31 09:01:38
8327	1667203298	405		269.04		 111870556		1247.00
8328
8329
8330
Warning: Run3 pp cross-section should be updated!
8328	1667204498	1200		261.11		 111870556		-999.00
8329	1667208098	3600		261.56		 111870556		-999.00
8330	1667211698	3600		261.13		 111870556		-999.00
8331	1667215298	3600		261.17		 111870556		-999.00
8332	1667218898	3600		261.17		 111870556		-999.00
8333	1667222498	3600		261.13		 111870556		-999.00
8334	1667226098	3600		260.84		 111870556		-999.00
8335	1667229698	3600		261.21		 111870556		-999.00
2022-10-31 09:01:38 2022-10-31 16:21:38 0:00:00 2022-10-31 17:19:28
8336	1667203298	-26400		261.09		 111870556		-999.00
8330	1667234368	1200		268.87		 103270258		1258.00
8330	1667237968	3600		270.05		 140027632		1275.00
8330	1667241568	3600		269.99		 140800775		1261.00
2022-10-31 20:12:58 2022-10-31 19:39:28 0:05:00 2022-10-31 20:17:58
8330	1667243878	2310		270.02		 140386172		1270.00
8331
Warning: Run3 pp cross-section should be updated!
8331	1667245078	1200		265.36		 140386172		-999.00
8332	1667248678	3600		265.26		 140386172		-999.00
8333	1667252278	3600		265.53		 140386172		-999.00
8334	1667255878	3600		265.67		 140386172		-999.00
8335	1667259478	3600		260.98		 140386172		-999.00
8336	1667263078	3600		261.20		 140386172		-999.00
8337	1667266678	3600		261.15		 140386172		-999.00
8338	1667270278	3600		261.20		 140386172		-999.00
2022-10-31 20:17:58 2022-11-01 03:37:58 0:00:00 2022-11-01 04:23:52
8339	1667243878	-26400		261.81		 140386172		-999.00
8331	1667274232	1200		268.84		 112140357		1200.00
8331	1667277832	3600		269.98		 138292847		1279.00
8331	1667281432	3600		270.00		 140163086		1268.00
8331	1667285032	3600		270.06		 140837548		1275.00
8331	1667288632	3600		269.89		 135217786		1270.00
8331	1667292232	3600		270.17		 144437348		1274.00
8331	1667295832	3600		269.89		 136315124		1265.00
8331	1667299432	3600		269.54		 125922403		1259.00
8331	1667303032	3600		269.15		 113855055		1246.00
8331	1667306632	3600		269.03		 109579991		1247.00
8331	1667310232	3600		268.74		 100611499		1248.00
2022-11-01 14:50:13 2022-11-01 14:43:52 0:05:00 2022-11-01 14:55:13
8331	1667310913	681		268.54		  94989325		1251.00
8332
8333
Warning: Run3 pp cross-section should be updated!
8332	1667312113	1200		265.06		  94989325		-999.00
8333	1667315713	3600		260.96		  94989325		-999.00
8334	1667319313	3600		261.19		  94989325		-999.00
2022-11-01 14:55:13 2022-11-01 17:15:13 0:00:00 2022-11-01 18:10:37
8335	1667310913	-8400		261.69		  94989325		-999.00
8333	1667323837	1200		269.16		 112871438		1275.00
8333	1667327437	3600		270.06		 141675703		1281.00
8333	1667331037	3600		270.12		 143545821		1284.00
8333	1667334637	3600		270.21		 143912854		1285.00
8333	1667338237	3600		270.05		 142484378		1275.00
8333	1667341837	3600		270.14		 143097706		1286.00
8333	1667345437	3600		269.91		 137773781		1281.00
8333	1667349037	3600		269.63		 128492300		1267.00
8333	1667352637	3600		269.31		 117706414		1269.00
8333	1667356237	3600		269.04		 110028848		1263.00
8333	1667359837	3600		268.67		 101519273		1252.00
8333	1667363437	3600		268.51		  94024987		1251.00
8333	1667367037	3600		268.34		  88168002		1253.00
8333	1667370637	3600		268.09		  81620545		1242.00
8333	1667374237	3600		267.85		  76042466		1225.00
2022-11-02 08:52:25 2022-11-02 08:30:37 0:05:00 2022-11-02 08:57:25
8333	1667375845	1608		267.56		  63878669		1244.00
8334
Warning: Run3 pp cross-section should be updated!
8334	1667377045	1200		261.16		  63878669		-999.00
8335	1667380645	3600		261.02		  63878669		-999.00
8336	1667384245	3600		261.17		  63878669		-999.00
2022-11-02 08:57:25 2022-11-02 11:17:25 0:00:00 2022-11-02 11:34:22
8337	1667375845	-8400		261.23		  63878669		-999.00
8334	1667386462	1200		269.90		 142906741		1264.00
8334	1667390062	3600		269.75		 130181188		1300.00
8334	1667393662	3600		270.15		 142094934		1302.00
8334	1667397262	3600		270.13		 141329083		1296.00
8334	1667400862	3600		270.18		 143260045		1310.00
8334	1667404462	3600		270.17		 142587742		1305.00
8334	1667408062	3600		270.22		 144268915		1309.00
8334	1667411662	3600		269.99		 136979812		1302.00
8334	1667415262	3600		269.66		 127793536		1292.00
8334	1667418862	3600		269.39		 118873458		1285.00
8334	1667422462	3600		269.06		 109920436		1278.00
8334	1667426062	3600		268.83		 101881017		1278.00
2022-11-02 23:41:04 2022-11-02 22:54:22 0:05:00 2022-11-02 23:46:04
8334	1667429164	3102		268.64		  95884541		1272.00
8335
Warning: Run3 pp cross-section should be updated!
8335	1667430364	1200		261.04		  95884541		-999.00
8336	1667433964	3600		261.20		  95884541		-999.00
8337	1667437564	3600		261.16		  95884541		-999.00
2022-11-02 23:46:04 2022-11-03 02:06:04 0:00:00 2022-11-03 02:17:00
8338	1667429164	-8400		261.76		  95884541		-999.00
8335	1667439420	1200		269.09		 107901960		1303.00
8335	1667443020	3600		270.11		 141769959		1312.00
8335	1667446620	3600		270.25		 145005062		1318.00
8335	1667450220	3600		270.22		 142613532		1321.00
8335	1667453820	3600		270.21		 143866467		1316.00
8335	1667457420	3600		270.03		 140821022		1312.00
8335	1667461020	3600		269.74		 129713361		1304.00
8335	1667464620	3600		269.45		 121337408		1299.00
2022-11-03 10:13:35 2022-11-03 09:37:00 0:05:00 2022-11-03 10:18:35
8335	1667467115	2495		269.28		 115770578		1292.00
8336
8337
8338
8339
8340
8341
8342
Warning: Run3 pp cross-section should be updated!
8336	1667468315	1200		261.06		 115770578		-999.00
8337	1667471915	3600		261.20		 115770578		-999.00
8338	1667475515	3600		261.51		 115770578		-999.00
8339	1667479115	3600		261.04		 115770578		-999.00
8340	1667482715	3600		261.24		 115770578		-999.00
8341	1667486315	3600		261.17		 115770578		-999.00
8342	1667489915	3600		261.15		 115770578		-999.00
8343	1667493515	3600		261.23		 115770578		-999.00
8344	1667497115	3600		261.20		 115770578		-999.00
8345	1667500715	3600		261.21		 115770578		-999.00
8346	1667504315	3600		261.19		 115770578		-999.00
2022-11-03 10:18:35 2022-11-03 20:38:35 0:00:00 2022-11-03 20:41:44
8347	1667467115	-37200		261.37		 115770578		-999.00
8342	1667505704	1200		268.88		 104745476		1298.00
8342	1667509304	3600		270.07		 140530275		1315.00
8342	1667512904	3600		270.23		 145837245		1325.00
8342	1667516504	3600		270.20		 143540517		1327.00
8342	1667520104	3600		270.24		 144908810		1325.00
8342	1667523704	3600		270.14		 142916344		1317.00
8342	1667527304	3600		269.72		 131419369		1319.00
8342	1667530904	3600		269.46		 122912616		1304.00
8342	1667534504	3600		269.18		 113606377		1306.00
8342	1667538104	3600		268.93		 104944766		1295.00
2022-11-04 06:38:08 2022-11-04 06:01:44 0:05:00 2022-11-04 06:43:08
8342	1667540588	2484		268.40		  87701902		1303.00
8343
8344
8345
Warning: Run3 pp cross-section should be updated!
8343	1667541788	1200		265.49		  87701902		-999.00
8344	1667545388	3600		265.06		  87701902		-999.00
8345	1667548988	3600		261.20		  87701902		-999.00
8346	1667552588	3600		265.43		  87701902		-999.00
8347	1667556188	3600		261.56		  87701902		-999.00
8348	1667559788	3600		265.44		  87701902		-999.00
8349	1667563388	3600		265.68		  87701902		-999.00
8350	1667566988	3600		261.53		  87701902		-999.00
8351	1667570588	3600		261.19		  87701902		-999.00
8352	1667574188	3600		261.23		  87701902		-999.00
8353	1667577788	3600		261.21		  87701902		-999.00
8354	1667581388	3600		261.21		  87701902		-999.00
8355	1667584988	3600		261.20		  87701902		-999.00
8356	1667588588	3600		261.11		  87701902		-999.00
8357	1667592188	3600		261.25		  87701902		-999.00
2022-11-04 06:43:08 2022-11-04 21:03:08 0:00:00 2022-11-04 21:56:57
8358	1667540588	-51600		261.35		  87701902		-999.00
8345	1667596617	1200		268.71		 101095783		1302.00
8345	1667600217	3600		270.16		 141471158		1335.00
8345	1667603817	3600		270.14		 142182518		1325.00
8345	1667607417	3600		270.20		 142975748		1338.00
8345	1667611017	3600		270.03		 140703899		1311.00
8345	1667614617	3600		270.04		 137067160		1331.00
2022-11-05 03:42:02 2022-11-05 03:16:57 0:05:00 2022-11-05 03:47:02
8345	1667616422	1805		269.93		 134817704		1329.00
8346
8347
Warning: Run3 pp cross-section should be updated!
8346	1667617622	1200		265.40		 134817704		-999.00
8347	1667621222	3600		265.68		 134817704		-999.00
8348	1667624822	3600		265.72		 134817704		-999.00
8349	1667628422	3600		261.07		 134817704		-999.00
8350	1667632022	3600		261.22		 134817704		-999.00
2022-11-05 03:47:02 2022-11-05 08:07:02 0:00:00 2022-11-05 08:30:38
8351	1667616422	-15600		261.89		 134817704		-999.00
8347	1667634638	1200		268.72		  96500519		1318.00
8347	1667638238	3600		270.08		 138973266		1337.00
8347	1667641838	3600		270.18		 142276987		1338.00
8347	1667645438	3600		270.09		 140587444		1330.00
8347	1667649038	3600		270.16		 141638415		1336.00
8347	1667652638	3600		270.03		 138467074		1334.00
8347	1667656238	3600		269.67		 128230919		1316.00
8347	1667659838	3600		269.36		 117714523		1322.00
8347	1667663438	3600		268.60		 104172167		1248.00
2022-11-05 16:54:21 2022-11-05 16:50:38 0:05:00 2022-11-05 16:59:21
8347	1667663961	523		268.40		  93573833		1289.00
8348
8349
8350
8351
8352
8353
8354
8355
8356
8357
8358
8359
8360
8361
8362
8363
8364
8365
8366
8367
8368
8369
8370
8371
8372
8373
8374
8375
8376
8377
8378
8379
Warning: Run3 pp cross-section should be updated!
8348	1667665161	1200		257.23		  93573833		-999.00
8349	1667668761	3600		255.68		  93573833		-999.00
8350	1667672361	3600		255.59		  93573833		-999.00
8351	1667675961	3600		255.72		  93573833		-999.00
8352	1667679561	3600		255.75		  93573833		-999.00
8353	1667683161	3600		255.84		  93573833		-999.00
8354	1667686761	3600		255.78		  93573833		-999.00
8355	1667690361	3600		255.84		  93573833		-999.00
8356	1667693961	3600		255.83		  93573833		-999.00
8357	1667697561	3600		255.77		  93573833		-999.00
8358	1667701161	3600		255.82		  93573833		-999.00
8359	1667704761	3600		255.89		  93573833		-999.00
8360	1667708361	3600		255.83		  93573833		-999.00
8361	1667711961	3600		255.78		  93573833		-999.00
8362	1667715561	3600		255.80		  93573833		-999.00
8363	1667719161	3600		255.89		  93573833		-999.00
8364	1667722761	3600		255.88		  93573833		-999.00
8365	1667726361	3600		255.82		  93573833		-999.00
8366	1667729961	3600		255.96		  93573833		-999.00
8367	1667733561	3600		255.85		  93573833		-999.00
8368	1667737161	3600		255.70		  93573833		-999.00
8369	1667740761	3600		255.85		  93573833		-999.00
8370	1667744361	3600		256.02		  93573833		-999.00
8371	1667747961	3600		255.75		  93573833		-999.00
8372	1667751561	3600		255.72		  93573833		-999.00
8373	1667755161	3600		255.96		  93573833		-999.00
8374	1667758761	3600		255.83		  93573833		-999.00
8375	1667762361	3600		255.64		  93573833		-999.00
8376	1667765961	3600		255.88		  93573833		-999.00
8377	1667769561	3600		255.81		  93573833		-999.00
8378	1667773161	3600		255.70		  93573833		-999.00
8379	1667776761	3600		255.84		  93573833		-999.00
8380	1667780361	3600		255.79		  93573833		-999.00
8381	1667783961	3600		255.77		  93573833		-999.00
8382	1667787561	3600		255.69		  93573833		-999.00
8383	1667791161	3600		255.99		  93573833		-999.00
8384	1667794761	3600		255.83		  93573833		-999.00
8385	1667798361	3600		255.78		  93573833		-999.00
8386	1667801961	3600		255.87		  93573833		-999.00
8387	1667805561	3600		255.83		  93573833		-999.00
8388	1667809161	3600		255.81		  93573833		-999.00
8389	1667812761	3600		255.67		  93573833		-999.00
8390	1667816361	3600		255.89		  93573833		-999.00
8391	1667819961	3600		255.77		  93573833		-999.00
8392	1667823561	3600		255.85		  93573833		-999.00
8393	1667827161	3600		255.82		  93573833		-999.00
8394	1667830761	3600		255.65		  93573833		-999.00
8395	1667834361	3600		255.77		  93573833		-999.00
8396	1667837961	3600		255.88		  93573833		-999.00
8397	1667841561	3600		255.70		  93573833		-999.00
8398	1667845161	3600		255.68		  93573833		-999.00
8399	1667848761	3600		255.97		  93573833		-999.00
8400	1667852361	3600		255.67		  93573833		-999.00
8401	1667855961	3600		255.68		  93573833		-999.00
8402	1667859561	3600		255.98		  93573833		-999.00
8403	1667863161	3600		255.81		  93573833		-999.00
8404	1667866761	3600		255.70		  93573833		-999.00
8405	1667870361	3600		255.89		  93573833		-999.00
8406	1667873961	3600		255.87		  93573833		-999.00
8407	1667877561	3600		255.73		  93573833		-999.00
8408	1667881161	3600		255.95		  93573833		-999.00
8409	1667884761	3600		255.75		  93573833		-999.00
8410	1667888361	3600		255.72		  93573833		-999.00
8411	1667891961	3600		255.94		  93573833		-999.00
8412	1667895561	3600		255.64		  93573833		-999.00
8413	1667899161	3600		255.78		  93573833		-999.00
8414	1667902761	3600		255.73		  93573833		-999.00
8415	1667906361	3600		255.68		  93573833		-999.00
8416	1667909961	3600		255.76		  93573833		-999.00
8417	1667913561	3600		255.87		  93573833		-999.00
8418	1667917161	3600		255.79		  93573833		-999.00
8419	1667920761	3600		255.97		  93573833		-999.00
8420	1667924361	3600		255.81		  93573833		-999.00
8421	1667927961	3600		255.86		  93573833		-999.00
8422	1667931561	3600		255.85		  93573833		-999.00
8423	1667935161	3600		255.75		  93573833		-999.00
8424	1667938761	3600		255.79		  93573833		-999.00
8425	1667942361	3600		255.86		  93573833		-999.00
8426	1667945961	3600		255.68		  93573833		-999.00
8427	1667949561	3600		255.88		  93573833		-999.00
8428	1667953161	3600		255.87		  93573833		-999.00
8429	1667956761	3600		255.70		  93573833		-999.00
8430	1667960361	3600		255.97		  93573833		-999.00
8431	1667963961	3600		255.71		  93573833		-999.00
8432	1667967561	3600		255.70		  93573833		-999.00
8433	1667971161	3600		255.83		  93573833		-999.00
8434	1667974761	3600		255.72		  93573833		-999.00
8435	1667978361	3600		261.42		  93573833		-999.00
8436	1667981961	3600		261.23		  93573833		-999.00
8437	1667985561	3600		261.29		  93573833		-999.00
8438	1667989161	3600		261.20		  93573833		-999.00
8439	1667992761	3600		261.27		  93573833		-999.00
8440	1667996361	3600		261.32		  93573833		-999.00
8441	1667999961	3600		261.31		  93573833		-999.00
8442	1668003561	3600		261.32		  93573833		-999.00
8443	1668007161	3600		261.28		  93573833		-999.00
8444	1668010761	3600		261.31		  93573833		-999.00
8445	1668014361	3600		261.31		  93573833		-999.00
8446	1668017961	3600		261.32		  93573833		-999.00
8447	1668021561	3600		261.31		  93573833		-999.00
8448	1668025161	3600		261.31		  93573833		-999.00
8449	1668028761	3600		261.22		  93573833		-999.00
8450	1668032361	3600		261.30		  93573833		-999.00
2022-11-05 16:59:21 2022-11-09 23:19:21 0:00:00 2022-11-10 00:05:50
8451	1667663961	-368400		261.39		  93573833		-999.00
8379	1668036350	1200		265.30		     45994		1212.00
8379	1668039950	3600		265.46		     44842		1235.00
8379	1668043550	3600		265.46		     44977		1223.00
8379	1668047150	3600		265.46		     45433		1224.00
8379	1668050750	3600		265.41		     37584		1220.00
8379	1668054350	3600		265.45		     37872		1231.00
8379	1668057950	3600		265.45		     37230		1222.00
8379	1668061550	3600		265.29		     37347		1195.00
8379	1668065150	3600		265.44		     46846		1219.00
8379	1668068750	3600		265.44		     46920		1216.00
8379	1668072350	3600		265.28		     47848		1204.00
8379	1668075950	3600		265.44		     47441		1213.00
8379	1668079550	3600		265.47		     48314		1212.00
8379	1668083150	3600		265.28		     48166		1196.00
8379	1668086750	3600		265.44		     48745		1215.00
8379	1668090350	3600		265.44		     48789		1217.00
8379	1668093950	3600		265.47		     49521		1210.00
2022-11-10 16:42:56 2022-11-10 16:25:50 0:05:00 2022-11-10 16:47:56
8379	1668095276	1326		265.47		     49677		1212.00
8380
8381
Warning: Run3 pp cross-section should be updated!
8380	1668096476	1200		261.11		     49677		-999.00
8381	1668100076	3600		261.29		     49677		-999.00
8382	1668103676	3600		261.15		     49677		-999.00
2022-11-10 16:47:56 2022-11-10 19:07:56 0:00:00 2022-11-10 19:31:48
8383	1668095276	-8400		261.70		     49677		-999.00
8381	1668106308	1200		265.32		    133971		1197.00
8381	1668109908	3600		265.42		    134217		1176.00
8381	1668113508	3600		265.42		    133043		1221.00
8381	1668117108	3600		265.49		    133980		1223.00
8381	1668120708	3600		265.40		     87200		1209.00
8381	1668124308	3600		265.60		     55945		1269.00
8381	1668127908	3600		265.47		     55634		1219.00
8381	1668131508	3600		265.34		    120967		1211.00
8381	1668135108	3600		265.46		    138496		1220.00
8381	1668138708	3600		265.46		    140150		1217.00
8381	1668142308	3600		265.46		    140941		1220.00
8381	1668145908	3600		265.46		    141087		1185.00
8381	1668149508	3600		265.76		     77270		1267.00
8381	1668153108	3600		265.45		     78437		1202.00
8381	1668156708	3600		265.12		     63812		1150.00
8381	1668160308	3600		265.79		     50968		1288.00
8381	1668163908	3600		265.85		     66306		1287.00
8381	1668167508	3600		265.43		     88309		1209.00
8381	1668171108	3600		265.28		    140638		1176.00
8381	1668174708	3600		265.47		    140986		1206.00
8381	1668178308	3600		265.56		    142531		1217.00
8381	1668181908	3600		265.33		    141276		1196.00
8381	1668185508	3600		265.45		    141153		1208.00
8381	1668189108	3600		265.46		    140094		1201.00
2022-11-11 18:57:07 2022-11-11 18:51:48 0:05:00 2022-11-11 19:02:07
8381	1668189727	619		265.46		    142587		1208.00
8382
8383
Warning: Run3 pp cross-section should be updated!
8382	1668190927	1200		261.42		    142587		-999.00
8383	1668194527	3600		261.30		    142587		-999.00
8384	1668198127	3600		261.30		    142587		-999.00
2022-11-11 19:02:07 2022-11-11 21:22:07 0:00:00 2022-11-11 22:06:50
8385	1668189727	-8400		261.59		    142587		-999.00
8383	1668202010	1200		266.32		  28147929		1226.00
8383	1668205610	3600		266.32		  27958005		1228.00
2022-11-12 00:19:20 2022-11-11 23:26:50 0:05:00 2022-11-12 00:24:20
8383	1668209060	3450		266.36		  28114506		1228.00
8384
8385
Warning: Run3 pp cross-section should be updated!
8384	1668210260	1200		265.75		  28114506		-999.00
8385	1668213860	3600		261.21		  28114506		-999.00
8386	1668217460	3600		261.19		  28114506		-999.00
2022-11-12 00:24:20 2022-11-12 02:44:20 0:00:00 2022-11-12 03:06:36
8387	1668209060	-8400		261.40		  28114506		-999.00
8385	1668219996	1200		268.59		  99822096		1273.00
8385	1668223596	3600		268.62		  95381443		1281.00
8385	1668227196	3600		267.75		  80830394		1199.00
8385	1668230796	3600		266.09		  13258279		1286.00
8385	1668234396	3600		268.85		 104905850		1289.00
8385	1668237996	3600		269.04		 108964231		1295.00
8385	1668241596	3600		269.01		 107854186		1305.00
8385	1668245196	3600		268.92		 104875246		1291.00
8385	1668248796	3600		268.69		  97425210		1290.00
8385	1668252396	3600		268.46		  90672035		1291.00
8385	1668255996	3600		268.20		  84526955		1283.00
8385	1668259596	3600		268.03		  78856432		1278.00
2022-11-12 15:04:18 2022-11-12 14:26:36 0:05:00 2022-11-12 15:09:18
8385	1668262158	2562		267.60		  68235321		1263.00
8386
8387
Warning: Run3 pp cross-section should be updated!
8386	1668263358	1200		260.81		  68235321		-999.00
8387	1668266958	3600		261.19		  68235321		-999.00
8388	1668270558	3600		261.19		  68235321		-999.00
2022-11-12 15:09:18 2022-11-12 17:29:18 0:00:00 2022-11-12 17:50:44
8389	1668262158	-8400		261.17		  68235321		-999.00
8387	1668273044	1200		269.08		 108326694		1324.00
8387	1668276644	3600		270.15		 141290658		1334.00
8387	1668280244	3600		270.23		 142972870		1340.00
8387	1668283844	3600		270.21		 143405258		1339.00
8387	1668287444	3600		270.16		 143265055		1336.00
8387	1668291044	3600		270.31		 145756909		1348.00
8387	1668294644	3600		270.02		 139894381		1332.00
8387	1668298244	3600		269.73		 130080141		1330.00
8387	1668301844	3600		269.35		 118895703		1325.00
8387	1668305444	3600		269.13		 111361232		1313.00
8387	1668309044	3600		268.87		 102724830		1311.00
8387	1668312644	3600		268.42		  88976744		1306.00
8387	1668316244	3600		268.28		  84461942		1306.00
8387	1668319844	3600		268.08		  78740233		1301.00
8387	1668323444	3600		267.91		  74445022		1299.00
2022-11-13 09:02:56 2022-11-13 08:10:44 0:05:00 2022-11-13 09:07:56
8387	1668326876	3432		267.68		  69762446		1293.00
8388
8389
Warning: Run3 pp cross-section should be updated!
8388	1668328076	1200		261.06		  69762446		-999.00
8389	1668331676	3600		261.24		  69762446		-999.00
8390	1668335276	3600		261.56		  69762446		-999.00
8391	1668338876	3600		261.09		  69762446		-999.00
8392	1668342476	3600		261.22		  69762446		-999.00
2022-11-13 09:07:56 2022-11-13 13:27:56 0:00:00 2022-11-13 14:15:45
8393	1668326876	-15600		261.09		  69762446		-999.00
8389	1668346545	1200		269.02		 107833685		1339.00
8389	1668350145	3600		270.08		 141326247		1349.00
8389	1668353745	3600		269.88		 143776324		1253.00
2022-11-13 17:19:36 2022-11-13 16:35:45 0:05:00 2022-11-13 17:24:36
8389	1668356676	2931		270.16		 144072419		1354.00
8390
8391
8392
Warning: Run3 pp cross-section should be updated!
8390	1668357876	1200		265.31		 144072419		-999.00
8391	1668361476	3600		265.54		 144072419		-999.00
8392	1668365076	3600		265.68		 144072419		-999.00
8393	1668368676	3600		265.72		 144072419		-999.00
8394	1668372276	3600		265.72		 144072419		-999.00
8395	1668375876	3600		265.73		 144072419		-999.00
8396	1668379476	3600		265.74		 144072419		-999.00
8397	1668383076	3600		265.74		 144072419		-999.00
8398	1668386676	3600		265.74		 144072419		-999.00
8399	1668390276	3600		265.74		 144072419		-999.00
8400	1668393876	3600		265.74		 144072419		-999.00
8401	1668397476	3600		265.74		 144072419		-999.00
8402	1668401076	3600		265.74		 144072419		-999.00
8403	1668404676	3600		261.22		 144072419		-999.00
8404	1668408276	3600		261.31		 144072419		-999.00
2022-11-13 17:24:36 2022-11-14 07:44:36 0:00:00 2022-11-14 08:33:40
8405	1668356676	-51600		261.84		 144072419		-999.00
Warning: Fill duration (8.583333333333334 min.) smaller than fill time delay, no data collected during fill 8392
8393
8394
8395
Warning: Run3 pp cross-section should be updated!
8406	1668412935	1200		265.81		 144072419		-999.00
8407	1668416535	3600		265.28		 144072419		-999.00
8408	1668420135	3600		265.85		 144072419		-999.00
8409	1668423735	3600		265.10		 144072419		-999.00
8410	1668427335	3600		265.75		 144072419		-999.00
8411	1668430935	3600		261.22		 144072419		-999.00
8412	1668434535	3600		261.23		 144072419		-999.00
2022-11-14 08:42:15 2022-11-14 15:02:15 0:00:00 2022-11-14 15:59:56
8413	1668411735	-22800		261.57		 144072419		-999.00
8395	1668439196	1200		268.76		  98276817		1338.00
8395	1668442796	3600		270.17		 142001557		1351.00
8395	1668446396	3600		270.26		 143091589		1359.00
8395	1668449996	3600		270.15		 141851840		1354.00
8395	1668453596	3600		269.66		 143362788		1220.00
8395	1668457196	3600		270.17		 141890493		1356.00
8395	1668460796	3600		269.75		 133873350		1334.00
8395	1668464396	3600		269.42		 124303009		1328.00
8395	1668467996	3600		269.26		 115673426		1331.00
8395	1668471596	3600		268.99		 106623669		1328.00
8395	1668475196	3600		268.76		 100199413		1326.00
8395	1668478796	3600		268.52		  93462559		1319.00
8395	1668482396	3600		268.36		  89088716		1317.00
8395	1668485996	3600		268.05		  81425401		1304.00
2022-11-15 05:34:10 2022-11-15 05:19:56 0:05:00 2022-11-15 05:39:10
8395	1668487150	1154		267.53		  65355493		1304.00
8396
8397
8398
Warning: Run3 pp cross-section should be updated!
8396	1668488350	1200		261.16		  65355493		-999.00
8397	1668491950	3600		260.99		  65355493		-999.00
8398	1668495550	3600		261.26		  65355493		-999.00
8399	1668499150	3600		261.26		  65355493		-999.00
8400	1668502750	3600		261.26		  65355493		-999.00
8401	1668506350	3600		261.25		  65355493		-999.00
2022-11-15 05:39:10 2022-11-15 10:59:10 0:00:00 2022-11-15 11:02:01
8402	1668487150	-19200		261.28		  65355493		-999.00
8398	1668507721	1200		269.71		 137809584		1331.00
8398	1668511321	3600		270.32		 146599270		1371.00
8398	1668514921	3600		270.18		 144224405		1359.00
8398	1668518521	3600		270.20		 143508684		1375.00
8398	1668522121	3600		270.23		 144713238		1358.00
8398	1668525721	3600		270.08		 139509481		1367.00
8398	1668529321	3600		269.75		 131023897		1354.00
8398	1668532921	3600		269.37		 119641415		1356.00
8398	1668536521	3600		269.08		 109988121		1343.00
8398	1668540121	3600		268.84		 101980027		1338.00
8398	1668543721	3600		268.58		  94735935		1331.00
2022-11-15 22:13:33 2022-11-15 21:22:01 0:05:00 2022-11-15 22:18:33
8398	1668547113	3392		268.44		  89980503		1329.00
8399
Warning: Run3 pp cross-section should be updated!
8399	1668548313	1200		265.12		  89980503		-999.00
8400	1668551913	3600		261.25		  89980503		-999.00
8401	1668555513	3600		261.25		  89980503		-999.00
2022-11-15 22:18:33 2022-11-16 00:38:33 0:00:00 2022-11-16 01:16:45
8402	1668547113	-8400		261.74		  89980503		-999.00
8399	1668559005	1200		268.86		 102175737		1357.00
8399	1668562605	3600		269.94		 139771527		1362.00
8399	1668566205	3600		270.02		 140473067		1366.00
8399	1668569805	3600		270.14		 142060884		1382.00
8399	1668573405	3600		270.15		 142466249		1378.00
8399	1668577005	3600		270.11		 141252536		1380.00
8399	1668580605	3600		270.06		 139678710		1381.00
8399	1668584205	3600		269.78		 130091197		1369.00
2022-11-16 08:55:18 2022-11-16 08:36:45 0:05:00 2022-11-16 09:00:18
8399	1668585618	1413		269.54		 123672182		1366.00
8400
