8025
8026
8027
Warning: Run3 pp cross-section should be updated!
8027	1658438529	1200		266.03		  25549630		731.50
8027	1658442129	3600		266.27		  31594478		757.00
8027	1658445729	3600		266.31		  31588150		759.00
8027	1658449329	3600		266.20		  29107682		756.00
8027	1658452929	3600		266.20		  26206807		756.00
8027	1658456529	3600		266.04		  25195816		750.00
8027	1658460129	3600		265.94		  22055516		748.50
2022-07-22 05:27:01 2022-07-22 05:22:09 0:05:00 2022-07-22 05:32:01
8027	1658460721	592		265.94		  21929226		752.00
8028
8029
8030
Warning: Run3 pp cross-section should be updated!
8028	1658461921	1200		261.27		  21929226		-999.00
8029	1658465521	3600		261.28		  21929226		-999.00
8030	1658469121	3600		261.32		  21929226		-999.00
8031	1658472721	3600		260.89		  21929226		-999.00
8032	1658476321	3600		261.19		  21929226		-999.00
8033	1658479921	3600		261.23		  21929226		-999.00
8034	1658483521	3600		261.31		  21929226		-999.00
8035	1658487121	3600		261.27		  21929226		-999.00
8036	1658490721	3600		261.27		  21929226		-999.00
8037	1658494321	3600		261.27		  21929226		-999.00
8038	1658497921	3600		261.26		  21929226		-999.00
8039	1658501521	3600		261.18		  21929226		-999.00
8040	1658505121	3600		261.30		  21929226		-999.00
2022-07-22 05:32:01 2022-07-22 17:52:01 0:00:00 2022-07-22 17:52:16
8041	1658460721	-44400		261.32		  21929226		-999.00
8030	1658506336	1200		266.27		  29269493		769.00
8030	1658509936	3600		266.35		  39698778		751.00
2022-07-22 19:16:40 2022-07-22 19:12:16 0:05:00 2022-07-22 19:21:40
8030	1658510500	564		266.35		  42927969		742.00
8031
8032
8033
Warning: Run3 pp cross-section should be updated!
8031	1658511700	1200		265.61		  42927969		-999.00
8032	1658515300	3600		265.50		  42927969		-999.00
8033	1658518900	3600		265.53		  42927969		-999.00
8034	1658522500	3600		265.49		  42927969		-999.00
8035	1658526100	3600		261.19		  42927969		-999.00
8036	1658529700	3600		261.30		  42927969		-999.00
8037	1658533300	3600		261.30		  42927969		-999.00
8038	1658536900	3600		261.30		  42927969		-999.00
8039	1658540500	3600		261.30		  42927969		-999.00
8040	1658544100	3600		261.30		  42927969		-999.00
8041	1658547700	3600		261.30		  42927969		-999.00
8042	1658551300	3600		264.90		  42927969		-999.00
8043	1658554900	3600		265.41		  42927969		-999.00
8044	1658558500	3600		261.11		  42927969		-999.00
8045	1658562100	3600		261.27		  42927969		-999.00
8046	1658565700	3600		261.14		  42927969		-999.00
8047	1658569300	3600		261.30		  42927969		-999.00
2022-07-22 19:21:40 2022-07-23 11:41:40 0:00:00 2022-07-23 12:41:34
8048	1658510500	-58800		261.44		  42927969		-999.00
8033	1658574094	1200		266.61		  38465154		768.00
8033	1658577694	3600		266.51		  37489521		766.50
8033	1658581294	3600		266.57		  39432716		767.00
8033	1658584894	3600		266.44		  39743373		754.00
8033	1658588494	3600		266.55		  40235418		761.50
8033	1658592094	3600		266.47		  40520604		754.00
8033	1658595694	3600		266.52		  37378559		760.50
8033	1658599294	3600		266.53		  37568056		763.00
8033	1658602894	3600		266.27		  33808536		753.50
2022-07-23 21:02:29 2022-07-23 21:01:34 0:02:00 2022-07-23 21:04:29
8033	1658603069	175		261.29		  30448625		 13.50
8034
8035
8036
8037
8038
8039
8040
8041
8042
8043
Warning: Run3 pp cross-section should be updated!
8034	1658604269	1200		261.37		  30448625		-999.00
8035	1658607869	3600		265.49		  30448625		-999.00
8036	1658611469	3600		265.57		  30448625		-999.00
8037	1658615069	3600		265.53		  30448625		-999.00
8038	1658618669	3600		265.53		  30448625		-999.00
8039	1658622269	3600		265.53		  30448625		-999.00
8040	1658625869	3600		265.49		  30448625		-999.00
8041	1658629469	3600		265.49		  30448625		-999.00
8042	1658633069	3600		265.49		  30448625		-999.00
8043	1658636669	3600		265.49		  30448625		-999.00
8044	1658640269	3600		265.49		  30448625		-999.00
8045	1658643869	3600		265.06		  30448625		-999.00
8046	1658647469	3600		265.06		  30448625		-999.00
8047	1658651069	3600		265.43		  30448625		-999.00
8048	1658654669	3600		265.51		  30448625		-999.00
8049	1658658269	3600		265.47		  30448625		-999.00
8050	1658661869	3600		265.47		  30448625		-999.00
8051	1658665469	3600		265.44		  30448625		-999.00
8052	1658669069	3600		265.44		  30448625		-999.00
8053	1658672669	3600		265.47		  30448625		-999.00
8054	1658676269	3600		265.47		  30448625		-999.00
8055	1658679869	3600		265.44		  30448625		-999.00
8056	1658683469	3600		261.24		  30448625		-999.00
8057	1658687069	3600		261.28		  30448625		-999.00
8058	1658690669	3600		261.09		  30448625		-999.00
8059	1658694269	3600		261.26		  30448625		-999.00
8060	1658697869	3600		261.26		  30448625		-999.00
8061	1658701469	3600		261.26		  30448625		-999.00
8062	1658705069	3600		261.26		  30448625		-999.00
8063	1658708669	3600		261.26		  30448625		-999.00
8064	1658712269	3600		261.26		  30448625		-999.00
8065	1658715869	3600		261.26		  30448625		-999.00
8066	1658719469	3600		261.26		  30448625		-999.00
8067	1658723069	3600		261.26		  30448625		-999.00
8068	1658726669	3600		261.26		  30448625		-999.00
8069	1658730269	3600		261.06		  30448625		-999.00
8070	1658733869	3600		261.22		  30448625		-999.00
8071	1658737469	3600		261.11		  30448625		-999.00
2022-07-23 21:04:29 2022-07-25 10:24:29 0:00:00 2022-07-25 11:05:34
8072	1658603069	-134400		261.29		  30448625		-999.00
Warning: Fill duration (17.383333333333333 min.) smaller than fill time delay, no data collected during fill 8043
8044
8045
8046
Warning: Run3 pp cross-section should be updated!
8073	1658742177	1200		265.60		  30448625		-999.00
8074	1658745777	3600		265.30		  30448625		-999.00
8075	1658749377	3600		265.34		  30448625		-999.00
8076	1658752977	3600		265.13		  30448625		-999.00
8077	1658756577	3600		264.80		  30448625		-999.00
8078	1658760177	3600		265.32		  30448625		-999.00
8079	1658763777	3600		264.90		  30448625		-999.00
2022-07-25 11:22:57 2022-07-25 17:42:57 0:00:00 2022-07-25 17:43:49
8080	1658740977	-22800		265.53		  30448625		-999.00
8046	1658765029	1200		266.41		  37883145		761.50
8046	1658768629	3600		266.57		  45728942		759.50
2022-07-25 19:50:34 2022-07-25 19:03:49 0:05:00 2022-07-25 19:55:34
8046	1658771734	3105		266.42		  49284893		711.00
8047
8048
8049
8050
8051
8052
8053
8054
8055
8056
8057
Warning: Run3 pp cross-section should be updated!
8047	1658772934	1200		265.62		  49284893		-999.00
8048	1658776534	3600		261.36		  49284893		-999.00
8049	1658780134	3600		261.27		  49284893		-999.00
8050	1658783734	3600		261.28		  49284893		-999.00
8051	1658787334	3600		261.28		  49284893		-999.00
8052	1658790934	3600		261.27		  49284893		-999.00
8053	1658794534	3600		261.35		  49284893		-999.00
8054	1658798134	3600		261.28		  49284893		-999.00
8055	1658801734	3600		261.28		  49284893		-999.00
8056	1658805334	3600		265.40		  49284893		-999.00
8057	1658808934	3600		265.40		  49284893		-999.00
8058	1658812534	3600		265.21		  49284893		-999.00
8059	1658816134	3600		264.94		  49284893		-999.00
8060	1658819734	3600		265.06		  49284893		-999.00
8061	1658823334	3600		265.21		  49284893		-999.00
8062	1658826934	3600		265.29		  49284893		-999.00
8063	1658830534	3600		265.29		  49284893		-999.00
8064	1658834134	3600		265.00		  49284893		-999.00
8065	1658837734	3600		265.44		  49284893		-999.00
8066	1658841334	3600		265.36		  49284893		-999.00
8067	1658844934	3600		265.28		  49284893		-999.00
8068	1658848534	3600		265.40		  49284893		-999.00
8069	1658852134	3600		265.03		  49284893		-999.00
8070	1658855734	3600		265.40		  49284893		-999.00
8071	1658859334	3600		265.36		  49284893		-999.00
8072	1658862934	3600		261.22		  49284893		-999.00
8073	1658866534	3600		261.27		  49284893		-999.00
8074	1658870134	3600		261.02		  49284893		-999.00
8075	1658873734	3600		261.27		  49284893		-999.00
8076	1658877334	3600		261.26		  49284893		-999.00
8077	1658880934	3600		261.26		  49284893		-999.00
8078	1658884534	3600		261.26		  49284893		-999.00
8079	1658888134	3600		261.26		  49284893		-999.00
8080	1658891734	3600		261.28		  49284893		-999.00
8081	1658895334	3600		265.29		  49284893		-999.00
8082	1658898934	3600		265.37		  49284893		-999.00
8083	1658902534	3600		265.36		  49284893		-999.00
8084	1658906134	3600		265.38		  49284893		-999.00
8085	1658909734	3600		265.42		  49284893		-999.00
8086	1658913334	3600		265.36		  49284893		-999.00
8087	1658916934	3600		265.03		  49284893		-999.00
8088	1658920534	3600		260.97		  49284893		-999.00
8089	1658924134	3600		261.25		  49284893		-999.00
8090	1658927734	3600		261.25		  49284893		-999.00
8091	1658931334	3600		261.14		  49284893		-999.00
8092	1658934934	3600		261.28		  49284893		-999.00
2022-07-25 19:55:34 2022-07-27 17:15:34 0:00:00 2022-07-27 17:54:58
8093	1658771734	-163200		261.43		  49284893		-999.00
8057	1658938498	1200		266.44		  35412039		766.00
2022-07-27 18:41:28 2022-07-27 18:14:58 0:05:00 2022-07-27 18:46:28
8057	1658940388	1890		266.11		  28043269		758.00
8058
Warning: Run3 pp cross-section should be updated!
8058	1658941588	1200		265.23		  28043269		-999.00
8059	1658945188	3600		261.30		  28043269		-999.00
8060	1658948788	3600		261.18		  28043269		-999.00
2022-07-27 18:46:28 2022-07-27 21:06:28 0:00:00 2022-07-27 21:39:06
8061	1658940388	-8400		261.50		  28043269		-999.00
8058	1658951946	1200		265.94		  21208395		758.50
2022-07-27 22:46:44 2022-07-27 21:59:06 0:05:00 2022-07-27 22:51:44
8058	1658955104	3158		265.71		  21572319		 13.50
8059
Warning: Run3 pp cross-section should be updated!
8059	1658956304	1200		265.30		  21572319		-999.00
8060	1658959904	3600		265.19		  21572319		-999.00
2022-07-27 22:51:44 2022-07-28 00:11:44 0:00:00 2022-07-28 00:59:00
8061	1658955104	-4800		265.10		  21572319		-999.00
8059	1658963940	1200		266.55		  37843134		767.50
8059	1658967540	3600		266.56		  38797255		765.50
8059	1658971140	3600		266.54		  38144252		766.50
8059	1658974740	3600		266.56		  38741717		766.50
8059	1658978340	3600		266.55		  38573357		766.00
2022-07-28 05:56:20 2022-07-28 05:19:00 0:05:00 2022-07-28 06:01:20
8059	1658980880	2540		266.57		  39074314		766.00
8060
8061
8062
Warning: Run3 pp cross-section should be updated!
8060	1658982080	1200		265.69		  39074314		-999.00
8061	1658985680	3600		265.54		  39074314		-999.00
8062	1658989280	3600		265.54		  39074314		-999.00
8063	1658992880	3600		265.02		  39074314		-999.00
8064	1658996480	3600		261.02		  39074314		-999.00
8065	1659000080	3600		261.19		  39074314		-999.00
8066	1659003680	3600		261.11		  39074314		-999.00
8067	1659007280	3600		260.80		  39074314		-999.00
8068	1659010880	3600		261.16		  39074314		-999.00
8069	1659014480	3600		261.29		  39074314		-999.00
8070	1659018080	3600		261.40		  39074314		-999.00
2022-07-28 06:01:20 2022-07-28 16:21:20 0:00:00 2022-07-28 16:45:46
8071	1658980880	-37200		261.43		  39074314		-999.00
Warning: Fill duration (14.85 min.) smaller than fill time delay, no data collected during fill 8062
8063
Warning: Run3 pp cross-section should be updated!
8072	1659021637	1200		265.57		  39074314		-999.00
8073	1659025237	3600		261.33		  39074314		-999.00
2022-07-28 17:00:37 2022-07-28 18:20:37 0:00:00 2022-07-28 19:03:39
8074	1659020437	-4800		261.41		  39074314		-999.00
8063	1659029019	1200		266.64		  39750388		776.50
8063	1659032619	3600		266.95		  48419367		777.50
8063	1659036219	3600		266.85		  47679232		775.50
8063	1659039819	3600		266.87		  47775323		773.00
8063	1659043419	3600		266.75		  43853909		775.50
8063	1659047019	3600		266.69		  41613585		774.00
8063	1659050619	3600		266.60		  38941916		771.00
8063	1659054219	3600		266.53		  36483627		770.50
8063	1659057819	3600		266.48		  34678527		770.50
8063	1659061419	3600		266.41		  32609550		766.50
8063	1659065019	3600		266.37		  31101744		767.50
8063	1659068619	3600		265.87		  29513500		718.50
8063	1659072219	3600		266.14		  25300409		763.00
2022-07-29 07:28:27 2022-07-29 07:23:39 0:05:00 2022-07-29 07:33:27
8063	1659072807	588		266.15		  25605172		763.00
8064
8065
8066
8067
Warning: Run3 pp cross-section should be updated!
8064	1659074007	1200		265.62		  25605172		-999.00
8065	1659077607	3600		265.17		  25605172		-999.00
8066	1659081207	3600		265.20		  25605172		-999.00
8067	1659084807	3600		265.26		  25605172		-999.00
8068	1659088407	3600		265.26		  25605172		-999.00
8069	1659092007	3600		265.26		  25605172		-999.00
2022-07-29 07:33:27 2022-07-29 12:53:27 0:00:00 2022-07-29 13:49:24
8070	1659072807	-19200		265.38		  25605172		-999.00
8067	1659096564	1200		266.57		  48426357		730.50
8067	1659100164	3600		266.89		  50324648		774.50
8067	1659103764	3600		267.11		  55106367		780.50
8067	1659107364	3600		267.11		  55187241		782.50
8067	1659110964	3600		267.11		  55702818		778.50
8067	1659114564	3600		266.99		  51932350		778.50
2022-07-29 19:37:56 2022-07-29 19:09:24 0:05:00 2022-07-29 19:42:56
8067	1659116576	2012		266.87		  50781997		773.50
8068
Warning: Run3 pp cross-section should be updated!
8068	1659117776	1200		264.90		  50781997		-999.00
8069	1659121376	3600		261.15		  50781997		-999.00
8070	1659124976	3600		261.38		  50781997		-999.00
2022-07-29 19:42:56 2022-07-29 22:02:56 0:00:00 2022-07-29 22:04:45
8071	1659116576	-8400		261.50		  50781997		-999.00
8068	1659126285	1200		266.88		  48394046		786.50
8068	1659129885	3600		266.85		  51304896		775.50
8068	1659133485	3600		267.02		  51920441		786.00
8068	1659137085	3600		266.97		  50373090		783.00
2022-07-30 02:00:47 2022-07-30 01:24:45 0:05:00 2022-07-30 02:05:47
8068	1659139547	2462		267.08		  54055193		784.00
8069
8070
