8265
8266
8267
Warning: Run3 pp cross-section should be updated!
8267	1665773313	1200		269.25		 116629185		1066.00
8267	1665776913	3600		269.84		 137220412		1073.00
2022-10-14 22:19:32 2022-10-14 21:48:33 0:05:00 2022-10-14 22:24:32
8267	1665779072	2159		269.79		 133940267		1072.00
8268
8269
Warning: Run3 pp cross-section should be updated!
8268	1665780272	1200		265.30		 133940267		-999.00
8269	1665783872	3600		265.65		 133940267		-999.00
8270	1665787472	3600		260.94		 133940267		-999.00
8271	1665791072	3600		261.14		 133940267		-999.00
8272	1665794672	3600		261.08		 133940267		-999.00
2022-10-14 22:24:32 2022-10-15 02:44:32 0:00:00 2022-10-15 02:46:50
8273	1665779072	-15600		261.74		 133940267		-999.00
8269	1665796010	1200		268.33		  89267279		1056.00
2022-10-15 03:13:21 2022-10-15 03:06:50 0:05:00 2022-10-15 03:18:21
8269	1665796701	691		269.38		 121714306		1065.00
8270
8271
8272
Warning: Run3 pp cross-section should be updated!
8270	1665797901	1200		265.71		 121714306		-999.00
8271	1665801501	3600		265.72		 121714306		-999.00
8272	1665805101	3600		261.36		 121714306		-999.00
8273	1665808701	3600		261.01		 121714306		-999.00
8274	1665812301	3600		261.10		 121714306		-999.00
8275	1665815901	3600		261.15		 121714306		-999.00
2022-10-15 03:18:21 2022-10-15 08:38:21 0:00:00 2022-10-15 09:29:38
8276	1665796701	-19200		261.73		 121714306		-999.00
8272	1665820178	1200		269.41		 128658413		1053.00
2022-10-15 10:02:59 2022-10-15 09:49:38 0:05:00 2022-10-15 10:07:59
8272	1665821279	1101		269.81		 138326021		1067.00
8273
Warning: Run3 pp cross-section should be updated!
8273	1665822479	1200		265.55		 138326021		-999.00
8274	1665826079	3600		261.20		 138326021		-999.00
8275	1665829679	3600		261.12		 138326021		-999.00
2022-10-15 10:07:59 2022-10-15 12:27:59 0:00:00 2022-10-15 13:02:00
8276	1665821279	-8400		261.66		 138326021		-999.00
8273	1665832920	1200		269.23		 122095787		1059.00
8273	1665836520	3600		269.86		 136795329		1072.00
8273	1665840120	3600		269.76		 135749647		1068.00
8273	1665843720	3600		269.85		 136423956		1083.00
8273	1665847320	3600		269.65		 132009066		1069.00
2022-10-15 17:36:07 2022-10-15 17:22:00 0:05:00 2022-10-15 17:41:07
8273	1665848467	1147		268.80		 124476439		957.50
8274
Warning: Run3 pp cross-section should be updated!
8274	1665849667	1200		265.28		 124476439		-999.00
8275	1665853267	3600		260.90		 124476439		-999.00
8276	1665856867	3600		261.11		 124476439		-999.00
2022-10-15 17:41:07 2022-10-15 20:01:07 0:00:00 2022-10-15 20:23:39
8277	1665848467	-8400		261.39		 124476439		-999.00
8274	1665859419	1200		268.32		  88868974		1061.00
8274	1665863019	3600		269.63		 131031768		1075.00
8274	1665866619	3600		269.82		 135118662		1082.00
8274	1665870219	3600		269.82		 134905090		1080.00
8274	1665873819	3600		269.71		 131413832		1084.00
8274	1665877419	3600		269.35		 120428652		1077.00
8274	1665881019	3600		269.10		 113110949		1070.00
8274	1665884619	3600		268.80		 104550318		1069.00
8274	1665888219	3600		268.62		  98703190		1066.00
8274	1665891819	3600		268.43		  92089184		1062.00
8274	1665895419	3600		268.25		  87407232		1060.00
8274	1665899019	3600		268.09		  82209083		1057.00
8274	1665902619	3600		267.94		  77328277		1056.00
8274	1665906219	3600		267.83		  73544131		1051.00
8274	1665909819	3600		267.70		  69361182		1051.00
8274	1665913419	3600		267.59		  65555131		1048.00
8274	1665917019	3600		267.43		  62659293		1046.00
2022-10-16 13:24:37 2022-10-16 12:43:39 0:05:00 2022-10-16 13:29:37
8274	1665919777	2758		267.15		  53271267		1043.00
8275
8276
Warning: Run3 pp cross-section should be updated!
8275	1665920977	1200		260.97		  53271267		-999.00
8276	1665924577	3600		261.17		  53271267		-999.00
8277	1665928177	3600		261.11		  53271267		-999.00
8278	1665931777	3600		261.01		  53271267		-999.00
2022-10-16 13:29:37 2022-10-16 16:49:37 0:00:00 2022-10-16 17:00:47
8279	1665919777	-12000		261.37		  53271267		-999.00
8276	1665933647	1200		269.38		 122467107		1089.00
8276	1665937247	3600		269.76		 132814455		1097.00
8276	1665940847	3600		269.78		 133347707		1100.00
8276	1665944447	3600		269.55		 130573961		1088.00
8276	1665948047	3600		269.52		 125810183		1095.00
8276	1665951647	3600		269.24		 116195777		1088.00
8276	1665955247	3600		268.90		 106197284		1080.00
8276	1665958847	3600		268.64		  99125893		1082.00
8276	1665962447	3600		268.49		  95194645		1079.00
8276	1665966047	3600		268.32		  89679990		1074.00
8276	1665969647	3600		268.15		  84028267		1072.00
8276	1665973247	3600		268.01		  79828321		1072.00
2022-10-17 04:50:03 2022-10-17 04:20:47 0:05:00 2022-10-17 04:55:03
8276	1665975303	2056		267.50		  67306881		1053.00
8277
8278
8279
8280
8281
8282
8283
8284
8285
8286
8287
8288
8289
Warning: Run3 pp cross-section should be updated!
8277	1665976503	1200		261.09		  67306881		-999.00
8278	1665980103	3600		255.55		  67306881		-999.00
8279	1665983703	3600		255.40		  67306881		-999.00
8280	1665987303	3600		255.65		  67306881		-999.00
8281	1665990903	3600		255.65		  67306881		-999.00
8282	1665994503	3600		255.93		  67306881		-999.00
8283	1665998103	3600		255.72		  67306881		-999.00
8284	1666001703	3600		255.66		  67306881		-999.00
8285	1666005303	3600		255.70		  67306881		-999.00
8286	1666008903	3600		255.71		  67306881		-999.00
8287	1666012503	3600		255.89		  67306881		-999.00
8288	1666016103	3600		255.67		  67306881		-999.00
8289	1666019703	3600		255.64		  67306881		-999.00
8290	1666023303	3600		255.80		  67306881		-999.00
8291	1666026903	3600		255.84		  67306881		-999.00
8292	1666030503	3600		255.68		  67306881		-999.00
8293	1666034103	3600		255.67		  67306881		-999.00
8294	1666037703	3600		255.72		  67306881		-999.00
8295	1666041303	3600		255.60		  67306881		-999.00
8296	1666044903	3600		255.76		  67306881		-999.00
8297	1666048503	3600		255.75		  67306881		-999.00
8298	1666052103	3600		255.74		  67306881		-999.00
8299	1666055703	3600		255.70		  67306881		-999.00
8300	1666059303	3600		255.78		  67306881		-999.00
8301	1666062903	3600		255.65		  67306881		-999.00
8302	1666066503	3600		255.85		  67306881		-999.00
8303	1666070103	3600		255.72		  67306881		-999.00
8304	1666073703	3600		255.74		  67306881		-999.00
8305	1666077303	3600		255.62		  67306881		-999.00
8306	1666080903	3600		255.81		  67306881		-999.00
8307	1666084503	3600		255.68		  67306881		-999.00
8308	1666088103	3600		255.76		  67306881		-999.00
8309	1666091703	3600		255.64		  67306881		-999.00
8310	1666095303	3600		255.70		  67306881		-999.00
8311	1666098903	3600		255.81		  67306881		-999.00
8312	1666102503	3600		255.57		  67306881		-999.00
8313	1666106103	3600		255.72		  67306881		-999.00
8314	1666109703	3600		255.74		  67306881		-999.00
8315	1666113303	3600		255.84		  67306881		-999.00
8316	1666116903	3600		255.67		  67306881		-999.00
8317	1666120503	3600		255.67		  67306881		-999.00
8318	1666124103	3600		255.71		  67306881		-999.00
8319	1666127703	3600		255.82		  67306881		-999.00
8320	1666131303	3600		255.67		  67306881		-999.00
8321	1666134903	3600		255.66		  67306881		-999.00
8322	1666138503	3600		255.88		  67306881		-999.00
8323	1666142103	3600		255.70		  67306881		-999.00
8324	1666145703	3600		255.58		  67306881		-999.00
8325	1666149303	3600		255.82		  67306881		-999.00
8326	1666152903	3600		255.79		  67306881		-999.00
8327	1666156503	3600		261.28		  67306881		-999.00
8328	1666160103	3600		261.34		  67306881		-999.00
8329	1666163703	3600		261.34		  67306881		-999.00
8330	1666167303	3600		261.18		  67306881		-999.00
2022-10-17 04:55:03 2022-10-19 10:15:03 0:00:00 2022-10-19 10:34:43
8331	1665975303	-192000		261.32		  67306881		-999.00
Warning: Fill duration (8.216666666666667 min.) smaller than fill time delay, no data collected during fill 8289
8290
8291
8292
8293
Warning: Run3 pp cross-section should be updated!
8332	1666170176	1200		265.40		  67306881		-999.00
8333	1666173776	3600		261.00		  67306881		-999.00
8334	1666177376	3600		261.14		  67306881		-999.00
8335	1666180976	3600		261.16		  67306881		-999.00
2022-10-19 10:42:56 2022-10-19 14:02:56 0:00:00 2022-10-19 15:02:08
8336	1666168976	-12000		261.48		  67306881		-999.00
8293	1666185728	1200		265.88		  18621233		1019.00
2022-10-19 15:58:37 2022-10-19 15:22:08 0:05:00 2022-10-19 16:03:37
8293	1666188217	2489		266.02		  19584144		1033.00
8294
8295
Warning: Run3 pp cross-section should be updated!
8294	1666189417	1200		264.96		  19584144		-999.00
8295	1666193017	3600		261.17		  19584144		-999.00
8296	1666196617	3600		260.94		  19584144		-999.00
8297	1666200217	3600		261.14		  19584144		-999.00
8298	1666203817	3600		261.18		  19584144		-999.00
8299	1666207417	3600		265.07		  19584144		-999.00
8300	1666211017	3600		260.97		  19584144		-999.00
8301	1666214617	3600		261.17		  19584144		-999.00
2022-10-19 16:03:37 2022-10-19 23:23:37 0:00:00 2022-10-19 23:56:38
8302	1666188217	-26400		261.44		  19584144		-999.00
8295	1666217798	1200		268.65		  96033747		1104.00
8295	1666221398	3600		269.74		 130982037		1118.00
8295	1666224998	3600		269.71		 129873633		1111.00
8295	1666228598	3600		269.63		 127249745		1118.00
8295	1666232198	3600		269.78		 132225292		1112.00
8295	1666235798	3600		269.75		 131695844		1112.00
8295	1666239398	3600		269.36		 120823977		1101.00
8295	1666242998	3600		269.04		 113718948		1093.00
8295	1666246598	3600		268.84		 105529536		1096.00
8295	1666250198	3600		268.66		  99591355		1090.00
8295	1666253798	3600		268.31		  91889742		1080.00
2022-10-20 10:43:49 2022-10-20 10:16:38 0:05:00 2022-10-20 10:48:49
8295	1666255729	1931		267.62		  80640573		1001.00
8296
8297
Warning: Run3 pp cross-section should be updated!
8296	1666256929	1200		260.97		  80640573		-999.00
8297	1666260529	3600		261.16		  80640573		-999.00
8298	1666264129	3600		261.16		  80640573		-999.00
2022-10-20 10:48:49 2022-10-20 13:08:49 0:00:00 2022-10-20 13:44:45
8299	1666255729	-8400		261.20		  80640573		-999.00
8297	1666267485	1200		268.53		  93968538		1106.00
8297	1666271085	3600		269.91		 136022184		1127.00
8297	1666274685	3600		270.10		 142352657		1125.00
8297	1666278285	3600		270.12		 143105694		1128.00
8297	1666281885	3600		270.05		 141901643		1119.00
8297	1666285485	3600		269.72		 132493997		1121.00
8297	1666289085	3600		268.70		 123964200		991.00
8297	1666292685	3600		269.08		 116209575		1093.00
8297	1666296285	3600		268.95		 107929786		1106.00
8297	1666299885	3600		268.65		 102048633		1092.00
2022-10-20 23:21:27 2022-10-20 23:04:45 0:05:00 2022-10-20 23:26:27
8297	1666301187	1302		268.52		  97879491		1100.00
8298
8299
Warning: Run3 pp cross-section should be updated!
8298	1666302387	1200		264.98		  97879491		-999.00
8299	1666305987	3600		265.62		  97879491		-999.00
8300	1666309587	3600		265.62		  97879491		-999.00
8301	1666313187	3600		265.66		  97879491		-999.00
8302	1666316787	3600		265.65		  97879491		-999.00
8303	1666320387	3600		265.65		  97879491		-999.00
8304	1666323987	3600		265.65		  97879491		-999.00
8305	1666327587	3600		265.39		  97879491		-999.00
8306	1666331187	3600		265.31		  97879491		-999.00
8307	1666334787	3600		265.36		  97879491		-999.00
8308	1666338387	3600		261.08		  97879491		-999.00
8309	1666341987	3600		261.20		  97879491		-999.00
2022-10-20 23:26:27 2022-10-21 10:46:27 0:00:00 2022-10-21 11:12:13
8310	1666301187	-40800		261.58		  97879491		-999.00
8299	1666344733	1200		265.92		  17792972		1044.00
2022-10-21 11:32:49 2022-10-21 11:32:13 0:02:00 2022-10-21 11:34:49
8299	1666344889	156		266.21		  27310647		1044.00
8300
8301
Warning: Run3 pp cross-section should be updated!
8300	1666346089	1200		265.35		  27310647		-999.00
8301	1666349689	3600		261.19		  27310647		-999.00
8302	1666353289	3600		261.11		  27310647		-999.00
8303	1666356889	3600		261.09		  27310647		-999.00
8304	1666360489	3600		261.14		  27310647		-999.00
2022-10-21 11:34:49 2022-10-21 15:54:49 0:00:00 2022-10-21 16:53:18
8305	1666344889	-15600		261.39		  27310647		-999.00
8301	1666365198	1200		265.91		  19296858		1035.00
8301	1666368798	3600		266.08		  21194672		1047.00
8301	1666372398	3600		266.07		  20805394		1047.00
2022-10-21 20:06:33 2022-10-21 19:13:18 0:05:00 2022-10-21 20:11:33
8301	1666375893	3495		265.49		  17874538		973.00
8302
Warning: Run3 pp cross-section should be updated!
8302	1666377093	1200		265.71		  17874538		-999.00
8303	1666380693	3600		261.13		  17874538		-999.00
8304	1666384293	3600		261.08		  17874538		-999.00
2022-10-21 20:11:33 2022-10-21 22:31:33 0:00:00 2022-10-21 22:36:43
8305	1666375893	-8400		260.95		  17874538		-999.00
8302	1666385803	1200		268.57		  95381919		1115.00
8302	1666389403	3600		270.13		 145477939		1131.00
8302	1666393003	3600		270.18		 145828726		1136.00
8302	1666396603	3600		270.13		 145536861		1126.00
8302	1666400203	3600		269.86		 136554183		1126.00
8302	1666403803	3600		269.58		 127452184		1120.00
8302	1666407403	3600		269.32		 118667537		1121.00
8302	1666411003	3600		269.02		 111484802		1119.00
8302	1666414603	3600		268.82		 104709888		1115.00
8302	1666418203	3600		268.66		  98712685		1108.00
8302	1666421803	3600		268.45		  93166669		1105.00
8302	1666425403	3600		268.19		  85889273		1103.00
8302	1666429003	3600		268.04		  80798282		1102.00
8302	1666432603	3600		267.65		  75595416		1071.00
2022-10-22 12:03:56 2022-10-22 11:56:43 0:05:00 2022-10-22 12:08:56
8302	1666433336	733		267.42		  66369053		1082.00
8303
8304
Warning: Run3 pp cross-section should be updated!
8303	1666434536	1200		261.06		  66369053		-999.00
8304	1666438136	3600		261.06		  66369053		-999.00
8305	1666441736	3600		265.57		  66369053		-999.00
8306	1666445336	3600		261.16		  66369053		-999.00
2022-10-22 12:08:56 2022-10-22 15:28:56 0:00:00 2022-10-22 16:01:09
8307	1666433336	-12000		261.06		  66369053		-999.00
8304	1666448469	1200		268.57		  96327926		1124.00
8304	1666452069	3600		270.13		 144358488		1142.00
8304	1666455669	3600		270.07		 142207512		1156.00
8304	1666459269	3600		270.15		 145021644		1151.00
8304	1666462869	3600		270.04		 142492592		1148.00
8304	1666466469	3600		269.89		 134804997		1151.00
8304	1666470069	3600		269.42		 124911365		1134.00
2022-10-22 22:37:17 2022-10-22 22:21:09 0:05:00 2022-10-22 22:42:17
8304	1666471337	1268		269.35		 121266625		1130.00
8305
Warning: Run3 pp cross-section should be updated!
8305	1666472537	1200		265.51		 121266625		-999.00
8306	1666476137	3600		261.15		 121266625		-999.00
8307	1666479737	3600		261.18		 121266625		-999.00
2022-10-22 22:42:17 2022-10-23 01:02:17 0:00:00 2022-10-23 01:06:14
8308	1666471337	-8400		261.71		 121266625		-999.00
8305	1666481174	1200		268.83		 101819036		1145.00
8305	1666484774	3600		270.17		 145067767		1152.00
8305	1666488374	3600		270.19		 144608213		1160.00
8305	1666491974	3600		270.20		 146264005		1154.00
8305	1666495574	3600		270.07		 141866350		1151.00
8305	1666499174	3600		269.79		 134958652		1153.00
8305	1666502774	3600		269.49		 124773632		1146.00
8305	1666506374	3600		269.26		 117310247		1138.00
8305	1666509974	3600		268.98		 108896391		1141.00
8305	1666513574	3600		268.74		 102421457		1134.00
8305	1666517174	3600		268.62		  97075096		1132.00
8305	1666520774	3600		268.36		  91134205		1126.00
2022-10-23 13:20:20 2022-10-23 12:26:14 0:05:00 2022-10-23 13:25:20
8305	1666524320	3546		267.89		  81338051		1107.00
8306
Warning: Run3 pp cross-section should be updated!
8306	1666525520	1200		265.57		  81338051		-999.00
8307	1666529120	3600		261.18		  81338051		-999.00
2022-10-23 13:25:20 2022-10-23 14:45:20 0:00:00 2022-10-23 15:35:19
8308	1666524320	-4800		261.10		  81338051		-999.00
8306	1666533319	1200		268.61		  97234979		1147.00
8306	1666536919	3600		270.09		 142056961		1172.00
8306	1666540519	3600		270.11		 142786085		1166.00
8306	1666544119	3600		269.95		 140418738		1159.00
8306	1666547719	3600		269.95		 141367775		1152.00
8306	1666551319	3600		269.82		 135786444		1161.00
8306	1666554919	3600		268.90		 125790584		1043.00
8306	1666558519	3600		269.11		 119299713		1139.00
8306	1666562119	3600		268.97		 110186587		1151.00
8306	1666565719	3600		268.77		 103705889		1152.00
8306	1666569319	3600		268.60		  98018139		1143.00
8306	1666572919	3600		268.42		  91869894		1141.00
8306	1666576519	3600		268.27		  87767801		1139.00
2022-10-24 04:47:08 2022-10-24 03:55:19 0:05:00 2022-10-24 04:52:08
8306	1666579928	3409		267.65		  77405697		1084.00
8307
Warning: Run3 pp cross-section should be updated!
8307	1666581128	1200		261.17		  77405697		-999.00
8308	1666584728	3600		261.17		  77405697		-999.00
8309	1666588328	3600		261.39		  77405697		-999.00
8310	1666591928	3600		260.99		  77405697		-999.00
8311	1666595528	3600		261.18		  77405697		-999.00
8312	1666599128	3600		261.04		  77405697		-999.00
2022-10-24 04:52:08 2022-10-24 10:12:08 0:00:00 2022-10-24 10:23:14
8313	1666579928	-19200		261.08		  77405697		-999.00
8307	1666600994	1200		266.44		  33125823		1101.00
8307	1666604594	3600		266.74		  40671395		1106.00
2022-10-24 12:32:00 2022-10-24 11:43:14 0:05:00 2022-10-24 12:37:00
8307	1666607820	3226		266.59		  37030230		1102.00
8308
8309
Warning: Run3 pp cross-section should be updated!
8308	1666609020	1200		265.00		  37030230		-999.00
8309	1666612620	3600		265.36		  37030230		-999.00
8310	1666616220	3600		265.71		  37030230		-999.00
8311	1666619820	3600		260.91		  37030230		-999.00
8312	1666623420	3600		261.06		  37030230		-999.00
2022-10-24 12:37:00 2022-10-24 16:57:00 0:00:00 2022-10-24 17:04:38
8313	1666607820	-15600		261.48		  37030230		-999.00
8309	1666625078	1200		266.02		  23780687		1081.00
8309	1666628678	3600		266.11		  21659242		1097.00
8309	1666632278	3600		266.08		  21802309		1093.00
2022-10-24 19:42:50 2022-10-24 19:24:38 0:05:00 2022-10-24 19:47:50
8309	1666633670	1392		261.20		  21805817		 22.00
8310
